
> trading_strategies@0.0.0 test
> vitest


 RUN  v3.2.4 /Users/q/Work/MAINPROJECTS/trading_strategies

 ❯ src/components/__tests__/StrategyParameters.test.tsx (14 tests | 14 failed) 128ms
   × StrategyParameters > should render strategy parameters form 58ms
     → Cannot read properties of undefined (reading 'riskManagement')
   × StrategyParameters > should display current parameter values 7ms
     → Cannot read properties of undefined (reading 'riskManagement')
   × StrategyParameters > should update parameters when values change 7ms
     → Cannot read properties of undefined (reading 'riskManagement')
   × StrategyParameters > should validate parameter ranges 6ms
     → Cannot read properties of undefined (reading 'riskManagement')
   × StrategyParameters > should show parameter descriptions 16ms
     → Cannot read properties of undefined (reading 'riskManagement')
   × StrategyParameters > should handle risk management parameters 3ms
     → Cannot read properties of undefined (reading 'riskManagement')
   × StrategyParameters > should update risk management parameters 6ms
     → Cannot read properties of undefined (reading 'riskManagement')
   × StrategyParameters > should handle stop loss and take profit toggles 4ms
     → Cannot read properties of undefined (reading 'riskManagement')
   × StrategyParameters > should handle position sizing parameters 6ms
     → Cannot read properties of undefined (reading 'riskManagement')
   × StrategyParameters > should update position sizing type 3ms
     → Cannot read properties of undefined (reading 'riskManagement')
   × StrategyParameters > should handle commission settings 3ms
     → Cannot read properties of undefined (reading 'riskManagement')
   × StrategyParameters > should render without strategy 2ms
     → Cannot read properties of undefined (reading 'riskManagement')
   × StrategyParameters > should handle decimal inputs correctly 2ms
     → Cannot read properties of undefined (reading 'riskManagement')
   × StrategyParameters > should validate IBS range constraints 2ms
     → Cannot read properties of undefined (reading 'riskManagement')
stdout | src/components/__tests__/BuyAtClose4Simulator.test.tsx > BuyAtClose4Simulator > should render simulator with title and description
✅ Loaded data for 4 tickers

 ✓ src/components/__tests__/ErrorBoundary.test.tsx (8 tests) 576ms
stdout | src/components/__tests__/BuyAtClose4Simulator.test.tsx > BuyAtClose4Simulator > should render simulator with title and description
🚀 MULTI-TICKER BACKTEST START (V2 - PERFECT LOGIC WITH LEVERAGE)
📊 Initial Capital: $10,000.00
📈 Tickers: AAPL, MSFT, AMZN, MAGS
⚙️ Capital per ticker: 25.0%
💹 Leverage: 1.0:1 (100%)
💡 Logic: Dynamic allocation from total portfolio value with leverage
✅ PERFECT BACKTEST COMPLETED:
💰 Final Value: $10,000.00 (0.00%)
📊 Total Trades: 0 (Win Rate: 0.0%)
📉 Max Drawdown: 0.00%

stdout | src/components/__tests__/BuyAtClose4Simulator.test.tsx > BuyAtClose4Simulator > should render ticker input field
✅ Loaded data for 4 tickers

stdout | src/components/__tests__/SinglePositionSimulator.test.tsx > SinglePositionSimulator > should handle backtest execution
🚀 runBacktest called with: {
  tickers: [ [32m'AAPL'[39m, [32m'MSFT'[39m, [32m'AMZN'[39m, [32m'MAGS'[39m ],
  leveragePercent: [33m200[39m,
  hasStrategy: [33mtrue[39m
}
📥 Loading data for tickers: [ [32m'AAPL'[39m, [32m'MSFT'[39m, [32m'AMZN'[39m, [32m'MAGS'[39m ]

 ✓ src/components/__tests__/TradesTable.test.tsx (11 tests) 981ms
   ✓ TradesTable > should render trades table with data  325ms
   ✓ TradesTable > should display profitable trades in green  344ms
stdout | src/components/__tests__/BuyAtClose4Simulator.test.tsx > BuyAtClose4Simulator > should render ticker input field
🚀 MULTI-TICKER BACKTEST START (V2 - PERFECT LOGIC WITH LEVERAGE)
📊 Initial Capital: $10,000.00
📈 Tickers: AAPL, MSFT, AMZN, MAGS
⚙️ Capital per ticker: 25.0%
💹 Leverage: 1.0:1 (100%)
💡 Logic: Dynamic allocation from total portfolio value with leverage
✅ PERFECT BACKTEST COMPLETED:
💰 Final Value: $10,000.00 (0.00%)
📊 Total Trades: 0 (Win Rate: 0.0%)
📉 Max Drawdown: 0.00%

stdout | src/components/__tests__/SinglePositionSimulator.test.tsx > SinglePositionSimulator > should handle backtest execution
✅ Loaded data: [
  { ticker: [32m'AAPL'[39m, bars: [33m99[39m },
  { ticker: [32m'MSFT'[39m, bars: [33m99[39m },
  { ticker: [32m'AMZN'[39m, bars: [33m99[39m },
  { ticker: [32m'MAGS'[39m, bars: [33m99[39m }
]
🚀 SINGLE POSITION MULTI-TICKER BACKTEST START
📊 Initial Capital: $10.0K ($10,000.00)
📈 Tickers: AAPL, MSFT, AMZN, MAGS
💰 Position Size: 100% депозита на сделку
💹 Leverage: 2.0:1 (200%)
✅ SINGLE POSITION BACKTEST COMPLETE
📊 Final Value: $10.0K ($10,000.00)
📈 Total Return: 0.00%
🎯 Total Trades: 0

stdout | src/components/__tests__/SinglePositionSimulator.test.tsx > SinglePositionSimulator > should handle loading state
🚀 runBacktest called with: {
  tickers: [ [32m'AAPL'[39m, [32m'MSFT'[39m, [32m'AMZN'[39m, [32m'MAGS'[39m ],
  leveragePercent: [33m200[39m,
  hasStrategy: [33mtrue[39m
}
📥 Loading data for tickers: [ [32m'AAPL'[39m, [32m'MSFT'[39m, [32m'AMZN'[39m, [32m'MAGS'[39m ]

stdout | src/components/__tests__/SinglePositionSimulator.test.tsx > SinglePositionSimulator > should handle loading state
✅ Loaded data: [
  { ticker: [32m'AAPL'[39m, bars: [33m0[39m },
  { ticker: [32m'MSFT'[39m, bars: [33m0[39m },
  { ticker: [32m'AMZN'[39m, bars: [33m0[39m },
  { ticker: [32m'MAGS'[39m, bars: [33m0[39m }
]
🚀 SINGLE POSITION MULTI-TICKER BACKTEST START
📊 Initial Capital: $10.0K ($10,000.00)
📈 Tickers: AAPL, MSFT, AMZN, MAGS
💰 Position Size: 100% депозита на сделку
💹 Leverage: 2.0:1 (200%)
✅ SINGLE POSITION BACKTEST COMPLETE
📊 Final Value: $10.0K ($10,000.00)
📈 Total Return: 0.00%
🎯 Total Trades: 0

stdout | src/components/__tests__/BuyAtClose4Simulator.test.tsx > BuyAtClose4Simulator > should render leverage controls
✅ Loaded data for 4 tickers

stdout | src/components/__tests__/BuyAtClose4Simulator.test.tsx > BuyAtClose4Simulator > should render leverage controls
🚀 MULTI-TICKER BACKTEST START (V2 - PERFECT LOGIC WITH LEVERAGE)
📊 Initial Capital: $10,000.00
📈 Tickers: AAPL, MSFT, AMZN, MAGS
⚙️ Capital per ticker: 25.0%
💹 Leverage: 1.0:1 (100%)
💡 Logic: Dynamic allocation from total portfolio value with leverage
✅ PERFECT BACKTEST COMPLETED:
💰 Final Value: $10,000.00 (0.00%)
📊 Total Trades: 0 (Win Rate: 0.0%)
📉 Max Drawdown: 0.00%

stdout | src/components/__tests__/SinglePositionSimulator.test.tsx > SinglePositionSimulator > should handle API error gracefully
🚀 runBacktest called with: {
  tickers: [ [32m'AAPL'[39m, [32m'MSFT'[39m, [32m'AMZN'[39m, [32m'MAGS'[39m ],
  leveragePercent: [33m200[39m,
  hasStrategy: [33mtrue[39m
}
📥 Loading data for tickers: [ [32m'AAPL'[39m, [32m'MSFT'[39m, [32m'AMZN'[39m, [32m'MAGS'[39m ]

 ✓ src/components/__tests__/SinglePositionSimulator.test.tsx (5 tests) 1102ms
   ✓ SinglePositionSimulator > should render ticker input with default values  497ms
   ✓ SinglePositionSimulator > should handle backtest execution  328ms
stdout | src/components/__tests__/BuyAtClose4Simulator.test.tsx > BuyAtClose4Simulator > should handle ticker input changes
✅ Loaded data for 4 tickers

stdout | src/components/__tests__/BuyAtClose4Simulator.test.tsx > BuyAtClose4Simulator > should handle ticker input changes
🚀 MULTI-TICKER BACKTEST START (V2 - PERFECT LOGIC WITH LEVERAGE)
📊 Initial Capital: $10,000.00
📈 Tickers: AAPL, MSFT, AMZN, MAGS
⚙️ Capital per ticker: 25.0%
💹 Leverage: 1.0:1 (100%)
💡 Logic: Dynamic allocation from total portfolio value with leverage
✅ PERFECT BACKTEST COMPLETED:
💰 Final Value: $10,000.00 (0.00%)
📊 Total Trades: 0 (Win Rate: 0.0%)
📉 Max Drawdown: 0.00%

stdout | src/components/__tests__/BuyAtClose4Simulator.test.tsx > BuyAtClose4Simulator > should handle leverage changes
✅ Loaded data for 4 tickers

stdout | src/components/__tests__/BuyAtClose4Simulator.test.tsx > BuyAtClose4Simulator > should handle leverage changes
🚀 MULTI-TICKER BACKTEST START (V2 - PERFECT LOGIC WITH LEVERAGE)
📊 Initial Capital: $10,000.00
📈 Tickers: AAPL, MSFT, AMZN, MAGS
⚙️ Capital per ticker: 25.0%
💹 Leverage: 1.0:1 (100%)
💡 Logic: Dynamic allocation from total portfolio value with leverage
✅ PERFECT BACKTEST COMPLETED:
💰 Final Value: $10,000.00 (0.00%)
📊 Total Trades: 0 (Win Rate: 0.0%)
📉 Max Drawdown: 0.00%

stdout | src/components/__tests__/BuyAtClose4Simulator.test.tsx > BuyAtClose4Simulator > should handle leverage changes
🚀 MULTI-TICKER BACKTEST START (V2 - PERFECT LOGIC WITH LEVERAGE)
📊 Initial Capital: $10,000.00
📈 Tickers: AAPL, MSFT, AMZN, MAGS
⚙️ Capital per ticker: 25.0%
💹 Leverage: 2.0:1 (200%)
💡 Logic: Dynamic allocation from total portfolio value with leverage
✅ PERFECT BACKTEST COMPLETED:
💰 Final Value: $10,000.00 (0.00%)
📊 Total Trades: 0 (Win Rate: 0.0%)
📉 Max Drawdown: 0.00%

stdout | src/components/__tests__/BuyAtClose4Simulator.test.tsx > BuyAtClose4Simulator > should handle leverage changes
🚀 MULTI-TICKER BACKTEST START (V2 - PERFECT LOGIC WITH LEVERAGE)
📊 Initial Capital: $10,000.00
📈 Tickers: AAPL, MSFT, AMZN, MAGS
⚙️ Capital per ticker: 25.0%
💹 Leverage: 1.5:1 (150%)
💡 Logic: Dynamic allocation from total portfolio value with leverage
✅ PERFECT BACKTEST COMPLETED:
💰 Final Value: $10,000.00 (0.00%)
📊 Total Trades: 0 (Win Rate: 0.0%)
📉 Max Drawdown: 0.00%

stdout | src/components/__tests__/BuyAtClose4Simulator.test.tsx > BuyAtClose4Simulator > should display portfolio metrics
✅ Loaded data for 4 tickers

stdout | src/components/__tests__/BuyAtClose4Simulator.test.tsx > BuyAtClose4Simulator > should display portfolio metrics
🚀 MULTI-TICKER BACKTEST START (V2 - PERFECT LOGIC WITH LEVERAGE)
📊 Initial Capital: $10,000.00
📈 Tickers: AAPL, MSFT, AMZN, MAGS
⚙️ Capital per ticker: 25.0%
💹 Leverage: 1.0:1 (100%)
💡 Logic: Dynamic allocation from total portfolio value with leverage
✅ PERFECT BACKTEST COMPLETED:
💰 Final Value: $10,000.00 (0.00%)
📊 Total Trades: 0 (Win Rate: 0.0%)
📉 Max Drawdown: 0.00%

stdout | src/components/__tests__/BuyAtClose4Simulator.test.tsx > BuyAtClose4Simulator > should display chart section
✅ Loaded data for 4 tickers

stdout | src/components/__tests__/BuyAtClose4Simulator.test.tsx > BuyAtClose4Simulator > should display chart section
🚀 MULTI-TICKER BACKTEST START (V2 - PERFECT LOGIC WITH LEVERAGE)
📊 Initial Capital: $10,000.00
📈 Tickers: AAPL, MSFT, AMZN, MAGS
⚙️ Capital per ticker: 25.0%
💹 Leverage: 1.0:1 (100%)
💡 Logic: Dynamic allocation from total portfolio value with leverage
✅ PERFECT BACKTEST COMPLETED:
💰 Final Value: $10,000.00 (0.00%)
📊 Total Trades: 0 (Win Rate: 0.0%)
📉 Max Drawdown: 0.00%

stdout | src/components/__tests__/BuyAtClose4Simulator.test.tsx > BuyAtClose4Simulator > should display ticker information
✅ Loaded data for 4 tickers

stdout | src/components/__tests__/BuyAtClose4Simulator.test.tsx > BuyAtClose4Simulator > should display ticker information
🚀 MULTI-TICKER BACKTEST START (V2 - PERFECT LOGIC WITH LEVERAGE)
📊 Initial Capital: $10,000.00
📈 Tickers: AAPL, MSFT, AMZN, MAGS
⚙️ Capital per ticker: 25.0%
💹 Leverage: 1.0:1 (100%)
💡 Logic: Dynamic allocation from total portfolio value with leverage
✅ PERFECT BACKTEST COMPLETED:
💰 Final Value: $10,000.00 (0.00%)
📊 Total Trades: 0 (Win Rate: 0.0%)
📉 Max Drawdown: 0.00%

stdout | src/components/__tests__/BuyAtClose4Simulator.test.tsx > BuyAtClose4Simulator > should handle apply button click
✅ Loaded data for 4 tickers

stdout | src/components/__tests__/BuyAtClose4Simulator.test.tsx > BuyAtClose4Simulator > should handle apply button click
🚀 MULTI-TICKER BACKTEST START (V2 - PERFECT LOGIC WITH LEVERAGE)
📊 Initial Capital: $10,000.00
📈 Tickers: AAPL, MSFT, AMZN, MAGS
⚙️ Capital per ticker: 25.0%
💹 Leverage: 1.0:1 (100%)
💡 Logic: Dynamic allocation from total portfolio value with leverage
✅ PERFECT BACKTEST COMPLETED:
💰 Final Value: $10,000.00 (0.00%)
📊 Total Trades: 0 (Win Rate: 0.0%)
📉 Max Drawdown: 0.00%

stdout | src/components/__tests__/BuyAtClose4Simulator.test.tsx > BuyAtClose4Simulator > should handle apply button click
✅ Loaded data for 4 tickers

stdout | src/components/__tests__/BuyAtClose4Simulator.test.tsx > BuyAtClose4Simulator > should handle apply button click
🚀 MULTI-TICKER BACKTEST START (V2 - PERFECT LOGIC WITH LEVERAGE)
📊 Initial Capital: $10,000.00
📈 Tickers: AAPL, MSFT, AMZN, MAGS
⚙️ Capital per ticker: 25.0%
💹 Leverage: 1.0:1 (100%)
💡 Logic: Dynamic allocation from total portfolio value with leverage
✅ PERFECT BACKTEST COMPLETED:
💰 Final Value: $10,000.00 (0.00%)
📊 Total Trades: 0 (Win Rate: 0.0%)
📉 Max Drawdown: 0.00%

stdout | src/components/__tests__/BuyAtClose4Simulator.test.tsx > BuyAtClose4Simulator > should handle reload button click
✅ Loaded data for 4 tickers

stdout | src/components/__tests__/BuyAtClose4Simulator.test.tsx > BuyAtClose4Simulator > should handle reload button click
🚀 MULTI-TICKER BACKTEST START (V2 - PERFECT LOGIC WITH LEVERAGE)
📊 Initial Capital: $10,000.00
📈 Tickers: AAPL, MSFT, AMZN, MAGS
⚙️ Capital per ticker: 25.0%
💹 Leverage: 1.0:1 (100%)
💡 Logic: Dynamic allocation from total portfolio value with leverage
✅ PERFECT BACKTEST COMPLETED:
💰 Final Value: $10,000.00 (0.00%)
📊 Total Trades: 0 (Win Rate: 0.0%)
📉 Max Drawdown: 0.00%

stdout | src/components/__tests__/BuyAtClose4Simulator.test.tsx > BuyAtClose4Simulator > should handle reload button click
✅ Loaded data for 4 tickers

stderr | src/components/__tests__/Results.test.tsx > Results - Position Monitoring Logic > Position Status Detection > should correctly identify closed positions
⚠️ React Router Future Flag Warning: React Router will begin wrapping state updates in `React.startTransition` in v7. You can use the `v7_startTransition` future flag to opt-in early. For more information, see https://reactrouter.com/v6/upgrading/future#v7_starttransition.
⚠️ React Router Future Flag Warning: Relative route resolution within Splat routes is changing in v7. You can use the `v7_relativeSplatPath` future flag to opt-in early. For more information, see https://reactrouter.com/v6/upgrading/future#v7_relativesplatpath.

stdout | src/components/__tests__/BuyAtClose4Simulator.test.tsx > BuyAtClose4Simulator > should handle reload button click
🚀 MULTI-TICKER BACKTEST START (V2 - PERFECT LOGIC WITH LEVERAGE)
📊 Initial Capital: $10,000.00
📈 Tickers: AAPL, MSFT, AMZN, MAGS
⚙️ Capital per ticker: 25.0%
💹 Leverage: 1.0:1 (100%)
💡 Logic: Dynamic allocation from total portfolio value with leverage
✅ PERFECT BACKTEST COMPLETED:
💰 Final Value: $10,000.00 (0.00%)
📊 Total Trades: 0 (Win Rate: 0.0%)
📉 Max Drawdown: 0.00%

stdout | src/components/__tests__/BuyAtClose4Simulator.test.tsx > BuyAtClose4Simulator > should handle empty strategy
✅ Loaded data for 4 tickers

stdout | src/components/__tests__/BuyAtClose4Simulator.test.tsx > BuyAtClose4Simulator > should display V2 Logic indicator
✅ Loaded data for 4 tickers

stdout | src/components/__tests__/BuyAtClose4Simulator.test.tsx > BuyAtClose4Simulator > should display V2 Logic indicator
🚀 MULTI-TICKER BACKTEST START (V2 - PERFECT LOGIC WITH LEVERAGE)
📊 Initial Capital: $10,000.00
📈 Tickers: AAPL, MSFT, AMZN, MAGS
⚙️ Capital per ticker: 25.0%
💹 Leverage: 1.0:1 (100%)
💡 Logic: Dynamic allocation from total portfolio value with leverage
✅ PERFECT BACKTEST COMPLETED:
💰 Final Value: $10,000.00 (0.00%)
📊 Total Trades: 0 (Win Rate: 0.0%)
📉 Max Drawdown: 0.00%

stdout | src/components/__tests__/BuyAtClose4Simulator.test.tsx > BuyAtClose4Simulator > should persist settings to localStorage
✅ Loaded data for 4 tickers

stdout | src/components/__tests__/BuyAtClose4Simulator.test.tsx > BuyAtClose4Simulator > should persist settings to localStorage
🚀 MULTI-TICKER BACKTEST START (V2 - PERFECT LOGIC WITH LEVERAGE)
📊 Initial Capital: $10,000.00
📈 Tickers: AAPL, MSFT, AMZN, MAGS
⚙️ Capital per ticker: 25.0%
💹 Leverage: 1.0:1 (100%)
💡 Logic: Dynamic allocation from total portfolio value with leverage
✅ PERFECT BACKTEST COMPLETED:
💰 Final Value: $10,000.00 (0.00%)
📊 Total Trades: 0 (Win Rate: 0.0%)
📉 Max Drawdown: 0.00%

stdout | src/components/__tests__/BuyAtClose4Simulator.test.tsx > BuyAtClose4Simulator > should load settings from localStorage
✅ Loaded data for 4 tickers

stdout | src/components/__tests__/BuyAtClose4Simulator.test.tsx > BuyAtClose4Simulator > should load settings from localStorage
🚀 MULTI-TICKER BACKTEST START (V2 - PERFECT LOGIC WITH LEVERAGE)
📊 Initial Capital: $10,000.00
📈 Tickers: AAPL, MSFT, AMZN, MAGS
⚙️ Capital per ticker: 25.0%
💹 Leverage: 1.0:1 (100%)
💡 Logic: Dynamic allocation from total portfolio value with leverage
✅ PERFECT BACKTEST COMPLETED:
💰 Final Value: $10,000.00 (0.00%)
📊 Total Trades: 0 (Win Rate: 0.0%)
📉 Max Drawdown: 0.00%

stdout | src/components/__tests__/BuyAtClose4Simulator.test.tsx > BuyAtClose4Simulator > should handle invalid localStorage data gracefully
✅ Loaded data for 4 tickers

stdout | src/components/__tests__/BuyAtClose4Simulator.test.tsx > BuyAtClose4Simulator > should handle invalid localStorage data gracefully
🚀 MULTI-TICKER BACKTEST START (V2 - PERFECT LOGIC WITH LEVERAGE)
📊 Initial Capital: $10,000.00
📈 Tickers: AAPL, MSFT, AMZN, MAGS
⚙️ Capital per ticker: 25.0%
💹 Leverage: 1.0:1 (100%)
💡 Logic: Dynamic allocation from total portfolio value with leverage
✅ PERFECT BACKTEST COMPLETED:
💰 Final Value: $10,000.00 (0.00%)
📊 Total Trades: 0 (Win Rate: 0.0%)
📉 Max Drawdown: 0.00%

 ❯ src/components/__tests__/BuyAtClose4Simulator.test.tsx (15 tests | 4 failed) 1444ms
   ✓ BuyAtClose4Simulator > should render simulator with title and description  761ms
   × BuyAtClose4Simulator > should render ticker input field 73ms
     → Unable to find an element with the placeholder text of: AAPL, MSFT, GOOGL, TSLA

Ignored nodes: comments, script, style
[36m<body>[39m
  [36m<div>[39m
    [36m<div[39m
      [33mclass[39m=[32m"space-y-6"[39m
    [36m>[39m
      [36m<div[39m
        [33mclass[39m=[32m"border-b pb-4"[39m
      [36m>[39m
        [36m<h2[39m
          [33mclass[39m=[32m"text-2xl font-bold text-gray-900 dark:text-gray-100"[39m
        [36m>[39m
          [0mМультитикерная IBS стратегия (V2 - Perfect Logic)[0m
        [36m</h2>[39m
        [36m<p[39m
          [33mclass[39m=[32m"text-sm text-gray-600 dark:text-gray-400 mt-1"[39m
        [36m>[39m
          [0mТорговля по множественным тикерам с математически корректным распределением капитала[0m
        [36m</p>[39m
      [36m</div>[39m
      [36m<div[39m
        [33mclass[39m=[32m"bg-white dark:bg-gray-800 rounded-lg border border-gray-200 dark:border-gray-700 p-4"[39m
      [36m>[39m
        [36m<h3[39m
          [33mclass[39m=[32m"font-semibold text-gray-900 dark:text-gray-100 mb-3"[39m
        [36m>[39m
          [0mНастройка тикеров[0m
        [36m</h3>[39m
        [36m<div[39m
          [33mclass[39m=[32m"flex flex-wrap items-center gap-3"[39m
        [36m>[39m
          [36m<input[39m
            [33mclass[39m=[32m"flex-1 min-w-[300px] px-3 py-2 border rounded-md dark:bg-gray-900 dark:border-gray-600 dark:text-gray-100"[39m
            [33mplaceholder[39m=[32m"AAPL, MSFT, AMZN, MAGS"[39m
            [33mtype[39m=[32m"text"[39m
            [33mvalue[39m=[32m"AAPL, MSFT, AMZN, MAGS"[39m
          [36m/>[39m
          [36m<button[39m
            [33mclass[39m=[32m"px-4 py-2 bg-blue-600 text-white rounded-md hover:bg-blue-700 disabled:bg-gray-400"[39m
          [36m>[39m
            [0mПрименить[0m
          [36m</button>[39m
          [36m<button[39m
            [33mclass[39m=[32m"px-4 py-2 bg-green-600 text-white rounded-md hover:bg-green-700 disabled:bg-gray-400"[39m
          [36m>[39m
            [0mПерезагрузить[0m
          [36m</button>[39m
        [36m</div>[39m
        [36m<div[39m
          [33mclass[39m=[32m"mt-4 p-3 border rounded-lg bg-gray-50 dark:bg-gray-800 dark:border-gray-700"[39m
        [36m>[39m
          [36m<label[39m
            [33mclass[39m=[32m"block text-sm font-medium text-gray-700 dark:text-gray-300 mb-2"[39m
          [36m>[39m
            [0mLeverage (плечо): [0m
            [0m100[0m
            [0m% [0m
          [36m</label>[39m
          [36m<div[39m
            [33mclass[39m=[32m"flex items-center gap-4"[39m
          [36m>[39m
            [36m<input[39m
              [33mclass[39m=[32m"flex-1"[39m
              [33mmax[39m=[32m"300"[39m
              [33mmin[39m=[32m"100"[39m
              [33mstep[39m=[32m"25"[39m
              [33mtype[39m=[32m"range"[39m
              [33mvalue[39m=[32m"100"[39m
            [36m/>[39m
            [36m<input[39m
              [33mclass[39m=[32m"w-20 px-2 py-1 border rounded text-center dark:bg-gray-900 dark:border-gray-600 dark:text-gray-100"[39m
              [33mmax[39m=[32m"300"[39m
              [33mmin[39m=[32m"100"[39m
              [33mstep[39m=[32m"25"[39m
              [33mtype[39m=[32m"number"[39m
              [33mvalue[39m=[32m"100"[39m
            [36m/>[39m
            [36m<span[39m
              [33mclass[39m=[32m"text-sm text-gray-500"[39m
            [36m>[39m
              [0m%[0m
            [36m</span>[39m
          [36m</div>[39m
          [36m<div[39m
            [33mclass[39m=[32m"text-xs text-gray-500 mt-1"[39m
          [36m>[39m
            [0m100% = без плеча, 200% = 2:1, 300% = 3:1. Увеличивает потенциальную прибыль и риск.[0m
          [36m</div>[39m
        [36m</div>[39m
        [36m<div[39m
          [33mclass[39m=[32m"mt-3 text-sm text-gray-600 dark:text-gray-400"[39m
        [36m>[39m
          [36m<p>[39m
            [0mТекущие тикеры: [0m
            [36m<span[39m
              [33mclass[39m=[32m"font-mono"[39m
            [36m>[39m
              [0mAAPL, MSFT, AMZN, MAGS[0m
            [36m</span>[39m
          [36m</p>[39m
          [36m<p>[39m
            [0mКапитал на тикер: [0m
            [0m25[0m
            [0m% ([0m
            [0m4[0m
            [0m тикеров)[0m
          [36m</p>[39m
          [36m<p>[39m
            [0mLeverage: [0m
            [36m<span[39m
              [33mclass[39m=[32m"font-mono text-orange-600 dark:text-orange-400"[39m
            [36m>[39m
              [0m1.0[0m
              [0m:1[0m
            [36m</span>[39m
          [36m</p>[39m
          [36m<p[39m
            [33mclass[39m=[32m"text-green-600 dark:text-green-400"[39m
          [36m>[39m
            [0m✨ V2 Logic: Dynamic allocation from total portfolio value with leverage[0m
          [36m</p>[39m
        [36m</div>[39m
      [36m</div>[39m
      [36m<div[39m
        [33mclass[39m=[32m"grid grid-cols-2 md:grid-cols-5 gap-4"[39m
      [36m>[39m
        [36m<div[39m
          [33mclass[39m=[32m"bg-white dark:bg-gray-800 rounded-lg border border-gray-200 dark:border-gray-700 p-4 text-center"[39m
        [36m>[39m
          [36m<div[39m
            [33mclass[39m=[32m"text-2xl font-bold text-green-600"[39m
          [36m>[39m
            [0m$10,000.00[0m
          [36m</div>[39m
          [36m<div[39m
            [33mclass[39m=[32m"text-sm text-gray-600 dark:text-gray-400"[39m
          [36m>[39m
            [0mИтоговый баланс[0m
          [36m</div>[39m
        [36m</div>[39m
        [36m<div[39m
          [33mclass[39m=[32m"bg-white dark:bg-gray-800 rounded-lg border border-gray-200 dark:border-gray-700 p-4 text-center"[39m
        [36m>[39m
          [36m<div[39m
            [33mclass[39m=[32m"text-2xl font-bold text-blue-600"[39m
          [36m>[39m
            [0m0.00[0m
            [0m%[0m
          [36m</div>[39m
          [36m<div[39m
            [33mclass[39m=[32m"text-sm text-gray-600 dark:text-gray-400"[39m
          [36m>[39m
            [0mОбщая доходность[0m
          [36m</div>[39m
        [36m</div>[39m
        [36m<div[39m
          [33mclass[39m=[32m"bg-white dark:bg-gray-800 rounded-lg border border-gray-200 dark:border-gray-700 p-4 text-center"[39m
        [36m>[39m
          [36m<div[39m
            [33mclass[39m=[32m"text-2xl font-bold text-orange-600"[39m
          [36m>[39m
            [0m0.00[0m
            [0m%[0m
          [36m</div>[39m
          [36m<div[39m
            [33mclass[39m=[32m"text-sm text-gray-600 dark:text-gray-400"[39m
          [36m>[39m
            [0mГодовые проценты[0m
          [36m</div>[39m
        [36m</div>[39m
        [36m<div[39m
          [33mclass[39m=[32m"bg-white dark:bg-gray-800 rounded-lg border border-gray-200 dark:border-gray-700 p-4 text-center"[39m
        [36m>[39m
          [36m<div[39m
            [33mclass[39m=[32m"text-2xl font-bold text-purple-600"[39m
          [36m>[39m
            [0m0.0[0m
            [0m%[0m
          [36m</div>[39m
          [36m<div[39m
            [33mclass[39m=[32m"text-sm text-gray-600 dark:text-gray-400"[39m
          [36m>[39m
            [0mWin Rate[0m
          [36m</div>[39m
        [36m</div>[39m
        [36m<div[39m
          [33mclass[39m=[32m"bg-white dark:bg-gray-800 rounded-lg border border-gray-200 dark:border-gray-700 p-4 text-center"[39m
        [36m>[39m
          [36m<div[39m
            [33mclass[39m=[32m"text-2xl font-bold text-red-600"[39m
          [36m>[39m
            [0m0.00[0m
            [0m%[0m
          [36m</div>[39m
          [36m<div[39m
            [33mclass[39m=[32m"text-sm text-gray-600 dark:text-gray-400"[39m
          [36m>[39m
            [0mМакс. просадка[0m
          [36m</div>[39m
        [36m</div>[39m
      [36m</div>[39m
      [36m<div[39m
        [33mclass[39m=[32m"bg-white dark:bg-gray-800 rounded-lg border border-gray-200 dark:border-gray-700 p-4"[39m
      [36m>[39m
        [36m<h3[39m
          [33mclass[39m=[32m"font-semibold text-gray-900 dark:text-gray-100 mb-4"[39m
        [36m>[39m
          [0mГрафик доходности портфеля (V2 - Perfect Logic)[0m
        [36m</h3>[39m
        [36m<div[39m
          [33mclass[39m=[32m"w-full h-[600px] min-h-[600px]"[39m
        [36m>[39m
          [36m<div[39m
            [33mdata-testid[39m=[32m"equity-chart"[39m
          [36m>[39m
            [0mChart with data[0m
          [36m</div>[39m
        [36m</div>[39m
      [36m</div>[39m
    [36m</div>[39m
  [36m</div>[39m
[36m</body>[39m
   ✓ BuyAtClose4Simulator > should render leverage controls 179ms
   × BuyAtClose4Simulator > should handle ticker input changes 31ms
     → Unable to find an element with the placeholder text of: AAPL, MSFT, GOOGL, TSLA

Ignored nodes: comments, script, style
[36m<body>[39m
  [36m<div>[39m
    [36m<div[39m
      [33mclass[39m=[32m"space-y-6"[39m
    [36m>[39m
      [36m<div[39m
        [33mclass[39m=[32m"border-b pb-4"[39m
      [36m>[39m
        [36m<h2[39m
          [33mclass[39m=[32m"text-2xl font-bold text-gray-900 dark:text-gray-100"[39m
        [36m>[39m
          [0mМультитикерная IBS стратегия (V2 - Perfect Logic)[0m
        [36m</h2>[39m
        [36m<p[39m
          [33mclass[39m=[32m"text-sm text-gray-600 dark:text-gray-400 mt-1"[39m
        [36m>[39m
          [0mТорговля по множественным тикерам с математически корректным распределением капитала[0m
        [36m</p>[39m
      [36m</div>[39m
      [36m<div[39m
        [33mclass[39m=[32m"bg-white dark:bg-gray-800 rounded-lg border border-gray-200 dark:border-gray-700 p-4"[39m
      [36m>[39m
        [36m<h3[39m
          [33mclass[39m=[32m"font-semibold text-gray-900 dark:text-gray-100 mb-3"[39m
        [36m>[39m
          [0mНастройка тикеров[0m
        [36m</h3>[39m
        [36m<div[39m
          [33mclass[39m=[32m"flex flex-wrap items-center gap-3"[39m
        [36m>[39m
          [36m<input[39m
            [33mclass[39m=[32m"flex-1 min-w-[300px] px-3 py-2 border rounded-md dark:bg-gray-900 dark:border-gray-600 dark:text-gray-100"[39m
            [33mplaceholder[39m=[32m"AAPL, MSFT, AMZN, MAGS"[39m
            [33mtype[39m=[32m"text"[39m
            [33mvalue[39m=[32m"AAPL, MSFT, AMZN, MAGS"[39m
          [36m/>[39m
          [36m<button[39m
            [33mclass[39m=[32m"px-4 py-2 bg-blue-600 text-white rounded-md hover:bg-blue-700 disabled:bg-gray-400"[39m
          [36m>[39m
            [0mПрименить[0m
          [36m</button>[39m
          [36m<button[39m
            [33mclass[39m=[32m"px-4 py-2 bg-green-600 text-white rounded-md hover:bg-green-700 disabled:bg-gray-400"[39m
          [36m>[39m
            [0mПерезагрузить[0m
          [36m</button>[39m
        [36m</div>[39m
        [36m<div[39m
          [33mclass[39m=[32m"mt-4 p-3 border rounded-lg bg-gray-50 dark:bg-gray-800 dark:border-gray-700"[39m
        [36m>[39m
          [36m<label[39m
            [33mclass[39m=[32m"block text-sm font-medium text-gray-700 dark:text-gray-300 mb-2"[39m
          [36m>[39m
            [0mLeverage (плечо): [0m
            [0m100[0m
            [0m% [0m
          [36m</label>[39m
          [36m<div[39m
            [33mclass[39m=[32m"flex items-center gap-4"[39m
          [36m>[39m
            [36m<input[39m
              [33mclass[39m=[32m"flex-1"[39m
              [33mmax[39m=[32m"300"[39m
              [33mmin[39m=[32m"100"[39m
              [33mstep[39m=[32m"25"[39m
              [33mtype[39m=[32m"range"[39m
              [33mvalue[39m=[32m"100"[39m
            [36m/>[39m
            [36m<input[39m
              [33mclass[39m=[32m"w-20 px-2 py-1 border rounded text-center dark:bg-gray-900 dark:border-gray-600 dark:text-gray-100"[39m
              [33mmax[39m=[32m"300"[39m
              [33mmin[39m=[32m"100"[39m
              [33mstep[39m=[32m"25"[39m
              [33mtype[39m=[32m"number"[39m
              [33mvalue[39m=[32m"100"[39m
            [36m/>[39m
            [36m<span[39m
              [33mclass[39m=[32m"text-sm text-gray-500"[39m
            [36m>[39m
              [0m%[0m
            [36m</span>[39m
          [36m</div>[39m
          [36m<div[39m
            [33mclass[39m=[32m"text-xs text-gray-500 mt-1"[39m
          [36m>[39m
            [0m100% = без плеча, 200% = 2:1, 300% = 3:1. Увеличивает потенциальную прибыль и риск.[0m
          [36m</div>[39m
        [36m</div>[39m
        [36m<div[39m
          [33mclass[39m=[32m"mt-3 text-sm text-gray-600 dark:text-gray-400"[39m
        [36m>[39m
          [36m<p>[39m
            [0mТекущие тикеры: [0m
            [36m<span[39m
              [33mclass[39m=[32m"font-mono"[39m
            [36m>[39m
              [0mAAPL, MSFT, AMZN, MAGS[0m
            [36m</span>[39m
          [36m</p>[39m
          [36m<p>[39m
            [0mКапитал на тикер: [0m
            [0m25[0m
            [0m% ([0m
            [0m4[0m
            [0m тикеров)[0m
          [36m</p>[39m
          [36m<p>[39m
            [0mLeverage: [0m
            [36m<span[39m
              [33mclass[39m=[32m"font-mono text-orange-600 dark:text-orange-400"[39m
            [36m>[39m
              [0m1.0[0m
              [0m:1[0m
            [36m</span>[39m
          [36m</p>[39m
          [36m<p[39m
            [33mclass[39m=[32m"text-green-600 dark:text-green-400"[39m
          [36m>[39m
            [0m✨ V2 Logic: Dynamic allocation from total portfolio value with leverage[0m
          [36m</p>[39m
        [36m</div>[39m
      [36m</div>[39m
      [36m<div[39m
        [33mclass[39m=[32m"grid grid-cols-2 md:grid-cols-5 gap-4"[39m
      [36m>[39m
        [36m<div[39m
          [33mclass[39m=[32m"bg-white dark:bg-gray-800 rounded-lg border border-gray-200 dark:border-gray-700 p-4 text-center"[39m
        [36m>[39m
          [36m<div[39m
            [33mclass[39m=[32m"text-2xl font-bold text-green-600"[39m
          [36m>[39m
            [0m$10,000.00[0m
          [36m</div>[39m
          [36m<div[39m
            [33mclass[39m=[32m"text-sm text-gray-600 dark:text-gray-400"[39m
          [36m>[39m
            [0mИтоговый баланс[0m
          [36m</div>[39m
        [36m</div>[39m
        [36m<div[39m
          [33mclass[39m=[32m"bg-white dark:bg-gray-800 rounded-lg border border-gray-200 dark:border-gray-700 p-4 text-center"[39m
        [36m>[39m
          [36m<div[39m
            [33mclass[39m=[32m"text-2xl font-bold text-blue-600"[39m
          [36m>[39m
            [0m0.00[0m
            [0m%[0m
          [36m</div>[39m
          [36m<div[39m
            [33mclass[39m=[32m"text-sm text-gray-600 dark:text-gray-400"[39m
          [36m>[39m
            [0mОбщая доходность[0m
          [36m</div>[39m
        [36m</div>[39m
        [36m<div[39m
          [33mclass[39m=[32m"bg-white dark:bg-gray-800 rounded-lg border border-gray-200 dark:border-gray-700 p-4 text-center"[39m
        [36m>[39m
          [36m<div[39m
            [33mclass[39m=[32m"text-2xl font-bold text-orange-600"[39m
          [36m>[39m
            [0m0.00[0m
            [0m%[0m
          [36m</div>[39m
          [36m<div[39m
            [33mclass[39m=[32m"text-sm text-gray-600 dark:text-gray-400"[39m
          [36m>[39m
            [0mГодовые проценты[0m
          [36m</div>[39m
        [36m</div>[39m
        [36m<div[39m
          [33mclass[39m=[32m"bg-white dark:bg-gray-800 rounded-lg border border-gray-200 dark:border-gray-700 p-4 text-center"[39m
        [36m>[39m
          [36m<div[39m
            [33mclass[39m=[32m"text-2xl font-bold text-purple-600"[39m
          [36m>[39m
            [0m0.0[0m
            [0m%[0m
          [36m</div>[39m
          [36m<div[39m
            [33mclass[39m=[32m"text-sm text-gray-600 dark:text-gray-400"[39m
          [36m>[39m
            [0mWin Rate[0m
          [36m</div>[39m
        [36m</div>[39m
        [36m<div[39m
          [33mclass[39m=[32m"bg-white dark:bg-gray-800 rounded-lg border border-gray-200 dark:border-gray-700 p-4 text-center"[39m
        [36m>[39m
          [36m<div[39m
            [33mclass[39m=[32m"text-2xl font-bold text-red-600"[39m
          [36m>[39m
            [0m0.00[0m
            [0m%[0m
          [36m</div>[39m
          [36m<div[39m
            [33mclass[39m=[32m"text-sm text-gray-600 dark:text-gray-400"[39m
          [36m>[39m
            [0mМакс. просадка[0m
          [36m</div>[39m
        [36m</div>[39m
      [36m</div>[39m
      [36m<div[39m
        [33mclass[39m=[32m"bg-white dark:bg-gray-800 rounded-lg border border-gray-200 dark:border-gray-700 p-4"[39m
      [36m>[39m
        [36m<h3[39m
          [33mclass[39m=[32m"font-semibold text-gray-900 dark:text-gray-100 mb-4"[39m
        [36m>[39m
          [0mГрафик доходности портфеля (V2 - Perfect Logic)[0m
        [36m</h3>[39m
        [36m<div[39m
          [33mclass[39m=[32m"w-full h-[600px] min-h-[600px]"[39m
        [36m>[39m
          [36m<div[39m
            [33mdata-testid[39m=[32m"equity-chart"[39m
          [36m>[39m
            [0mChart with data[0m
          [36m</div>[39m
        [36m</div>[39m
      [36m</div>[39m
    [36m</div>[39m
  [36m</div>[39m
[36m</body>[39m
   ✓ BuyAtClose4Simulator > should handle leverage changes 137ms
   ✓ BuyAtClose4Simulator > should display portfolio metrics 28ms
   ✓ BuyAtClose4Simulator > should display chart section 31ms
   ✓ BuyAtClose4Simulator > should display ticker information 23ms
   ✓ BuyAtClose4Simulator > should handle apply button click 49ms
   ✓ BuyAtClose4Simulator > should handle reload button click 41ms
   ✓ BuyAtClose4Simulator > should handle empty strategy 8ms
   ✓ BuyAtClose4Simulator > should display V2 Logic indicator 22ms
   × BuyAtClose4Simulator > should persist settings to localStorage 26ms
     → Unable to find an element with the placeholder text of: AAPL, MSFT, GOOGL, TSLA

Ignored nodes: comments, script, style
[36m<body>[39m
  [36m<div>[39m
    [36m<div[39m
      [33mclass[39m=[32m"space-y-6"[39m
    [36m>[39m
      [36m<div[39m
        [33mclass[39m=[32m"border-b pb-4"[39m
      [36m>[39m
        [36m<h2[39m
          [33mclass[39m=[32m"text-2xl font-bold text-gray-900 dark:text-gray-100"[39m
        [36m>[39m
          [0mМультитикерная IBS стратегия (V2 - Perfect Logic)[0m
        [36m</h2>[39m
        [36m<p[39m
          [33mclass[39m=[32m"text-sm text-gray-600 dark:text-gray-400 mt-1"[39m
        [36m>[39m
          [0mТорговля по множественным тикерам с математически корректным распределением капитала[0m
        [36m</p>[39m
      [36m</div>[39m
      [36m<div[39m
        [33mclass[39m=[32m"bg-white dark:bg-gray-800 rounded-lg border border-gray-200 dark:border-gray-700 p-4"[39m
      [36m>[39m
        [36m<h3[39m
          [33mclass[39m=[32m"font-semibold text-gray-900 dark:text-gray-100 mb-3"[39m
        [36m>[39m
          [0mНастройка тикеров[0m
        [36m</h3>[39m
        [36m<div[39m
          [33mclass[39m=[32m"flex flex-wrap items-center gap-3"[39m
        [36m>[39m
          [36m<input[39m
            [33mclass[39m=[32m"flex-1 min-w-[300px] px-3 py-2 border rounded-md dark:bg-gray-900 dark:border-gray-600 dark:text-gray-100"[39m
            [33mplaceholder[39m=[32m"AAPL, MSFT, AMZN, MAGS"[39m
            [33mtype[39m=[32m"text"[39m
            [33mvalue[39m=[32m"AAPL, MSFT, AMZN, MAGS"[39m
          [36m/>[39m
          [36m<button[39m
            [33mclass[39m=[32m"px-4 py-2 bg-blue-600 text-white rounded-md hover:bg-blue-700 disabled:bg-gray-400"[39m
          [36m>[39m
            [0mПрименить[0m
          [36m</button>[39m
          [36m<button[39m
            [33mclass[39m=[32m"px-4 py-2 bg-green-600 text-white rounded-md hover:bg-green-700 disabled:bg-gray-400"[39m
          [36m>[39m
            [0mПерезагрузить[0m
          [36m</button>[39m
        [36m</div>[39m
        [36m<div[39m
          [33mclass[39m=[32m"mt-4 p-3 border rounded-lg bg-gray-50 dark:bg-gray-800 dark:border-gray-700"[39m
        [36m>[39m
          [36m<label[39m
            [33mclass[39m=[32m"block text-sm font-medium text-gray-700 dark:text-gray-300 mb-2"[39m
          [36m>[39m
            [0mLeverage (плечо): [0m
            [0m100[0m
            [0m% [0m
          [36m</label>[39m
          [36m<div[39m
            [33mclass[39m=[32m"flex items-center gap-4"[39m
          [36m>[39m
            [36m<input[39m
              [33mclass[39m=[32m"flex-1"[39m
              [33mmax[39m=[32m"300"[39m
              [33mmin[39m=[32m"100"[39m
              [33mstep[39m=[32m"25"[39m
              [33mtype[39m=[32m"range"[39m
              [33mvalue[39m=[32m"100"[39m
            [36m/>[39m
            [36m<input[39m
              [33mclass[39m=[32m"w-20 px-2 py-1 border rounded text-center dark:bg-gray-900 dark:border-gray-600 dark:text-gray-100"[39m
              [33mmax[39m=[32m"300"[39m
              [33mmin[39m=[32m"100"[39m
              [33mstep[39m=[32m"25"[39m
              [33mtype[39m=[32m"number"[39m
              [33mvalue[39m=[32m"100"[39m
            [36m/>[39m
            [36m<span[39m
              [33mclass[39m=[32m"text-sm text-gray-500"[39m
            [36m>[39m
              [0m%[0m
            [36m</span>[39m
          [36m</div>[39m
          [36m<div[39m
            [33mclass[39m=[32m"text-xs text-gray-500 mt-1"[39m
          [36m>[39m
            [0m100% = без плеча, 200% = 2:1, 300% = 3:1. Увеличивает потенциальную прибыль и риск.[0m
          [36m</div>[39m
        [36m</div>[39m
        [36m<div[39m
          [33mclass[39m=[32m"mt-3 text-sm text-gray-600 dark:text-gray-400"[39m
        [36m>[39m
          [36m<p>[39m
            [0mТекущие тикеры: [0m
            [36m<span[39m
              [33mclass[39m=[32m"font-mono"[39m
            [36m>[39m
              [0mAAPL, MSFT, AMZN, MAGS[0m
            [36m</span>[39m
          [36m</p>[39m
          [36m<p>[39m
            [0mКапитал на тикер: [0m
            [0m25[0m
            [0m% ([0m
            [0m4[0m
            [0m тикеров)[0m
          [36m</p>[39m
          [36m<p>[39m
            [0mLeverage: [0m
            [36m<span[39m
              [33mclass[39m=[32m"font-mono text-orange-600 dark:text-orange-400"[39m
            [36m>[39m
              [0m1.0[0m
              [0m:1[0m
            [36m</span>[39m
          [36m</p>[39m
          [36m<p[39m
            [33mclass[39m=[32m"text-green-600 dark:text-green-400"[39m
          [36m>[39m
            [0m✨ V2 Logic: Dynamic allocation from total portfolio value with leverage[0m
          [36m</p>[39m
        [36m</div>[39m
      [36m</div>[39m
      [36m<div[39m
        [33mclass[39m=[32m"grid grid-cols-2 md:grid-cols-5 gap-4"[39m
      [36m>[39m
        [36m<div[39m
          [33mclass[39m=[32m"bg-white dark:bg-gray-800 rounded-lg border border-gray-200 dark:border-gray-700 p-4 text-center"[39m
        [36m>[39m
          [36m<div[39m
            [33mclass[39m=[32m"text-2xl font-bold text-green-600"[39m
          [36m>[39m
            [0m$10,000.00[0m
          [36m</div>[39m
          [36m<div[39m
            [33mclass[39m=[32m"text-sm text-gray-600 dark:text-gray-400"[39m
          [36m>[39m
            [0mИтоговый баланс[0m
          [36m</div>[39m
        [36m</div>[39m
        [36m<div[39m
          [33mclass[39m=[32m"bg-white dark:bg-gray-800 rounded-lg border border-gray-200 dark:border-gray-700 p-4 text-center"[39m
        [36m>[39m
          [36m<div[39m
            [33mclass[39m=[32m"text-2xl font-bold text-blue-600"[39m
          [36m>[39m
            [0m0.00[0m
            [0m%[0m
          [36m</div>[39m
          [36m<div[39m
            [33mclass[39m=[32m"text-sm text-gray-600 dark:text-gray-400"[39m
          [36m>[39m
            [0mОбщая доходность[0m
          [36m</div>[39m
        [36m</div>[39m
        [36m<div[39m
          [33mclass[39m=[32m"bg-white dark:bg-gray-800 rounded-lg border border-gray-200 dark:border-gray-700 p-4 text-center"[39m
        [36m>[39m
          [36m<div[39m
            [33mclass[39m=[32m"text-2xl font-bold text-orange-600"[39m
          [36m>[39m
            [0m0.00[0m
            [0m%[0m
          [36m</div>[39m
          [36m<div[39m
            [33mclass[39m=[32m"text-sm text-gray-600 dark:text-gray-400"[39m
          [36m>[39m
            [0mГодовые проценты[0m
          [36m</div>[39m
        [36m</div>[39m
        [36m<div[39m
          [33mclass[39m=[32m"bg-white dark:bg-gray-800 rounded-lg border border-gray-200 dark:border-gray-700 p-4 text-center"[39m
        [36m>[39m
          [36m<div[39m
            [33mclass[39m=[32m"text-2xl font-bold text-purple-600"[39m
          [36m>[39m
            [0m0.0[0m
            [0m%[0m
          [36m</div>[39m
          [36m<div[39m
            [33mclass[39m=[32m"text-sm text-gray-600 dark:text-gray-400"[39m
          [36m>[39m
            [0mWin Rate[0m
          [36m</div>[39m
        [36m</div>[39m
        [36m<div[39m
          [33mclass[39m=[32m"bg-white dark:bg-gray-800 rounded-lg border border-gray-200 dark:border-gray-700 p-4 text-center"[39m
        [36m>[39m
          [36m<div[39m
            [33mclass[39m=[32m"text-2xl font-bold text-red-600"[39m
          [36m>[39m
            [0m0.00[0m
            [0m%[0m
          [36m</div>[39m
          [36m<div[39m
            [33mclass[39m=[32m"text-sm text-gray-600 dark:text-gray-400"[39m
          [36m>[39m
            [0mМакс. просадка[0m
          [36m</div>[39m
        [36m</div>[39m
      [36m</div>[39m
      [36m<div[39m
        [33mclass[39m=[32m"bg-white dark:bg-gray-800 rounded-lg border border-gray-200 dark:border-gray-700 p-4"[39m
      [36m>[39m
        [36m<h3[39m
          [33mclass[39m=[32m"font-semibold text-gray-900 dark:text-gray-100 mb-4"[39m
        [36m>[39m
          [0mГрафик доходности портфеля (V2 - Perfect Logic)[0m
        [36m</h3>[39m
        [36m<div[39m
          [33mclass[39m=[32m"w-full h-[600px] min-h-[600px]"[39m
        [36m>[39m
          [36m<div[39m
            [33mdata-testid[39m=[32m"equity-chart"[39m
          [36m>[39m
            [0mChart with data[0m
          [36m</div>[39m
        [36m</div>[39m
      [36m</div>[39m
    [36m</div>[39m
  [36m</div>[39m
[36m</body>[39m
   ✓ BuyAtClose4Simulator > should load settings from localStorage 15ms
   × BuyAtClose4Simulator > should handle invalid localStorage data gracefully 17ms
     → Unable to find an element with the display value: AAPL, MSFT, GOOGL, TSLA.

Ignored nodes: comments, script, style
[36m<body>[39m
  [36m<div>[39m
    [36m<div[39m
      [33mclass[39m=[32m"space-y-6"[39m
    [36m>[39m
      [36m<div[39m
        [33mclass[39m=[32m"border-b pb-4"[39m
      [36m>[39m
        [36m<h2[39m
          [33mclass[39m=[32m"text-2xl font-bold text-gray-900 dark:text-gray-100"[39m
        [36m>[39m
          [0mМультитикерная IBS стратегия (V2 - Perfect Logic)[0m
        [36m</h2>[39m
        [36m<p[39m
          [33mclass[39m=[32m"text-sm text-gray-600 dark:text-gray-400 mt-1"[39m
        [36m>[39m
          [0mТорговля по множественным тикерам с математически корректным распределением капитала[0m
        [36m</p>[39m
      [36m</div>[39m
      [36m<div[39m
        [33mclass[39m=[32m"bg-white dark:bg-gray-800 rounded-lg border border-gray-200 dark:border-gray-700 p-4"[39m
      [36m>[39m
        [36m<h3[39m
          [33mclass[39m=[32m"font-semibold text-gray-900 dark:text-gray-100 mb-3"[39m
        [36m>[39m
          [0mНастройка тикеров[0m
        [36m</h3>[39m
        [36m<div[39m
          [33mclass[39m=[32m"flex flex-wrap items-center gap-3"[39m
        [36m>[39m
          [36m<input[39m
            [33mclass[39m=[32m"flex-1 min-w-[300px] px-3 py-2 border rounded-md dark:bg-gray-900 dark:border-gray-600 dark:text-gray-100"[39m
            [33mplaceholder[39m=[32m"AAPL, MSFT, AMZN, MAGS"[39m
            [33mtype[39m=[32m"text"[39m
            [33mvalue[39m=[32m"AAPL, MSFT, AMZN, MAGS"[39m
          [36m/>[39m
          [36m<button[39m
            [33mclass[39m=[32m"px-4 py-2 bg-blue-600 text-white rounded-md hover:bg-blue-700 disabled:bg-gray-400"[39m
          [36m>[39m
            [0mПрименить[0m
          [36m</button>[39m
          [36m<button[39m
            [33mclass[39m=[32m"px-4 py-2 bg-green-600 text-white rounded-md hover:bg-green-700 disabled:bg-gray-400"[39m
          [36m>[39m
            [0mПерезагрузить[0m
          [36m</button>[39m
        [36m</div>[39m
        [36m<div[39m
          [33mclass[39m=[32m"mt-4 p-3 border rounded-lg bg-gray-50 dark:bg-gray-800 dark:border-gray-700"[39m
        [36m>[39m
          [36m<label[39m
            [33mclass[39m=[32m"block text-sm font-medium text-gray-700 dark:text-gray-300 mb-2"[39m
          [36m>[39m
            [0mLeverage (плечо): [0m
            [0m100[0m
            [0m% [0m
          [36m</label>[39m
          [36m<div[39m
            [33mclass[39m=[32m"flex items-center gap-4"[39m
          [36m>[39m
            [36m<input[39m
              [33mclass[39m=[32m"flex-1"[39m
              [33mmax[39m=[32m"300"[39m
              [33mmin[39m=[32m"100"[39m
              [33mstep[39m=[32m"25"[39m
              [33mtype[39m=[32m"range"[39m
              [33mvalue[39m=[32m"100"[39m
            [36m/>[39m
            [36m<input[39m
              [33mclass[39m=[32m"w-20 px-2 py-1 border rounded text-center dark:bg-gray-900 dark:border-gray-600 dark:text-gray-100"[39m
              [33mmax[39m=[32m"300"[39m
              [33mmin[39m=[32m"100"[39m
              [33mstep[39m=[32m"25"[39m
              [33mtype[39m=[32m"number"[39m
              [33mvalue[39m=[32m"100"[39m
            [36m/>[39m
            [36m<span[39m
              [33mclass[39m=[32m"text-sm text-gray-500"[39m
            [36m>[39m
              [0m%[0m
            [36m</span>[39m
          [36m</div>[39m
          [36m<div[39m
            [33mclass[39m=[32m"text-xs text-gray-500 mt-1"[39m
          [36m>[39m
            [0m100% = без плеча, 200% = 2:1, 300% = 3:1. Увеличивает потенциальную прибыль и риск.[0m
          [36m</div>[39m
        [36m</div>[39m
        [36m<div[39m
          [33mclass[39m=[32m"mt-3 text-sm text-gray-600 dark:text-gray-400"[39m
        [36m>[39m
          [36m<p>[39m
            [0mТекущие тикеры: [0m
            [36m<span[39m
              [33mclass[39m=[32m"font-mono"[39m
            [36m>[39m
              [0mAAPL, MSFT, AMZN, MAGS[0m
            [36m</span>[39m
          [36m</p>[39m
          [36m<p>[39m
            [0mКапитал на тикер: [0m
            [0m25[0m
            [0m% ([0m
            [0m4[0m
            [0m тикеров)[0m
          [36m</p>[39m
          [36m<p>[39m
            [0mLeverage: [0m
            [36m<span[39m
              [33mclass[39m=[32m"font-mono text-orange-600 dark:text-orange-400"[39m
            [36m>[39m
              [0m1.0[0m
              [0m:1[0m
            [36m</span>[39m
          [36m</p>[39m
          [36m<p[39m
            [33mclass[39m=[32m"text-green-600 dark:text-green-400"[39m
          [36m>[39m
            [0m✨ V2 Logic: Dynamic allocation from total portfolio value with leverage[0m
          [36m</p>[39m
        [36m</div>[39m
      [36m</div>[39m
      [36m<div[39m
        [33mclass[39m=[32m"grid grid-cols-2 md:grid-cols-5 gap-4"[39m
      [36m>[39m
        [36m<div[39m
          [33mclass[39m=[32m"bg-white dark:bg-gray-800 rounded-lg border border-gray-200 dark:border-gray-700 p-4 text-center"[39m
        [36m>[39m
          [36m<div[39m
            [33mclass[39m=[32m"text-2xl font-bold text-green-600"[39m
          [36m>[39m
            [0m$10,000.00[0m
          [36m</div>[39m
          [36m<div[39m
            [33mclass[39m=[32m"text-sm text-gray-600 dark:text-gray-400"[39m
          [36m>[39m
            [0mИтоговый баланс[0m
          [36m</div>[39m
        [36m</div>[39m
        [36m<div[39m
          [33mclass[39m=[32m"bg-white dark:bg-gray-800 rounded-lg border border-gray-200 dark:border-gray-700 p-4 text-center"[39m
        [36m>[39m
          [36m<div[39m
            [33mclass[39m=[32m"text-2xl font-bold text-blue-600"[39m
          [36m>[39m
            [0m0.00[0m
            [0m%[0m
          [36m</div>[39m
          [36m<div[39m
            [33mclass[39m=[32m"text-sm text-gray-600 dark:text-gray-400"[39m
          [36m>[39m
            [0mОбщая доходность[0m
          [36m</div>[39m
        [36m</div>[39m
        [36m<div[39m
          [33mclass[39m=[32m"bg-white dark:bg-gray-800 rounded-lg border border-gray-200 dark:border-gray-700 p-4 text-center"[39m
        [36m>[39m
          [36m<div[39m
            [33mclass[39m=[32m"text-2xl font-bold text-orange-600"[39m
          [36m>[39m
            [0m0.00[0m
            [0m%[0m
          [36m</div>[39m
          [36m<div[39m
            [33mclass[39m=[32m"text-sm text-gray-600 dark:text-gray-400"[39m
          [36m>[39m
            [0mГодовые проценты[0m
          [36m</div>[39m
        [36m</div>[39m
        [36m<div[39m
          [33mclass[39m=[32m"bg-white dark:bg-gray-800 rounded-lg border border-gray-200 dark:border-gray-700 p-4 text-center"[39m
        [36m>[39m
          [36m<div[39m
            [33mclass[39m=[32m"text-2xl font-bold text-purple-600"[39m
          [36m>[39m
            [0m0.0[0m
            [0m%[0m
          [36m</div>[39m
          [36m<div[39m
            [33mclass[39m=[32m"text-sm text-gray-600 dark:text-gray-400"[39m
          [36m>[39m
            [0mWin Rate[0m
          [36m</div>[39m
        [36m</div>[39m
        [36m<div[39m
          [33mclass[39m=[32m"bg-white dark:bg-gray-800 rounded-lg border border-gray-200 dark:border-gray-700 p-4 text-center"[39m
        [36m>[39m
          [36m<div[39m
            [33mclass[39m=[32m"text-2xl font-bold text-red-600"[39m
          [36m>[39m
            [0m0.00[0m
            [0m%[0m
          [36m</div>[39m
          [36m<div[39m
            [33mclass[39m=[32m"text-sm text-gray-600 dark:text-gray-400"[39m
          [36m>[39m
            [0mМакс. просадка[0m
          [36m</div>[39m
        [36m</div>[39m
      [36m</div>[39m
      [36m<div[39m
        [33mclass[39m=[32m"bg-white dark:bg-gray-800 rounded-lg border border-gray-200 dark:border-gray-700 p-4"[39m
      [36m>[39m
        [36m<h3[39m
          [33mclass[39m=[32m"font-semibold text-gray-900 dark:text-gray-100 mb-4"[39m
        [36m>[39m
          [0mГрафик доходности портфеля (V2 - Perfect Logic)[0m
        [36m</h3>[39m
        [36m<div[39m
          [33mclass[39m=[32m"w-full h-[600px] min-h-[600px]"[39m
        [36m>[39m
          [36m<div[39m
            [33mdata-testid[39m=[32m"equity-chart"[39m
          [36m>[39m
            [0mChart with data[0m
          [36m</div>[39m
        [36m</div>[39m
      [36m</div>[39m
    [36m</div>[39m
  [36m</div>[39m
[36m</body>[39m
 ✓ src/lib/__tests__/buy-at-close4-real-data.test.ts (11 tests) 2214ms
   ✓ BuyAtClose4Simulator with Real GOOGL Data > data validation > should have valid price relationships  1925ms
stdout | src/lib/__tests__/googl-trades-count.test.ts > GOOGL Trades Count Verification > should generate 402 trades for GOOGL data
🔧 STRATEGY PARAMETERS: { lowIBS: [33m0.1[39m, highIBS: [33m0.75[39m, maxHoldDays: [33m30[39m }
🟢 ENTRY SIGNAL: IBS=0.079 < 0.1 on 2004-08-23
🟢 ENTRY EXECUTION(close): bought 91 shares at $109.40 on 2004-08-23
🔴 EXIT: IBS=0.988, ibs_signal, P&L=$-135.59, Duration=3 days
🟢 ENTRY SIGNAL: IBS=0.000 < 0.1 on 2004-08-30
🟢 ENTRY EXECUTION(close): bought 96 shares at $102.01 on 2004-08-30
🔴 EXIT: IBS=0.824, ibs_signal, P&L=$-41.28, Duration=8 days
🟢 ENTRY SIGNAL: IBS=0.016 < 0.1 on 2004-09-24
🟢 ENTRY EXECUTION(close): bought 81 shares at $119.83 on 2004-09-24
🔴 EXIT: IBS=0.925, ibs_signal, P&L=$569.43, Duration=4 days
🟢 ENTRY SIGNAL: IBS=0.095 < 0.1 on 2004-10-20
🟢 ENTRY EXECUTION(close): bought 73 shares at $140.49 on 2004-10-20
🔴 EXIT: IBS=0.912, ibs_signal, P&L=$648.97, Duration=1 days
🟢 ENTRY SIGNAL: IBS=0.004 < 0.1 on 2004-10-29
🟢 ENTRY EXECUTION(close): bought 57 shares at $190.64 on 2004-10-29
🔴 EXIT: IBS=0.955, ibs_signal, P&L=$-434.34, Duration=13 days
🟢 ENTRY SIGNAL: IBS=0.058 < 0.1 on 2004-12-06
🟢 ENTRY EXECUTION(close): bought 60 shares at $176.29 on 2004-12-06
🔴 EXIT: IBS=0.986, ibs_signal, P&L=$-171.60, Duration=3 days
🟢 ENTRY SIGNAL: IBS=0.078 < 0.1 on 2004-12-21
🟢 ENTRY EXECUTION(close): bought 56 shares at $183.75 on 2004-12-21
🔴 EXIT: IBS=0.857, ibs_signal, P&L=$142.80, Duration=1 days
🟢 ENTRY SIGNAL: IBS=0.031 < 0.1 on 2004-12-31
🟢 ENTRY EXECUTION(close): bought 54 shares at $192.79 on 2004-12-31
🔴 EXIT: IBS=0.886, ibs_signal, P&L=$535.68, Duration=3 days
🟢 ENTRY SIGNAL: IBS=0.079 < 0.1 on 2005-01-11
🟢 ENTRY EXECUTION(close): bought 57 shares at $193.54 on 2005-01-11
🔴 EXIT: IBS=0.899, ibs_signal, P&L=$104.88, Duration=1 days
🟢 ENTRY SIGNAL: IBS=0.069 < 0.1 on 2005-01-19
🟢 ENTRY EXECUTION(close): bought 56 shares at $197.30 on 2005-01-19
🔴 EXIT: IBS=0.983, ibs_signal, P&L=$-451.36, Duration=7 days
🟢 ENTRY SIGNAL: IBS=0.097 < 0.1 on 2005-02-01
🟢 ENTRY EXECUTION(close): bought 56 shares at $191.90 on 2005-02-01
🔴 EXIT: IBS=0.993, ibs_signal, P&L=$61.04, Duration=13 days
🟢 ENTRY SIGNAL: IBS=0.082 < 0.1 on 2005-02-25
🟢 ENTRY EXECUTION(close): bought 58 shares at $185.87 on 2005-02-25
🔴 EXIT: IBS=0.783, ibs_signal, P&L=$65.83, Duration=6 days
🟢 ENTRY SIGNAL: IBS=0.047 < 0.1 on 2005-03-08
🟢 ENTRY EXECUTION(close): bought 58 shares at $185.20 on 2005-03-08
🔴 EXIT: IBS=0.760, ibs_signal, P&L=$-382.22, Duration=7 days
🟢 ENTRY SIGNAL: IBS=0.030 < 0.1 on 2005-03-24
🟢 ENTRY EXECUTION(close): bought 58 shares at $179.25 on 2005-03-24
🔴 EXIT: IBS=0.765, ibs_signal, P&L=$73.08, Duration=7 days
🟢 ENTRY SIGNAL: IBS=0.017 < 0.1 on 2005-04-01
🟢 ENTRY EXECUTION(close): bought 58 shares at $180.04 on 2005-04-01
🔴 EXIT: IBS=0.995, ibs_signal, P&L=$304.50, Duration=3 days
🟢 ENTRY SIGNAL: IBS=0.060 < 0.1 on 2005-04-15
🟢 ENTRY EXECUTION(close): bought 58 shares at $185.00 on 2005-04-15
🔴 EXIT: IBS=0.793, ibs_signal, P&L=$114.26, Duration=3 days
🟢 ENTRY SIGNAL: IBS=0.000 < 0.1 on 2005-06-28
🟢 ENTRY EXECUTION(close): bought 36 shares at $302.00 on 2005-06-28
🔴 EXIT: IBS=0.953, ibs_signal, P&L=$-226.44, Duration=7 days
🟢 ENTRY SIGNAL: IBS=0.023 < 0.1 on 2005-07-06
🟢 ENTRY EXECUTION(close): bought 36 shares at $291.52 on 2005-07-06
🔴 EXIT: IBS=0.964, ibs_signal, P&L=$144.54, Duration=1 days
🟢 ENTRY SIGNAL: IBS=0.053 < 0.1 on 2005-07-28
🟢 ENTRY EXECUTION(close): bought 37 shares at $293.50 on 2005-07-28
🔴 EXIT: IBS=0.798, ibs_signal, P&L=$-69.93, Duration=4 days
🟢 ENTRY SIGNAL: IBS=0.026 < 0.1 on 2005-08-15
🟢 ENTRY EXECUTION(close): bought 38 shares at $284.00 on 2005-08-15
🔴 EXIT: IBS=0.907, ibs_signal, P&L=$-152.38, Duration=3 days
🟢 ENTRY SIGNAL: IBS=0.081 < 0.1 on 2005-08-22
🟢 ENTRY EXECUTION(close): bought 39 shares at $274.01 on 2005-08-22
🔴 EXIT: IBS=0.972, ibs_signal, P&L=$217.23, Duration=1 days
🟢 ENTRY SIGNAL: IBS=0.071 < 0.1 on 2005-09-16
🟢 ENTRY EXECUTION(close): bought 36 shares at $300.20 on 2005-09-16
🔴 EXIT: IBS=0.762, ibs_signal, P&L=$421.20, Duration=5 days
🟢 ENTRY SIGNAL: IBS=0.042 < 0.1 on 2005-09-28
🟢 ENTRY EXECUTION(close): bought 37 shares at $306.00 on 2005-09-28
🔴 EXIT: IBS=0.763, ibs_signal, P&L=$133.94, Duration=1 days
🟢 ENTRY SIGNAL: IBS=0.025 < 0.1 on 2005-10-04
🟢 ENTRY EXECUTION(close): bought 36 shares at $311.00 on 2005-10-04
🔴 EXIT: IBS=0.981, ibs_signal, P&L=$-216.00, Duration=13 days
🟢 ENTRY SIGNAL: IBS=0.077 < 0.1 on 2005-11-18
🟢 ENTRY EXECUTION(close): bought 28 shares at $400.21 on 2005-11-18
🔴 EXIT: IBS=0.962, ibs_signal, P&L=$256.20, Duration=3 days
🟢 ENTRY SIGNAL: IBS=0.058 < 0.1 on 2005-11-29
🟢 ENTRY EXECUTION(close): bought 28 shares at $403.54 on 2005-11-29
🔴 EXIT: IBS=0.811, ibs_signal, P&L=$295.40, Duration=2 days
🟢 ENTRY SIGNAL: IBS=0.089 < 0.1 on 2005-12-09
🟢 ENTRY EXECUTION(close): bought 28 shares at $409.20 on 2005-12-09
🔴 EXIT: IBS=0.920, ibs_signal, P&L=$232.12, Duration=4 days
🟢 ENTRY SIGNAL: IBS=0.006 < 0.1 on 2006-02-02
🟢 ENTRY EXECUTION(close): bought 30 shares at $396.04 on 2006-02-02
🔴 EXIT: IBS=0.900, ibs_signal, P&L=$-808.80, Duration=6 days
🟢 ENTRY SIGNAL: IBS=0.099 < 0.1 on 2006-02-14
🟢 ENTRY EXECUTION(close): bought 32 shares at $343.32 on 2006-02-14
🔴 EXIT: IBS=0.976, ibs_signal, P&L=$740.48, Duration=2 days
🟢 ENTRY SIGNAL: IBS=0.059 < 0.1 on 2006-03-06
🟢 ENTRY EXECUTION(close): bought 32 shares at $368.10 on 2006-03-06
🔴 EXIT: IBS=0.939, ibs_signal, P&L=$-542.08, Duration=8 days
🟢 ENTRY SIGNAL: IBS=0.080 < 0.1 on 2006-03-16
🟢 ENTRY EXECUTION(close): bought 33 shares at $338.77 on 2006-03-16
🔴 EXIT: IBS=0.778, ibs_signal, P&L=$310.86, Duration=4 days
🟢 ENTRY SIGNAL: IBS=0.067 < 0.1 on 2006-03-21
🟢 ENTRY EXECUTION(close): bought 34 shares at $339.92 on 2006-03-21
🔴 EXIT: IBS=0.901, ibs_signal, P&L=$1267.52, Duration=7 days
🟢 ENTRY SIGNAL: IBS=0.064 < 0.1 on 2006-04-21
🟢 ENTRY EXECUTION(close): bought 29 shares at $437.10 on 2006-04-21
🔴 EXIT: IBS=0.987, ibs_signal, P&L=$-820.70, Duration=18 days
🟢 ENTRY SIGNAL: IBS=0.051 < 0.1 on 2006-05-12
🟢 ENTRY EXECUTION(close): bought 32 shares at $374.13 on 2006-05-12
🔴 EXIT: IBS=0.815, ibs_signal, P&L=$227.84, Duration=12 days
🟢 ENTRY SIGNAL: IBS=0.051 < 0.1 on 2006-05-30
🟢 ENTRY EXECUTION(close): bought 33 shares at $371.94 on 2006-05-30
🔴 EXIT: IBS=0.968, ibs_signal, P&L=$352.44, Duration=2 days
🟢 ENTRY SIGNAL: IBS=0.040 < 0.1 on 2006-06-05
🟢 ENTRY EXECUTION(close): bought 34 shares at $374.44 on 2006-06-05
🔴 EXIT: IBS=0.999, ibs_signal, P&L=$528.70, Duration=1 days
🟢 ENTRY SIGNAL: IBS=0.001 < 0.1 on 2006-06-07
🟢 ENTRY EXECUTION(close): bought 34 shares at $386.51 on 2006-06-07
🔴 EXIT: IBS=0.938, ibs_signal, P&L=$230.86, Duration=1 days
🟢 ENTRY SIGNAL: IBS=0.057 < 0.1 on 2006-06-12
🟢 ENTRY EXECUTION(close): bought 35 shares at $381.54 on 2006-06-12
🔴 EXIT: IBS=0.947, ibs_signal, P&L=$174.47, Duration=1 days
🟢 ENTRY SIGNAL: IBS=0.087 < 0.1 on 2006-07-12
🟢 ENTRY EXECUTION(close): bought 32 shares at $417.25 on 2006-07-12
🔴 EXIT: IBS=0.883, ibs_signal, P&L=$-868.54, Duration=9 days
🟢 ENTRY SIGNAL: IBS=0.000 < 0.1 on 2006-08-01
🟢 ENTRY EXECUTION(close): bought 34 shares at $375.51 on 2006-08-01
🔴 EXIT: IBS=0.827, ibs_signal, P&L=$-4.08, Duration=2 days
🟢 ENTRY SIGNAL: IBS=0.070 < 0.1 on 2006-08-09
🟢 ENTRY EXECUTION(close): bought 34 shares at $376.94 on 2006-08-09
🔴 EXIT: IBS=0.923, ibs_signal, P&L=$137.02, Duration=6 days
🟢 ENTRY SIGNAL: IBS=0.084 < 0.1 on 2006-08-31
🟢 ENTRY EXECUTION(close): bought 34 shares at $378.53 on 2006-08-31
🔴 EXIT: IBS=0.869, ibs_signal, P&L=$198.22, Duration=5 days
🟢 ENTRY SIGNAL: IBS=0.062 < 0.1 on 2006-09-27
🟢 ENTRY EXECUTION(close): bought 32 shares at $402.92 on 2006-09-27
🔴 EXIT: IBS=0.994, ibs_signal, P&L=$408.96, Duration=7 days
🟢 ENTRY SIGNAL: IBS=0.052 < 0.1 on 2006-10-16
🟢 ENTRY EXECUTION(close): bought 32 shares at $421.75 on 2006-10-16
🔴 EXIT: IBS=0.934, ibs_signal, P&L=$1213.44, Duration=4 days
🟢 ENTRY SIGNAL: IBS=0.000 < 0.1 on 2006-11-15
🟢 ENTRY EXECUTION(close): bought 30 shares at $491.93 on 2006-11-15
🔴 EXIT: IBS=0.869, ibs_signal, P&L=$205.80, Duration=2 days
🟢 ENTRY SIGNAL: IBS=0.000 < 0.1 on 2006-11-27
🟢 ENTRY EXECUTION(close): bought 30 shares at $484.75 on 2006-11-27
🔴 EXIT: IBS=0.972, ibs_signal, P&L=$142.50, Duration=1 days
🟢 ENTRY SIGNAL: IBS=0.023 < 0.1 on 2006-12-07
🟢 ENTRY EXECUTION(close): bought 31 shares at $482.64 on 2006-12-07
🔴 EXIT: IBS=0.937, ibs_signal, P&L=$-434.31, Duration=12 days
🟢 ENTRY SIGNAL: IBS=0.062 < 0.1 on 2006-12-20
🟢 ENTRY EXECUTION(close): bought 31 shares at $462.90 on 2006-12-20
🔴 EXIT: IBS=0.994, ibs_signal, P&L=$159.03, Duration=7 days
🟢 ENTRY SIGNAL: IBS=0.049 < 0.1 on 2006-12-28
🟢 ENTRY EXECUTION(close): bought 32 shares at $462.56 on 2006-12-28
🔴 EXIT: IBS=0.956, ibs_signal, P&L=$662.40, Duration=7 days
🟢 ENTRY SIGNAL: IBS=0.044 < 0.1 on 2007-01-18
🟢 ENTRY EXECUTION(close): bought 31 shares at $487.83 on 2007-01-18
🔴 EXIT: IBS=0.971, ibs_signal, P&L=$348.44, Duration=6 days
🟢 ENTRY SIGNAL: IBS=0.009 < 0.1 on 2007-02-01
🟢 ENTRY EXECUTION(close): bought 32 shares at $481.75 on 2007-02-01
🔴 EXIT: IBS=0.974, ibs_signal, P&L=$-377.92, Duration=15 days
🟢 ENTRY SIGNAL: IBS=0.000 < 0.1 on 2007-03-02
🟢 ENTRY EXECUTION(close): bought 35 shares at $438.68 on 2007-03-02
🔴 EXIT: IBS=0.875, ibs_signal, P&L=$660.45, Duration=4 days
🟢 ENTRY SIGNAL: IBS=0.054 < 0.1 on 2007-03-08
🟢 ENTRY EXECUTION(close): bought 35 shares at $454.72 on 2007-03-08
🔴 EXIT: IBS=0.879, ibs_signal, P&L=$1.05, Duration=4 days
🟢 ENTRY SIGNAL: IBS=0.022 < 0.1 on 2007-03-13
🟢 ENTRY EXECUTION(close): bought 36 shares at $443.03 on 2007-03-13
🔴 EXIT: IBS=0.932, ibs_signal, P&L=$178.92, Duration=1 days
🟢 ENTRY SIGNAL: IBS=0.044 < 0.1 on 2007-04-20
🟢 ENTRY EXECUTION(close): bought 33 shares at $482.48 on 2007-04-20
🔴 EXIT: IBS=0.904, ibs_signal, P&L=$-305.25, Duration=13 days
🟢 ENTRY SIGNAL: IBS=0.053 < 0.1 on 2007-05-10
🟢 ENTRY EXECUTION(close): bought 34 shares at $461.47 on 2007-05-10
🔴 EXIT: IBS=0.957, ibs_signal, P&L=$179.18, Duration=1 days
🟢 ENTRY SIGNAL: IBS=0.034 < 0.1 on 2007-05-17
🟢 ENTRY EXECUTION(close): bought 34 shares at $470.96 on 2007-05-17
🔴 EXIT: IBS=0.814, ibs_signal, P&L=$427.04, Duration=8 days
🟢 ENTRY SIGNAL: IBS=0.072 < 0.1 on 2007-05-31
🟢 ENTRY EXECUTION(close): bought 33 shares at $497.91 on 2007-05-31
🔴 EXIT: IBS=0.987, ibs_signal, P&L=$690.72, Duration=5 days
🟢 ENTRY SIGNAL: IBS=0.094 < 0.1 on 2007-06-20
🟢 ENTRY EXECUTION(close): bought 33 shares at $509.97 on 2007-06-20
🔴 EXIT: IBS=0.869, ibs_signal, P&L=$136.62, Duration=1 days
🟢 ENTRY SIGNAL: IBS=0.046 < 0.1 on 2007-07-23
🟢 ENTRY EXECUTION(close): bought 34 shares at $512.51 on 2007-07-23
🔴 EXIT: IBS=0.980, ibs_signal, P&L=$-85.34, Duration=14 days
🟢 ENTRY SIGNAL: IBS=0.008 < 0.1 on 2007-08-09
🟢 ENTRY EXECUTION(close): bought 33 shares at $514.73 on 2007-08-09
🔴 EXIT: IBS=0.773, ibs_signal, P&L=$33.66, Duration=1 days
🟢 ENTRY SIGNAL: IBS=0.064 < 0.1 on 2007-08-14
🟢 ENTRY EXECUTION(close): bought 34 shares at $508.60 on 2007-08-14
🔴 EXIT: IBS=0.897, ibs_signal, P&L=$-291.04, Duration=3 days
🟢 ENTRY SIGNAL: IBS=0.066 < 0.1 on 2007-08-28
🟢 ENTRY EXECUTION(close): bought 33 shares at $506.40 on 2007-08-28
🔴 EXIT: IBS=0.931, ibs_signal, P&L=$213.84, Duration=1 days
🟢 ENTRY SIGNAL: IBS=0.097 < 0.1 on 2007-10-19
🟢 ENTRY EXECUTION(close): bought 26 shares at $644.71 on 2007-10-19
🔴 EXIT: IBS=0.773, ibs_signal, P&L=$157.04, Duration=3 days
🟢 ENTRY SIGNAL: IBS=0.035 < 0.1 on 2007-11-26
🟢 ENTRY EXECUTION(close): bought 26 shares at $666.00 on 2007-11-26
🔴 EXIT: IBS=0.891, ibs_signal, P&L=$196.82, Duration=1 days
🟢 ENTRY SIGNAL: IBS=0.028 < 0.1 on 2007-12-03
🟢 ENTRY EXECUTION(close): bought 25 shares at $681.53 on 2007-12-03
🔴 EXIT: IBS=0.963, ibs_signal, P&L=$424.50, Duration=2 days
🟢 ENTRY SIGNAL: IBS=0.019 < 0.1 on 2007-12-11
🟢 ENTRY EXECUTION(close): bought 25 shares at $699.20 on 2007-12-11
🔴 EXIT: IBS=0.782, ibs_signal, P&L=$-128.85, Duration=2 days
🟢 ENTRY SIGNAL: IBS=0.000 < 0.1 on 2007-12-27
🟢 ENTRY EXECUTION(close): bought 25 shares at $700.74 on 2007-12-27
🔴 EXIT: IBS=0.853, ibs_signal, P&L=$-385.25, Duration=7 days
🟢 ENTRY SIGNAL: IBS=0.077 < 0.1 on 2008-01-04
🟢 ENTRY EXECUTION(close): bought 26 shares at $657.00 on 2008-01-04
🔴 EXIT: IBS=0.995, ibs_signal, P&L=$-98.80, Duration=5 days
🟢 ENTRY SIGNAL: IBS=0.008 < 0.1 on 2008-01-25
🟢 ENTRY EXECUTION(close): bought 30 shares at $566.40 on 2008-01-25
🔴 EXIT: IBS=0.775, ibs_signal, P&L=$-63.00, Duration=6 days
🟢 ENTRY SIGNAL: IBS=0.086 < 0.1 on 2008-02-19
🟢 ENTRY EXECUTION(close): bought 34 shares at $508.95 on 2008-02-19
🔴 EXIT: IBS=0.835, ibs_signal, P&L=$1.70, Duration=1 days
🟢 ENTRY SIGNAL: IBS=0.034 < 0.1 on 2008-02-25
🟢 ENTRY EXECUTION(close): bought 35 shares at $486.44 on 2008-02-25
🔴 EXIT: IBS=0.884, ibs_signal, P&L=$-778.75, Duration=1 days
🟢 ENTRY SIGNAL: IBS=0.069 < 0.1 on 2008-03-06
🟢 ENTRY EXECUTION(close): bought 38 shares at $432.70 on 2008-03-06
🔴 EXIT: IBS=0.980, ibs_signal, P&L=$271.32, Duration=5 days
🟢 ENTRY SIGNAL: IBS=0.021 < 0.1 on 2008-03-19
🟢 ENTRY EXECUTION(close): bought 39 shares at $432.00 on 2008-03-19
🔴 EXIT: IBS=0.882, ibs_signal, P&L=$60.45, Duration=1 days
🟢 ENTRY SIGNAL: IBS=0.086 < 0.1 on 2008-05-02
🟢 ENTRY EXECUTION(close): bought 29 shares at $581.29 on 2008-05-02
🔴 EXIT: IBS=0.899, ibs_signal, P&L=$105.85, Duration=10 days
🟢 ENTRY SIGNAL: IBS=0.066 < 0.1 on 2008-05-14
🟢 ENTRY EXECUTION(close): bought 29 shares at $576.30 on 2008-05-14
🔴 EXIT: IBS=0.909, ibs_signal, P&L=$-446.60, Duration=13 days
🟢 ENTRY SIGNAL: IBS=0.000 < 0.1 on 2008-06-06
🟢 ENTRY EXECUTION(close): bought 29 shares at $567.00 on 2008-06-06
🔴 EXIT: IBS=0.871, ibs_signal, P&L=$-1128.97, Duration=21 days
🟢 ENTRY SIGNAL: IBS=0.068 < 0.1 on 2008-07-02
🟢 ENTRY EXECUTION(close): bought 29 shares at $527.04 on 2008-07-02
🔴 EXIT: IBS=0.810, ibs_signal, P&L=$288.84, Duration=1 days
🟢 ENTRY SIGNAL: IBS=0.055 < 0.1 on 2008-07-09
🟢 ENTRY EXECUTION(close): bought 29 shares at $541.55 on 2008-07-09
🔴 EXIT: IBS=0.965, ibs_signal, P&L=$-172.55, Duration=7 days
🟢 ENTRY SIGNAL: IBS=0.000 < 0.1 on 2008-07-24
🟢 ENTRY EXECUTION(close): bought 32 shares at $475.62 on 2008-07-24
🔴 EXIT: IBS=0.901, ibs_signal, P&L=$523.52, Duration=1 days
🟢 ENTRY SIGNAL: IBS=0.099 < 0.1 on 2008-08-04
🟢 ENTRY EXECUTION(close): bought 34 shares at $463.00 on 2008-08-04
🔴 EXIT: IBS=0.983, ibs_signal, P&L=$572.90, Duration=1 days
🟢 ENTRY SIGNAL: IBS=0.097 < 0.1 on 2008-08-25
🟢 ENTRY EXECUTION(close): bought 34 shares at $483.01 on 2008-08-25
🔴 EXIT: IBS=0.953, ibs_signal, P&L=$-1674.84, Duration=17 days
🟢 ENTRY SIGNAL: IBS=0.041 < 0.1 on 2008-09-17
🟢 ENTRY EXECUTION(close): bought 36 shares at $414.49 on 2008-09-17
🔴 EXIT: IBS=0.997, ibs_signal, P&L=$885.24, Duration=1 days
🟢 ENTRY SIGNAL: IBS=0.045 < 0.1 on 2008-09-22
🟢 ENTRY EXECUTION(close): bought 37 shares at $430.14 on 2008-09-22
🔴 EXIT: IBS=0.974, ibs_signal, P&L=$-1817.44, Duration=21 days
🟢 ENTRY SIGNAL: IBS=0.017 < 0.1 on 2008-10-15
🟢 ENTRY EXECUTION(close): bought 41 shares at $339.17 on 2008-10-15
🔴 EXIT: IBS=0.926, ibs_signal, P&L=$567.85, Duration=1 days
🟢 ENTRY SIGNAL: IBS=0.034 < 0.1 on 2008-10-21
🟢 ENTRY EXECUTION(close): bought 40 shares at $362.75 on 2008-10-21
🔴 EXIT: IBS=0.986, ibs_signal, P&L=$240.00, Duration=7 days
🟢 ENTRY SIGNAL: IBS=0.097 < 0.1 on 2008-10-30
🟢 ENTRY EXECUTION(close): bought 41 shares at $359.69 on 2008-10-30
🔴 EXIT: IBS=0.798, ibs_signal, P&L=$297.25, Duration=5 days
🟢 ENTRY SIGNAL: IBS=0.034 < 0.1 on 2008-11-05
🟢 ENTRY EXECUTION(close): bought 44 shares at $342.24 on 2008-11-05
🔴 EXIT: IBS=0.972, ibs_signal, P&L=$-1327.04, Duration=8 days
🟢 ENTRY SIGNAL: IBS=0.074 < 0.1 on 2008-11-19
🟢 ENTRY EXECUTION(close): bought 49 shares at $280.18 on 2008-11-19
🔴 EXIT: IBS=0.762, ibs_signal, P&L=$91.63, Duration=6 days
🟢 ENTRY SIGNAL: IBS=0.000 < 0.1 on 2008-12-01
🟢 ENTRY EXECUTION(close): bought 52 shares at $265.99 on 2008-12-01
🔴 EXIT: IBS=0.824, ibs_signal, P&L=$474.24, Duration=1 days
🟢 ENTRY SIGNAL: IBS=0.000 < 0.1 on 2009-01-20
🟢 ENTRY EXECUTION(close): bought 51 shares at $282.75 on 2009-01-20
🔴 EXIT: IBS=0.972, ibs_signal, P&L=$1036.83, Duration=1 days
🟢 ENTRY SIGNAL: IBS=0.032 < 0.1 on 2009-02-10
🟢 ENTRY EXECUTION(close): bought 43 shares at $358.51 on 2009-02-10
🔴 EXIT: IBS=0.953, ibs_signal, P&L=$195.22, Duration=2 days
🟢 ENTRY SIGNAL: IBS=0.067 < 0.1 on 2009-02-19
🟢 ENTRY EXECUTION(close): bought 45 shares at $342.64 on 2009-02-19
🔴 EXIT: IBS=0.823, ibs_signal, P&L=$171.45, Duration=1 days
🟢 ENTRY SIGNAL: IBS=0.025 < 0.1 on 2009-02-23
🟢 ENTRY EXECUTION(close): bought 48 shares at $330.06 on 2009-02-23
🔴 EXIT: IBS=0.777, ibs_signal, P&L=$738.72, Duration=1 days
🟢 ENTRY SIGNAL: IBS=0.001 < 0.1 on 2009-02-26
🟢 ENTRY EXECUTION(close): bought 49 shares at $337.18 on 2009-02-26
🔴 EXIT: IBS=0.898, ibs_signal, P&L=$-1401.89, Duration=8 days
🟢 ENTRY SIGNAL: IBS=0.084 < 0.1 on 2009-03-09
🟢 ENTRY EXECUTION(close): bought 52 shares at $290.89 on 2009-03-09
🔴 EXIT: IBS=0.857, ibs_signal, P&L=$898.56, Duration=1 days
🟢 ENTRY SIGNAL: IBS=0.099 < 0.1 on 2009-03-16
🟢 ENTRY EXECUTION(close): bought 50 shares at $319.69 on 2009-03-16
🔴 EXIT: IBS=1.000, ibs_signal, P&L=$782.50, Duration=1 days
🟢 ENTRY SIGNAL: IBS=0.049 < 0.1 on 2009-07-07
🟢 ENTRY EXECUTION(close): bought 42 shares at $396.63 on 2009-07-07
🔴 EXIT: IBS=0.976, ibs_signal, P&L=$1162.14, Duration=6 days
🟢 ENTRY SIGNAL: IBS=0.060 < 0.1 on 2009-07-31
🟢 ENTRY EXECUTION(close): bought 40 shares at $443.05 on 2009-07-31
🔴 EXIT: IBS=0.952, ibs_signal, P&L=$427.36, Duration=4 days
🟢 ENTRY SIGNAL: IBS=0.073 < 0.1 on 2009-09-02
🟢 ENTRY EXECUTION(close): bought 40 shares at $453.01 on 2009-09-02
🔴 EXIT: IBS=0.775, ibs_signal, P&L=$180.40, Duration=1 days
🟢 ENTRY SIGNAL: IBS=0.040 < 0.1 on 2009-09-18
🟢 ENTRY EXECUTION(close): bought 37 shares at $491.46 on 2009-09-18
🔴 EXIT: IBS=0.850, ibs_signal, P&L=$204.98, Duration=3 days
🟢 ENTRY SIGNAL: IBS=0.081 < 0.1 on 2009-09-23
🟢 ENTRY EXECUTION(close): bought 37 shares at $498.46 on 2009-09-23
🔴 EXIT: IBS=0.819, ibs_signal, P&L=$2.59, Duration=6 days
🟢 ENTRY SIGNAL: IBS=0.021 < 0.1 on 2009-10-01
🟢 ENTRY EXECUTION(close): bought 38 shares at $487.20 on 2009-10-01
🔴 EXIT: IBS=0.918, ibs_signal, P&L=$438.52, Duration=5 days
🟢 ENTRY SIGNAL: IBS=0.085 < 0.1 on 2009-10-08
🟢 ENTRY EXECUTION(close): bought 37 shares at $514.18 on 2009-10-08
🔴 EXIT: IBS=0.778, ibs_signal, P&L=$441.41, Duration=5 days
🟢 ENTRY SIGNAL: IBS=0.046 < 0.1 on 2009-12-17
🟢 ENTRY EXECUTION(close): bought 33 shares at $593.94 on 2009-12-17
🔴 EXIT: IBS=0.857, ibs_signal, P&L=$236.94, Duration=5 days
🟢 ENTRY SIGNAL: IBS=0.000 < 0.1 on 2009-12-31
🟢 ENTRY EXECUTION(close): bought 32 shares at $619.98 on 2009-12-31
🔴 EXIT: IBS=0.913, ibs_signal, P&L=$-574.72, Duration=8 days
🟢 ENTRY SIGNAL: IBS=0.098 < 0.1 on 2010-02-04
🟢 ENTRY EXECUTION(close): bought 36 shares at $526.78 on 2010-02-04
🔴 EXIT: IBS=0.800, ibs_signal, P&L=$162.43, Duration=1 days
🟢 ENTRY SIGNAL: IBS=0.042 < 0.1 on 2010-03-12
🟢 ENTRY EXECUTION(close): bought 33 shares at $579.54 on 2010-03-12
🔴 EXIT: IBS=0.875, ibs_signal, P&L=$-732.93, Duration=12 days
🟢 ENTRY SIGNAL: IBS=0.027 < 0.1 on 2010-04-16
🟢 ENTRY EXECUTION(close): bought 34 shares at $550.14 on 2010-04-16
🔴 EXIT: IBS=0.886, ibs_signal, P&L=$-968.83, Duration=24 days
🟢 ENTRY SIGNAL: IBS=0.071 < 0.1 on 2010-05-11
🟢 ENTRY EXECUTION(close): bought 35 shares at $509.05 on 2010-05-11
🔴 EXIT: IBS=0.765, ibs_signal, P&L=$-53.20, Duration=3 days
🟢 ENTRY SIGNAL: IBS=0.094 < 0.1 on 2010-05-18
🟢 ENTRY EXECUTION(close): bought 35 shares at $498.37 on 2010-05-18
🔴 EXIT: IBS=0.972, ibs_signal, P&L=$-745.50, Duration=7 days
🟢 ENTRY SIGNAL: IBS=0.032 < 0.1 on 2010-05-26
🟢 ENTRY EXECUTION(close): bought 35 shares at $475.47 on 2010-05-26
🔴 EXIT: IBS=0.836, ibs_signal, P&L=$524.65, Duration=1 days
🟢 ENTRY SIGNAL: IBS=0.000 < 0.1 on 2010-06-14
🟢 ENTRY EXECUTION(close): bought 36 shares at $483.19 on 2010-06-14
🔴 EXIT: IBS=0.868, ibs_signal, P&L=$532.80, Duration=1 days
🟢 ENTRY SIGNAL: IBS=0.048 < 0.1 on 2010-06-22
🟢 ENTRY EXECUTION(close): bought 37 shares at $486.25 on 2010-06-22
🔴 EXIT: IBS=0.931, ibs_signal, P&L=$-1333.85, Duration=15 days
🟢 ENTRY SIGNAL: IBS=0.008 < 0.1 on 2010-07-16
🟢 ENTRY EXECUTION(close): bought 36 shares at $459.61 on 2010-07-16
🔴 EXIT: IBS=0.937, ibs_signal, P&L=$791.46, Duration=4 days
🟢 ENTRY SIGNAL: IBS=0.037 < 0.1 on 2010-08-11
🟢 ENTRY EXECUTION(close): bought 35 shares at $491.74 on 2010-08-11
🔴 EXIT: IBS=0.776, ibs_signal, P&L=$9.45, Duration=1 days
🟢 ENTRY SIGNAL: IBS=0.066 < 0.1 on 2010-08-13
🟢 ENTRY EXECUTION(close): bought 36 shares at $486.35 on 2010-08-13
🔴 EXIT: IBS=0.906, ibs_signal, P&L=$-990.72, Duration=14 days
🟢 ENTRY SIGNAL: IBS=0.037 < 0.1 on 2010-08-30
🟢 ENTRY EXECUTION(close): bought 36 shares at $452.69 on 2010-08-30
🔴 EXIT: IBS=0.760, ibs_signal, P&L=$644.04, Duration=9 days
🟢 ENTRY SIGNAL: IBS=0.075 < 0.1 on 2010-09-14
🟢 ENTRY EXECUTION(close): bought 35 shares at $480.43 on 2010-09-14
🔴 EXIT: IBS=0.895, ibs_signal, P&L=$340.20, Duration=3 days
🟢 ENTRY SIGNAL: IBS=0.049 < 0.1 on 2010-10-20
🟢 ENTRY EXECUTION(close): bought 28 shares at $607.98 on 2010-10-20
🔴 EXIT: IBS=0.802, ibs_signal, P&L=$341.60, Duration=14 days
🟢 ENTRY SIGNAL: IBS=0.019 < 0.1 on 2010-11-16
🟢 ENTRY EXECUTION(close): bought 30 shares at $583.72 on 2010-11-16
🔴 EXIT: IBS=0.792, ibs_signal, P&L=$225.00, Duration=6 days
🟢 ENTRY SIGNAL: IBS=0.059 < 0.1 on 2010-12-13
🟢 ENTRY EXECUTION(close): bought 30 shares at $594.62 on 2010-12-13
🔴 EXIT: IBS=0.768, ibs_signal, P&L=$253.50, Duration=8 days
🟢 ENTRY SIGNAL: IBS=0.015 < 0.1 on 2011-01-21
🟢 ENTRY EXECUTION(close): bought 30 shares at $611.83 on 2011-01-21
🔴 EXIT: IBS=0.875, ibs_signal, P&L=$-22.50, Duration=3 days
🟢 ENTRY SIGNAL: IBS=0.060 < 0.1 on 2011-01-28
🟢 ENTRY EXECUTION(close): bought 30 shares at $600.99 on 2011-01-28
🔴 EXIT: IBS=0.774, ibs_signal, P&L=$301.50, Duration=4 days
🟢 ENTRY SIGNAL: IBS=0.073 < 0.1 on 2011-03-01
🟢 ENTRY EXECUTION(close): bought 31 shares at $600.76 on 2011-03-01
🔴 EXIT: IBS=0.907, ibs_signal, P&L=$-967.20, Duration=14 days
🟢 ENTRY SIGNAL: IBS=0.097 < 0.1 on 2011-03-17
🟢 ENTRY EXECUTION(close): bought 31 shares at $561.36 on 2011-03-17
🔴 EXIT: IBS=0.972, ibs_signal, P&L=$644.80, Duration=6 days
🟢 ENTRY SIGNAL: IBS=0.065 < 0.1 on 2011-03-25
🟢 ENTRY EXECUTION(close): bought 31 shares at $579.74 on 2011-03-25
🔴 EXIT: IBS=0.982, ibs_signal, P&L=$61.69, Duration=4 days
🟢 ENTRY SIGNAL: IBS=0.015 < 0.1 on 2011-04-08
🟢 ENTRY EXECUTION(close): bought 31 shares at $578.16 on 2011-04-08
🔴 EXIT: IBS=0.857, ibs_signal, P&L=$-24.49, Duration=3 days
🟢 ENTRY SIGNAL: IBS=0.041 < 0.1 on 2011-04-15
🟢 ENTRY EXECUTION(close): bought 34 shares at $530.70 on 2011-04-15
🔴 EXIT: IBS=0.905, ibs_signal, P&L=$-131.24, Duration=3 days
🟢 ENTRY SIGNAL: IBS=0.063 < 0.1 on 2011-04-19
🟢 ENTRY EXECUTION(close): bought 35 shares at $521.53 on 2011-04-19
🔴 EXIT: IBS=0.799, ibs_signal, P&L=$147.00, Duration=1 days
🟢 ENTRY SIGNAL: IBS=0.019 < 0.1 on 2011-05-06
🟢 ENTRY EXECUTION(close): bought 34 shares at $535.30 on 2011-05-06
🔴 EXIT: IBS=0.890, ibs_signal, P&L=$80.92, Duration=3 days
🟢 ENTRY SIGNAL: IBS=0.073 < 0.1 on 2011-05-13
🟢 ENTRY EXECUTION(close): bought 34 shares at $529.55 on 2011-05-13
🔴 EXIT: IBS=0.953, ibs_signal, P&L=$30.94, Duration=4 days
🟢 ENTRY SIGNAL: IBS=0.019 < 0.1 on 2011-05-24
🟢 ENTRY EXECUTION(close): bought 35 shares at $518.26 on 2011-05-24
🔴 EXIT: IBS=0.838, ibs_signal, P&L=$92.40, Duration=3 days
🟢 ENTRY SIGNAL: IBS=0.037 < 0.1 on 2011-06-01
🟢 ENTRY EXECUTION(close): bought 35 shares at $525.60 on 2011-06-01
🔴 EXIT: IBS=0.764, ibs_signal, P&L=$-1435.70, Duration=19 days
🟢 ENTRY SIGNAL: IBS=0.049 < 0.1 on 2011-06-22
🟢 ENTRY EXECUTION(close): bought 35 shares at $487.00 on 2011-06-22
🔴 EXIT: IBS=0.790, ibs_signal, P&L=$232.58, Duration=6 days
🟢 ENTRY SIGNAL: IBS=0.000 < 0.1 on 2011-07-20
🟢 ENTRY EXECUTION(close): bought 29 shares at $595.35 on 2011-07-20
🔴 EXIT: IBS=0.924, ibs_signal, P&L=$337.56, Duration=1 days
🟢 ENTRY SIGNAL: IBS=0.000 < 0.1 on 2011-07-29
🟢 ENTRY EXECUTION(close): bought 29 shares at $603.69 on 2011-07-29
🔴 EXIT: IBS=0.906, ibs_signal, P&L=$-73.08, Duration=5 days
🟢 ENTRY SIGNAL: IBS=0.002 < 0.1 on 2011-08-04
🟢 ENTRY EXECUTION(close): bought 30 shares at $577.52 on 2011-08-04
🔴 EXIT: IBS=0.964, ibs_signal, P&L=$-123.30, Duration=5 days
🟢 ENTRY SIGNAL: IBS=0.078 < 0.1 on 2011-08-10
🟢 ENTRY EXECUTION(close): bought 31 shares at $549.01 on 2011-08-10
🔴 EXIT: IBS=0.884, ibs_signal, P&L=$-935.89, Duration=13 days
🟢 ENTRY SIGNAL: IBS=0.092 < 0.1 on 2011-08-25
🟢 ENTRY EXECUTION(close): bought 31 shares at $520.04 on 2011-08-25
🔴 EXIT: IBS=0.792, ibs_signal, P&L=$211.42, Duration=1 days
🟢 ENTRY SIGNAL: IBS=0.021 < 0.1 on 2011-09-21
🟢 ENTRY EXECUTION(close): bought 31 shares at $539.20 on 2011-09-21
🔴 EXIT: IBS=0.924, ibs_signal, P&L=$-424.39, Duration=2 days
🟢 ENTRY SIGNAL: IBS=0.070 < 0.1 on 2011-09-28
🟢 ENTRY EXECUTION(close): bought 31 shares at $528.84 on 2011-09-28
🔴 EXIT: IBS=0.933, ibs_signal, P&L=$-835.14, Duration=6 days
🟢 ENTRY SIGNAL: IBS=0.026 < 0.1 on 2011-10-25
🟢 ENTRY EXECUTION(close): bought 26 shares at $583.16 on 2011-10-25
🔴 EXIT: IBS=0.777, ibs_signal, P&L=$81.90, Duration=1 days
🟢 ENTRY SIGNAL: IBS=0.000 < 0.1 on 2011-11-23
🟢 ENTRY EXECUTION(close): bought 27 shares at $570.11 on 2011-11-23
🔴 EXIT: IBS=0.949, ibs_signal, P&L=$488.16, Duration=5 days
🟢 ENTRY SIGNAL: IBS=0.062 < 0.1 on 2011-12-08
🟢 ENTRY EXECUTION(close): bought 26 shares at $616.05 on 2011-12-08
🔴 EXIT: IBS=0.859, ibs_signal, P&L=$295.62, Duration=1 days
🟢 ENTRY SIGNAL: IBS=0.023 < 0.1 on 2012-01-06
🟢 ENTRY EXECUTION(close): bought 25 shares at $650.02 on 2012-01-06
🔴 EXIT: IBS=0.908, ibs_signal, P&L=$-427.75, Duration=12 days
🟢 ENTRY SIGNAL: IBS=0.021 < 0.1 on 2012-03-09
🟢 ENTRY EXECUTION(close): bought 26 shares at $600.25 on 2012-03-09
🔴 EXIT: IBS=0.761, ibs_signal, P&L=$127.40, Duration=3 days
🟢 ENTRY SIGNAL: IBS=0.019 < 0.1 on 2012-03-30
🟢 ENTRY EXECUTION(close): bought 25 shares at $641.24 on 2012-03-30
🔴 EXIT: IBS=0.954, ibs_signal, P&L=$142.00, Duration=3 days
🟢 ENTRY SIGNAL: IBS=0.042 < 0.1 on 2012-04-13
🟢 ENTRY EXECUTION(close): bought 26 shares at $624.60 on 2012-04-13
🔴 EXIT: IBS=0.897, ibs_signal, P&L=$-702.00, Duration=10 days
🟢 ENTRY SIGNAL: IBS=0.014 < 0.1 on 2012-05-04
🟢 ENTRY EXECUTION(close): bought 26 shares at $596.97 on 2012-05-04
🔴 EXIT: IBS=0.806, ibs_signal, P&L=$275.08, Duration=3 days
🟢 ENTRY SIGNAL: IBS=0.047 < 0.1 on 2012-05-11
🟢 ENTRY EXECUTION(close): bought 26 shares at $605.23 on 2012-05-11
🔴 EXIT: IBS=0.917, ibs_signal, P&L=$616.20, Duration=5 days
🟢 ENTRY SIGNAL: IBS=0.092 < 0.1 on 2012-06-07
🟢 ENTRY EXECUTION(close): bought 28 shares at $578.23 on 2012-06-07
🔴 EXIT: IBS=0.914, ibs_signal, P&L=$62.16, Duration=1 days
🟢 ENTRY SIGNAL: IBS=0.097 < 0.1 on 2012-06-11
🟢 ENTRY EXECUTION(close): bought 29 shares at $568.50 on 2012-06-11
🔴 EXIT: IBS=0.999, ibs_signal, P&L=$-115.71, Duration=4 days
🟢 ENTRY SIGNAL: IBS=0.092 < 0.1 on 2012-06-21
🟢 ENTRY EXECUTION(close): bought 29 shares at $565.21 on 2012-06-21
🔴 EXIT: IBS=1.000, ibs_signal, P&L=$181.83, Duration=1 days
🟢 ENTRY SIGNAL: IBS=0.087 < 0.1 on 2012-09-25
🟢 ENTRY EXECUTION(close): bought 22 shares at $749.16 on 2012-09-25
🔴 EXIT: IBS=0.879, ibs_signal, P&L=$293.48, Duration=8 days
🟢 ENTRY SIGNAL: IBS=0.083 < 0.1 on 2012-10-09
🟢 ENTRY EXECUTION(close): bought 22 shares at $744.09 on 2012-10-09
🔴 EXIT: IBS=0.783, ibs_signal, P&L=$-68.42, Duration=6 days
🟢 ENTRY SIGNAL: IBS=0.067 < 0.1 on 2012-11-02
🟢 ENTRY EXECUTION(close): bought 24 shares at $687.92 on 2012-11-02
🔴 EXIT: IBS=0.947, ibs_signal, P&L=$-472.99, Duration=17 days
🟢 ENTRY SIGNAL: IBS=0.097 < 0.1 on 2012-12-03
🟢 ENTRY EXECUTION(close): bought 23 shares at $695.25 on 2012-12-03
🔴 EXIT: IBS=0.751, ibs_signal, P&L=$253.92, Duration=24 days
🟢 ENTRY SIGNAL: IBS=0.000 < 0.1 on 2012-12-28
🟢 ENTRY EXECUTION(close): bought 23 shares at $700.01 on 2012-12-28
🔴 EXIT: IBS=0.781, ibs_signal, P&L=$169.51, Duration=3 days
🟢 ENTRY SIGNAL: IBS=0.045 < 0.1 on 2013-01-14
🟢 ENTRY EXECUTION(close): bought 23 shares at $723.25 on 2013-01-14
🔴 EXIT: IBS=0.816, ibs_signal, P&L=$703.34, Duration=10 days
🟢 ENTRY SIGNAL: IBS=0.061 < 0.1 on 2013-02-04
🟢 ENTRY EXECUTION(close): bought 23 shares at $759.02 on 2013-02-04
🔴 EXIT: IBS=0.807, ibs_signal, P&L=$256.45, Duration=2 days
🟢 ENTRY SIGNAL: IBS=0.039 < 0.1 on 2013-02-20
🟢 ENTRY EXECUTION(close): bought 22 shares at $792.46 on 2013-02-20
🔴 EXIT: IBS=0.793, ibs_signal, P&L=$159.50, Duration=2 days
🟢 ENTRY SIGNAL: IBS=0.016 < 0.1 on 2013-02-25
🟢 ENTRY EXECUTION(close): bought 22 shares at $790.77 on 2013-02-25
🔴 EXIT: IBS=0.914, ibs_signal, P&L=$339.24, Duration=4 days
🟢 ENTRY SIGNAL: IBS=0.074 < 0.1 on 2013-03-28
🟢 ENTRY EXECUTION(close): bought 22 shares at $794.19 on 2013-03-28
🔴 EXIT: IBS=0.882, ibs_signal, P&L=$154.04, Duration=4 days
🟢 ENTRY SIGNAL: IBS=0.074 < 0.1 on 2013-05-28
🟢 ENTRY EXECUTION(close): bought 20 shares at $881.27 on 2013-05-28
🔴 EXIT: IBS=0.912, ibs_signal, P&L=$-332.60, Duration=9 days
🟢 ENTRY SIGNAL: IBS=0.039 < 0.1 on 2013-06-11
🟢 ENTRY EXECUTION(close): bought 20 shares at $879.81 on 2013-06-11
🔴 EXIT: IBS=0.812, ibs_signal, P&L=$-56.20, Duration=2 days
🟢 ENTRY SIGNAL: IBS=0.086 < 0.1 on 2013-06-14
🟢 ENTRY EXECUTION(close): bought 20 shares at $875.04 on 2013-06-14
🔴 EXIT: IBS=0.970, ibs_signal, P&L=$511.60, Duration=4 days
🟢 ENTRY SIGNAL: IBS=0.081 < 0.1 on 2013-06-20
🟢 ENTRY EXECUTION(close): bought 20 shares at $884.74 on 2013-06-20
🔴 EXIT: IBS=0.808, ibs_signal, P&L=$-87.40, Duration=8 days
🟢 ENTRY SIGNAL: IBS=0.099 < 0.1 on 2013-07-29
🟢 ENTRY EXECUTION(close): bought 20 shares at $882.27 on 2013-07-29
🔴 EXIT: IBS=0.965, ibs_signal, P&L=$439.00, Duration=3 days
🟢 ENTRY SIGNAL: IBS=0.060 < 0.1 on 2013-08-06
🟢 ENTRY EXECUTION(close): bought 21 shares at $896.57 on 2013-08-06
🔴 EXIT: IBS=0.769, ibs_signal, P&L=$-480.06, Duration=16 days
🟢 ENTRY SIGNAL: IBS=0.056 < 0.1 on 2013-08-23
🟢 ENTRY EXECUTION(close): bought 21 shares at $870.21 on 2013-08-23
🔴 EXIT: IBS=0.898, ibs_signal, P&L=$29.90, Duration=12 days
🟢 ENTRY SIGNAL: IBS=0.079 < 0.1 on 2013-09-23
🟢 ENTRY EXECUTION(close): bought 20 shares at $886.50 on 2013-09-23
🔴 EXIT: IBS=0.818, ibs_signal, P&L=$-202.20, Duration=4 days
🟢 ENTRY SIGNAL: IBS=0.048 < 0.1 on 2013-10-24
🟢 ENTRY EXECUTION(close): bought 17 shares at $1025.55 on 2013-10-24
🔴 EXIT: IBS=0.970, ibs_signal, P&L=$181.73, Duration=5 days
🟢 ENTRY SIGNAL: IBS=0.019 < 0.1 on 2013-11-07
🟢 ENTRY EXECUTION(close): bought 18 shares at $1007.95 on 2013-11-07
🔴 EXIT: IBS=0.753, ibs_signal, P&L=$145.44, Duration=1 days
🟢 ENTRY SIGNAL: IBS=0.020 < 0.1 on 2013-11-29
🟢 ENTRY EXECUTION(close): bought 17 shares at $1059.59 on 2013-11-29
🔴 EXIT: IBS=0.987, ibs_signal, P&L=$174.76, Duration=7 days
🟢 ENTRY SIGNAL: IBS=0.069 < 0.1 on 2013-12-12
🟢 ENTRY EXECUTION(close): bought 17 shares at $1069.96 on 2013-12-12
🔴 EXIT: IBS=0.865, ibs_signal, P&L=$51.34, Duration=4 days
🟢 ENTRY SIGNAL: IBS=0.038 < 0.1 on 2013-12-30
🟢 ENTRY EXECUTION(close): bought 16 shares at $1109.46 on 2013-12-30
🔴 EXIT: IBS=0.980, ibs_signal, P&L=$180.00, Duration=1 days
🟢 ENTRY SIGNAL: IBS=0.006 < 0.1 on 2014-01-03
🟢 ENTRY EXECUTION(close): bought 17 shares at $1105.00 on 2014-01-03
🔴 EXIT: IBS=0.876, ibs_signal, P&L=$209.44, Duration=3 days
🟢 ENTRY SIGNAL: IBS=0.027 < 0.1 on 2014-01-24
🟢 ENTRY EXECUTION(close): bought 17 shares at $1123.83 on 2014-01-24
🔴 EXIT: IBS=0.827, ibs_signal, P&L=$-13.94, Duration=4 days
🟢 ENTRY SIGNAL: IBS=0.029 < 0.1 on 2014-02-03
🟢 ENTRY EXECUTION(close): bought 16 shares at $1133.43 on 2014-02-03
🔴 EXIT: IBS=0.984, ibs_signal, P&L=$424.48, Duration=3 days
🟢 ENTRY SIGNAL: IBS=0.015 < 0.1 on 2014-03-14
🟢 ENTRY EXECUTION(close): bought 16 shares at $1172.80 on 2014-03-14
🔴 EXIT: IBS=0.985, ibs_signal, P&L=$615.36, Duration=4 days
🟢 ENTRY SIGNAL: IBS=0.022 < 0.1 on 2014-03-21
🟢 ENTRY EXECUTION(close): bought 17 shares at $1183.04 on 2014-03-21
🔴 EXIT: IBS=0.866, ibs_signal, P&L=$-818.55, Duration=11 days
🟢 ENTRY SIGNAL: IBS=0.021 < 0.1 on 2014-04-04
🟢 ENTRY EXECUTION(close): bought 35 shares at $545.25 on 2014-04-04
🔴 EXIT: IBS=0.844, ibs_signal, P&L=$429.10, Duration=4 days
🟢 ENTRY SIGNAL: IBS=0.052 < 0.1 on 2014-04-10
🟢 ENTRY EXECUTION(close): bought 36 shares at $546.69 on 2014-04-10
🔴 EXIT: IBS=0.812, ibs_signal, P&L=$72.36, Duration=5 days
🟢 ENTRY SIGNAL: IBS=0.053 < 0.1 on 2014-04-25
🟢 ENTRY EXECUTION(close): bought 37 shares at $523.10 on 2014-04-25
🔴 EXIT: IBS=0.804, ibs_signal, P&L=$-4.44, Duration=3 days
🟢 ENTRY SIGNAL: IBS=0.066 < 0.1 on 2014-05-02
🟢 ENTRY EXECUTION(close): bought 37 shares at $533.87 on 2014-05-02
🔴 EXIT: IBS=0.952, ibs_signal, P&L=$54.02, Duration=3 days
🟢 ENTRY SIGNAL: IBS=0.025 < 0.1 on 2014-05-06
🟢 ENTRY EXECUTION(close): bought 38 shares at $522.57 on 2014-05-06
🔴 EXIT: IBS=0.944, ibs_signal, P&L=$153.90, Duration=3 days
🟢 ENTRY SIGNAL: IBS=0.065 < 0.1 on 2014-05-28
🟢 ENTRY EXECUTION(close): bought 35 shares at $570.45 on 2014-05-28
🔴 EXIT: IBS=0.863, ibs_signal, P&L=$42.00, Duration=2 days
🟢 ENTRY SIGNAL: IBS=0.055 < 0.1 on 2014-07-16
🟢 ENTRY EXECUTION(close): bought 34 shares at $590.62 on 2014-07-16
🔴 EXIT: IBS=0.899, ibs_signal, P&L=$492.66, Duration=2 days
🟢 ENTRY SIGNAL: IBS=0.038 < 0.1 on 2014-09-25
🟢 ENTRY EXECUTION(close): bought 35 shares at $585.25 on 2014-09-25
🔴 EXIT: IBS=0.806, ibs_signal, P&L=$89.60, Duration=4 days
🟢 ENTRY SIGNAL: IBS=0.000 < 0.1 on 2014-10-07
🟢 ENTRY EXECUTION(close): bought 36 shares at $574.10 on 2014-10-07
🔴 EXIT: IBS=0.944, ibs_signal, P&L=$347.04, Duration=1 days
🟢 ENTRY SIGNAL: IBS=0.009 < 0.1 on 2014-10-10
🟢 ENTRY EXECUTION(close): bought 37 shares at $555.19 on 2014-10-10
🔴 EXIT: IBS=0.794, ibs_signal, P&L=$-535.02, Duration=5 days
🟢 ENTRY SIGNAL: IBS=0.079 < 0.1 on 2014-11-18
🟢 ENTRY EXECUTION(close): bought 37 shares at $544.51 on 2014-11-18
🔴 EXIT: IBS=0.887, ibs_signal, P&L=$99.53, Duration=1 days
🟢 ENTRY SIGNAL: IBS=0.075 < 0.1 on 2014-12-05
🟢 ENTRY EXECUTION(close): bought 39 shares at $528.08 on 2014-12-05
🔴 EXIT: IBS=0.959, ibs_signal, P&L=$313.17, Duration=4 days
🟢 ENTRY SIGNAL: IBS=0.046 < 0.1 on 2014-12-10
🟢 ENTRY EXECUTION(close): bought 39 shares at $528.04 on 2014-12-10
🔴 EXIT: IBS=0.832, ibs_signal, P&L=$-523.38, Duration=8 days
🟢 ENTRY SIGNAL: IBS=0.022 < 0.1 on 2014-12-29
🟢 ENTRY EXECUTION(close): bought 37 shares at $537.31 on 2014-12-29
🔴 EXIT: IBS=0.953, ibs_signal, P&L=$-1124.80, Duration=10 days
🟢 ENTRY SIGNAL: IBS=0.091 < 0.1 on 2015-01-20
🟢 ENTRY EXECUTION(close): bought 37 shares at $509.94 on 2015-01-20
🔴 EXIT: IBS=0.881, ibs_signal, P&L=$386.65, Duration=1 days
🟢 ENTRY SIGNAL: IBS=0.028 < 0.1 on 2015-01-27
🟢 ENTRY EXECUTION(close): bought 37 shares at $521.19 on 2015-01-27
🔴 EXIT: IBS=0.833, ibs_signal, P&L=$-294.52, Duration=2 days
🟢 ENTRY SIGNAL: IBS=0.091 < 0.1 on 2015-02-04
🟢 ENTRY EXECUTION(close): bought 36 shares at $526.10 on 2015-02-04
🔴 EXIT: IBS=0.830, ibs_signal, P&L=$134.28, Duration=1 days
🟢 ENTRY SIGNAL: IBS=0.078 < 0.1 on 2015-03-06
🟢 ENTRY EXECUTION(close): bought 34 shares at $572.90 on 2015-03-06
🔴 EXIT: IBS=0.789, ibs_signal, P&L=$40.80, Duration=3 days
🟢 ENTRY SIGNAL: IBS=0.003 < 0.1 on 2015-03-10
🟢 ENTRY EXECUTION(close): bought 34 shares at $559.85 on 2015-03-10
🔴 EXIT: IBS=0.894, ibs_signal, P&L=$44.88, Duration=2 days
🟢 ENTRY SIGNAL: IBS=0.000 < 0.1 on 2015-03-25
🟢 ENTRY EXECUTION(close): bought 34 shares at $567.00 on 2015-03-25
🔴 EXIT: IBS=0.809, ibs_signal, P&L=$-199.41, Duration=5 days
🟢 ENTRY SIGNAL: IBS=0.004 < 0.1 on 2015-03-31
🟢 ENTRY EXECUTION(close): bought 34 shares at $554.70 on 2015-03-31
🔴 EXIT: IBS=0.838, ibs_signal, P&L=$-365.50, Duration=6 days
🟢 ENTRY SIGNAL: IBS=0.066 < 0.1 on 2015-05-05
🟢 ENTRY EXECUTION(close): bought 35 shares at $543.04 on 2015-05-05
🔴 EXIT: IBS=0.932, ibs_signal, P&L=$215.43, Duration=9 days
🟢 ENTRY SIGNAL: IBS=0.031 < 0.1 on 2015-05-29
🟢 ENTRY EXECUTION(close): bought 35 shares at $545.32 on 2015-05-29
🔴 EXIT: IBS=0.805, ibs_signal, P&L=$136.15, Duration=3 days
🟢 ENTRY SIGNAL: IBS=0.077 < 0.1 on 2015-06-08
🟢 ENTRY EXECUTION(close): bought 35 shares at $543.48 on 2015-06-08
🔴 EXIT: IBS=0.775, ibs_signal, P&L=$319.20, Duration=2 days
🟢 ENTRY SIGNAL: IBS=0.087 < 0.1 on 2015-06-25
🟢 ENTRY EXECUTION(close): bought 35 shares at $557.95 on 2015-06-25
🔴 EXIT: IBS=0.851, ibs_signal, P&L=$-371.35, Duration=7 days
🟢 ENTRY SIGNAL: IBS=0.071 < 0.1 on 2015-07-08
🟢 ENTRY EXECUTION(close): bought 35 shares at $541.70 on 2015-07-08
🔴 EXIT: IBS=0.921, ibs_signal, P&L=$1051.05, Duration=5 days
🟢 ENTRY SIGNAL: IBS=0.065 < 0.1 on 2015-07-24
🟢 ENTRY EXECUTION(close): bought 31 shares at $654.77 on 2015-07-24
🔴 EXIT: IBS=0.819, ibs_signal, P&L=$206.46, Duration=5 days
🟢 ENTRY SIGNAL: IBS=0.038 < 0.1 on 2015-07-31
🟢 ENTRY EXECUTION(close): bought 31 shares at $657.50 on 2015-07-31
🔴 EXIT: IBS=0.784, ibs_signal, P&L=$223.82, Duration=3 days
🟢 ENTRY SIGNAL: IBS=0.031 < 0.1 on 2015-08-21
🟢 ENTRY EXECUTION(close): bought 32 shares at $644.03 on 2015-08-21
🔴 EXIT: IBS=0.915, ibs_signal, P&L=$502.72, Duration=5 days
🟢 ENTRY SIGNAL: IBS=0.081 < 0.1 on 2015-08-31
🟢 ENTRY EXECUTION(close): bought 32 shares at $647.82 on 2015-08-31
🔴 EXIT: IBS=0.990, ibs_signal, P&L=$-93.12, Duration=2 days
🟢 ENTRY SIGNAL: IBS=0.091 < 0.1 on 2015-09-18
🟢 ENTRY EXECUTION(close): bought 32 shares at $660.92 on 2015-09-18
🔴 EXIT: IBS=0.816, ibs_signal, P&L=$193.92, Duration=3 days
🟢 ENTRY SIGNAL: IBS=0.026 < 0.1 on 2015-09-25
🟢 ENTRY EXECUTION(close): bought 33 shares at $640.15 on 2015-09-25
🔴 EXIT: IBS=0.792, ibs_signal, P&L=$-97.35, Duration=5 days
🟢 ENTRY SIGNAL: IBS=0.077 < 0.1 on 2015-10-21
🟢 ENTRY EXECUTION(close): bought 31 shares at $671.80 on 2015-10-21
🔴 EXIT: IBS=0.955, ibs_signal, P&L=$2018.72, Duration=7 days
🟢 ENTRY SIGNAL: IBS=0.088 < 0.1 on 2015-10-30
🟢 ENTRY EXECUTION(close): bought 31 shares at $737.39 on 2015-10-30
🔴 EXIT: IBS=0.974, ibs_signal, P&L=$320.85, Duration=3 days
🟢 ENTRY SIGNAL: IBS=0.067 < 0.1 on 2015-11-12
🟢 ENTRY EXECUTION(close): bought 31 shares at $756.53 on 2015-11-12
🔴 EXIT: IBS=0.926, ibs_signal, P&L=$-189.41, Duration=4 days
🟢 ENTRY SIGNAL: IBS=0.085 < 0.1 on 2015-12-02
🟢 ENTRY EXECUTION(close): bought 30 shares at $777.85 on 2015-12-02
🔴 EXIT: IBS=0.810, ibs_signal, P&L=$40.80, Duration=2 days
🟢 ENTRY SIGNAL: IBS=0.043 < 0.1 on 2015-12-17
🟢 ENTRY EXECUTION(close): bought 30 shares at $769.83 on 2015-12-17
🔴 EXIT: IBS=0.762, ibs_signal, P&L=$-39.60, Duration=6 days
🟢 ENTRY SIGNAL: IBS=0.063 < 0.1 on 2015-12-31
🟢 ENTRY EXECUTION(close): bought 30 shares at $778.01 on 2015-12-31
🔴 EXIT: IBS=0.812, ibs_signal, P&L=$-557.10, Duration=4 days
🟢 ENTRY SIGNAL: IBS=0.094 < 0.1 on 2016-01-08
🟢 ENTRY EXECUTION(close): bought 31 shares at $730.91 on 2016-01-08
🔴 EXIT: IBS=0.870, ibs_signal, P&L=$66.96, Duration=3 days
🟢 ENTRY SIGNAL: IBS=0.077 < 0.1 on 2016-01-13
🟢 ENTRY EXECUTION(close): bought 31 shares at $719.57 on 2016-01-13
🔴 EXIT: IBS=0.756, ibs_signal, P&L=$366.42, Duration=1 days
🟢 ENTRY SIGNAL: IBS=0.056 < 0.1 on 2016-01-25
🟢 ENTRY EXECUTION(close): bought 31 shares at $733.62 on 2016-01-25
🔴 EXIT: IBS=0.861, ibs_signal, P&L=$455.08, Duration=3 days
🟢 ENTRY SIGNAL: IBS=0.010 < 0.1 on 2016-02-02
🟢 ENTRY EXECUTION(close): bought 30 shares at $780.91 on 2016-02-02
🔴 EXIT: IBS=0.984, ibs_signal, P&L=$-2302.50, Duration=6 days
🟢 ENTRY SIGNAL: IBS=0.082 < 0.1 on 2016-02-10
🟢 ENTRY EXECUTION(close): bought 30 shares at $706.85 on 2016-02-10
🔴 EXIT: IBS=0.896, ibs_signal, P&L=$753.60, Duration=7 days
🟢 ENTRY SIGNAL: IBS=0.096 < 0.1 on 2016-02-18
🟢 ENTRY EXECUTION(close): bought 30 shares at $717.51 on 2016-02-18
🔴 EXIT: IBS=0.824, ibs_signal, P&L=$138.00, Duration=1 days
🟢 ENTRY SIGNAL: IBS=0.028 < 0.1 on 2016-02-29
🟢 ENTRY EXECUTION(close): bought 31 shares at $717.22 on 2016-02-29
🔴 EXIT: IBS=0.993, ibs_signal, P&L=$773.45, Duration=1 days
🟢 ENTRY SIGNAL: IBS=0.078 < 0.1 on 2016-03-30
🟢 ENTRY EXECUTION(close): bought 30 shares at $768.34 on 2016-03-30
🔴 EXIT: IBS=0.975, ibs_signal, P&L=$39.90, Duration=2 days
🟢 ENTRY SIGNAL: IBS=0.020 < 0.1 on 2016-04-11
🟢 ENTRY EXECUTION(close): bought 30 shares at $757.54 on 2016-04-11
🔴 EXIT: IBS=0.955, ibs_signal, P&L=$203.40, Duration=1 days
🟢 ENTRY SIGNAL: IBS=0.071 < 0.1 on 2016-04-28
🟢 ENTRY EXECUTION(close): bought 33 shares at $705.06 on 2016-04-28
🔴 EXIT: IBS=0.890, ibs_signal, P&L=$308.55, Duration=4 days
🟢 ENTRY SIGNAL: IBS=0.047 < 0.1 on 2016-05-23
🟢 ENTRY EXECUTION(close): bought 33 shares at $717.25 on 2016-05-23
🔴 EXIT: IBS=0.920, ibs_signal, P&L=$520.74, Duration=1 days
🟢 ENTRY SIGNAL: IBS=0.049 < 0.1 on 2016-06-07
🟢 ENTRY EXECUTION(close): bought 33 shares at $731.09 on 2016-06-07
🔴 EXIT: IBS=0.891, ibs_signal, P&L=$390.72, Duration=1 days
🟢 ENTRY SIGNAL: IBS=0.069 < 0.1 on 2016-06-20
🟢 ENTRY EXECUTION(close): bought 34 shares at $706.13 on 2016-06-20
🔴 EXIT: IBS=0.999, ibs_signal, P&L=$297.16, Duration=3 days
🟢 ENTRY SIGNAL: IBS=0.014 < 0.1 on 2016-06-24
🟢 ENTRY EXECUTION(close): bought 36 shares at $685.20 on 2016-06-24
🔴 EXIT: IBS=0.795, ibs_signal, P&L=$-146.16, Duration=3 days
🟢 ENTRY SIGNAL: IBS=0.071 < 0.1 on 2016-07-13
🟢 ENTRY EXECUTION(close): bought 33 shares at $729.48 on 2016-07-13
🔴 EXIT: IBS=0.939, ibs_signal, P&L=$208.56, Duration=1 days
🟢 ENTRY SIGNAL: IBS=0.096 < 0.1 on 2016-07-29
🟢 ENTRY EXECUTION(close): bought 31 shares at $791.34 on 2016-07-29
🔴 EXIT: IBS=0.905, ibs_signal, P&L=$234.98, Duration=5 days
🟢 ENTRY SIGNAL: IBS=0.031 < 0.1 on 2016-09-09
🟢 ENTRY EXECUTION(close): bought 31 shares at $788.48 on 2016-09-09
🔴 EXIT: IBS=0.919, ibs_signal, P&L=$320.54, Duration=3 days
🟢 ENTRY SIGNAL: IBS=0.067 < 0.1 on 2016-10-05
🟢 ENTRY EXECUTION(close): bought 31 shares at $801.23 on 2016-10-05
🔴 EXIT: IBS=0.788, ibs_signal, P&L=$401.14, Duration=5 days
🟢 ENTRY SIGNAL: IBS=0.039 < 0.1 on 2016-11-18
🟢 ENTRY EXECUTION(close): bought 33 shares at $775.97 on 2016-11-18
🔴 EXIT: IBS=0.829, ibs_signal, P&L=$291.39, Duration=3 days
🟢 ENTRY SIGNAL: IBS=0.045 < 0.1 on 2017-01-19
🟢 ENTRY EXECUTION(close): bought 31 shares at $824.37 on 2017-01-19
🔴 EXIT: IBS=0.769, ibs_signal, P&L=$117.80, Duration=1 days
🟢 ENTRY SIGNAL: IBS=0.095 < 0.1 on 2017-03-21
🟢 ENTRY EXECUTION(close): bought 30 shares at $850.14 on 2017-03-21
🔴 EXIT: IBS=0.765, ibs_signal, P&L=$-314.70, Duration=2 days
🟢 ENTRY SIGNAL: IBS=0.063 < 0.1 on 2017-06-20
🟢 ENTRY EXECUTION(close): bought 26 shares at $968.99 on 2017-06-20
🔴 EXIT: IBS=0.897, ibs_signal, P&L=$249.60, Duration=1 days
🟢 ENTRY SIGNAL: IBS=0.074 < 0.1 on 2017-06-26
🟢 ENTRY EXECUTION(close): bought 27 shares at $972.09 on 2017-06-26
🔴 EXIT: IBS=0.918, ibs_signal, P&L=$-299.16, Duration=2 days
🟢 ENTRY SIGNAL: IBS=0.005 < 0.1 on 2017-06-30
🟢 ENTRY EXECUTION(close): bought 27 shares at $929.68 on 2017-06-30
🔴 EXIT: IBS=0.772, ibs_signal, P&L=$69.66, Duration=5 days
🟢 ENTRY SIGNAL: IBS=0.081 < 0.1 on 2017-08-03
🟢 ENTRY EXECUTION(close): bought 27 shares at $940.30 on 2017-08-03
🔴 EXIT: IBS=0.774, ibs_signal, P&L=$148.23, Duration=1 days
🟢 ENTRY SIGNAL: IBS=0.001 < 0.1 on 2017-08-17
🟢 ENTRY EXECUTION(close): bought 28 shares at $927.66 on 2017-08-17
🔴 EXIT: IBS=0.901, ibs_signal, P&L=$356.72, Duration=5 days
🟢 ENTRY SIGNAL: IBS=0.038 < 0.1 on 2017-08-25
🟢 ENTRY EXECUTION(close): bought 28 shares at $930.50 on 2017-08-25
🔴 EXIT: IBS=0.871, ibs_signal, P&L=$147.00, Duration=4 days
🟢 ENTRY SIGNAL: IBS=0.090 < 0.1 on 2017-10-09
🟢 ENTRY EXECUTION(close): bought 26 shares at $992.31 on 2017-10-09
🔴 EXIT: IBS=0.903, ibs_signal, P&L=$346.84, Duration=2 days
🟢 ENTRY SIGNAL: IBS=0.059 < 0.1 on 2017-10-26
🟢 ENTRY EXECUTION(close): bought 27 shares at $991.42 on 2017-10-26
🔴 EXIT: IBS=0.849, ibs_signal, P&L=$1391.85, Duration=7 days
🟢 ENTRY SIGNAL: IBS=0.064 < 0.1 on 2017-11-06
🟢 ENTRY EXECUTION(close): bought 27 shares at $1042.68 on 2017-11-06
🔴 EXIT: IBS=0.902, ibs_signal, P&L=$262.17, Duration=1 days
🟢 ENTRY SIGNAL: IBS=0.097 < 0.1 on 2018-02-05
🟢 ENTRY EXECUTION(close): bought 27 shares at $1062.39 on 2018-02-05
🔴 EXIT: IBS=0.949, ibs_signal, P&L=$595.08, Duration=1 days
🟢 ENTRY SIGNAL: IBS=0.025 < 0.1 on 2018-02-07
🟢 ENTRY EXECUTION(close): bought 27 shares at $1055.41 on 2018-02-07
🔴 EXIT: IBS=0.900, ibs_signal, P&L=$-246.78, Duration=2 days
🟢 ENTRY SIGNAL: IBS=0.026 < 0.1 on 2018-02-27
🟢 ENTRY EXECUTION(close): bought 25 shares at $1117.51 on 2018-02-27
🔴 EXIT: IBS=0.925, ibs_signal, P&L=$-834.25, Duration=3 days
🟢 ENTRY SIGNAL: IBS=0.040 < 0.1 on 2018-03-23
🟢 ENTRY EXECUTION(close): bought 27 shares at $1026.55 on 2018-03-23
🔴 EXIT: IBS=0.894, ibs_signal, P&L=$743.58, Duration=3 days
🟢 ENTRY SIGNAL: IBS=0.035 < 0.1 on 2018-04-09
🟢 ENTRY EXECUTION(close): bought 28 shares at $1020.09 on 2018-04-09
🔴 EXIT: IBS=0.817, ibs_signal, P&L=$459.48, Duration=1 days
🟢 ENTRY SIGNAL: IBS=0.014 < 0.1 on 2018-04-30
🟢 ENTRY EXECUTION(close): bought 28 shares at $1018.58 on 2018-04-30
🔴 EXIT: IBS=0.969, ibs_signal, P&L=$620.76, Duration=1 days
🟢 ENTRY SIGNAL: IBS=0.069 < 0.1 on 2018-06-13
🟢 ENTRY EXECUTION(close): bought 26 shares at $1144.23 on 2018-06-13
🔴 EXIT: IBS=0.983, ibs_signal, P&L=$1023.10, Duration=5 days
🟢 ENTRY SIGNAL: IBS=0.008 < 0.1 on 2018-06-27
🟢 ENTRY EXECUTION(close): bought 27 shares at $1116.94 on 2018-06-27
🔴 EXIT: IBS=0.976, ibs_signal, P&L=$679.59, Duration=5 days
🟢 ENTRY SIGNAL: IBS=0.052 < 0.1 on 2018-07-03
🟢 ENTRY EXECUTION(close): bought 28 shares at $1116.28 on 2018-07-03
🔴 EXIT: IBS=0.864, ibs_signal, P&L=$700.28, Duration=2 days
🟢 ENTRY SIGNAL: IBS=0.073 < 0.1 on 2018-07-19
🟢 ENTRY EXECUTION(close): bought 27 shares at $1199.10 on 2018-07-19
🔴 EXIT: IBS=0.822, ibs_signal, P&L=$321.30, Duration=4 days
🟢 ENTRY SIGNAL: IBS=0.085 < 0.1 on 2018-08-13
🟢 ENTRY EXECUTION(close): bought 26 shares at $1248.64 on 2018-08-13
🔴 EXIT: IBS=0.884, ibs_signal, P&L=$247.00, Duration=1 days
🟢 ENTRY SIGNAL: IBS=0.059 < 0.1 on 2018-09-17
🟢 ENTRY EXECUTION(close): bought 28 shares at $1159.83 on 2018-09-17
🔴 EXIT: IBS=0.887, ibs_signal, P&L=$404.32, Duration=2 days
🟢 ENTRY SIGNAL: IBS=0.002 < 0.1 on 2018-09-21
🟢 ENTRY EXECUTION(close): bought 28 shares at $1172.12 on 2018-09-21
🔴 EXIT: IBS=0.833, ibs_signal, P&L=$208.32, Duration=3 days
🟢 ENTRY SIGNAL: IBS=0.058 < 0.1 on 2018-10-09
🟢 ENTRY EXECUTION(close): bought 29 shares at $1145.17 on 2018-10-09
🔴 EXIT: IBS=0.828, ibs_signal, P&L=$-714.27, Duration=3 days
🟢 ENTRY SIGNAL: IBS=0.033 < 0.1 on 2018-10-24
🟢 ENTRY EXECUTION(close): bought 31 shares at $1057.12 on 2018-10-24
🔴 EXIT: IBS=0.962, ibs_signal, P&L=$-235.91, Duration=6 days
🟢 ENTRY SIGNAL: IBS=0.032 < 0.1 on 2018-12-04
🟢 ENTRY EXECUTION(close): bought 30 shares at $1062.47 on 2018-12-04
🔴 EXIT: IBS=0.964, ibs_signal, P&L=$468.30, Duration=2 days
🟢 ENTRY SIGNAL: IBS=0.089 < 0.1 on 2018-12-12
🟢 ENTRY EXECUTION(close): bought 30 shares at $1073.73 on 2018-12-12
🔴 EXIT: IBS=0.989, ibs_signal, P&L=$-776.40, Duration=14 days
🟢 ENTRY SIGNAL: IBS=0.071 < 0.1 on 2019-01-03
🟢 ENTRY EXECUTION(close): bought 31 shares at $1025.47 on 2019-01-03
🔴 EXIT: IBS=0.955, ibs_signal, P&L=$1630.60, Duration=1 days
🟢 ENTRY SIGNAL: IBS=0.097 < 0.1 on 2019-03-14
🟢 ENTRY EXECUTION(close): bought 28 shares at $1192.53 on 2019-03-14
🔴 EXIT: IBS=0.932, ibs_signal, P&L=$278.04, Duration=5 days
🟢 ENTRY SIGNAL: IBS=0.060 < 0.1 on 2019-03-22
🟢 ENTRY EXECUTION(close): bought 28 shares at $1207.65 on 2019-03-22
🔴 EXIT: IBS=0.912, ibs_signal, P&L=$-242.76, Duration=10 days
🟢 ENTRY SIGNAL: IBS=0.017 < 0.1 on 2019-04-24
🟢 ENTRY EXECUTION(close): bought 27 shares at $1260.05 on 2019-04-24
🔴 EXIT: IBS=0.893, ibs_signal, P&L=$468.99, Duration=2 days
🟢 ENTRY SIGNAL: IBS=0.059 < 0.1 on 2019-05-01
🟢 ENTRY EXECUTION(close): bought 29 shares at $1173.32 on 2019-05-01
🔴 EXIT: IBS=0.896, ibs_signal, P&L=$470.67, Duration=2 days
🟢 ENTRY SIGNAL: IBS=0.062 < 0.1 on 2019-05-14
🟢 ENTRY EXECUTION(close): bought 31 shares at $1124.86 on 2019-05-14
🔴 EXIT: IBS=0.868, ibs_signal, P&L=$1424.14, Duration=1 days
🟢 ENTRY SIGNAL: IBS=0.050 < 0.1 on 2019-05-28
🟢 ENTRY EXECUTION(close): bought 31 shares at $1139.56 on 2019-05-28
🔴 EXIT: IBS=0.824, ibs_signal, P&L=$-2637.17, Duration=7 days
🟢 ENTRY SIGNAL: IBS=0.060 < 0.1 on 2019-06-11
🟢 ENTRY EXECUTION(close): bought 31 shares at $1081.04 on 2019-06-11
🔴 EXIT: IBS=0.929, ibs_signal, P&L=$1374.23, Duration=10 days
🟢 ENTRY SIGNAL: IBS=0.096 < 0.1 on 2019-06-25
🟢 ENTRY EXECUTION(close): bought 32 shares at $1087.58 on 2019-06-25
🔴 EXIT: IBS=1.000, ibs_signal, P&L=$-152.96, Duration=3 days
🟢 ENTRY SIGNAL: IBS=0.010 < 0.1 on 2019-07-17
🟢 ENTRY EXECUTION(close): bought 30 shares at $1146.74 on 2019-07-17
🔴 EXIT: IBS=0.939, ibs_signal, P&L=$15.00, Duration=1 days
🟢 ENTRY SIGNAL: IBS=0.015 < 0.1 on 2019-07-19
🟢 ENTRY EXECUTION(close): bought 30 shares at $1131.55 on 2019-07-19
🔴 EXIT: IBS=0.945, ibs_signal, P&L=$229.80, Duration=3 days
🟢 ENTRY SIGNAL: IBS=0.032 < 0.1 on 2019-08-20
🟢 ENTRY EXECUTION(close): bought 29 shares at $1183.53 on 2019-08-20
🔴 EXIT: IBS=0.960, ibs_signal, P&L=$-358.15, Duration=6 days
🟢 ENTRY SIGNAL: IBS=0.016 < 0.1 on 2019-10-01
🟢 ENTRY EXECUTION(close): bought 28 shares at $1206.00 on 2019-10-01
🔴 EXIT: IBS=0.944, ibs_signal, P&L=$-463.96, Duration=2 days
🟢 ENTRY SIGNAL: IBS=0.037 < 0.1 on 2019-10-08
🟢 ENTRY EXECUTION(close): bought 28 shares at $1190.13 on 2019-10-08
🔴 EXIT: IBS=0.813, ibs_signal, P&L=$1459.08, Duration=7 days
🟢 ENTRY SIGNAL: IBS=0.055 < 0.1 on 2019-11-19
🟢 ENTRY EXECUTION(close): bought 27 shares at $1312.59 on 2019-11-19
🔴 EXIT: IBS=0.899, ibs_signal, P&L=$11.07, Duration=7 days
🟢 ENTRY SIGNAL: IBS=0.037 < 0.1 on 2019-12-20
🟢 ENTRY EXECUTION(close): bought 26 shares at $1351.22 on 2019-12-20
🔴 EXIT: IBS=0.959, ibs_signal, P&L=$292.50, Duration=6 days
🟢 ENTRY SIGNAL: IBS=0.098 < 0.1 on 2019-12-30
🟢 ENTRY EXECUTION(close): bought 26 shares at $1339.71 on 2019-12-30
🔴 EXIT: IBS=0.851, ibs_signal, P&L=$-8.32, Duration=1 days
🟢 ENTRY SIGNAL: IBS=0.068 < 0.1 on 2020-01-22
🟢 ENTRY EXECUTION(close): bought 24 shares at $1483.87 on 2020-01-22
🔴 EXIT: IBS=0.824, ibs_signal, P&L=$-800.88, Duration=6 days
🟢 ENTRY SIGNAL: IBS=0.013 < 0.1 on 2020-02-27
🟢 ENTRY EXECUTION(close): bought 26 shares at $1314.95 on 2020-02-27
🔴 EXIT: IBS=0.957, ibs_signal, P&L=$631.80, Duration=1 days
🟢 ENTRY SIGNAL: IBS=0.038 < 0.1 on 2020-03-12
🟢 ENTRY EXECUTION(close): bought 32 shares at $1111.55 on 2020-03-12
🔴 EXIT: IBS=0.999, ibs_signal, P&L=$3287.04, Duration=1 days
🟢 ENTRY SIGNAL: IBS=0.076 < 0.1 on 2020-03-16
🟢 ENTRY EXECUTION(close): bought 36 shares at $1073.00 on 2020-03-16
🔴 EXIT: IBS=0.897, ibs_signal, P&L=$1622.16, Duration=1 days
🟢 ENTRY SIGNAL: IBS=0.080 < 0.1 on 2020-03-20
🟢 ENTRY EXECUTION(close): bought 38 shares at $1068.21 on 2020-03-20
🔴 EXIT: IBS=0.780, ibs_signal, P&L=$-535.04, Duration=3 days
🟢 ENTRY SIGNAL: IBS=0.041 < 0.1 on 2020-04-28
🟢 ENTRY EXECUTION(close): bought 32 shares at $1232.59 on 2020-04-28
🔴 EXIT: IBS=0.884, ibs_signal, P&L=$3651.52, Duration=2 days
🟢 ENTRY SIGNAL: IBS=0.013 < 0.1 on 2020-05-06
🟢 ENTRY EXECUTION(close): bought 32 shares at $1345.43 on 2020-05-06
🔴 EXIT: IBS=0.985, ibs_signal, P&L=$365.76, Duration=8 days
🟢 ENTRY SIGNAL: IBS=0.034 < 0.1 on 2020-05-19
🟢 ENTRY EXECUTION(close): bought 32 shares at $1374.40 on 2020-05-19
🔴 EXIT: IBS=0.883, ibs_signal, P&L=$1112.32, Duration=1 days
🟢 ENTRY SIGNAL: IBS=0.077 < 0.1 on 2020-05-26
🟢 ENTRY EXECUTION(close): bought 32 shares at $1421.37 on 2020-05-26
🔴 EXIT: IBS=0.835, ibs_signal, P&L=$-34.88, Duration=1 days
🟢 ENTRY SIGNAL: IBS=0.066 < 0.1 on 2020-06-11
🟢 ENTRY EXECUTION(close): bought 32 shares at $1401.90 on 2020-06-11
🔴 EXIT: IBS=0.887, ibs_signal, P&L=$602.88, Duration=4 days
🟢 ENTRY SIGNAL: IBS=0.059 < 0.1 on 2020-06-24
🟢 ENTRY EXECUTION(close): bought 32 shares at $1432.70 on 2020-06-24
🔴 EXIT: IBS=0.946, ibs_signal, P&L=$268.80, Duration=1 days
🟢 ENTRY SIGNAL: IBS=0.092 < 0.1 on 2020-06-26
🟢 ENTRY EXECUTION(close): bought 33 shares at $1362.54 on 2020-06-26
🔴 EXIT: IBS=0.982, ibs_signal, P&L=$1142.79, Duration=3 days
🟢 ENTRY SIGNAL: IBS=0.007 < 0.1 on 2020-07-07
🟢 ENTRY EXECUTION(close): bought 31 shares at $1489.92 on 2020-07-07
🔴 EXIT: IBS=0.943, ibs_signal, P&L=$1521.79, Duration=3 days
🟢 ENTRY SIGNAL: IBS=0.081 < 0.1 on 2020-07-13
🟢 ENTRY EXECUTION(close): bought 32 shares at $1512.23 on 2020-07-13
🔴 EXIT: IBS=0.947, ibs_signal, P&L=$276.16, Duration=1 days
🟢 ENTRY SIGNAL: IBS=0.096 < 0.1 on 2020-07-21
🟢 ENTRY EXECUTION(close): bought 31 shares at $1555.92 on 2020-07-21
🔴 EXIT: IBS=0.910, ibs_signal, P&L=$276.83, Duration=1 days
🟢 ENTRY SIGNAL: IBS=0.073 < 0.1 on 2020-08-11
🟢 ENTRY EXECUTION(close): bought 33 shares at $1480.54 on 2020-08-11
🔴 EXIT: IBS=0.834, ibs_signal, P&L=$881.10, Duration=1 days
🟢 ENTRY SIGNAL: IBS=0.072 < 0.1 on 2020-09-14
🟢 ENTRY EXECUTION(close): bought 33 shares at $1508.83 on 2020-09-14
🔴 EXIT: IBS=0.880, ibs_signal, P&L=$-1617.33, Duration=8 days
🟢 ENTRY SIGNAL: IBS=0.051 < 0.1 on 2020-10-28
🟢 ENTRY EXECUTION(close): bought 32 shares at $1510.80 on 2020-10-28
🔴 EXIT: IBS=0.882, ibs_signal, P&L=$8366.72, Duration=16 days
🟢 ENTRY SIGNAL: IBS=0.078 < 0.1 on 2020-11-18
🟢 ENTRY EXECUTION(close): bought 32 shares at $1740.64 on 2020-11-18
🔴 EXIT: IBS=0.853, ibs_signal, P&L=$573.76, Duration=1 days
🟢 ENTRY SIGNAL: IBS=0.041 < 0.1 on 2020-11-20
🟢 ENTRY EXECUTION(close): bought 33 shares at $1736.38 on 2020-11-20
🔴 EXIT: IBS=0.944, ibs_signal, P&L=$908.16, Duration=4 days
🟢 ENTRY SIGNAL: IBS=0.077 < 0.1 on 2020-12-14
🟢 ENTRY EXECUTION(close): bought 33 shares at $1752.26 on 2020-12-14
🔴 EXIT: IBS=0.869, ibs_signal, P&L=$291.06, Duration=1 days
🟢 ENTRY SIGNAL: IBS=0.079 < 0.1 on 2020-12-29
🟢 ENTRY EXECUTION(close): bought 33 shares at $1757.76 on 2020-12-29
🔴 EXIT: IBS=0.773, ibs_signal, P&L=$-168.96, Duration=2 days
🟢 ENTRY SIGNAL: IBS=0.090 < 0.1 on 2021-01-21
🟢 ENTRY EXECUTION(close): bought 31 shares at $1884.15 on 2021-01-21
🔴 EXIT: IBS=0.803, ibs_signal, P&L=$737.80, Duration=5 days
🟢 ENTRY SIGNAL: IBS=0.021 < 0.1 on 2021-03-08
🟢 ENTRY EXECUTION(close): bought 29 shares at $2007.50 on 2021-03-08
🔴 EXIT: IBS=0.804, ibs_signal, P&L=$2698.16, Duration=3 days
🟢 ENTRY SIGNAL: IBS=0.044 < 0.1 on 2021-03-18
🟢 ENTRY EXECUTION(close): bought 30 shares at $2021.34 on 2021-03-18
🔴 EXIT: IBS=0.922, ibs_signal, P&L=$733.50, Duration=11 days
🟢 ENTRY SIGNAL: IBS=0.074 < 0.1 on 2021-04-28
🟢 ENTRY EXECUTION(close): bought 26 shares at $2359.04 on 2021-04-28
🔴 EXIT: IBS=1.000, ibs_signal, P&L=$-563.94, Duration=8 days
🟢 ENTRY SIGNAL: IBS=0.006 < 0.1 on 2021-05-18
🟢 ENTRY EXECUTION(close): bought 27 shares at $2262.47 on 2021-05-18
🔴 EXIT: IBS=0.930, ibs_signal, P&L=$243.81, Duration=1 days
🟢 ENTRY SIGNAL: IBS=0.060 < 0.1 on 2021-06-18
🟢 ENTRY EXECUTION(close): bought 26 shares at $2402.22 on 2021-06-18
🔴 EXIT: IBS=0.911, ibs_signal, P&L=$884.78, Duration=3 days
🟢 ENTRY SIGNAL: IBS=0.005 < 0.1 on 2021-08-11
🟢 ENTRY EXECUTION(close): bought 23 shares at $2725.58 on 2021-08-11
🔴 EXIT: IBS=0.943, ibs_signal, P&L=$420.90, Duration=1 days
🟢 ENTRY SIGNAL: IBS=0.072 < 0.1 on 2021-08-18
🟢 ENTRY EXECUTION(close): bought 23 shares at $2708.98 on 2021-08-18
🔴 EXIT: IBS=0.946, ibs_signal, P&L=$911.03, Duration=2 days
🟢 ENTRY SIGNAL: IBS=0.079 < 0.1 on 2021-08-26
🟢 ENTRY EXECUTION(close): bought 22 shares at $2828.81 on 2021-08-26
🔴 EXIT: IBS=0.831, ibs_signal, P&L=$1127.94, Duration=1 days
🟢 ENTRY SIGNAL: IBS=0.044 < 0.1 on 2021-09-02
🟢 ENTRY EXECUTION(close): bought 23 shares at $2865.74 on 2021-09-02
🔴 EXIT: IBS=0.763, ibs_signal, P&L=$208.15, Duration=1 days
🟢 ENTRY SIGNAL: IBS=0.035 < 0.1 on 2021-09-10
🟢 ENTRY EXECUTION(close): bought 23 shares at $2817.52 on 2021-09-10
🔴 EXIT: IBS=0.993, ibs_signal, P&L=$1634.61, Duration=5 days
🟢 ENTRY SIGNAL: IBS=0.060 < 0.1 on 2021-09-30
🟢 ENTRY EXECUTION(close): bought 25 shares at $2673.52 on 2021-09-30
🔴 EXIT: IBS=0.870, ibs_signal, P&L=$1433.50, Duration=1 days
🟢 ENTRY SIGNAL: IBS=0.030 < 0.1 on 2021-10-11
🟢 ENTRY EXECUTION(close): bought 24 shares at $2778.28 on 2021-10-11
🔴 EXIT: IBS=0.926, ibs_signal, P&L=$1073.76, Duration=3 days
🟢 ENTRY SIGNAL: IBS=0.056 < 0.1 on 2021-11-01
🟢 ENTRY EXECUTION(close): bought 24 shares at $2869.94 on 2021-11-01
🔴 EXIT: IBS=0.966, ibs_signal, P&L=$1488.48, Duration=2 days
🟢 ENTRY SIGNAL: IBS=0.086 < 0.1 on 2021-11-11
🟢 ENTRY EXECUTION(close): bought 24 shares at $2915.33 on 2021-11-11
🔴 EXIT: IBS=0.950, ibs_signal, P&L=$1397.52, Duration=1 days
🟢 ENTRY SIGNAL: IBS=0.013 < 0.1 on 2021-11-19
🟢 ENTRY EXECUTION(close): bought 24 shares at $2978.53 on 2021-11-19
🔴 EXIT: IBS=0.931, ibs_signal, P&L=$-1347.12, Duration=5 days
🟢 ENTRY SIGNAL: IBS=0.067 < 0.1 on 2021-11-30
🟢 ENTRY EXECUTION(close): bought 25 shares at $2837.95 on 2021-11-30
🔴 EXIT: IBS=0.754, ibs_signal, P&L=$534.25, Duration=2 days
🟢 ENTRY SIGNAL: IBS=0.000 < 0.1 on 2021-12-31
🟢 ENTRY EXECUTION(close): bought 24 shares at $2897.04 on 2021-12-31
🔴 EXIT: IBS=0.973, ibs_signal, P&L=$-2967.60, Duration=10 days
🟢 ENTRY SIGNAL: IBS=0.040 < 0.1 on 2022-01-13
🟢 ENTRY EXECUTION(close): bought 25 shares at $2771.74 on 2022-01-13
🔴 EXIT: IBS=0.940, ibs_signal, P&L=$-3891.50, Duration=11 days
🟢 ENTRY SIGNAL: IBS=0.020 < 0.1 on 2022-01-27
🟢 ENTRY EXECUTION(close): bought 25 shares at $2580.10 on 2022-01-27
🔴 EXIT: IBS=0.999, ibs_signal, P&L=$2173.00, Duration=1 days
🟢 ENTRY SIGNAL: IBS=0.061 < 0.1 on 2022-02-03
🟢 ENTRY EXECUTION(close): bought 23 shares at $2861.80 on 2022-02-03
🔴 EXIT: IBS=0.799, ibs_signal, P&L=$-1697.86, Duration=5 days
🟢 ENTRY SIGNAL: IBS=0.013 < 0.1 on 2022-02-17
🟢 ENTRY EXECUTION(close): bought 24 shares at $2650.78 on 2022-02-17
🔴 EXIT: IBS=0.962, ibs_signal, P&L=$72.96, Duration=7 days
🟢 ENTRY SIGNAL: IBS=0.015 < 0.1 on 2022-03-07
🟢 ENTRY EXECUTION(close): bought 26 shares at $2527.57 on 2022-03-07
🔴 EXIT: IBS=0.918, ibs_signal, P&L=$3661.58, Duration=2 days
🟢 ENTRY SIGNAL: IBS=0.057 < 0.1 on 2022-03-11
🟢 ENTRY EXECUTION(close): bought 26 shares at $2597.41 on 2022-03-11
🔴 EXIT: IBS=0.841, ibs_signal, P&L=$-349.70, Duration=4 days
🟢 ENTRY SIGNAL: IBS=0.014 < 0.1 on 2022-03-31
🟢 ENTRY EXECUTION(close): bought 24 shares at $2781.35 on 2022-03-31
🔴 EXIT: IBS=0.852, ibs_signal, P&L=$519.84, Duration=1 days
🟢 ENTRY SIGNAL: IBS=0.080 < 0.1 on 2022-04-05
🟢 ENTRY EXECUTION(close): bought 24 shares at $2811.82 on 2022-04-05
🔴 EXIT: IBS=0.830, ibs_signal, P&L=$-5134.56, Duration=8 days
🟢 ENTRY SIGNAL: IBS=0.033 < 0.1 on 2022-04-14
🟢 ENTRY EXECUTION(close): bought 25 shares at $2534.60 on 2022-04-14
🔴 EXIT: IBS=0.903, ibs_signal, P&L=$1639.50, Duration=5 days
🟢 ENTRY SIGNAL: IBS=0.052 < 0.1 on 2022-04-21
🟢 ENTRY EXECUTION(close): bought 26 shares at $2496.29 on 2022-04-21
🔴 EXIT: IBS=0.957, ibs_signal, P&L=$-905.06, Duration=4 days
🟢 ENTRY SIGNAL: IBS=0.035 < 0.1 on 2022-04-26
🟢 ENTRY EXECUTION(close): bought 27 shares at $2373.00 on 2022-04-26
🔴 EXIT: IBS=0.796, ibs_signal, P&L=$-68.85, Duration=2 days
🟢 ENTRY SIGNAL: IBS=0.072 < 0.1 on 2022-04-29
🟢 ENTRY EXECUTION(close): bought 28 shares at $2282.19 on 2022-04-29
🔴 EXIT: IBS=0.961, ibs_signal, P&L=$1385.16, Duration=3 days
🟢 ENTRY SIGNAL: IBS=0.089 < 0.1 on 2022-05-18
🟢 ENTRY EXECUTION(close): bought 29 shares at $2237.99 on 2022-05-18
🔴 EXIT: IBS=0.806, ibs_signal, P&L=$-238.67, Duration=5 days
🟢 ENTRY SIGNAL: IBS=0.017 < 0.1 on 2022-06-09
🟢 ENTRY EXECUTION(close): bought 28 shares at $2296.71 on 2022-06-09
🔴 EXIT: IBS=0.757, ibs_signal, P&L=$-1843.24, Duration=12 days
🟢 ENTRY SIGNAL: IBS=0.029 < 0.1 on 2022-06-28
🟢 ENTRY EXECUTION(close): bought 28 shares at $2240.15 on 2022-06-28
🔴 EXIT: IBS=0.797, ibs_signal, P&L=$-1831.20, Duration=3 days
🟢 ENTRY SIGNAL: IBS=0.051 < 0.1 on 2022-07-13
🟢 ENTRY EXECUTION(close): bought 28 shares at $2227.07 on 2022-07-13
🔴 EXIT: IBS=0.953, ibs_signal, P&L=$-59171.28, Duration=6 days
🟢 ENTRY SIGNAL: IBS=0.096 < 0.1 on 2022-08-11
🟢 ENTRY EXECUTION(close): bought 31 shares at $118.84 on 2022-08-11
🔴 EXIT: IBS=1.000, ibs_signal, P&L=$88.04, Duration=1 days
🟢 ENTRY SIGNAL: IBS=0.089 < 0.1 on 2022-08-17
🟢 ENTRY EXECUTION(close): bought 32 shares at $119.55 on 2022-08-17
🔴 EXIT: IBS=0.973, ibs_signal, P&L=$-92.80, Duration=8 days
🟢 ENTRY SIGNAL: IBS=0.030 < 0.1 on 2022-08-26
🟢 ENTRY EXECUTION(close): bought 33 shares at $110.34 on 2022-08-26
🔴 EXIT: IBS=0.771, ibs_signal, P&L=$-19.80, Duration=6 days
🟢 ENTRY SIGNAL: IBS=0.055 < 0.1 on 2022-09-13
🟢 ENTRY EXECUTION(close): bought 35 shares at $104.32 on 2022-09-13
🔴 EXIT: IBS=0.830, ibs_signal, P&L=$23.80, Duration=1 days
🟢 ENTRY SIGNAL: IBS=0.003 < 0.1 on 2022-09-21
🟢 ENTRY EXECUTION(close): bought 37 shares at $99.28 on 2022-09-21
🔴 EXIT: IBS=0.819, ibs_signal, P&L=$28.49, Duration=7 days
🟢 ENTRY SIGNAL: IBS=0.027 < 0.1 on 2022-09-30
🟢 ENTRY EXECUTION(close): bought 39 shares at $95.65 on 2022-09-30
🔴 EXIT: IBS=0.766, ibs_signal, P&L=$116.61, Duration=3 days
🟢 ENTRY SIGNAL: IBS=0.044 < 0.1 on 2022-10-14
🟢 ENTRY EXECUTION(close): bought 40 shares at $96.56 on 2022-10-14
🔴 EXIT: IBS=0.950, ibs_signal, P&L=$182.80, Duration=7 days
🟢 ENTRY SIGNAL: IBS=0.066 < 0.1 on 2022-10-26
🟢 ENTRY EXECUTION(close): bought 42 shares at $94.93 on 2022-10-26
🔴 EXIT: IBS=0.941, ibs_signal, P&L=$57.12, Duration=2 days
🟢 ENTRY SIGNAL: IBS=0.018 < 0.1 on 2022-11-01
🟢 ENTRY EXECUTION(close): bought 45 shares at $90.47 on 2022-11-01
🔴 EXIT: IBS=0.980, ibs_signal, P&L=$-175.05, Duration=3 days
🟢 ENTRY SIGNAL: IBS=0.019 < 0.1 on 2022-11-09
🟢 ENTRY EXECUTION(close): bought 45 shares at $87.32 on 2022-11-09
🔴 EXIT: IBS=0.838, ibs_signal, P&L=$297.90, Duration=1 days
🟢 ENTRY SIGNAL: IBS=0.080 < 0.1 on 2022-11-21
🟢 ENTRY EXECUTION(close): bought 44 shares at $95.60 on 2022-11-21
🔴 EXIT: IBS=0.946, ibs_signal, P&L=$63.80, Duration=1 days
🟢 ENTRY SIGNAL: IBS=0.048 < 0.1 on 2022-11-25
🟢 ENTRY EXECUTION(close): bought 44 shares at $97.46 on 2022-11-25
🔴 EXIT: IBS=0.992, ibs_signal, P&L=$155.32, Duration=5 days
🟢 ENTRY SIGNAL: IBS=0.053 < 0.1 on 2022-12-09
🟢 ENTRY EXECUTION(close): bought 48 shares at $92.83 on 2022-12-09
🔴 EXIT: IBS=0.872, ibs_signal, P&L=$23.04, Duration=3 days
🟢 ENTRY SIGNAL: IBS=0.098 < 0.1 on 2022-12-19
🟢 ENTRY EXECUTION(close): bought 50 shares at $88.44 on 2022-12-19
🔴 EXIT: IBS=0.911, ibs_signal, P&L=$29.00, Duration=1 days
🟢 ENTRY SIGNAL: IBS=0.038 < 0.1 on 2022-12-28
🟢 ENTRY EXECUTION(close): bought 52 shares at $86.02 on 2022-12-28
🔴 EXIT: IBS=0.823, ibs_signal, P&L=$126.36, Duration=1 days
🟢 ENTRY SIGNAL: IBS=0.073 < 0.1 on 2023-01-09
🟢 ENTRY EXECUTION(close): bought 52 shares at $88.02 on 2023-01-09
🔴 EXIT: IBS=0.912, ibs_signal, P&L=$20.80, Duration=1 days
🟢 ENTRY SIGNAL: IBS=0.051 < 0.1 on 2023-02-21
🟢 ENTRY EXECUTION(close): bought 50 shares at $91.79 on 2023-02-21
🔴 EXIT: IBS=0.898, ibs_signal, P&L=$10.50, Duration=9 days
🟢 ENTRY SIGNAL: IBS=0.098 < 0.1 on 2023-03-10
🟢 ENTRY EXECUTION(close): bought 51 shares at $90.63 on 2023-03-10
🔴 EXIT: IBS=0.797, ibs_signal, P&L=$170.34, Duration=4 days
🟢 ENTRY SIGNAL: IBS=0.012 < 0.1 on 2023-03-22
🟢 ENTRY EXECUTION(close): bought 46 shares at $103.37 on 2023-03-22
🔴 EXIT: IBS=0.970, ibs_signal, P&L=$95.22, Duration=2 days
🟢 ENTRY SIGNAL: IBS=0.004 < 0.1 on 2023-04-25
🟢 ENTRY EXECUTION(close): bought 47 shares at $103.85 on 2023-04-25
🔴 EXIT: IBS=0.839, ibs_signal, P&L=$175.78, Duration=2 days
🟢 ENTRY SIGNAL: IBS=0.054 < 0.1 on 2023-05-09
🟢 ENTRY EXECUTION(close): bought 47 shares at $107.35 on 2023-05-09
🔴 EXIT: IBS=0.762, ibs_signal, P&L=$206.80, Duration=1 days
🟢 ENTRY SIGNAL: IBS=0.055 < 0.1 on 2023-06-07
🟢 ENTRY EXECUTION(close): bought 43 shares at $122.50 on 2023-06-07
🔴 EXIT: IBS=0.828, ibs_signal, P&L=$49.02, Duration=5 days
🟢 ENTRY SIGNAL: IBS=0.088 < 0.1 on 2023-06-16
🟢 ENTRY EXECUTION(close): bought 43 shares at $123.53 on 2023-06-16
🔴 EXIT: IBS=0.980, ibs_signal, P&L=$-16.34, Duration=6 days
🟢 ENTRY SIGNAL: IBS=0.020 < 0.1 on 2023-06-26
🟢 ENTRY EXECUTION(close): bought 45 shares at $118.34 on 2023-06-26
🔴 EXIT: IBS=0.941, ibs_signal, P&L=$82.80, Duration=2 days
🟢 ENTRY SIGNAL: IBS=0.007 < 0.1 on 2023-06-30
🟢 ENTRY EXECUTION(close): bought 45 shares at $119.70 on 2023-06-30
🔴 EXIT: IBS=0.789, ibs_signal, P&L=$9.00, Duration=3 days
🟢 ENTRY SIGNAL: IBS=0.048 < 0.1 on 2023-07-07
🟢 ENTRY EXECUTION(close): bought 45 shares at $119.48 on 2023-07-07
🔴 EXIT: IBS=0.758, ibs_signal, P&L=$-105.30, Duration=4 days
🟢 ENTRY SIGNAL: IBS=0.068 < 0.1 on 2023-07-19
🟢 ENTRY EXECUTION(close): bought 43 shares at $122.03 on 2023-07-19
🔴 EXIT: IBS=0.969, ibs_signal, P&L=$408.50, Duration=19 days
🟢 ENTRY SIGNAL: IBS=0.092 < 0.1 on 2023-08-10
🟢 ENTRY EXECUTION(close): bought 44 shares at $129.69 on 2023-08-10
🔴 EXIT: IBS=0.790, ibs_signal, P&L=$-5.72, Duration=1 days
🟢 ENTRY SIGNAL: IBS=0.045 < 0.1 on 2023-08-24
🟢 ENTRY EXECUTION(close): bought 44 shares at $129.78 on 2023-08-24
🔴 EXIT: IBS=0.821, ibs_signal, P&L=$268.40, Duration=6 days
🟢 ENTRY SIGNAL: IBS=0.089 < 0.1 on 2023-09-12
🟢 ENTRY EXECUTION(close): bought 44 shares at $135.34 on 2023-09-12
🔴 EXIT: IBS=0.931, ibs_signal, P&L=$60.28, Duration=1 days
🟢 ENTRY SIGNAL: IBS=0.027 < 0.1 on 2023-09-20
🟢 ENTRY EXECUTION(close): bought 45 shares at $133.74 on 2023-09-20
🔴 EXIT: IBS=0.973, ibs_signal, P&L=$-118.35, Duration=5 days
🟢 ENTRY SIGNAL: IBS=0.070 < 0.1 on 2023-11-09
🟢 ENTRY EXECUTION(close): bought 45 shares at $130.24 on 2023-11-09
🔴 EXIT: IBS=0.938, ibs_signal, P&L=$105.75, Duration=1 days
🟢 ENTRY SIGNAL: IBS=0.044 < 0.1 on 2023-11-29
🟢 ENTRY EXECUTION(close): bought 44 shares at $134.99 on 2023-11-29
🔴 EXIT: IBS=0.827, ibs_signal, P&L=$-137.72, Duration=2 days
🟢 ENTRY SIGNAL: IBS=0.074 < 0.1 on 2023-12-06
🟢 ENTRY EXECUTION(close): bought 45 shares at $130.02 on 2023-12-06
🔴 EXIT: IBS=0.977, ibs_signal, P&L=$147.15, Duration=5 days
🟢 ENTRY SIGNAL: IBS=0.076 < 0.1 on 2023-12-20
🟢 ENTRY EXECUTION(close): bought 43 shares at $138.34 on 2023-12-20
🔴 EXIT: IBS=0.824, ibs_signal, P&L=$89.44, Duration=1 days
🟢 ENTRY SIGNAL: IBS=0.014 < 0.1 on 2024-01-04
🟢 ENTRY EXECUTION(close): bought 45 shares at $136.39 on 2024-01-04
🔴 EXIT: IBS=0.938, ibs_signal, P&L=$110.25, Duration=4 days
🟢 ENTRY SIGNAL: IBS=0.059 < 0.1 on 2024-01-22
🟢 ENTRY EXECUTION(close): bought 42 shares at $145.99 on 2024-01-22
🔴 EXIT: IBS=0.916, ibs_signal, P&L=$44.10, Duration=1 days
🟢 ENTRY SIGNAL: IBS=0.056 < 0.1 on 2024-01-31
🟢 ENTRY EXECUTION(close): bought 45 shares at $140.10 on 2024-01-31
🔴 EXIT: IBS=0.961, ibs_signal, P&L=$102.60, Duration=2 days
🟢 ENTRY SIGNAL: IBS=0.081 < 0.1 on 2024-02-12
🟢 ENTRY EXECUTION(close): bought 43 shares at $147.53 on 2024-02-12
🔴 EXIT: IBS=0.761, ibs_signal, P&L=$-68.37, Duration=2 days
🟢 ENTRY SIGNAL: IBS=0.036 < 0.1 on 2024-02-26
🟢 ENTRY EXECUTION(close): bought 46 shares at $137.57 on 2024-02-26
🔴 EXIT: IBS=0.829, ibs_signal, P&L=$60.26, Duration=1 days
🟢 ENTRY SIGNAL: IBS=0.019 < 0.1 on 2024-04-04
🟢 ENTRY EXECUTION(close): bought 42 shares at $150.53 on 2024-04-04
🔴 EXIT: IBS=0.759, ibs_signal, P&L=$82.74, Duration=1 days
🟢 ENTRY SIGNAL: IBS=0.058 < 0.1 on 2024-04-15
🟢 ENTRY EXECUTION(close): bought 41 shares at $154.86 on 2024-04-15
🔴 EXIT: IBS=0.819, ibs_signal, P&L=$175.07, Duration=9 days
🟢 ENTRY SIGNAL: IBS=0.033 < 0.1 on 2024-04-30
🟢 ENTRY EXECUTION(close): bought 40 shares at $162.78 on 2024-04-30
🔴 EXIT: IBS=0.961, ibs_signal, P&L=$153.60, Duration=2 days
🟢 ENTRY SIGNAL: IBS=0.093 < 0.1 on 2024-05-30
🟢 ENTRY EXECUTION(close): bought 39 shares at $172.11 on 2024-05-30
🔴 EXIT: IBS=0.845, ibs_signal, P&L=$15.21, Duration=1 days
🟢 ENTRY SIGNAL: IBS=0.045 < 0.1 on 2024-06-07
🟢 ENTRY EXECUTION(close): bought 39 shares at $174.46 on 2024-06-07
🔴 EXIT: IBS=0.928, ibs_signal, P&L=$84.24, Duration=4 days
🟢 ENTRY SIGNAL: IBS=0.060 < 0.1 on 2024-06-28
🟢 ENTRY EXECUTION(close): bought 38 shares at $182.15 on 2024-06-28
🔴 EXIT: IBS=0.918, ibs_signal, P&L=$117.42, Duration=4 days
🟢 ENTRY SIGNAL: IBS=0.098 < 0.1 on 2024-07-09
🟢 ENTRY EXECUTION(close): bought 37 shares at $188.98 on 2024-07-09
🔴 EXIT: IBS=0.790, ibs_signal, P&L=$81.40, Duration=1 days
🟢 ENTRY SIGNAL: IBS=0.085 < 0.1 on 2024-07-11
🟢 ENTRY EXECUTION(close): bought 38 shares at $185.57 on 2024-07-11
🔴 EXIT: IBS=0.975, ibs_signal, P&L=$-832.20, Duration=29 days
🟢 ENTRY SIGNAL: IBS=0.051 < 0.1 on 2024-09-06
🟢 ENTRY EXECUTION(close): bought 41 shares at $150.92 on 2024-09-06
🔴 EXIT: IBS=0.915, ibs_signal, P&L=$9.84, Duration=5 days
🟢 ENTRY SIGNAL: IBS=0.047 < 0.1 on 2024-09-23
🟢 ENTRY EXECUTION(close): bought 38 shares at $161.85 on 2024-09-23
🔴 EXIT: IBS=0.896, ibs_signal, P&L=$152.00, Duration=7 days
🟢 ENTRY SIGNAL: IBS=0.040 < 0.1 on 2024-10-07
🟢 ENTRY EXECUTION(close): bought 39 shares at $162.98 on 2024-10-07
🔴 EXIT: IBS=0.814, ibs_signal, P&L=$54.60, Duration=1 days
🟢 ENTRY SIGNAL: IBS=0.047 < 0.1 on 2024-10-17
🟢 ENTRY EXECUTION(close): bought 39 shares at $162.93 on 2024-10-17
🔴 EXIT: IBS=0.771, ibs_signal, P&L=$44.46, Duration=4 days
🟢 ENTRY SIGNAL: IBS=0.050 < 0.1 on 2024-10-30
🟢 ENTRY EXECUTION(close): bought 37 shares at $174.46 on 2024-10-30
🔴 EXIT: IBS=0.875, ibs_signal, P&L=$75.85, Duration=7 days
🟢 ENTRY SIGNAL: IBS=0.096 < 0.1 on 2024-11-08
🟢 ENTRY EXECUTION(close): bought 37 shares at $178.35 on 2024-11-08
🔴 EXIT: IBS=0.906, ibs_signal, P&L=$74.00, Duration=3 days
🟢 ENTRY SIGNAL: IBS=0.083 < 0.1 on 2024-12-05
🟢 ENTRY EXECUTION(close): bought 38 shares at $172.64 on 2024-12-05
🔴 EXIT: IBS=0.885, ibs_signal, P&L=$78.66, Duration=1 days
🟢 ENTRY SIGNAL: IBS=0.072 < 0.1 on 2024-12-12
🟢 ENTRY EXECUTION(close): bought 35 shares at $191.96 on 2024-12-12
🔴 EXIT: IBS=0.807, ibs_signal, P&L=$-19.25, Duration=8 days
🟢 ENTRY SIGNAL: IBS=0.037 < 0.1 on 2025-01-16
🟢 ENTRY EXECUTION(close): bought 35 shares at $192.91 on 2025-01-16
🔴 EXIT: IBS=0.762, ibs_signal, P&L=$255.50, Duration=8 days
🟢 ENTRY SIGNAL: IBS=0.093 < 0.1 on 2025-02-21
🟢 ENTRY EXECUTION(close): bought 39 shares at $179.66 on 2025-02-21
🔴 EXIT: IBS=0.914, ibs_signal, P&L=$-365.82, Duration=7 days
🟢 ENTRY SIGNAL: IBS=0.046 < 0.1 on 2025-03-26
🟢 ENTRY EXECUTION(close): bought 40 shares at $165.06 on 2025-03-26
🔴 EXIT: IBS=0.815, ibs_signal, P&L=$-416.80, Duration=5 days
🟢 ENTRY SIGNAL: IBS=0.039 < 0.1 on 2025-04-04
🟢 ENTRY EXECUTION(close): bought 42 shares at $145.60 on 2025-04-04
🔴 EXIT: IBS=0.946, ibs_signal, P&L=$550.62, Duration=5 days
🟢 ENTRY SIGNAL: IBS=0.026 < 0.1 on 2025-05-22
🟢 ENTRY EXECUTION(close): bought 39 shares at $170.87 on 2025-05-22
🔴 EXIT: IBS=0.915, ibs_signal, P&L=$79.17, Duration=5 days
🟢 ENTRY SIGNAL: IBS=0.036 < 0.1 on 2025-06-18
🟢 ENTRY EXECUTION(close): bought 39 shares at $173.32 on 2025-06-18
🔴 EXIT: IBS=0.960, ibs_signal, P&L=$8.58, Duration=8 days
✅ Backtest completed: 402 trades, Final capital: $6871.74
📊 GOOGL Data Analysis:
   Total data points: 5296
   Date range: 2004-08-19 to 2025-09-05
   Generated trades: 402
   Expected trades: 402
   First trade: 2004-08-23 - 2004-08-26
   Last trade: 2025-06-18 - 2025-06-26

stdout | src/lib/__tests__/googl-trades-count.test.ts > GOOGL Trades Count Verification > should analyze GOOGL data structure
📈 GOOGL Data Structure:
   Total records: 5296
   First record: 2004-08-19T12:00:00.000Z - O:100.01 H:104.06 L:95.96 C:100.335
   Last record: 2025-09-05T12:00:00.000Z - O:232.2 H:235.76 L:231.9 C:235

stdout | src/lib/__tests__/buy-at-close-real-data.test.ts > BuyAtCloseSimulator with Real GOOGL Data > performance metrics with real data > should calculate realistic performance metrics
Performance Metrics:
Total Return: 67.33%
Win Rate: 65.43%
Average Win: $316.12
Average Loss: $-357.93
Average Duration: 3.5 days
Max Drawdown: 16.80%
Total Trades: 81

stdout | src/lib/__tests__/googl-trades-count.test.ts > GOOGL Trades Count Verification > should test different strategy parameters for GOOGL
🔧 STRATEGY PARAMETERS: { lowIBS: [33m0.1[39m, highIBS: [33m0.75[39m, maxHoldDays: [33m30[39m }
🟢 ENTRY SIGNAL: IBS=0.079 < 0.1 on 2004-08-23
🟢 ENTRY EXECUTION(close): bought 91 shares at $109.40 on 2004-08-23
🔴 EXIT: IBS=0.988, ibs_signal, P&L=$-135.59, Duration=3 days
🟢 ENTRY SIGNAL: IBS=0.000 < 0.1 on 2004-08-30
🟢 ENTRY EXECUTION(close): bought 96 shares at $102.01 on 2004-08-30
🔴 EXIT: IBS=0.824, ibs_signal, P&L=$-41.28, Duration=8 days
🟢 ENTRY SIGNAL: IBS=0.016 < 0.1 on 2004-09-24
🟢 ENTRY EXECUTION(close): bought 81 shares at $119.83 on 2004-09-24
🔴 EXIT: IBS=0.925, ibs_signal, P&L=$569.43, Duration=4 days
🟢 ENTRY SIGNAL: IBS=0.095 < 0.1 on 2004-10-20
🟢 ENTRY EXECUTION(close): bought 73 shares at $140.49 on 2004-10-20
🔴 EXIT: IBS=0.912, ibs_signal, P&L=$648.97, Duration=1 days
🟢 ENTRY SIGNAL: IBS=0.004 < 0.1 on 2004-10-29
🟢 ENTRY EXECUTION(close): bought 57 shares at $190.64 on 2004-10-29
🔴 EXIT: IBS=0.955, ibs_signal, P&L=$-434.34, Duration=13 days
🟢 ENTRY SIGNAL: IBS=0.058 < 0.1 on 2004-12-06
🟢 ENTRY EXECUTION(close): bought 60 shares at $176.29 on 2004-12-06
🔴 EXIT: IBS=0.986, ibs_signal, P&L=$-171.60, Duration=3 days
🟢 ENTRY SIGNAL: IBS=0.078 < 0.1 on 2004-12-21
🟢 ENTRY EXECUTION(close): bought 56 shares at $183.75 on 2004-12-21
🔴 EXIT: IBS=0.857, ibs_signal, P&L=$142.80, Duration=1 days
🟢 ENTRY SIGNAL: IBS=0.031 < 0.1 on 2004-12-31
🟢 ENTRY EXECUTION(close): bought 54 shares at $192.79 on 2004-12-31
🔴 EXIT: IBS=0.886, ibs_signal, P&L=$535.68, Duration=3 days
🟢 ENTRY SIGNAL: IBS=0.079 < 0.1 on 2005-01-11
🟢 ENTRY EXECUTION(close): bought 57 shares at $193.54 on 2005-01-11
🔴 EXIT: IBS=0.899, ibs_signal, P&L=$104.88, Duration=1 days
🟢 ENTRY SIGNAL: IBS=0.069 < 0.1 on 2005-01-19
🟢 ENTRY EXECUTION(close): bought 56 shares at $197.30 on 2005-01-19
🔴 EXIT: IBS=0.983, ibs_signal, P&L=$-451.36, Duration=7 days
🟢 ENTRY SIGNAL: IBS=0.097 < 0.1 on 2005-02-01
🟢 ENTRY EXECUTION(close): bought 56 shares at $191.90 on 2005-02-01
🔴 EXIT: IBS=0.993, ibs_signal, P&L=$61.04, Duration=13 days
🟢 ENTRY SIGNAL: IBS=0.082 < 0.1 on 2005-02-25
🟢 ENTRY EXECUTION(close): bought 58 shares at $185.87 on 2005-02-25
🔴 EXIT: IBS=0.783, ibs_signal, P&L=$65.83, Duration=6 days
🟢 ENTRY SIGNAL: IBS=0.047 < 0.1 on 2005-03-08
🟢 ENTRY EXECUTION(close): bought 58 shares at $185.20 on 2005-03-08
🔴 EXIT: IBS=0.760, ibs_signal, P&L=$-382.22, Duration=7 days
🟢 ENTRY SIGNAL: IBS=0.030 < 0.1 on 2005-03-24
🟢 ENTRY EXECUTION(close): bought 58 shares at $179.25 on 2005-03-24
🔴 EXIT: IBS=0.765, ibs_signal, P&L=$73.08, Duration=7 days
🟢 ENTRY SIGNAL: IBS=0.017 < 0.1 on 2005-04-01
🟢 ENTRY EXECUTION(close): bought 58 shares at $180.04 on 2005-04-01
🔴 EXIT: IBS=0.995, ibs_signal, P&L=$304.50, Duration=3 days
🟢 ENTRY SIGNAL: IBS=0.060 < 0.1 on 2005-04-15
🟢 ENTRY EXECUTION(close): bought 58 shares at $185.00 on 2005-04-15
🔴 EXIT: IBS=0.793, ibs_signal, P&L=$114.26, Duration=3 days
🟢 ENTRY SIGNAL: IBS=0.000 < 0.1 on 2005-06-28
🟢 ENTRY EXECUTION(close): bought 36 shares at $302.00 on 2005-06-28
🔴 EXIT: IBS=0.953, ibs_signal, P&L=$-226.44, Duration=7 days
🟢 ENTRY SIGNAL: IBS=0.023 < 0.1 on 2005-07-06
🟢 ENTRY EXECUTION(close): bought 36 shares at $291.52 on 2005-07-06
🔴 EXIT: IBS=0.964, ibs_signal, P&L=$144.54, Duration=1 days
🟢 ENTRY SIGNAL: IBS=0.053 < 0.1 on 2005-07-28
🟢 ENTRY EXECUTION(close): bought 37 shares at $293.50 on 2005-07-28
🔴 EXIT: IBS=0.798, ibs_signal, P&L=$-69.93, Duration=4 days
🟢 ENTRY SIGNAL: IBS=0.026 < 0.1 on 2005-08-15
🟢 ENTRY EXECUTION(close): bought 38 shares at $284.00 on 2005-08-15
🔴 EXIT: IBS=0.907, ibs_signal, P&L=$-152.38, Duration=3 days
🟢 ENTRY SIGNAL: IBS=0.081 < 0.1 on 2005-08-22
🟢 ENTRY EXECUTION(close): bought 39 shares at $274.01 on 2005-08-22
🔴 EXIT: IBS=0.972, ibs_signal, P&L=$217.23, Duration=1 days
🟢 ENTRY SIGNAL: IBS=0.071 < 0.1 on 2005-09-16
🟢 ENTRY EXECUTION(close): bought 36 shares at $300.20 on 2005-09-16
🔴 EXIT: IBS=0.762, ibs_signal, P&L=$421.20, Duration=5 days
🟢 ENTRY SIGNAL: IBS=0.042 < 0.1 on 2005-09-28
🟢 ENTRY EXECUTION(close): bought 37 shares at $306.00 on 2005-09-28
🔴 EXIT: IBS=0.763, ibs_signal, P&L=$133.94, Duration=1 days
🟢 ENTRY SIGNAL: IBS=0.025 < 0.1 on 2005-10-04
🟢 ENTRY EXECUTION(close): bought 36 shares at $311.00 on 2005-10-04
🔴 EXIT: IBS=0.981, ibs_signal, P&L=$-216.00, Duration=13 days
🟢 ENTRY SIGNAL: IBS=0.077 < 0.1 on 2005-11-18
🟢 ENTRY EXECUTION(close): bought 28 shares at $400.21 on 2005-11-18
🔴 EXIT: IBS=0.962, ibs_signal, P&L=$256.20, Duration=3 days
🟢 ENTRY SIGNAL: IBS=0.058 < 0.1 on 2005-11-29
🟢 ENTRY EXECUTION(close): bought 28 shares at $403.54 on 2005-11-29
🔴 EXIT: IBS=0.811, ibs_signal, P&L=$295.40, Duration=2 days
🟢 ENTRY SIGNAL: IBS=0.089 < 0.1 on 2005-12-09
🟢 ENTRY EXECUTION(close): bought 28 shares at $409.20 on 2005-12-09
🔴 EXIT: IBS=0.920, ibs_signal, P&L=$232.12, Duration=4 days
🟢 ENTRY SIGNAL: IBS=0.006 < 0.1 on 2006-02-02
🟢 ENTRY EXECUTION(close): bought 30 shares at $396.04 on 2006-02-02
🔴 EXIT: IBS=0.900, ibs_signal, P&L=$-808.80, Duration=6 days
🟢 ENTRY SIGNAL: IBS=0.099 < 0.1 on 2006-02-14
🟢 ENTRY EXECUTION(close): bought 32 shares at $343.32 on 2006-02-14
🔴 EXIT: IBS=0.976, ibs_signal, P&L=$740.48, Duration=2 days
🟢 ENTRY SIGNAL: IBS=0.059 < 0.1 on 2006-03-06
🟢 ENTRY EXECUTION(close): bought 32 shares at $368.10 on 2006-03-06
🔴 EXIT: IBS=0.939, ibs_signal, P&L=$-542.08, Duration=8 days
🟢 ENTRY SIGNAL: IBS=0.080 < 0.1 on 2006-03-16
🟢 ENTRY EXECUTION(close): bought 33 shares at $338.77 on 2006-03-16
🔴 EXIT: IBS=0.778, ibs_signal, P&L=$310.86, Duration=4 days
🟢 ENTRY SIGNAL: IBS=0.067 < 0.1 on 2006-03-21
🟢 ENTRY EXECUTION(close): bought 34 shares at $339.92 on 2006-03-21
🔴 EXIT: IBS=0.901, ibs_signal, P&L=$1267.52, Duration=7 days
🟢 ENTRY SIGNAL: IBS=0.064 < 0.1 on 2006-04-21
🟢 ENTRY EXECUTION(close): bought 29 shares at $437.10 on 2006-04-21
🔴 EXIT: IBS=0.987, ibs_signal, P&L=$-820.70, Duration=18 days
🟢 ENTRY SIGNAL: IBS=0.051 < 0.1 on 2006-05-12
🟢 ENTRY EXECUTION(close): bought 32 shares at $374.13 on 2006-05-12
🔴 EXIT: IBS=0.815, ibs_signal, P&L=$227.84, Duration=12 days
🟢 ENTRY SIGNAL: IBS=0.051 < 0.1 on 2006-05-30
🟢 ENTRY EXECUTION(close): bought 33 shares at $371.94 on 2006-05-30
🔴 EXIT: IBS=0.968, ibs_signal, P&L=$352.44, Duration=2 days
🟢 ENTRY SIGNAL: IBS=0.040 < 0.1 on 2006-06-05
🟢 ENTRY EXECUTION(close): bought 34 shares at $374.44 on 2006-06-05
🔴 EXIT: IBS=0.999, ibs_signal, P&L=$528.70, Duration=1 days
🟢 ENTRY SIGNAL: IBS=0.001 < 0.1 on 2006-06-07
🟢 ENTRY EXECUTION(close): bought 34 shares at $386.51 on 2006-06-07
🔴 EXIT: IBS=0.938, ibs_signal, P&L=$230.86, Duration=1 days
🟢 ENTRY SIGNAL: IBS=0.057 < 0.1 on 2006-06-12
🟢 ENTRY EXECUTION(close): bought 35 shares at $381.54 on 2006-06-12
🔴 EXIT: IBS=0.947, ibs_signal, P&L=$174.47, Duration=1 days
🟢 ENTRY SIGNAL: IBS=0.087 < 0.1 on 2006-07-12
🟢 ENTRY EXECUTION(close): bought 32 shares at $417.25 on 2006-07-12
🔴 EXIT: IBS=0.883, ibs_signal, P&L=$-868.54, Duration=9 days
🟢 ENTRY SIGNAL: IBS=0.000 < 0.1 on 2006-08-01
🟢 ENTRY EXECUTION(close): bought 34 shares at $375.51 on 2006-08-01
🔴 EXIT: IBS=0.827, ibs_signal, P&L=$-4.08, Duration=2 days
🟢 ENTRY SIGNAL: IBS=0.070 < 0.1 on 2006-08-09
🟢 ENTRY EXECUTION(close): bought 34 shares at $376.94 on 2006-08-09
🔴 EXIT: IBS=0.923, ibs_signal, P&L=$137.02, Duration=6 days
🟢 ENTRY SIGNAL: IBS=0.084 < 0.1 on 2006-08-31
🟢 ENTRY EXECUTION(close): bought 34 shares at $378.53 on 2006-08-31
🔴 EXIT: IBS=0.869, ibs_signal, P&L=$198.22, Duration=5 days
🟢 ENTRY SIGNAL: IBS=0.062 < 0.1 on 2006-09-27
🟢 ENTRY EXECUTION(close): bought 32 shares at $402.92 on 2006-09-27
🔴 EXIT: IBS=0.994, ibs_signal, P&L=$408.96, Duration=7 days
🟢 ENTRY SIGNAL: IBS=0.052 < 0.1 on 2006-10-16
🟢 ENTRY EXECUTION(close): bought 32 shares at $421.75 on 2006-10-16
🔴 EXIT: IBS=0.934, ibs_signal, P&L=$1213.44, Duration=4 days
🟢 ENTRY SIGNAL: IBS=0.000 < 0.1 on 2006-11-15
🟢 ENTRY EXECUTION(close): bought 30 shares at $491.93 on 2006-11-15
🔴 EXIT: IBS=0.869, ibs_signal, P&L=$205.80, Duration=2 days
🟢 ENTRY SIGNAL: IBS=0.000 < 0.1 on 2006-11-27
🟢 ENTRY EXECUTION(close): bought 30 shares at $484.75 on 2006-11-27
🔴 EXIT: IBS=0.972, ibs_signal, P&L=$142.50, Duration=1 days
🟢 ENTRY SIGNAL: IBS=0.023 < 0.1 on 2006-12-07
🟢 ENTRY EXECUTION(close): bought 31 shares at $482.64 on 2006-12-07
🔴 EXIT: IBS=0.937, ibs_signal, P&L=$-434.31, Duration=12 days
🟢 ENTRY SIGNAL: IBS=0.062 < 0.1 on 2006-12-20
🟢 ENTRY EXECUTION(close): bought 31 shares at $462.90 on 2006-12-20
🔴 EXIT: IBS=0.994, ibs_signal, P&L=$159.03, Duration=7 days
🟢 ENTRY SIGNAL: IBS=0.049 < 0.1 on 2006-12-28
🟢 ENTRY EXECUTION(close): bought 32 shares at $462.56 on 2006-12-28
🔴 EXIT: IBS=0.956, ibs_signal, P&L=$662.40, Duration=7 days
🟢 ENTRY SIGNAL: IBS=0.044 < 0.1 on 2007-01-18
🟢 ENTRY EXECUTION(close): bought 31 shares at $487.83 on 2007-01-18
🔴 EXIT: IBS=0.971, ibs_signal, P&L=$348.44, Duration=6 days
🟢 ENTRY SIGNAL: IBS=0.009 < 0.1 on 2007-02-01
🟢 ENTRY EXECUTION(close): bought 32 shares at $481.75 on 2007-02-01
🔴 EXIT: IBS=0.974, ibs_signal, P&L=$-377.92, Duration=15 days
🟢 ENTRY SIGNAL: IBS=0.000 < 0.1 on 2007-03-02
🟢 ENTRY EXECUTION(close): bought 35 shares at $438.68 on 2007-03-02
🔴 EXIT: IBS=0.875, ibs_signal, P&L=$660.45, Duration=4 days
🟢 ENTRY SIGNAL: IBS=0.054 < 0.1 on 2007-03-08
🟢 ENTRY EXECUTION(close): bought 35 shares at $454.72 on 2007-03-08
🔴 EXIT: IBS=0.879, ibs_signal, P&L=$1.05, Duration=4 days
🟢 ENTRY SIGNAL: IBS=0.022 < 0.1 on 2007-03-13
🟢 ENTRY EXECUTION(close): bought 36 shares at $443.03 on 2007-03-13
🔴 EXIT: IBS=0.932, ibs_signal, P&L=$178.92, Duration=1 days
🟢 ENTRY SIGNAL: IBS=0.044 < 0.1 on 2007-04-20
🟢 ENTRY EXECUTION(close): bought 33 shares at $482.48 on 2007-04-20
🔴 EXIT: IBS=0.904, ibs_signal, P&L=$-305.25, Duration=13 days
🟢 ENTRY SIGNAL: IBS=0.053 < 0.1 on 2007-05-10
🟢 ENTRY EXECUTION(close): bought 34 shares at $461.47 on 2007-05-10
🔴 EXIT: IBS=0.957, ibs_signal, P&L=$179.18, Duration=1 days
🟢 ENTRY SIGNAL: IBS=0.034 < 0.1 on 2007-05-17
🟢 ENTRY EXECUTION(close): bought 34 shares at $470.96 on 2007-05-17
🔴 EXIT: IBS=0.814, ibs_signal, P&L=$427.04, Duration=8 days
🟢 ENTRY SIGNAL: IBS=0.072 < 0.1 on 2007-05-31
🟢 ENTRY EXECUTION(close): bought 33 shares at $497.91 on 2007-05-31
🔴 EXIT: IBS=0.987, ibs_signal, P&L=$690.72, Duration=5 days
🟢 ENTRY SIGNAL: IBS=0.094 < 0.1 on 2007-06-20
🟢 ENTRY EXECUTION(close): bought 33 shares at $509.97 on 2007-06-20
🔴 EXIT: IBS=0.869, ibs_signal, P&L=$136.62, Duration=1 days
🟢 ENTRY SIGNAL: IBS=0.046 < 0.1 on 2007-07-23
🟢 ENTRY EXECUTION(close): bought 34 shares at $512.51 on 2007-07-23
🔴 EXIT: IBS=0.980, ibs_signal, P&L=$-85.34, Duration=14 days
🟢 ENTRY SIGNAL: IBS=0.008 < 0.1 on 2007-08-09
🟢 ENTRY EXECUTION(close): bought 33 shares at $514.73 on 2007-08-09
🔴 EXIT: IBS=0.773, ibs_signal, P&L=$33.66, Duration=1 days
🟢 ENTRY SIGNAL: IBS=0.064 < 0.1 on 2007-08-14
🟢 ENTRY EXECUTION(close): bought 34 shares at $508.60 on 2007-08-14
🔴 EXIT: IBS=0.897, ibs_signal, P&L=$-291.04, Duration=3 days
🟢 ENTRY SIGNAL: IBS=0.066 < 0.1 on 2007-08-28
🟢 ENTRY EXECUTION(close): bought 33 shares at $506.40 on 2007-08-28
🔴 EXIT: IBS=0.931, ibs_signal, P&L=$213.84, Duration=1 days
🟢 ENTRY SIGNAL: IBS=0.097 < 0.1 on 2007-10-19
🟢 ENTRY EXECUTION(close): bought 26 shares at $644.71 on 2007-10-19
🔴 EXIT: IBS=0.773, ibs_signal, P&L=$157.04, Duration=3 days
🟢 ENTRY SIGNAL: IBS=0.035 < 0.1 on 2007-11-26
🟢 ENTRY EXECUTION(close): bought 26 shares at $666.00 on 2007-11-26
🔴 EXIT: IBS=0.891, ibs_signal, P&L=$196.82, Duration=1 days
🟢 ENTRY SIGNAL: IBS=0.028 < 0.1 on 2007-12-03
🟢 ENTRY EXECUTION(close): bought 25 shares at $681.53 on 2007-12-03
🔴 EXIT: IBS=0.963, ibs_signal, P&L=$424.50, Duration=2 days
🟢 ENTRY SIGNAL: IBS=0.019 < 0.1 on 2007-12-11
🟢 ENTRY EXECUTION(close): bought 25 shares at $699.20 on 2007-12-11
🔴 EXIT: IBS=0.782, ibs_signal, P&L=$-128.85, Duration=2 days
🟢 ENTRY SIGNAL: IBS=0.000 < 0.1 on 2007-12-27
🟢 ENTRY EXECUTION(close): bought 25 shares at $700.74 on 2007-12-27
🔴 EXIT: IBS=0.853, ibs_signal, P&L=$-385.25, Duration=7 days
🟢 ENTRY SIGNAL: IBS=0.077 < 0.1 on 2008-01-04
🟢 ENTRY EXECUTION(close): bought 26 shares at $657.00 on 2008-01-04
🔴 EXIT: IBS=0.995, ibs_signal, P&L=$-98.80, Duration=5 days
🟢 ENTRY SIGNAL: IBS=0.008 < 0.1 on 2008-01-25
🟢 ENTRY EXECUTION(close): bought 30 shares at $566.40 on 2008-01-25
🔴 EXIT: IBS=0.775, ibs_signal, P&L=$-63.00, Duration=6 days
🟢 ENTRY SIGNAL: IBS=0.086 < 0.1 on 2008-02-19
🟢 ENTRY EXECUTION(close): bought 34 shares at $508.95 on 2008-02-19
🔴 EXIT: IBS=0.835, ibs_signal, P&L=$1.70, Duration=1 days
🟢 ENTRY SIGNAL: IBS=0.034 < 0.1 on 2008-02-25
🟢 ENTRY EXECUTION(close): bought 35 shares at $486.44 on 2008-02-25
🔴 EXIT: IBS=0.884, ibs_signal, P&L=$-778.75, Duration=1 days
🟢 ENTRY SIGNAL: IBS=0.069 < 0.1 on 2008-03-06
🟢 ENTRY EXECUTION(close): bought 38 shares at $432.70 on 2008-03-06
🔴 EXIT: IBS=0.980, ibs_signal, P&L=$271.32, Duration=5 days
🟢 ENTRY SIGNAL: IBS=0.021 < 0.1 on 2008-03-19
🟢 ENTRY EXECUTION(close): bought 39 shares at $432.00 on 2008-03-19
🔴 EXIT: IBS=0.882, ibs_signal, P&L=$60.45, Duration=1 days
🟢 ENTRY SIGNAL: IBS=0.086 < 0.1 on 2008-05-02
🟢 ENTRY EXECUTION(close): bought 29 shares at $581.29 on 2008-05-02
🔴 EXIT: IBS=0.899, ibs_signal, P&L=$105.85, Duration=10 days
🟢 ENTRY SIGNAL: IBS=0.066 < 0.1 on 2008-05-14
🟢 ENTRY EXECUTION(close): bought 29 shares at $576.30 on 2008-05-14
🔴 EXIT: IBS=0.909, ibs_signal, P&L=$-446.60, Duration=13 days
🟢 ENTRY SIGNAL: IBS=0.000 < 0.1 on 2008-06-06
🟢 ENTRY EXECUTION(close): bought 29 shares at $567.00 on 2008-06-06
🔴 EXIT: IBS=0.871, ibs_signal, P&L=$-1128.97, Duration=21 days
🟢 ENTRY SIGNAL: IBS=0.068 < 0.1 on 2008-07-02
🟢 ENTRY EXECUTION(close): bought 29 shares at $527.04 on 2008-07-02
🔴 EXIT: IBS=0.810, ibs_signal, P&L=$288.84, Duration=1 days
🟢 ENTRY SIGNAL: IBS=0.055 < 0.1 on 2008-07-09
🟢 ENTRY EXECUTION(close): bought 29 shares at $541.55 on 2008-07-09
🔴 EXIT: IBS=0.965, ibs_signal, P&L=$-172.55, Duration=7 days
🟢 ENTRY SIGNAL: IBS=0.000 < 0.1 on 2008-07-24
🟢 ENTRY EXECUTION(close): bought 32 shares at $475.62 on 2008-07-24
🔴 EXIT: IBS=0.901, ibs_signal, P&L=$523.52, Duration=1 days
🟢 ENTRY SIGNAL: IBS=0.099 < 0.1 on 2008-08-04
🟢 ENTRY EXECUTION(close): bought 34 shares at $463.00 on 2008-08-04
🔴 EXIT: IBS=0.983, ibs_signal, P&L=$572.90, Duration=1 days
🟢 ENTRY SIGNAL: IBS=0.097 < 0.1 on 2008-08-25
🟢 ENTRY EXECUTION(close): bought 34 shares at $483.01 on 2008-08-25
🔴 EXIT: IBS=0.953, ibs_signal, P&L=$-1674.84, Duration=17 days
🟢 ENTRY SIGNAL: IBS=0.041 < 0.1 on 2008-09-17
🟢 ENTRY EXECUTION(close): bought 36 shares at $414.49 on 2008-09-17
🔴 EXIT: IBS=0.997, ibs_signal, P&L=$885.24, Duration=1 days
🟢 ENTRY SIGNAL: IBS=0.045 < 0.1 on 2008-09-22
🟢 ENTRY EXECUTION(close): bought 37 shares at $430.14 on 2008-09-22
🔴 EXIT: IBS=0.974, ibs_signal, P&L=$-1817.44, Duration=21 days
🟢 ENTRY SIGNAL: IBS=0.017 < 0.1 on 2008-10-15
🟢 ENTRY EXECUTION(close): bought 41 shares at $339.17 on 2008-10-15
🔴 EXIT: IBS=0.926, ibs_signal, P&L=$567.85, Duration=1 days
🟢 ENTRY SIGNAL: IBS=0.034 < 0.1 on 2008-10-21
🟢 ENTRY EXECUTION(close): bought 40 shares at $362.75 on 2008-10-21
🔴 EXIT: IBS=0.986, ibs_signal, P&L=$240.00, Duration=7 days
🟢 ENTRY SIGNAL: IBS=0.097 < 0.1 on 2008-10-30
🟢 ENTRY EXECUTION(close): bought 41 shares at $359.69 on 2008-10-30
🔴 EXIT: IBS=0.798, ibs_signal, P&L=$297.25, Duration=5 days
🟢 ENTRY SIGNAL: IBS=0.034 < 0.1 on 2008-11-05
🟢 ENTRY EXECUTION(close): bought 44 shares at $342.24 on 2008-11-05
🔴 EXIT: IBS=0.972, ibs_signal, P&L=$-1327.04, Duration=8 days
🟢 ENTRY SIGNAL: IBS=0.074 < 0.1 on 2008-11-19
🟢 ENTRY EXECUTION(close): bought 49 shares at $280.18 on 2008-11-19
🔴 EXIT: IBS=0.762, ibs_signal, P&L=$91.63, Duration=6 days
🟢 ENTRY SIGNAL: IBS=0.000 < 0.1 on 2008-12-01
🟢 ENTRY EXECUTION(close): bought 52 shares at $265.99 on 2008-12-01
🔴 EXIT: IBS=0.824, ibs_signal, P&L=$474.24, Duration=1 days
🟢 ENTRY SIGNAL: IBS=0.000 < 0.1 on 2009-01-20
🟢 ENTRY EXECUTION(close): bought 51 shares at $282.75 on 2009-01-20
🔴 EXIT: IBS=0.972, ibs_signal, P&L=$1036.83, Duration=1 days
🟢 ENTRY SIGNAL: IBS=0.032 < 0.1 on 2009-02-10
🟢 ENTRY EXECUTION(close): bought 43 shares at $358.51 on 2009-02-10
🔴 EXIT: IBS=0.953, ibs_signal, P&L=$195.22, Duration=2 days
🟢 ENTRY SIGNAL: IBS=0.067 < 0.1 on 2009-02-19
🟢 ENTRY EXECUTION(close): bought 45 shares at $342.64 on 2009-02-19
🔴 EXIT: IBS=0.823, ibs_signal, P&L=$171.45, Duration=1 days
🟢 ENTRY SIGNAL: IBS=0.025 < 0.1 on 2009-02-23
🟢 ENTRY EXECUTION(close): bought 48 shares at $330.06 on 2009-02-23
🔴 EXIT: IBS=0.777, ibs_signal, P&L=$738.72, Duration=1 days
🟢 ENTRY SIGNAL: IBS=0.001 < 0.1 on 2009-02-26
🟢 ENTRY EXECUTION(close): bought 49 shares at $337.18 on 2009-02-26
🔴 EXIT: IBS=0.898, ibs_signal, P&L=$-1401.89, Duration=8 days
🟢 ENTRY SIGNAL: IBS=0.084 < 0.1 on 2009-03-09
🟢 ENTRY EXECUTION(close): bought 52 shares at $290.89 on 2009-03-09
🔴 EXIT: IBS=0.857, ibs_signal, P&L=$898.56, Duration=1 days
🟢 ENTRY SIGNAL: IBS=0.099 < 0.1 on 2009-03-16
🟢 ENTRY EXECUTION(close): bought 50 shares at $319.69 on 2009-03-16
🔴 EXIT: IBS=1.000, ibs_signal, P&L=$782.50, Duration=1 days
🟢 ENTRY SIGNAL: IBS=0.049 < 0.1 on 2009-07-07
🟢 ENTRY EXECUTION(close): bought 42 shares at $396.63 on 2009-07-07
🔴 EXIT: IBS=0.976, ibs_signal, P&L=$1162.14, Duration=6 days
🟢 ENTRY SIGNAL: IBS=0.060 < 0.1 on 2009-07-31
🟢 ENTRY EXECUTION(close): bought 40 shares at $443.05 on 2009-07-31
🔴 EXIT: IBS=0.952, ibs_signal, P&L=$427.36, Duration=4 days
🟢 ENTRY SIGNAL: IBS=0.073 < 0.1 on 2009-09-02
🟢 ENTRY EXECUTION(close): bought 40 shares at $453.01 on 2009-09-02
🔴 EXIT: IBS=0.775, ibs_signal, P&L=$180.40, Duration=1 days
🟢 ENTRY SIGNAL: IBS=0.040 < 0.1 on 2009-09-18
🟢 ENTRY EXECUTION(close): bought 37 shares at $491.46 on 2009-09-18
🔴 EXIT: IBS=0.850, ibs_signal, P&L=$204.98, Duration=3 days
🟢 ENTRY SIGNAL: IBS=0.081 < 0.1 on 2009-09-23
🟢 ENTRY EXECUTION(close): bought 37 shares at $498.46 on 2009-09-23
🔴 EXIT: IBS=0.819, ibs_signal, P&L=$2.59, Duration=6 days
🟢 ENTRY SIGNAL: IBS=0.021 < 0.1 on 2009-10-01
🟢 ENTRY EXECUTION(close): bought 38 shares at $487.20 on 2009-10-01
🔴 EXIT: IBS=0.918, ibs_signal, P&L=$438.52, Duration=5 days
🟢 ENTRY SIGNAL: IBS=0.085 < 0.1 on 2009-10-08
🟢 ENTRY EXECUTION(close): bought 37 shares at $514.18 on 2009-10-08
🔴 EXIT: IBS=0.778, ibs_signal, P&L=$441.41, Duration=5 days
🟢 ENTRY SIGNAL: IBS=0.046 < 0.1 on 2009-12-17
🟢 ENTRY EXECUTION(close): bought 33 shares at $593.94 on 2009-12-17
🔴 EXIT: IBS=0.857, ibs_signal, P&L=$236.94, Duration=5 days
🟢 ENTRY SIGNAL: IBS=0.000 < 0.1 on 2009-12-31
🟢 ENTRY EXECUTION(close): bought 32 shares at $619.98 on 2009-12-31
🔴 EXIT: IBS=0.913, ibs_signal, P&L=$-574.72, Duration=8 days
🟢 ENTRY SIGNAL: IBS=0.098 < 0.1 on 2010-02-04
🟢 ENTRY EXECUTION(close): bought 36 shares at $526.78 on 2010-02-04
🔴 EXIT: IBS=0.800, ibs_signal, P&L=$162.43, Duration=1 days
🟢 ENTRY SIGNAL: IBS=0.042 < 0.1 on 2010-03-12
🟢 ENTRY EXECUTION(close): bought 33 shares at $579.54 on 2010-03-12
🔴 EXIT: IBS=0.875, ibs_signal, P&L=$-732.93, Duration=12 days
🟢 ENTRY SIGNAL: IBS=0.027 < 0.1 on 2010-04-16
🟢 ENTRY EXECUTION(close): bought 34 shares at $550.14 on 2010-04-16
🔴 EXIT: IBS=0.886, ibs_signal, P&L=$-968.83, Duration=24 days
🟢 ENTRY SIGNAL: IBS=0.071 < 0.1 on 2010-05-11
🟢 ENTRY EXECUTION(close): bought 35 shares at $509.05 on 2010-05-11
🔴 EXIT: IBS=0.765, ibs_signal, P&L=$-53.20, Duration=3 days
🟢 ENTRY SIGNAL: IBS=0.094 < 0.1 on 2010-05-18
🟢 ENTRY EXECUTION(close): bought 35 shares at $498.37 on 2010-05-18
🔴 EXIT: IBS=0.972, ibs_signal, P&L=$-745.50, Duration=7 days
🟢 ENTRY SIGNAL: IBS=0.032 < 0.1 on 2010-05-26
🟢 ENTRY EXECUTION(close): bought 35 shares at $475.47 on 2010-05-26
🔴 EXIT: IBS=0.836, ibs_signal, P&L=$524.65, Duration=1 days
🟢 ENTRY SIGNAL: IBS=0.000 < 0.1 on 2010-06-14
🟢 ENTRY EXECUTION(close): bought 36 shares at $483.19 on 2010-06-14
🔴 EXIT: IBS=0.868, ibs_signal, P&L=$532.80, Duration=1 days
🟢 ENTRY SIGNAL: IBS=0.048 < 0.1 on 2010-06-22
🟢 ENTRY EXECUTION(close): bought 37 shares at $486.25 on 2010-06-22
🔴 EXIT: IBS=0.931, ibs_signal, P&L=$-1333.85, Duration=15 days
🟢 ENTRY SIGNAL: IBS=0.008 < 0.1 on 2010-07-16
🟢 ENTRY EXECUTION(close): bought 36 shares at $459.61 on 2010-07-16
🔴 EXIT: IBS=0.937, ibs_signal, P&L=$791.46, Duration=4 days
🟢 ENTRY SIGNAL: IBS=0.037 < 0.1 on 2010-08-11
🟢 ENTRY EXECUTION(close): bought 35 shares at $491.74 on 2010-08-11
🔴 EXIT: IBS=0.776, ibs_signal, P&L=$9.45, Duration=1 days
🟢 ENTRY SIGNAL: IBS=0.066 < 0.1 on 2010-08-13
🟢 ENTRY EXECUTION(close): bought 36 shares at $486.35 on 2010-08-13
🔴 EXIT: IBS=0.906, ibs_signal, P&L=$-990.72, Duration=14 days
🟢 ENTRY SIGNAL: IBS=0.037 < 0.1 on 2010-08-30
🟢 ENTRY EXECUTION(close): bought 36 shares at $452.69 on 2010-08-30
🔴 EXIT: IBS=0.760, ibs_signal, P&L=$644.04, Duration=9 days
🟢 ENTRY SIGNAL: IBS=0.075 < 0.1 on 2010-09-14
🟢 ENTRY EXECUTION(close): bought 35 shares at $480.43 on 2010-09-14
🔴 EXIT: IBS=0.895, ibs_signal, P&L=$340.20, Duration=3 days
🟢 ENTRY SIGNAL: IBS=0.049 < 0.1 on 2010-10-20
🟢 ENTRY EXECUTION(close): bought 28 shares at $607.98 on 2010-10-20
🔴 EXIT: IBS=0.802, ibs_signal, P&L=$341.60, Duration=14 days
🟢 ENTRY SIGNAL: IBS=0.019 < 0.1 on 2010-11-16
🟢 ENTRY EXECUTION(close): bought 30 shares at $583.72 on 2010-11-16
🔴 EXIT: IBS=0.792, ibs_signal, P&L=$225.00, Duration=6 days
🟢 ENTRY SIGNAL: IBS=0.059 < 0.1 on 2010-12-13
🟢 ENTRY EXECUTION(close): bought 30 shares at $594.62 on 2010-12-13
🔴 EXIT: IBS=0.768, ibs_signal, P&L=$253.50, Duration=8 days
🟢 ENTRY SIGNAL: IBS=0.015 < 0.1 on 2011-01-21
🟢 ENTRY EXECUTION(close): bought 30 shares at $611.83 on 2011-01-21
🔴 EXIT: IBS=0.875, ibs_signal, P&L=$-22.50, Duration=3 days
🟢 ENTRY SIGNAL: IBS=0.060 < 0.1 on 2011-01-28
🟢 ENTRY EXECUTION(close): bought 30 shares at $600.99 on 2011-01-28
🔴 EXIT: IBS=0.774, ibs_signal, P&L=$301.50, Duration=4 days
🟢 ENTRY SIGNAL: IBS=0.073 < 0.1 on 2011-03-01
🟢 ENTRY EXECUTION(close): bought 31 shares at $600.76 on 2011-03-01
🔴 EXIT: IBS=0.907, ibs_signal, P&L=$-967.20, Duration=14 days
🟢 ENTRY SIGNAL: IBS=0.097 < 0.1 on 2011-03-17
🟢 ENTRY EXECUTION(close): bought 31 shares at $561.36 on 2011-03-17
🔴 EXIT: IBS=0.972, ibs_signal, P&L=$644.80, Duration=6 days
🟢 ENTRY SIGNAL: IBS=0.065 < 0.1 on 2011-03-25
🟢 ENTRY EXECUTION(close): bought 31 shares at $579.74 on 2011-03-25
🔴 EXIT: IBS=0.982, ibs_signal, P&L=$61.69, Duration=4 days
🟢 ENTRY SIGNAL: IBS=0.015 < 0.1 on 2011-04-08
🟢 ENTRY EXECUTION(close): bought 31 shares at $578.16 on 2011-04-08
🔴 EXIT: IBS=0.857, ibs_signal, P&L=$-24.49, Duration=3 days
🟢 ENTRY SIGNAL: IBS=0.041 < 0.1 on 2011-04-15
🟢 ENTRY EXECUTION(close): bought 34 shares at $530.70 on 2011-04-15
🔴 EXIT: IBS=0.905, ibs_signal, P&L=$-131.24, Duration=3 days
🟢 ENTRY SIGNAL: IBS=0.063 < 0.1 on 2011-04-19
🟢 ENTRY EXECUTION(close): bought 35 shares at $521.53 on 2011-04-19
🔴 EXIT: IBS=0.799, ibs_signal, P&L=$147.00, Duration=1 days
🟢 ENTRY SIGNAL: IBS=0.019 < 0.1 on 2011-05-06
🟢 ENTRY EXECUTION(close): bought 34 shares at $535.30 on 2011-05-06
🔴 EXIT: IBS=0.890, ibs_signal, P&L=$80.92, Duration=3 days
🟢 ENTRY SIGNAL: IBS=0.073 < 0.1 on 2011-05-13
🟢 ENTRY EXECUTION(close): bought 34 shares at $529.55 on 2011-05-13
🔴 EXIT: IBS=0.953, ibs_signal, P&L=$30.94, Duration=4 days
🟢 ENTRY SIGNAL: IBS=0.019 < 0.1 on 2011-05-24
🟢 ENTRY EXECUTION(close): bought 35 shares at $518.26 on 2011-05-24
🔴 EXIT: IBS=0.838, ibs_signal, P&L=$92.40, Duration=3 days
🟢 ENTRY SIGNAL: IBS=0.037 < 0.1 on 2011-06-01
🟢 ENTRY EXECUTION(close): bought 35 shares at $525.60 on 2011-06-01
🔴 EXIT: IBS=0.764, ibs_signal, P&L=$-1435.70, Duration=19 days
🟢 ENTRY SIGNAL: IBS=0.049 < 0.1 on 2011-06-22
🟢 ENTRY EXECUTION(close): bought 35 shares at $487.00 on 2011-06-22
🔴 EXIT: IBS=0.790, ibs_signal, P&L=$232.58, Duration=6 days
🟢 ENTRY SIGNAL: IBS=0.000 < 0.1 on 2011-07-20
🟢 ENTRY EXECUTION(close): bought 29 shares at $595.35 on 2011-07-20
🔴 EXIT: IBS=0.924, ibs_signal, P&L=$337.56, Duration=1 days
🟢 ENTRY SIGNAL: IBS=0.000 < 0.1 on 2011-07-29
🟢 ENTRY EXECUTION(close): bought 29 shares at $603.69 on 2011-07-29
🔴 EXIT: IBS=0.906, ibs_signal, P&L=$-73.08, Duration=5 days
🟢 ENTRY SIGNAL: IBS=0.002 < 0.1 on 2011-08-04
🟢 ENTRY EXECUTION(close): bought 30 shares at $577.52 on 2011-08-04
🔴 EXIT: IBS=0.964, ibs_signal, P&L=$-123.30, Duration=5 days
🟢 ENTRY SIGNAL: IBS=0.078 < 0.1 on 2011-08-10
🟢 ENTRY EXECUTION(close): bought 31 shares at $549.01 on 2011-08-10
🔴 EXIT: IBS=0.884, ibs_signal, P&L=$-935.89, Duration=13 days
🟢 ENTRY SIGNAL: IBS=0.092 < 0.1 on 2011-08-25
🟢 ENTRY EXECUTION(close): bought 31 shares at $520.04 on 2011-08-25
🔴 EXIT: IBS=0.792, ibs_signal, P&L=$211.42, Duration=1 days
🟢 ENTRY SIGNAL: IBS=0.021 < 0.1 on 2011-09-21
🟢 ENTRY EXECUTION(close): bought 31 shares at $539.20 on 2011-09-21
🔴 EXIT: IBS=0.924, ibs_signal, P&L=$-424.39, Duration=2 days
🟢 ENTRY SIGNAL: IBS=0.070 < 0.1 on 2011-09-28
🟢 ENTRY EXECUTION(close): bought 31 shares at $528.84 on 2011-09-28
🔴 EXIT: IBS=0.933, ibs_signal, P&L=$-835.14, Duration=6 days
🟢 ENTRY SIGNAL: IBS=0.026 < 0.1 on 2011-10-25
🟢 ENTRY EXECUTION(close): bought 26 shares at $583.16 on 2011-10-25
🔴 EXIT: IBS=0.777, ibs_signal, P&L=$81.90, Duration=1 days
🟢 ENTRY SIGNAL: IBS=0.000 < 0.1 on 2011-11-23
🟢 ENTRY EXECUTION(close): bought 27 shares at $570.11 on 2011-11-23
🔴 EXIT: IBS=0.949, ibs_signal, P&L=$488.16, Duration=5 days
🟢 ENTRY SIGNAL: IBS=0.062 < 0.1 on 2011-12-08
🟢 ENTRY EXECUTION(close): bought 26 shares at $616.05 on 2011-12-08
🔴 EXIT: IBS=0.859, ibs_signal, P&L=$295.62, Duration=1 days
🟢 ENTRY SIGNAL: IBS=0.023 < 0.1 on 2012-01-06
🟢 ENTRY EXECUTION(close): bought 25 shares at $650.02 on 2012-01-06
🔴 EXIT: IBS=0.908, ibs_signal, P&L=$-427.75, Duration=12 days
🟢 ENTRY SIGNAL: IBS=0.021 < 0.1 on 2012-03-09
🟢 ENTRY EXECUTION(close): bought 26 shares at $600.25 on 2012-03-09
🔴 EXIT: IBS=0.761, ibs_signal, P&L=$127.40, Duration=3 days
🟢 ENTRY SIGNAL: IBS=0.019 < 0.1 on 2012-03-30
🟢 ENTRY EXECUTION(close): bought 25 shares at $641.24 on 2012-03-30
🔴 EXIT: IBS=0.954, ibs_signal, P&L=$142.00, Duration=3 days
🟢 ENTRY SIGNAL: IBS=0.042 < 0.1 on 2012-04-13
🟢 ENTRY EXECUTION(close): bought 26 shares at $624.60 on 2012-04-13
🔴 EXIT: IBS=0.897, ibs_signal, P&L=$-702.00, Duration=10 days
🟢 ENTRY SIGNAL: IBS=0.014 < 0.1 on 2012-05-04
🟢 ENTRY EXECUTION(close): bought 26 shares at $596.97 on 2012-05-04
🔴 EXIT: IBS=0.806, ibs_signal, P&L=$275.08, Duration=3 days
🟢 ENTRY SIGNAL: IBS=0.047 < 0.1 on 2012-05-11
🟢 ENTRY EXECUTION(close): bought 26 shares at $605.23 on 2012-05-11
🔴 EXIT: IBS=0.917, ibs_signal, P&L=$616.20, Duration=5 days
🟢 ENTRY SIGNAL: IBS=0.092 < 0.1 on 2012-06-07
🟢 ENTRY EXECUTION(close): bought 28 shares at $578.23 on 2012-06-07
🔴 EXIT: IBS=0.914, ibs_signal, P&L=$62.16, Duration=1 days
🟢 ENTRY SIGNAL: IBS=0.097 < 0.1 on 2012-06-11
🟢 ENTRY EXECUTION(close): bought 29 shares at $568.50 on 2012-06-11
🔴 EXIT: IBS=0.999, ibs_signal, P&L=$-115.71, Duration=4 days
🟢 ENTRY SIGNAL: IBS=0.092 < 0.1 on 2012-06-21
🟢 ENTRY EXECUTION(close): bought 29 shares at $565.21 on 2012-06-21
🔴 EXIT: IBS=1.000, ibs_signal, P&L=$181.83, Duration=1 days
🟢 ENTRY SIGNAL: IBS=0.087 < 0.1 on 2012-09-25
🟢 ENTRY EXECUTION(close): bought 22 shares at $749.16 on 2012-09-25
🔴 EXIT: IBS=0.879, ibs_signal, P&L=$293.48, Duration=8 days
🟢 ENTRY SIGNAL: IBS=0.083 < 0.1 on 2012-10-09
🟢 ENTRY EXECUTION(close): bought 22 shares at $744.09 on 2012-10-09
🔴 EXIT: IBS=0.783, ibs_signal, P&L=$-68.42, Duration=6 days
🟢 ENTRY SIGNAL: IBS=0.067 < 0.1 on 2012-11-02
🟢 ENTRY EXECUTION(close): bought 24 shares at $687.92 on 2012-11-02
🔴 EXIT: IBS=0.947, ibs_signal, P&L=$-472.99, Duration=17 days
🟢 ENTRY SIGNAL: IBS=0.097 < 0.1 on 2012-12-03
🟢 ENTRY EXECUTION(close): bought 23 shares at $695.25 on 2012-12-03
🔴 EXIT: IBS=0.751, ibs_signal, P&L=$253.92, Duration=24 days
🟢 ENTRY SIGNAL: IBS=0.000 < 0.1 on 2012-12-28
🟢 ENTRY EXECUTION(close): bought 23 shares at $700.01 on 2012-12-28
🔴 EXIT: IBS=0.781, ibs_signal, P&L=$169.51, Duration=3 days
🟢 ENTRY SIGNAL: IBS=0.045 < 0.1 on 2013-01-14
🟢 ENTRY EXECUTION(close): bought 23 shares at $723.25 on 2013-01-14
🔴 EXIT: IBS=0.816, ibs_signal, P&L=$703.34, Duration=10 days
🟢 ENTRY SIGNAL: IBS=0.061 < 0.1 on 2013-02-04
🟢 ENTRY EXECUTION(close): bought 23 shares at $759.02 on 2013-02-04
🔴 EXIT: IBS=0.807, ibs_signal, P&L=$256.45, Duration=2 days
🟢 ENTRY SIGNAL: IBS=0.039 < 0.1 on 2013-02-20
🟢 ENTRY EXECUTION(close): bought 22 shares at $792.46 on 2013-02-20
🔴 EXIT: IBS=0.793, ibs_signal, P&L=$159.50, Duration=2 days
🟢 ENTRY SIGNAL: IBS=0.016 < 0.1 on 2013-02-25
🟢 ENTRY EXECUTION(close): bought 22 shares at $790.77 on 2013-02-25
🔴 EXIT: IBS=0.914, ibs_signal, P&L=$339.24, Duration=4 days
🟢 ENTRY SIGNAL: IBS=0.074 < 0.1 on 2013-03-28
🟢 ENTRY EXECUTION(close): bought 22 shares at $794.19 on 2013-03-28
🔴 EXIT: IBS=0.882, ibs_signal, P&L=$154.04, Duration=4 days
🟢 ENTRY SIGNAL: IBS=0.074 < 0.1 on 2013-05-28
🟢 ENTRY EXECUTION(close): bought 20 shares at $881.27 on 2013-05-28
🔴 EXIT: IBS=0.912, ibs_signal, P&L=$-332.60, Duration=9 days
🟢 ENTRY SIGNAL: IBS=0.039 < 0.1 on 2013-06-11
🟢 ENTRY EXECUTION(close): bought 20 shares at $879.81 on 2013-06-11
🔴 EXIT: IBS=0.812, ibs_signal, P&L=$-56.20, Duration=2 days
🟢 ENTRY SIGNAL: IBS=0.086 < 0.1 on 2013-06-14
🟢 ENTRY EXECUTION(close): bought 20 shares at $875.04 on 2013-06-14
🔴 EXIT: IBS=0.970, ibs_signal, P&L=$511.60, Duration=4 days
🟢 ENTRY SIGNAL: IBS=0.081 < 0.1 on 2013-06-20
🟢 ENTRY EXECUTION(close): bought 20 shares at $884.74 on 2013-06-20
🔴 EXIT: IBS=0.808, ibs_signal, P&L=$-87.40, Duration=8 days
🟢 ENTRY SIGNAL: IBS=0.099 < 0.1 on 2013-07-29
🟢 ENTRY EXECUTION(close): bought 20 shares at $882.27 on 2013-07-29
🔴 EXIT: IBS=0.965, ibs_signal, P&L=$439.00, Duration=3 days
🟢 ENTRY SIGNAL: IBS=0.060 < 0.1 on 2013-08-06
🟢 ENTRY EXECUTION(close): bought 21 shares at $896.57 on 2013-08-06
🔴 EXIT: IBS=0.769, ibs_signal, P&L=$-480.06, Duration=16 days
🟢 ENTRY SIGNAL: IBS=0.056 < 0.1 on 2013-08-23
🟢 ENTRY EXECUTION(close): bought 21 shares at $870.21 on 2013-08-23
🔴 EXIT: IBS=0.898, ibs_signal, P&L=$29.90, Duration=12 days
🟢 ENTRY SIGNAL: IBS=0.079 < 0.1 on 2013-09-23
🟢 ENTRY EXECUTION(close): bought 20 shares at $886.50 on 2013-09-23
🔴 EXIT: IBS=0.818, ibs_signal, P&L=$-202.20, Duration=4 days
🟢 ENTRY SIGNAL: IBS=0.048 < 0.1 on 2013-10-24
🟢 ENTRY EXECUTION(close): bought 17 shares at $1025.55 on 2013-10-24
🔴 EXIT: IBS=0.970, ibs_signal, P&L=$181.73, Duration=5 days
🟢 ENTRY SIGNAL: IBS=0.019 < 0.1 on 2013-11-07
🟢 ENTRY EXECUTION(close): bought 18 shares at $1007.95 on 2013-11-07
🔴 EXIT: IBS=0.753, ibs_signal, P&L=$145.44, Duration=1 days
🟢 ENTRY SIGNAL: IBS=0.020 < 0.1 on 2013-11-29
🟢 ENTRY EXECUTION(close): bought 17 shares at $1059.59 on 2013-11-29
🔴 EXIT: IBS=0.987, ibs_signal, P&L=$174.76, Duration=7 days
🟢 ENTRY SIGNAL: IBS=0.069 < 0.1 on 2013-12-12
🟢 ENTRY EXECUTION(close): bought 17 shares at $1069.96 on 2013-12-12
🔴 EXIT: IBS=0.865, ibs_signal, P&L=$51.34, Duration=4 days
🟢 ENTRY SIGNAL: IBS=0.038 < 0.1 on 2013-12-30
🟢 ENTRY EXECUTION(close): bought 16 shares at $1109.46 on 2013-12-30
🔴 EXIT: IBS=0.980, ibs_signal, P&L=$180.00, Duration=1 days
🟢 ENTRY SIGNAL: IBS=0.006 < 0.1 on 2014-01-03
🟢 ENTRY EXECUTION(close): bought 17 shares at $1105.00 on 2014-01-03
🔴 EXIT: IBS=0.876, ibs_signal, P&L=$209.44, Duration=3 days
🟢 ENTRY SIGNAL: IBS=0.027 < 0.1 on 2014-01-24
🟢 ENTRY EXECUTION(close): bought 17 shares at $1123.83 on 2014-01-24
🔴 EXIT: IBS=0.827, ibs_signal, P&L=$-13.94, Duration=4 days
🟢 ENTRY SIGNAL: IBS=0.029 < 0.1 on 2014-02-03
🟢 ENTRY EXECUTION(close): bought 16 shares at $1133.43 on 2014-02-03
🔴 EXIT: IBS=0.984, ibs_signal, P&L=$424.48, Duration=3 days
🟢 ENTRY SIGNAL: IBS=0.015 < 0.1 on 2014-03-14
🟢 ENTRY EXECUTION(close): bought 16 shares at $1172.80 on 2014-03-14
🔴 EXIT: IBS=0.985, ibs_signal, P&L=$615.36, Duration=4 days
🟢 ENTRY SIGNAL: IBS=0.022 < 0.1 on 2014-03-21
🟢 ENTRY EXECUTION(close): bought 17 shares at $1183.04 on 2014-03-21
🔴 EXIT: IBS=0.866, ibs_signal, P&L=$-818.55, Duration=11 days
🟢 ENTRY SIGNAL: IBS=0.021 < 0.1 on 2014-04-04
🟢 ENTRY EXECUTION(close): bought 35 shares at $545.25 on 2014-04-04
🔴 EXIT: IBS=0.844, ibs_signal, P&L=$429.10, Duration=4 days
🟢 ENTRY SIGNAL: IBS=0.052 < 0.1 on 2014-04-10
🟢 ENTRY EXECUTION(close): bought 36 shares at $546.69 on 2014-04-10
🔴 EXIT: IBS=0.812, ibs_signal, P&L=$72.36, Duration=5 days
🟢 ENTRY SIGNAL: IBS=0.053 < 0.1 on 2014-04-25
🟢 ENTRY EXECUTION(close): bought 37 shares at $523.10 on 2014-04-25
🔴 EXIT: IBS=0.804, ibs_signal, P&L=$-4.44, Duration=3 days
🟢 ENTRY SIGNAL: IBS=0.066 < 0.1 on 2014-05-02
🟢 ENTRY EXECUTION(close): bought 37 shares at $533.87 on 2014-05-02
🔴 EXIT: IBS=0.952, ibs_signal, P&L=$54.02, Duration=3 days
🟢 ENTRY SIGNAL: IBS=0.025 < 0.1 on 2014-05-06
🟢 ENTRY EXECUTION(close): bought 38 shares at $522.57 on 2014-05-06
🔴 EXIT: IBS=0.944, ibs_signal, P&L=$153.90, Duration=3 days
🟢 ENTRY SIGNAL: IBS=0.065 < 0.1 on 2014-05-28
🟢 ENTRY EXECUTION(close): bought 35 shares at $570.45 on 2014-05-28
🔴 EXIT: IBS=0.863, ibs_signal, P&L=$42.00, Duration=2 days
🟢 ENTRY SIGNAL: IBS=0.055 < 0.1 on 2014-07-16
🟢 ENTRY EXECUTION(close): bought 34 shares at $590.62 on 2014-07-16
🔴 EXIT: IBS=0.899, ibs_signal, P&L=$492.66, Duration=2 days
🟢 ENTRY SIGNAL: IBS=0.038 < 0.1 on 2014-09-25
🟢 ENTRY EXECUTION(close): bought 35 shares at $585.25 on 2014-09-25
🔴 EXIT: IBS=0.806, ibs_signal, P&L=$89.60, Duration=4 days
🟢 ENTRY SIGNAL: IBS=0.000 < 0.1 on 2014-10-07
🟢 ENTRY EXECUTION(close): bought 36 shares at $574.10 on 2014-10-07
🔴 EXIT: IBS=0.944, ibs_signal, P&L=$347.04, Duration=1 days
🟢 ENTRY SIGNAL: IBS=0.009 < 0.1 on 2014-10-10
🟢 ENTRY EXECUTION(close): bought 37 shares at $555.19 on 2014-10-10
🔴 EXIT: IBS=0.794, ibs_signal, P&L=$-535.02, Duration=5 days
🟢 ENTRY SIGNAL: IBS=0.079 < 0.1 on 2014-11-18
🟢 ENTRY EXECUTION(close): bought 37 shares at $544.51 on 2014-11-18
🔴 EXIT: IBS=0.887, ibs_signal, P&L=$99.53, Duration=1 days
🟢 ENTRY SIGNAL: IBS=0.075 < 0.1 on 2014-12-05
🟢 ENTRY EXECUTION(close): bought 39 shares at $528.08 on 2014-12-05
🔴 EXIT: IBS=0.959, ibs_signal, P&L=$313.17, Duration=4 days
🟢 ENTRY SIGNAL: IBS=0.046 < 0.1 on 2014-12-10
🟢 ENTRY EXECUTION(close): bought 39 shares at $528.04 on 2014-12-10
🔴 EXIT: IBS=0.832, ibs_signal, P&L=$-523.38, Duration=8 days
🟢 ENTRY SIGNAL: IBS=0.022 < 0.1 on 2014-12-29
🟢 ENTRY EXECUTION(close): bought 37 shares at $537.31 on 2014-12-29
🔴 EXIT: IBS=0.953, ibs_signal, P&L=$-1124.80, Duration=10 days
🟢 ENTRY SIGNAL: IBS=0.091 < 0.1 on 2015-01-20
🟢 ENTRY EXECUTION(close): bought 37 shares at $509.94 on 2015-01-20
🔴 EXIT: IBS=0.881, ibs_signal, P&L=$386.65, Duration=1 days
🟢 ENTRY SIGNAL: IBS=0.028 < 0.1 on 2015-01-27
🟢 ENTRY EXECUTION(close): bought 37 shares at $521.19 on 2015-01-27
🔴 EXIT: IBS=0.833, ibs_signal, P&L=$-294.52, Duration=2 days
🟢 ENTRY SIGNAL: IBS=0.091 < 0.1 on 2015-02-04
🟢 ENTRY EXECUTION(close): bought 36 shares at $526.10 on 2015-02-04
🔴 EXIT: IBS=0.830, ibs_signal, P&L=$134.28, Duration=1 days
🟢 ENTRY SIGNAL: IBS=0.078 < 0.1 on 2015-03-06
🟢 ENTRY EXECUTION(close): bought 34 shares at $572.90 on 2015-03-06
🔴 EXIT: IBS=0.789, ibs_signal, P&L=$40.80, Duration=3 days
🟢 ENTRY SIGNAL: IBS=0.003 < 0.1 on 2015-03-10
🟢 ENTRY EXECUTION(close): bought 34 shares at $559.85 on 2015-03-10
🔴 EXIT: IBS=0.894, ibs_signal, P&L=$44.88, Duration=2 days
🟢 ENTRY SIGNAL: IBS=0.000 < 0.1 on 2015-03-25
🟢 ENTRY EXECUTION(close): bought 34 shares at $567.00 on 2015-03-25
🔴 EXIT: IBS=0.809, ibs_signal, P&L=$-199.41, Duration=5 days
🟢 ENTRY SIGNAL: IBS=0.004 < 0.1 on 2015-03-31
🟢 ENTRY EXECUTION(close): bought 34 shares at $554.70 on 2015-03-31
🔴 EXIT: IBS=0.838, ibs_signal, P&L=$-365.50, Duration=6 days
🟢 ENTRY SIGNAL: IBS=0.066 < 0.1 on 2015-05-05
🟢 ENTRY EXECUTION(close): bought 35 shares at $543.04 on 2015-05-05
🔴 EXIT: IBS=0.932, ibs_signal, P&L=$215.43, Duration=9 days
🟢 ENTRY SIGNAL: IBS=0.031 < 0.1 on 2015-05-29
🟢 ENTRY EXECUTION(close): bought 35 shares at $545.32 on 2015-05-29
🔴 EXIT: IBS=0.805, ibs_signal, P&L=$136.15, Duration=3 days
🟢 ENTRY SIGNAL: IBS=0.077 < 0.1 on 2015-06-08
🟢 ENTRY EXECUTION(close): bought 35 shares at $543.48 on 2015-06-08
🔴 EXIT: IBS=0.775, ibs_signal, P&L=$319.20, Duration=2 days
🟢 ENTRY SIGNAL: IBS=0.087 < 0.1 on 2015-06-25
🟢 ENTRY EXECUTION(close): bought 35 shares at $557.95 on 2015-06-25
🔴 EXIT: IBS=0.851, ibs_signal, P&L=$-371.35, Duration=7 days
🟢 ENTRY SIGNAL: IBS=0.071 < 0.1 on 2015-07-08
🟢 ENTRY EXECUTION(close): bought 35 shares at $541.70 on 2015-07-08
🔴 EXIT: IBS=0.921, ibs_signal, P&L=$1051.05, Duration=5 days
🟢 ENTRY SIGNAL: IBS=0.065 < 0.1 on 2015-07-24
🟢 ENTRY EXECUTION(close): bought 31 shares at $654.77 on 2015-07-24
🔴 EXIT: IBS=0.819, ibs_signal, P&L=$206.46, Duration=5 days
🟢 ENTRY SIGNAL: IBS=0.038 < 0.1 on 2015-07-31
🟢 ENTRY EXECUTION(close): bought 31 shares at $657.50 on 2015-07-31
🔴 EXIT: IBS=0.784, ibs_signal, P&L=$223.82, Duration=3 days
🟢 ENTRY SIGNAL: IBS=0.031 < 0.1 on 2015-08-21
🟢 ENTRY EXECUTION(close): bought 32 shares at $644.03 on 2015-08-21
🔴 EXIT: IBS=0.915, ibs_signal, P&L=$502.72, Duration=5 days
🟢 ENTRY SIGNAL: IBS=0.081 < 0.1 on 2015-08-31
🟢 ENTRY EXECUTION(close): bought 32 shares at $647.82 on 2015-08-31
🔴 EXIT: IBS=0.990, ibs_signal, P&L=$-93.12, Duration=2 days
🟢 ENTRY SIGNAL: IBS=0.091 < 0.1 on 2015-09-18
🟢 ENTRY EXECUTION(close): bought 32 shares at $660.92 on 2015-09-18
🔴 EXIT: IBS=0.816, ibs_signal, P&L=$193.92, Duration=3 days
🟢 ENTRY SIGNAL: IBS=0.026 < 0.1 on 2015-09-25
🟢 ENTRY EXECUTION(close): bought 33 shares at $640.15 on 2015-09-25
🔴 EXIT: IBS=0.792, ibs_signal, P&L=$-97.35, Duration=5 days
🟢 ENTRY SIGNAL: IBS=0.077 < 0.1 on 2015-10-21
🟢 ENTRY EXECUTION(close): bought 31 shares at $671.80 on 2015-10-21
🔴 EXIT: IBS=0.955, ibs_signal, P&L=$2018.72, Duration=7 days
🟢 ENTRY SIGNAL: IBS=0.088 < 0.1 on 2015-10-30
🟢 ENTRY EXECUTION(close): bought 31 shares at $737.39 on 2015-10-30
🔴 EXIT: IBS=0.974, ibs_signal, P&L=$320.85, Duration=3 days
🟢 ENTRY SIGNAL: IBS=0.067 < 0.1 on 2015-11-12
🟢 ENTRY EXECUTION(close): bought 31 shares at $756.53 on 2015-11-12
🔴 EXIT: IBS=0.926, ibs_signal, P&L=$-189.41, Duration=4 days
🟢 ENTRY SIGNAL: IBS=0.085 < 0.1 on 2015-12-02
🟢 ENTRY EXECUTION(close): bought 30 shares at $777.85 on 2015-12-02
🔴 EXIT: IBS=0.810, ibs_signal, P&L=$40.80, Duration=2 days
🟢 ENTRY SIGNAL: IBS=0.043 < 0.1 on 2015-12-17
🟢 ENTRY EXECUTION(close): bought 30 shares at $769.83 on 2015-12-17
🔴 EXIT: IBS=0.762, ibs_signal, P&L=$-39.60, Duration=6 days
🟢 ENTRY SIGNAL: IBS=0.063 < 0.1 on 2015-12-31
🟢 ENTRY EXECUTION(close): bought 30 shares at $778.01 on 2015-12-31
🔴 EXIT: IBS=0.812, ibs_signal, P&L=$-557.10, Duration=4 days
🟢 ENTRY SIGNAL: IBS=0.094 < 0.1 on 2016-01-08
🟢 ENTRY EXECUTION(close): bought 31 shares at $730.91 on 2016-01-08
🔴 EXIT: IBS=0.870, ibs_signal, P&L=$66.96, Duration=3 days
🟢 ENTRY SIGNAL: IBS=0.077 < 0.1 on 2016-01-13
🟢 ENTRY EXECUTION(close): bought 31 shares at $719.57 on 2016-01-13
🔴 EXIT: IBS=0.756, ibs_signal, P&L=$366.42, Duration=1 days
🟢 ENTRY SIGNAL: IBS=0.056 < 0.1 on 2016-01-25
🟢 ENTRY EXECUTION(close): bought 31 shares at $733.62 on 2016-01-25
🔴 EXIT: IBS=0.861, ibs_signal, P&L=$455.08, Duration=3 days
🟢 ENTRY SIGNAL: IBS=0.010 < 0.1 on 2016-02-02
🟢 ENTRY EXECUTION(close): bought 30 shares at $780.91 on 2016-02-02
🔴 EXIT: IBS=0.984, ibs_signal, P&L=$-2302.50, Duration=6 days
🟢 ENTRY SIGNAL: IBS=0.082 < 0.1 on 2016-02-10
🟢 ENTRY EXECUTION(close): bought 30 shares at $706.85 on 2016-02-10
🔴 EXIT: IBS=0.896, ibs_signal, P&L=$753.60, Duration=7 days
🟢 ENTRY SIGNAL: IBS=0.096 < 0.1 on 2016-02-18
🟢 ENTRY EXECUTION(close): bought 30 shares at $717.51 on 2016-02-18
🔴 EXIT: IBS=0.824, ibs_signal, P&L=$138.00, Duration=1 days
🟢 ENTRY SIGNAL: IBS=0.028 < 0.1 on 2016-02-29
🟢 ENTRY EXECUTION(close): bought 31 shares at $717.22 on 2016-02-29
🔴 EXIT: IBS=0.993, ibs_signal, P&L=$773.45, Duration=1 days
🟢 ENTRY SIGNAL: IBS=0.078 < 0.1 on 2016-03-30
🟢 ENTRY EXECUTION(close): bought 30 shares at $768.34 on 2016-03-30
🔴 EXIT: IBS=0.975, ibs_signal, P&L=$39.90, Duration=2 days
🟢 ENTRY SIGNAL: IBS=0.020 < 0.1 on 2016-04-11
🟢 ENTRY EXECUTION(close): bought 30 shares at $757.54 on 2016-04-11
🔴 EXIT: IBS=0.955, ibs_signal, P&L=$203.40, Duration=1 days
🟢 ENTRY SIGNAL: IBS=0.071 < 0.1 on 2016-04-28
🟢 ENTRY EXECUTION(close): bought 33 shares at $705.06 on 2016-04-28
🔴 EXIT: IBS=0.890, ibs_signal, P&L=$308.55, Duration=4 days
🟢 ENTRY SIGNAL: IBS=0.047 < 0.1 on 2016-05-23
🟢 ENTRY EXECUTION(close): bought 33 shares at $717.25 on 2016-05-23
🔴 EXIT: IBS=0.920, ibs_signal, P&L=$520.74, Duration=1 days
🟢 ENTRY SIGNAL: IBS=0.049 < 0.1 on 2016-06-07
🟢 ENTRY EXECUTION(close): bought 33 shares at $731.09 on 2016-06-07
🔴 EXIT: IBS=0.891, ibs_signal, P&L=$390.72, Duration=1 days
🟢 ENTRY SIGNAL: IBS=0.069 < 0.1 on 2016-06-20
🟢 ENTRY EXECUTION(close): bought 34 shares at $706.13 on 2016-06-20
🔴 EXIT: IBS=0.999, ibs_signal, P&L=$297.16, Duration=3 days
🟢 ENTRY SIGNAL: IBS=0.014 < 0.1 on 2016-06-24
🟢 ENTRY EXECUTION(close): bought 36 shares at $685.20 on 2016-06-24
🔴 EXIT: IBS=0.795, ibs_signal, P&L=$-146.16, Duration=3 days
🟢 ENTRY SIGNAL: IBS=0.071 < 0.1 on 2016-07-13
🟢 ENTRY EXECUTION(close): bought 33 shares at $729.48 on 2016-07-13
🔴 EXIT: IBS=0.939, ibs_signal, P&L=$208.56, Duration=1 days
🟢 ENTRY SIGNAL: IBS=0.096 < 0.1 on 2016-07-29
🟢 ENTRY EXECUTION(close): bought 31 shares at $791.34 on 2016-07-29
🔴 EXIT: IBS=0.905, ibs_signal, P&L=$234.98, Duration=5 days
🟢 ENTRY SIGNAL: IBS=0.031 < 0.1 on 2016-09-09
🟢 ENTRY EXECUTION(close): bought 31 shares at $788.48 on 2016-09-09
🔴 EXIT: IBS=0.919, ibs_signal, P&L=$320.54, Duration=3 days
🟢 ENTRY SIGNAL: IBS=0.067 < 0.1 on 2016-10-05
🟢 ENTRY EXECUTION(close): bought 31 shares at $801.23 on 2016-10-05
🔴 EXIT: IBS=0.788, ibs_signal, P&L=$401.14, Duration=5 days
🟢 ENTRY SIGNAL: IBS=0.039 < 0.1 on 2016-11-18
🟢 ENTRY EXECUTION(close): bought 33 shares at $775.97 on 2016-11-18
🔴 EXIT: IBS=0.829, ibs_signal, P&L=$291.39, Duration=3 days
🟢 ENTRY SIGNAL: IBS=0.045 < 0.1 on 2017-01-19
🟢 ENTRY EXECUTION(close): bought 31 shares at $824.37 on 2017-01-19
🔴 EXIT: IBS=0.769, ibs_signal, P&L=$117.80, Duration=1 days
🟢 ENTRY SIGNAL: IBS=0.095 < 0.1 on 2017-03-21
🟢 ENTRY EXECUTION(close): bought 30 shares at $850.14 on 2017-03-21
🔴 EXIT: IBS=0.765, ibs_signal, P&L=$-314.70, Duration=2 days
🟢 ENTRY SIGNAL: IBS=0.063 < 0.1 on 2017-06-20
🟢 ENTRY EXECUTION(close): bought 26 shares at $968.99 on 2017-06-20
🔴 EXIT: IBS=0.897, ibs_signal, P&L=$249.60, Duration=1 days
🟢 ENTRY SIGNAL: IBS=0.074 < 0.1 on 2017-06-26
🟢 ENTRY EXECUTION(close): bought 27 shares at $972.09 on 2017-06-26
🔴 EXIT: IBS=0.918, ibs_signal, P&L=$-299.16, Duration=2 days
🟢 ENTRY SIGNAL: IBS=0.005 < 0.1 on 2017-06-30
🟢 ENTRY EXECUTION(close): bought 27 shares at $929.68 on 2017-06-30
🔴 EXIT: IBS=0.772, ibs_signal, P&L=$69.66, Duration=5 days
🟢 ENTRY SIGNAL: IBS=0.081 < 0.1 on 2017-08-03
🟢 ENTRY EXECUTION(close): bought 27 shares at $940.30 on 2017-08-03
🔴 EXIT: IBS=0.774, ibs_signal, P&L=$148.23, Duration=1 days
🟢 ENTRY SIGNAL: IBS=0.001 < 0.1 on 2017-08-17
🟢 ENTRY EXECUTION(close): bought 28 shares at $927.66 on 2017-08-17
🔴 EXIT: IBS=0.901, ibs_signal, P&L=$356.72, Duration=5 days
🟢 ENTRY SIGNAL: IBS=0.038 < 0.1 on 2017-08-25
🟢 ENTRY EXECUTION(close): bought 28 shares at $930.50 on 2017-08-25
🔴 EXIT: IBS=0.871, ibs_signal, P&L=$147.00, Duration=4 days
🟢 ENTRY SIGNAL: IBS=0.090 < 0.1 on 2017-10-09
🟢 ENTRY EXECUTION(close): bought 26 shares at $992.31 on 2017-10-09
🔴 EXIT: IBS=0.903, ibs_signal, P&L=$346.84, Duration=2 days
🟢 ENTRY SIGNAL: IBS=0.059 < 0.1 on 2017-10-26
🟢 ENTRY EXECUTION(close): bought 27 shares at $991.42 on 2017-10-26
🔴 EXIT: IBS=0.849, ibs_signal, P&L=$1391.85, Duration=7 days
🟢 ENTRY SIGNAL: IBS=0.064 < 0.1 on 2017-11-06
🟢 ENTRY EXECUTION(close): bought 27 shares at $1042.68 on 2017-11-06
🔴 EXIT: IBS=0.902, ibs_signal, P&L=$262.17, Duration=1 days
🟢 ENTRY SIGNAL: IBS=0.097 < 0.1 on 2018-02-05
🟢 ENTRY EXECUTION(close): bought 27 shares at $1062.39 on 2018-02-05
🔴 EXIT: IBS=0.949, ibs_signal, P&L=$595.08, Duration=1 days
🟢 ENTRY SIGNAL: IBS=0.025 < 0.1 on 2018-02-07
🟢 ENTRY EXECUTION(close): bought 27 shares at $1055.41 on 2018-02-07
🔴 EXIT: IBS=0.900, ibs_signal, P&L=$-246.78, Duration=2 days
🟢 ENTRY SIGNAL: IBS=0.026 < 0.1 on 2018-02-27
🟢 ENTRY EXECUTION(close): bought 25 shares at $1117.51 on 2018-02-27
🔴 EXIT: IBS=0.925, ibs_signal, P&L=$-834.25, Duration=3 days
🟢 ENTRY SIGNAL: IBS=0.040 < 0.1 on 2018-03-23
🟢 ENTRY EXECUTION(close): bought 27 shares at $1026.55 on 2018-03-23
🔴 EXIT: IBS=0.894, ibs_signal, P&L=$743.58, Duration=3 days
🟢 ENTRY SIGNAL: IBS=0.035 < 0.1 on 2018-04-09
🟢 ENTRY EXECUTION(close): bought 28 shares at $1020.09 on 2018-04-09
🔴 EXIT: IBS=0.817, ibs_signal, P&L=$459.48, Duration=1 days
🟢 ENTRY SIGNAL: IBS=0.014 < 0.1 on 2018-04-30
🟢 ENTRY EXECUTION(close): bought 28 shares at $1018.58 on 2018-04-30
🔴 EXIT: IBS=0.969, ibs_signal, P&L=$620.76, Duration=1 days
🟢 ENTRY SIGNAL: IBS=0.069 < 0.1 on 2018-06-13
🟢 ENTRY EXECUTION(close): bought 26 shares at $1144.23 on 2018-06-13
🔴 EXIT: IBS=0.983, ibs_signal, P&L=$1023.10, Duration=5 days
🟢 ENTRY SIGNAL: IBS=0.008 < 0.1 on 2018-06-27
🟢 ENTRY EXECUTION(close): bought 27 shares at $1116.94 on 2018-06-27
🔴 EXIT: IBS=0.976, ibs_signal, P&L=$679.59, Duration=5 days
🟢 ENTRY SIGNAL: IBS=0.052 < 0.1 on 2018-07-03
🟢 ENTRY EXECUTION(close): bought 28 shares at $1116.28 on 2018-07-03
🔴 EXIT: IBS=0.864, ibs_signal, P&L=$700.28, Duration=2 days
🟢 ENTRY SIGNAL: IBS=0.073 < 0.1 on 2018-07-19
🟢 ENTRY EXECUTION(close): bought 27 shares at $1199.10 on 2018-07-19
🔴 EXIT: IBS=0.822, ibs_signal, P&L=$321.30, Duration=4 days
🟢 ENTRY SIGNAL: IBS=0.085 < 0.1 on 2018-08-13
🟢 ENTRY EXECUTION(close): bought 26 shares at $1248.64 on 2018-08-13
🔴 EXIT: IBS=0.884, ibs_signal, P&L=$247.00, Duration=1 days
🟢 ENTRY SIGNAL: IBS=0.059 < 0.1 on 2018-09-17
🟢 ENTRY EXECUTION(close): bought 28 shares at $1159.83 on 2018-09-17
🔴 EXIT: IBS=0.887, ibs_signal, P&L=$404.32, Duration=2 days
🟢 ENTRY SIGNAL: IBS=0.002 < 0.1 on 2018-09-21
🟢 ENTRY EXECUTION(close): bought 28 shares at $1172.12 on 2018-09-21
🔴 EXIT: IBS=0.833, ibs_signal, P&L=$208.32, Duration=3 days
🟢 ENTRY SIGNAL: IBS=0.058 < 0.1 on 2018-10-09
🟢 ENTRY EXECUTION(close): bought 29 shares at $1145.17 on 2018-10-09
🔴 EXIT: IBS=0.828, ibs_signal, P&L=$-714.27, Duration=3 days
🟢 ENTRY SIGNAL: IBS=0.033 < 0.1 on 2018-10-24
🟢 ENTRY EXECUTION(close): bought 31 shares at $1057.12 on 2018-10-24
🔴 EXIT: IBS=0.962, ibs_signal, P&L=$-235.91, Duration=6 days
🟢 ENTRY SIGNAL: IBS=0.032 < 0.1 on 2018-12-04
🟢 ENTRY EXECUTION(close): bought 30 shares at $1062.47 on 2018-12-04
🔴 EXIT: IBS=0.964, ibs_signal, P&L=$468.30, Duration=2 days
🟢 ENTRY SIGNAL: IBS=0.089 < 0.1 on 2018-12-12
🟢 ENTRY EXECUTION(close): bought 30 shares at $1073.73 on 2018-12-12
🔴 EXIT: IBS=0.989, ibs_signal, P&L=$-776.40, Duration=14 days
🟢 ENTRY SIGNAL: IBS=0.071 < 0.1 on 2019-01-03
🟢 ENTRY EXECUTION(close): bought 31 shares at $1025.47 on 2019-01-03
🔴 EXIT: IBS=0.955, ibs_signal, P&L=$1630.60, Duration=1 days
🟢 ENTRY SIGNAL: IBS=0.097 < 0.1 on 2019-03-14
🟢 ENTRY EXECUTION(close): bought 28 shares at $1192.53 on 2019-03-14
🔴 EXIT: IBS=0.932, ibs_signal, P&L=$278.04, Duration=5 days
🟢 ENTRY SIGNAL: IBS=0.060 < 0.1 on 2019-03-22
🟢 ENTRY EXECUTION(close): bought 28 shares at $1207.65 on 2019-03-22
🔴 EXIT: IBS=0.912, ibs_signal, P&L=$-242.76, Duration=10 days
🟢 ENTRY SIGNAL: IBS=0.017 < 0.1 on 2019-04-24
🟢 ENTRY EXECUTION(close): bought 27 shares at $1260.05 on 2019-04-24
🔴 EXIT: IBS=0.893, ibs_signal, P&L=$468.99, Duration=2 days
🟢 ENTRY SIGNAL: IBS=0.059 < 0.1 on 2019-05-01
🟢 ENTRY EXECUTION(close): bought 29 shares at $1173.32 on 2019-05-01
🔴 EXIT: IBS=0.896, ibs_signal, P&L=$470.67, Duration=2 days
🟢 ENTRY SIGNAL: IBS=0.062 < 0.1 on 2019-05-14
🟢 ENTRY EXECUTION(close): bought 31 shares at $1124.86 on 2019-05-14
🔴 EXIT: IBS=0.868, ibs_signal, P&L=$1424.14, Duration=1 days
🟢 ENTRY SIGNAL: IBS=0.050 < 0.1 on 2019-05-28
🟢 ENTRY EXECUTION(close): bought 31 shares at $1139.56 on 2019-05-28
🔴 EXIT: IBS=0.824, ibs_signal, P&L=$-2637.17, Duration=7 days
🟢 ENTRY SIGNAL: IBS=0.060 < 0.1 on 2019-06-11
🟢 ENTRY EXECUTION(close): bought 31 shares at $1081.04 on 2019-06-11
🔴 EXIT: IBS=0.929, ibs_signal, P&L=$1374.23, Duration=10 days
🟢 ENTRY SIGNAL: IBS=0.096 < 0.1 on 2019-06-25
🟢 ENTRY EXECUTION(close): bought 32 shares at $1087.58 on 2019-06-25
🔴 EXIT: IBS=1.000, ibs_signal, P&L=$-152.96, Duration=3 days
🟢 ENTRY SIGNAL: IBS=0.010 < 0.1 on 2019-07-17
🟢 ENTRY EXECUTION(close): bought 30 shares at $1146.74 on 2019-07-17
🔴 EXIT: IBS=0.939, ibs_signal, P&L=$15.00, Duration=1 days
🟢 ENTRY SIGNAL: IBS=0.015 < 0.1 on 2019-07-19
🟢 ENTRY EXECUTION(close): bought 30 shares at $1131.55 on 2019-07-19
🔴 EXIT: IBS=0.945, ibs_signal, P&L=$229.80, Duration=3 days
🟢 ENTRY SIGNAL: IBS=0.032 < 0.1 on 2019-08-20
🟢 ENTRY EXECUTION(close): bought 29 shares at $1183.53 on 2019-08-20
🔴 EXIT: IBS=0.960, ibs_signal, P&L=$-358.15, Duration=6 days
🟢 ENTRY SIGNAL: IBS=0.016 < 0.1 on 2019-10-01
🟢 ENTRY EXECUTION(close): bought 28 shares at $1206.00 on 2019-10-01
🔴 EXIT: IBS=0.944, ibs_signal, P&L=$-463.96, Duration=2 days
🟢 ENTRY SIGNAL: IBS=0.037 < 0.1 on 2019-10-08
🟢 ENTRY EXECUTION(close): bought 28 shares at $1190.13 on 2019-10-08
🔴 EXIT: IBS=0.813, ibs_signal, P&L=$1459.08, Duration=7 days
🟢 ENTRY SIGNAL: IBS=0.055 < 0.1 on 2019-11-19
🟢 ENTRY EXECUTION(close): bought 27 shares at $1312.59 on 2019-11-19
🔴 EXIT: IBS=0.899, ibs_signal, P&L=$11.07, Duration=7 days
🟢 ENTRY SIGNAL: IBS=0.037 < 0.1 on 2019-12-20
🟢 ENTRY EXECUTION(close): bought 26 shares at $1351.22 on 2019-12-20
🔴 EXIT: IBS=0.959, ibs_signal, P&L=$292.50, Duration=6 days
🟢 ENTRY SIGNAL: IBS=0.098 < 0.1 on 2019-12-30
🟢 ENTRY EXECUTION(close): bought 26 shares at $1339.71 on 2019-12-30
🔴 EXIT: IBS=0.851, ibs_signal, P&L=$-8.32, Duration=1 days
🟢 ENTRY SIGNAL: IBS=0.068 < 0.1 on 2020-01-22
🟢 ENTRY EXECUTION(close): bought 24 shares at $1483.87 on 2020-01-22
🔴 EXIT: IBS=0.824, ibs_signal, P&L=$-800.88, Duration=6 days
🟢 ENTRY SIGNAL: IBS=0.013 < 0.1 on 2020-02-27
🟢 ENTRY EXECUTION(close): bought 26 shares at $1314.95 on 2020-02-27
🔴 EXIT: IBS=0.957, ibs_signal, P&L=$631.80, Duration=1 days
🟢 ENTRY SIGNAL: IBS=0.038 < 0.1 on 2020-03-12
🟢 ENTRY EXECUTION(close): bought 32 shares at $1111.55 on 2020-03-12
🔴 EXIT: IBS=0.999, ibs_signal, P&L=$3287.04, Duration=1 days
🟢 ENTRY SIGNAL: IBS=0.076 < 0.1 on 2020-03-16
🟢 ENTRY EXECUTION(close): bought 36 shares at $1073.00 on 2020-03-16
🔴 EXIT: IBS=0.897, ibs_signal, P&L=$1622.16, Duration=1 days
🟢 ENTRY SIGNAL: IBS=0.080 < 0.1 on 2020-03-20
🟢 ENTRY EXECUTION(close): bought 38 shares at $1068.21 on 2020-03-20
🔴 EXIT: IBS=0.780, ibs_signal, P&L=$-535.04, Duration=3 days
🟢 ENTRY SIGNAL: IBS=0.041 < 0.1 on 2020-04-28
🟢 ENTRY EXECUTION(close): bought 32 shares at $1232.59 on 2020-04-28
🔴 EXIT: IBS=0.884, ibs_signal, P&L=$3651.52, Duration=2 days
🟢 ENTRY SIGNAL: IBS=0.013 < 0.1 on 2020-05-06
🟢 ENTRY EXECUTION(close): bought 32 shares at $1345.43 on 2020-05-06
🔴 EXIT: IBS=0.985, ibs_signal, P&L=$365.76, Duration=8 days
🟢 ENTRY SIGNAL: IBS=0.034 < 0.1 on 2020-05-19
🟢 ENTRY EXECUTION(close): bought 32 shares at $1374.40 on 2020-05-19
🔴 EXIT: IBS=0.883, ibs_signal, P&L=$1112.32, Duration=1 days
🟢 ENTRY SIGNAL: IBS=0.077 < 0.1 on 2020-05-26
🟢 ENTRY EXECUTION(close): bought 32 shares at $1421.37 on 2020-05-26
🔴 EXIT: IBS=0.835, ibs_signal, P&L=$-34.88, Duration=1 days
🟢 ENTRY SIGNAL: IBS=0.066 < 0.1 on 2020-06-11
🟢 ENTRY EXECUTION(close): bought 32 shares at $1401.90 on 2020-06-11
🔴 EXIT: IBS=0.887, ibs_signal, P&L=$602.88, Duration=4 days
🟢 ENTRY SIGNAL: IBS=0.059 < 0.1 on 2020-06-24
🟢 ENTRY EXECUTION(close): bought 32 shares at $1432.70 on 2020-06-24
🔴 EXIT: IBS=0.946, ibs_signal, P&L=$268.80, Duration=1 days
🟢 ENTRY SIGNAL: IBS=0.092 < 0.1 on 2020-06-26
🟢 ENTRY EXECUTION(close): bought 33 shares at $1362.54 on 2020-06-26
🔴 EXIT: IBS=0.982, ibs_signal, P&L=$1142.79, Duration=3 days
🟢 ENTRY SIGNAL: IBS=0.007 < 0.1 on 2020-07-07
🟢 ENTRY EXECUTION(close): bought 31 shares at $1489.92 on 2020-07-07
🔴 EXIT: IBS=0.943, ibs_signal, P&L=$1521.79, Duration=3 days
🟢 ENTRY SIGNAL: IBS=0.081 < 0.1 on 2020-07-13
🟢 ENTRY EXECUTION(close): bought 32 shares at $1512.23 on 2020-07-13
🔴 EXIT: IBS=0.947, ibs_signal, P&L=$276.16, Duration=1 days
🟢 ENTRY SIGNAL: IBS=0.096 < 0.1 on 2020-07-21
🟢 ENTRY EXECUTION(close): bought 31 shares at $1555.92 on 2020-07-21
🔴 EXIT: IBS=0.910, ibs_signal, P&L=$276.83, Duration=1 days
🟢 ENTRY SIGNAL: IBS=0.073 < 0.1 on 2020-08-11
🟢 ENTRY EXECUTION(close): bought 33 shares at $1480.54 on 2020-08-11
🔴 EXIT: IBS=0.834, ibs_signal, P&L=$881.10, Duration=1 days
🟢 ENTRY SIGNAL: IBS=0.072 < 0.1 on 2020-09-14
🟢 ENTRY EXECUTION(close): bought 33 shares at $1508.83 on 2020-09-14
🔴 EXIT: IBS=0.880, ibs_signal, P&L=$-1617.33, Duration=8 days
🟢 ENTRY SIGNAL: IBS=0.051 < 0.1 on 2020-10-28
🟢 ENTRY EXECUTION(close): bought 32 shares at $1510.80 on 2020-10-28
🔴 EXIT: IBS=0.882, ibs_signal, P&L=$8366.72, Duration=16 days
🟢 ENTRY SIGNAL: IBS=0.078 < 0.1 on 2020-11-18
🟢 ENTRY EXECUTION(close): bought 32 shares at $1740.64 on 2020-11-18
🔴 EXIT: IBS=0.853, ibs_signal, P&L=$573.76, Duration=1 days
🟢 ENTRY SIGNAL: IBS=0.041 < 0.1 on 2020-11-20
🟢 ENTRY EXECUTION(close): bought 33 shares at $1736.38 on 2020-11-20
🔴 EXIT: IBS=0.944, ibs_signal, P&L=$908.16, Duration=4 days
🟢 ENTRY SIGNAL: IBS=0.077 < 0.1 on 2020-12-14
🟢 ENTRY EXECUTION(close): bought 33 shares at $1752.26 on 2020-12-14
🔴 EXIT: IBS=0.869, ibs_signal, P&L=$291.06, Duration=1 days
🟢 ENTRY SIGNAL: IBS=0.079 < 0.1 on 2020-12-29
🟢 ENTRY EXECUTION(close): bought 33 shares at $1757.76 on 2020-12-29
🔴 EXIT: IBS=0.773, ibs_signal, P&L=$-168.96, Duration=2 days
🟢 ENTRY SIGNAL: IBS=0.090 < 0.1 on 2021-01-21
🟢 ENTRY EXECUTION(close): bought 31 shares at $1884.15 on 2021-01-21
🔴 EXIT: IBS=0.803, ibs_signal, P&L=$737.80, Duration=5 days
🟢 ENTRY SIGNAL: IBS=0.021 < 0.1 on 2021-03-08
🟢 ENTRY EXECUTION(close): bought 29 shares at $2007.50 on 2021-03-08
🔴 EXIT: IBS=0.804, ibs_signal, P&L=$2698.16, Duration=3 days
🟢 ENTRY SIGNAL: IBS=0.044 < 0.1 on 2021-03-18
🟢 ENTRY EXECUTION(close): bought 30 shares at $2021.34 on 2021-03-18
🔴 EXIT: IBS=0.922, ibs_signal, P&L=$733.50, Duration=11 days
🟢 ENTRY SIGNAL: IBS=0.074 < 0.1 on 2021-04-28
🟢 ENTRY EXECUTION(close): bought 26 shares at $2359.04 on 2021-04-28
🔴 EXIT: IBS=1.000, ibs_signal, P&L=$-563.94, Duration=8 days
🟢 ENTRY SIGNAL: IBS=0.006 < 0.1 on 2021-05-18
🟢 ENTRY EXECUTION(close): bought 27 shares at $2262.47 on 2021-05-18
🔴 EXIT: IBS=0.930, ibs_signal, P&L=$243.81, Duration=1 days
🟢 ENTRY SIGNAL: IBS=0.060 < 0.1 on 2021-06-18
🟢 ENTRY EXECUTION(close): bought 26 shares at $2402.22 on 2021-06-18
🔴 EXIT: IBS=0.911, ibs_signal, P&L=$884.78, Duration=3 days
🟢 ENTRY SIGNAL: IBS=0.005 < 0.1 on 2021-08-11
🟢 ENTRY EXECUTION(close): bought 23 shares at $2725.58 on 2021-08-11
🔴 EXIT: IBS=0.943, ibs_signal, P&L=$420.90, Duration=1 days
🟢 ENTRY SIGNAL: IBS=0.072 < 0.1 on 2021-08-18
🟢 ENTRY EXECUTION(close): bought 23 shares at $2708.98 on 2021-08-18
🔴 EXIT: IBS=0.946, ibs_signal, P&L=$911.03, Duration=2 days
🟢 ENTRY SIGNAL: IBS=0.079 < 0.1 on 2021-08-26
🟢 ENTRY EXECUTION(close): bought 22 shares at $2828.81 on 2021-08-26
🔴 EXIT: IBS=0.831, ibs_signal, P&L=$1127.94, Duration=1 days
🟢 ENTRY SIGNAL: IBS=0.044 < 0.1 on 2021-09-02
🟢 ENTRY EXECUTION(close): bought 23 shares at $2865.74 on 2021-09-02
🔴 EXIT: IBS=0.763, ibs_signal, P&L=$208.15, Duration=1 days
🟢 ENTRY SIGNAL: IBS=0.035 < 0.1 on 2021-09-10
🟢 ENTRY EXECUTION(close): bought 23 shares at $2817.52 on 2021-09-10
🔴 EXIT: IBS=0.993, ibs_signal, P&L=$1634.61, Duration=5 days
🟢 ENTRY SIGNAL: IBS=0.060 < 0.1 on 2021-09-30
🟢 ENTRY EXECUTION(close): bought 25 shares at $2673.52 on 2021-09-30
🔴 EXIT: IBS=0.870, ibs_signal, P&L=$1433.50, Duration=1 days
🟢 ENTRY SIGNAL: IBS=0.030 < 0.1 on 2021-10-11
🟢 ENTRY EXECUTION(close): bought 24 shares at $2778.28 on 2021-10-11
🔴 EXIT: IBS=0.926, ibs_signal, P&L=$1073.76, Duration=3 days
🟢 ENTRY SIGNAL: IBS=0.056 < 0.1 on 2021-11-01
🟢 ENTRY EXECUTION(close): bought 24 shares at $2869.94 on 2021-11-01
🔴 EXIT: IBS=0.966, ibs_signal, P&L=$1488.48, Duration=2 days
🟢 ENTRY SIGNAL: IBS=0.086 < 0.1 on 2021-11-11
🟢 ENTRY EXECUTION(close): bought 24 shares at $2915.33 on 2021-11-11
🔴 EXIT: IBS=0.950, ibs_signal, P&L=$1397.52, Duration=1 days
🟢 ENTRY SIGNAL: IBS=0.013 < 0.1 on 2021-11-19
🟢 ENTRY EXECUTION(close): bought 24 shares at $2978.53 on 2021-11-19
🔴 EXIT: IBS=0.931, ibs_signal, P&L=$-1347.12, Duration=5 days
🟢 ENTRY SIGNAL: IBS=0.067 < 0.1 on 2021-11-30
🟢 ENTRY EXECUTION(close): bought 25 shares at $2837.95 on 2021-11-30
🔴 EXIT: IBS=0.754, ibs_signal, P&L=$534.25, Duration=2 days
🟢 ENTRY SIGNAL: IBS=0.000 < 0.1 on 2021-12-31
🟢 ENTRY EXECUTION(close): bought 24 shares at $2897.04 on 2021-12-31
🔴 EXIT: IBS=0.973, ibs_signal, P&L=$-2967.60, Duration=10 days
🟢 ENTRY SIGNAL: IBS=0.040 < 0.1 on 2022-01-13
🟢 ENTRY EXECUTION(close): bought 25 shares at $2771.74 on 2022-01-13
🔴 EXIT: IBS=0.940, ibs_signal, P&L=$-3891.50, Duration=11 days
🟢 ENTRY SIGNAL: IBS=0.020 < 0.1 on 2022-01-27
🟢 ENTRY EXECUTION(close): bought 25 shares at $2580.10 on 2022-01-27
🔴 EXIT: IBS=0.999, ibs_signal, P&L=$2173.00, Duration=1 days
🟢 ENTRY SIGNAL: IBS=0.061 < 0.1 on 2022-02-03
🟢 ENTRY EXECUTION(close): bought 23 shares at $2861.80 on 2022-02-03
🔴 EXIT: IBS=0.799, ibs_signal, P&L=$-1697.86, Duration=5 days
🟢 ENTRY SIGNAL: IBS=0.013 < 0.1 on 2022-02-17
🟢 ENTRY EXECUTION(close): bought 24 shares at $2650.78 on 2022-02-17
🔴 EXIT: IBS=0.962, ibs_signal, P&L=$72.96, Duration=7 days
🟢 ENTRY SIGNAL: IBS=0.015 < 0.1 on 2022-03-07
🟢 ENTRY EXECUTION(close): bought 26 shares at $2527.57 on 2022-03-07
🔴 EXIT: IBS=0.918, ibs_signal, P&L=$3661.58, Duration=2 days
🟢 ENTRY SIGNAL: IBS=0.057 < 0.1 on 2022-03-11
🟢 ENTRY EXECUTION(close): bought 26 shares at $2597.41 on 2022-03-11
🔴 EXIT: IBS=0.841, ibs_signal, P&L=$-349.70, Duration=4 days
🟢 ENTRY SIGNAL: IBS=0.014 < 0.1 on 2022-03-31
🟢 ENTRY EXECUTION(close): bought 24 shares at $2781.35 on 2022-03-31
🔴 EXIT: IBS=0.852, ibs_signal, P&L=$519.84, Duration=1 days
🟢 ENTRY SIGNAL: IBS=0.080 < 0.1 on 2022-04-05
🟢 ENTRY EXECUTION(close): bought 24 shares at $2811.82 on 2022-04-05
🔴 EXIT: IBS=0.830, ibs_signal, P&L=$-5134.56, Duration=8 days
🟢 ENTRY SIGNAL: IBS=0.033 < 0.1 on 2022-04-14
🟢 ENTRY EXECUTION(close): bought 25 shares at $2534.60 on 2022-04-14
🔴 EXIT: IBS=0.903, ibs_signal, P&L=$1639.50, Duration=5 days
🟢 ENTRY SIGNAL: IBS=0.052 < 0.1 on 2022-04-21
🟢 ENTRY EXECUTION(close): bought 26 shares at $2496.29 on 2022-04-21
🔴 EXIT: IBS=0.957, ibs_signal, P&L=$-905.06, Duration=4 days
🟢 ENTRY SIGNAL: IBS=0.035 < 0.1 on 2022-04-26
🟢 ENTRY EXECUTION(close): bought 27 shares at $2373.00 on 2022-04-26
🔴 EXIT: IBS=0.796, ibs_signal, P&L=$-68.85, Duration=2 days
🟢 ENTRY SIGNAL: IBS=0.072 < 0.1 on 2022-04-29
🟢 ENTRY EXECUTION(close): bought 28 shares at $2282.19 on 2022-04-29
🔴 EXIT: IBS=0.961, ibs_signal, P&L=$1385.16, Duration=3 days
🟢 ENTRY SIGNAL: IBS=0.089 < 0.1 on 2022-05-18
🟢 ENTRY EXECUTION(close): bought 29 shares at $2237.99 on 2022-05-18
🔴 EXIT: IBS=0.806, ibs_signal, P&L=$-238.67, Duration=5 days
🟢 ENTRY SIGNAL: IBS=0.017 < 0.1 on 2022-06-09
🟢 ENTRY EXECUTION(close): bought 28 shares at $2296.71 on 2022-06-09
🔴 EXIT: IBS=0.757, ibs_signal, P&L=$-1843.24, Duration=12 days
🟢 ENTRY SIGNAL: IBS=0.029 < 0.1 on 2022-06-28
🟢 ENTRY EXECUTION(close): bought 28 shares at $2240.15 on 2022-06-28
🔴 EXIT: IBS=0.797, ibs_signal, P&L=$-1831.20, Duration=3 days
🟢 ENTRY SIGNAL: IBS=0.051 < 0.1 on 2022-07-13
🟢 ENTRY EXECUTION(close): bought 28 shares at $2227.07 on 2022-07-13
🔴 EXIT: IBS=0.953, ibs_signal, P&L=$-59171.28, Duration=6 days
🟢 ENTRY SIGNAL: IBS=0.096 < 0.1 on 2022-08-11
🟢 ENTRY EXECUTION(close): bought 31 shares at $118.84 on 2022-08-11
🔴 EXIT: IBS=1.000, ibs_signal, P&L=$88.04, Duration=1 days
🟢 ENTRY SIGNAL: IBS=0.089 < 0.1 on 2022-08-17
🟢 ENTRY EXECUTION(close): bought 32 shares at $119.55 on 2022-08-17
🔴 EXIT: IBS=0.973, ibs_signal, P&L=$-92.80, Duration=8 days
🟢 ENTRY SIGNAL: IBS=0.030 < 0.1 on 2022-08-26
🟢 ENTRY EXECUTION(close): bought 33 shares at $110.34 on 2022-08-26
🔴 EXIT: IBS=0.771, ibs_signal, P&L=$-19.80, Duration=6 days
🟢 ENTRY SIGNAL: IBS=0.055 < 0.1 on 2022-09-13
🟢 ENTRY EXECUTION(close): bought 35 shares at $104.32 on 2022-09-13
🔴 EXIT: IBS=0.830, ibs_signal, P&L=$23.80, Duration=1 days
🟢 ENTRY SIGNAL: IBS=0.003 < 0.1 on 2022-09-21
🟢 ENTRY EXECUTION(close): bought 37 shares at $99.28 on 2022-09-21
🔴 EXIT: IBS=0.819, ibs_signal, P&L=$28.49, Duration=7 days
🟢 ENTRY SIGNAL: IBS=0.027 < 0.1 on 2022-09-30
🟢 ENTRY EXECUTION(close): bought 39 shares at $95.65 on 2022-09-30
🔴 EXIT: IBS=0.766, ibs_signal, P&L=$116.61, Duration=3 days
🟢 ENTRY SIGNAL: IBS=0.044 < 0.1 on 2022-10-14
🟢 ENTRY EXECUTION(close): bought 40 shares at $96.56 on 2022-10-14
🔴 EXIT: IBS=0.950, ibs_signal, P&L=$182.80, Duration=7 days
🟢 ENTRY SIGNAL: IBS=0.066 < 0.1 on 2022-10-26
🟢 ENTRY EXECUTION(close): bought 42 shares at $94.93 on 2022-10-26
🔴 EXIT: IBS=0.941, ibs_signal, P&L=$57.12, Duration=2 days
🟢 ENTRY SIGNAL: IBS=0.018 < 0.1 on 2022-11-01
🟢 ENTRY EXECUTION(close): bought 45 shares at $90.47 on 2022-11-01
🔴 EXIT: IBS=0.980, ibs_signal, P&L=$-175.05, Duration=3 days
🟢 ENTRY SIGNAL: IBS=0.019 < 0.1 on 2022-11-09
🟢 ENTRY EXECUTION(close): bought 45 shares at $87.32 on 2022-11-09
🔴 EXIT: IBS=0.838, ibs_signal, P&L=$297.90, Duration=1 days
🟢 ENTRY SIGNAL: IBS=0.080 < 0.1 on 2022-11-21
🟢 ENTRY EXECUTION(close): bought 44 shares at $95.60 on 2022-11-21
🔴 EXIT: IBS=0.946, ibs_signal, P&L=$63.80, Duration=1 days
🟢 ENTRY SIGNAL: IBS=0.048 < 0.1 on 2022-11-25
🟢 ENTRY EXECUTION(close): bought 44 shares at $97.46 on 2022-11-25
🔴 EXIT: IBS=0.992, ibs_signal, P&L=$155.32, Duration=5 days
🟢 ENTRY SIGNAL: IBS=0.053 < 0.1 on 2022-12-09
🟢 ENTRY EXECUTION(close): bought 48 shares at $92.83 on 2022-12-09
🔴 EXIT: IBS=0.872, ibs_signal, P&L=$23.04, Duration=3 days
🟢 ENTRY SIGNAL: IBS=0.098 < 0.1 on 2022-12-19
🟢 ENTRY EXECUTION(close): bought 50 shares at $88.44 on 2022-12-19
🔴 EXIT: IBS=0.911, ibs_signal, P&L=$29.00, Duration=1 days
🟢 ENTRY SIGNAL: IBS=0.038 < 0.1 on 2022-12-28
🟢 ENTRY EXECUTION(close): bought 52 shares at $86.02 on 2022-12-28
🔴 EXIT: IBS=0.823, ibs_signal, P&L=$126.36, Duration=1 days
🟢 ENTRY SIGNAL: IBS=0.073 < 0.1 on 2023-01-09
🟢 ENTRY EXECUTION(close): bought 52 shares at $88.02 on 2023-01-09
🔴 EXIT: IBS=0.912, ibs_signal, P&L=$20.80, Duration=1 days
🟢 ENTRY SIGNAL: IBS=0.051 < 0.1 on 2023-02-21
🟢 ENTRY EXECUTION(close): bought 50 shares at $91.79 on 2023-02-21
🔴 EXIT: IBS=0.898, ibs_signal, P&L=$10.50, Duration=9 days
🟢 ENTRY SIGNAL: IBS=0.098 < 0.1 on 2023-03-10
🟢 ENTRY EXECUTION(close): bought 51 shares at $90.63 on 2023-03-10
🔴 EXIT: IBS=0.797, ibs_signal, P&L=$170.34, Duration=4 days
🟢 ENTRY SIGNAL: IBS=0.012 < 0.1 on 2023-03-22
🟢 ENTRY EXECUTION(close): bought 46 shares at $103.37 on 2023-03-22
🔴 EXIT: IBS=0.970, ibs_signal, P&L=$95.22, Duration=2 days
🟢 ENTRY SIGNAL: IBS=0.004 < 0.1 on 2023-04-25
🟢 ENTRY EXECUTION(close): bought 47 shares at $103.85 on 2023-04-25
🔴 EXIT: IBS=0.839, ibs_signal, P&L=$175.78, Duration=2 days
🟢 ENTRY SIGNAL: IBS=0.054 < 0.1 on 2023-05-09
🟢 ENTRY EXECUTION(close): bought 47 shares at $107.35 on 2023-05-09
🔴 EXIT: IBS=0.762, ibs_signal, P&L=$206.80, Duration=1 days
🟢 ENTRY SIGNAL: IBS=0.055 < 0.1 on 2023-06-07
🟢 ENTRY EXECUTION(close): bought 43 shares at $122.50 on 2023-06-07
🔴 EXIT: IBS=0.828, ibs_signal, P&L=$49.02, Duration=5 days
🟢 ENTRY SIGNAL: IBS=0.088 < 0.1 on 2023-06-16
🟢 ENTRY EXECUTION(close): bought 43 shares at $123.53 on 2023-06-16
🔴 EXIT: IBS=0.980, ibs_signal, P&L=$-16.34, Duration=6 days
🟢 ENTRY SIGNAL: IBS=0.020 < 0.1 on 2023-06-26
🟢 ENTRY EXECUTION(close): bought 45 shares at $118.34 on 2023-06-26
🔴 EXIT: IBS=0.941, ibs_signal, P&L=$82.80, Duration=2 days
🟢 ENTRY SIGNAL: IBS=0.007 < 0.1 on 2023-06-30
🟢 ENTRY EXECUTION(close): bought 45 shares at $119.70 on 2023-06-30
🔴 EXIT: IBS=0.789, ibs_signal, P&L=$9.00, Duration=3 days
🟢 ENTRY SIGNAL: IBS=0.048 < 0.1 on 2023-07-07
🟢 ENTRY EXECUTION(close): bought 45 shares at $119.48 on 2023-07-07
🔴 EXIT: IBS=0.758, ibs_signal, P&L=$-105.30, Duration=4 days
🟢 ENTRY SIGNAL: IBS=0.068 < 0.1 on 2023-07-19
🟢 ENTRY EXECUTION(close): bought 43 shares at $122.03 on 2023-07-19
🔴 EXIT: IBS=0.969, ibs_signal, P&L=$408.50, Duration=19 days
🟢 ENTRY SIGNAL: IBS=0.092 < 0.1 on 2023-08-10
🟢 ENTRY EXECUTION(close): bought 44 shares at $129.69 on 2023-08-10
🔴 EXIT: IBS=0.790, ibs_signal, P&L=$-5.72, Duration=1 days
🟢 ENTRY SIGNAL: IBS=0.045 < 0.1 on 2023-08-24
🟢 ENTRY EXECUTION(close): bought 44 shares at $129.78 on 2023-08-24
🔴 EXIT: IBS=0.821, ibs_signal, P&L=$268.40, Duration=6 days
🟢 ENTRY SIGNAL: IBS=0.089 < 0.1 on 2023-09-12
🟢 ENTRY EXECUTION(close): bought 44 shares at $135.34 on 2023-09-12
🔴 EXIT: IBS=0.931, ibs_signal, P&L=$60.28, Duration=1 days
🟢 ENTRY SIGNAL: IBS=0.027 < 0.1 on 2023-09-20
🟢 ENTRY EXECUTION(close): bought 45 shares at $133.74 on 2023-09-20
🔴 EXIT: IBS=0.973, ibs_signal, P&L=$-118.35, Duration=5 days
🟢 ENTRY SIGNAL: IBS=0.070 < 0.1 on 2023-11-09
🟢 ENTRY EXECUTION(close): bought 45 shares at $130.24 on 2023-11-09
🔴 EXIT: IBS=0.938, ibs_signal, P&L=$105.75, Duration=1 days
🟢 ENTRY SIGNAL: IBS=0.044 < 0.1 on 2023-11-29
🟢 ENTRY EXECUTION(close): bought 44 shares at $134.99 on 2023-11-29
🔴 EXIT: IBS=0.827, ibs_signal, P&L=$-137.72, Duration=2 days
🟢 ENTRY SIGNAL: IBS=0.074 < 0.1 on 2023-12-06
🟢 ENTRY EXECUTION(close): bought 45 shares at $130.02 on 2023-12-06
🔴 EXIT: IBS=0.977, ibs_signal, P&L=$147.15, Duration=5 days
🟢 ENTRY SIGNAL: IBS=0.076 < 0.1 on 2023-12-20
🟢 ENTRY EXECUTION(close): bought 43 shares at $138.34 on 2023-12-20
🔴 EXIT: IBS=0.824, ibs_signal, P&L=$89.44, Duration=1 days
🟢 ENTRY SIGNAL: IBS=0.014 < 0.1 on 2024-01-04
🟢 ENTRY EXECUTION(close): bought 45 shares at $136.39 on 2024-01-04
🔴 EXIT: IBS=0.938, ibs_signal, P&L=$110.25, Duration=4 days
🟢 ENTRY SIGNAL: IBS=0.059 < 0.1 on 2024-01-22
🟢 ENTRY EXECUTION(close): bought 42 shares at $145.99 on 2024-01-22
🔴 EXIT: IBS=0.916, ibs_signal, P&L=$44.10, Duration=1 days
🟢 ENTRY SIGNAL: IBS=0.056 < 0.1 on 2024-01-31
🟢 ENTRY EXECUTION(close): bought 45 shares at $140.10 on 2024-01-31
🔴 EXIT: IBS=0.961, ibs_signal, P&L=$102.60, Duration=2 days
🟢 ENTRY SIGNAL: IBS=0.081 < 0.1 on 2024-02-12
🟢 ENTRY EXECUTION(close): bought 43 shares at $147.53 on 2024-02-12
🔴 EXIT: IBS=0.761, ibs_signal, P&L=$-68.37, Duration=2 days
🟢 ENTRY SIGNAL: IBS=0.036 < 0.1 on 2024-02-26
🟢 ENTRY EXECUTION(close): bought 46 shares at $137.57 on 2024-02-26
🔴 EXIT: IBS=0.829, ibs_signal, P&L=$60.26, Duration=1 days
🟢 ENTRY SIGNAL: IBS=0.019 < 0.1 on 2024-04-04
🟢 ENTRY EXECUTION(close): bought 42 shares at $150.53 on 2024-04-04
🔴 EXIT: IBS=0.759, ibs_signal, P&L=$82.74, Duration=1 days
🟢 ENTRY SIGNAL: IBS=0.058 < 0.1 on 2024-04-15
🟢 ENTRY EXECUTION(close): bought 41 shares at $154.86 on 2024-04-15
🔴 EXIT: IBS=0.819, ibs_signal, P&L=$175.07, Duration=9 days
🟢 ENTRY SIGNAL: IBS=0.033 < 0.1 on 2024-04-30
🟢 ENTRY EXECUTION(close): bought 40 shares at $162.78 on 2024-04-30
🔴 EXIT: IBS=0.961, ibs_signal, P&L=$153.60, Duration=2 days
🟢 ENTRY SIGNAL: IBS=0.093 < 0.1 on 2024-05-30
🟢 ENTRY EXECUTION(close): bought 39 shares at $172.11 on 2024-05-30
🔴 EXIT: IBS=0.845, ibs_signal, P&L=$15.21, Duration=1 days
🟢 ENTRY SIGNAL: IBS=0.045 < 0.1 on 2024-06-07
🟢 ENTRY EXECUTION(close): bought 39 shares at $174.46 on 2024-06-07
🔴 EXIT: IBS=0.928, ibs_signal, P&L=$84.24, Duration=4 days
🟢 ENTRY SIGNAL: IBS=0.060 < 0.1 on 2024-06-28
🟢 ENTRY EXECUTION(close): bought 38 shares at $182.15 on 2024-06-28
🔴 EXIT: IBS=0.918, ibs_signal, P&L=$117.42, Duration=4 days
🟢 ENTRY SIGNAL: IBS=0.098 < 0.1 on 2024-07-09
🟢 ENTRY EXECUTION(close): bought 37 shares at $188.98 on 2024-07-09
🔴 EXIT: IBS=0.790, ibs_signal, P&L=$81.40, Duration=1 days
🟢 ENTRY SIGNAL: IBS=0.085 < 0.1 on 2024-07-11
🟢 ENTRY EXECUTION(close): bought 38 shares at $185.57 on 2024-07-11
🔴 EXIT: IBS=0.975, ibs_signal, P&L=$-832.20, Duration=29 days
🟢 ENTRY SIGNAL: IBS=0.051 < 0.1 on 2024-09-06
🟢 ENTRY EXECUTION(close): bought 41 shares at $150.92 on 2024-09-06
🔴 EXIT: IBS=0.915, ibs_signal, P&L=$9.84, Duration=5 days
🟢 ENTRY SIGNAL: IBS=0.047 < 0.1 on 2024-09-23
🟢 ENTRY EXECUTION(close): bought 38 shares at $161.85 on 2024-09-23
🔴 EXIT: IBS=0.896, ibs_signal, P&L=$152.00, Duration=7 days
🟢 ENTRY SIGNAL: IBS=0.040 < 0.1 on 2024-10-07
🟢 ENTRY EXECUTION(close): bought 39 shares at $162.98 on 2024-10-07
🔴 EXIT: IBS=0.814, ibs_signal, P&L=$54.60, Duration=1 days
🟢 ENTRY SIGNAL: IBS=0.047 < 0.1 on 2024-10-17
🟢 ENTRY EXECUTION(close): bought 39 shares at $162.93 on 2024-10-17
🔴 EXIT: IBS=0.771, ibs_signal, P&L=$44.46, Duration=4 days
🟢 ENTRY SIGNAL: IBS=0.050 < 0.1 on 2024-10-30
🟢 ENTRY EXECUTION(close): bought 37 shares at $174.46 on 2024-10-30
🔴 EXIT: IBS=0.875, ibs_signal, P&L=$75.85, Duration=7 days
🟢 ENTRY SIGNAL: IBS=0.096 < 0.1 on 2024-11-08
🟢 ENTRY EXECUTION(close): bought 37 shares at $178.35 on 2024-11-08
🔴 EXIT: IBS=0.906, ibs_signal, P&L=$74.00, Duration=3 days
🟢 ENTRY SIGNAL: IBS=0.083 < 0.1 on 2024-12-05
🟢 ENTRY EXECUTION(close): bought 38 shares at $172.64 on 2024-12-05
🔴 EXIT: IBS=0.885, ibs_signal, P&L=$78.66, Duration=1 days
🟢 ENTRY SIGNAL: IBS=0.072 < 0.1 on 2024-12-12
🟢 ENTRY EXECUTION(close): bought 35 shares at $191.96 on 2024-12-12
🔴 EXIT: IBS=0.807, ibs_signal, P&L=$-19.25, Duration=8 days
🟢 ENTRY SIGNAL: IBS=0.037 < 0.1 on 2025-01-16
🟢 ENTRY EXECUTION(close): bought 35 shares at $192.91 on 2025-01-16
🔴 EXIT: IBS=0.762, ibs_signal, P&L=$255.50, Duration=8 days
🟢 ENTRY SIGNAL: IBS=0.093 < 0.1 on 2025-02-21
🟢 ENTRY EXECUTION(close): bought 39 shares at $179.66 on 2025-02-21
🔴 EXIT: IBS=0.914, ibs_signal, P&L=$-365.82, Duration=7 days
🟢 ENTRY SIGNAL: IBS=0.046 < 0.1 on 2025-03-26
🟢 ENTRY EXECUTION(close): bought 40 shares at $165.06 on 2025-03-26
🔴 EXIT: IBS=0.815, ibs_signal, P&L=$-416.80, Duration=5 days
🟢 ENTRY SIGNAL: IBS=0.039 < 0.1 on 2025-04-04
🟢 ENTRY EXECUTION(close): bought 42 shares at $145.60 on 2025-04-04
🔴 EXIT: IBS=0.946, ibs_signal, P&L=$550.62, Duration=5 days
🟢 ENTRY SIGNAL: IBS=0.026 < 0.1 on 2025-05-22
🟢 ENTRY EXECUTION(close): bought 39 shares at $170.87 on 2025-05-22
🔴 EXIT: IBS=0.915, ibs_signal, P&L=$79.17, Duration=5 days
🟢 ENTRY SIGNAL: IBS=0.036 < 0.1 on 2025-06-18
🟢 ENTRY EXECUTION(close): bought 39 shares at $173.32 on 2025-06-18
🔴 EXIT: IBS=0.960, ibs_signal, P&L=$8.58, Duration=8 days
✅ Backtest completed: 402 trades, Final capital: $6871.74
📊 Test Case 1:
   Parameters: lowIBS=0.1, highIBS=0.75, maxHoldDays=30
   Trades generated: 402
   Expected minimum: 300
🔧 STRATEGY PARAMETERS: { lowIBS: [33m0.05[39m, highIBS: [33m0.75[39m, maxHoldDays: [33m30[39m }
🟢 ENTRY SIGNAL: IBS=0.000 < 0.05 on 2004-08-30
🟢 ENTRY EXECUTION(close): bought 98 shares at $102.01 on 2004-08-30
🔴 EXIT: IBS=0.824, ibs_signal, P&L=$-42.14, Duration=8 days
🟢 ENTRY SIGNAL: IBS=0.016 < 0.05 on 2004-09-24
🟢 ENTRY EXECUTION(close): bought 83 shares at $119.83 on 2004-09-24
🔴 EXIT: IBS=0.925, ibs_signal, P&L=$583.49, Duration=4 days
🟢 ENTRY SIGNAL: IBS=0.004 < 0.05 on 2004-10-29
🟢 ENTRY EXECUTION(close): bought 55 shares at $190.64 on 2004-10-29
🔴 EXIT: IBS=0.955, ibs_signal, P&L=$-419.10, Duration=13 days
🟢 ENTRY SIGNAL: IBS=0.031 < 0.05 on 2004-12-31
🟢 ENTRY EXECUTION(close): bought 52 shares at $192.79 on 2004-12-31
🔴 EXIT: IBS=0.886, ibs_signal, P&L=$515.84, Duration=3 days
🟢 ENTRY SIGNAL: IBS=0.022 < 0.05 on 2005-01-21
🟢 ENTRY EXECUTION(close): bought 56 shares at $188.28 on 2005-01-21
🔴 EXIT: IBS=0.983, ibs_signal, P&L=$53.76, Duration=5 days
🟢 ENTRY SIGNAL: IBS=0.048 < 0.05 on 2005-02-07
🟢 ENTRY EXECUTION(close): bought 54 shares at $196.03 on 2005-02-07
🔴 EXIT: IBS=0.993, ibs_signal, P&L=$-164.16, Duration=7 days
🟢 ENTRY SIGNAL: IBS=0.047 < 0.05 on 2005-03-08
🟢 ENTRY EXECUTION(close): bought 56 shares at $185.20 on 2005-03-08
🔴 EXIT: IBS=0.760, ibs_signal, P&L=$-369.04, Duration=7 days
🟢 ENTRY SIGNAL: IBS=0.030 < 0.05 on 2005-03-24
🟢 ENTRY EXECUTION(close): bought 56 shares at $179.25 on 2005-03-24
🔴 EXIT: IBS=0.765, ibs_signal, P&L=$70.56, Duration=7 days
🟢 ENTRY SIGNAL: IBS=0.017 < 0.05 on 2005-04-01
🟢 ENTRY EXECUTION(close): bought 56 shares at $180.04 on 2005-04-01
🔴 EXIT: IBS=0.995, ibs_signal, P&L=$294.00, Duration=3 days
🟢 ENTRY SIGNAL: IBS=0.000 < 0.05 on 2005-06-28
🟢 ENTRY EXECUTION(close): bought 34 shares at $302.00 on 2005-06-28
🔴 EXIT: IBS=0.953, ibs_signal, P&L=$-213.86, Duration=7 days
🟢 ENTRY SIGNAL: IBS=0.023 < 0.05 on 2005-07-06
🟢 ENTRY EXECUTION(close): bought 35 shares at $291.52 on 2005-07-06
🔴 EXIT: IBS=0.964, ibs_signal, P&L=$140.53, Duration=1 days
🟢 ENTRY SIGNAL: IBS=0.026 < 0.05 on 2005-08-15
🟢 ENTRY EXECUTION(close): bought 36 shares at $284.00 on 2005-08-15
🔴 EXIT: IBS=0.907, ibs_signal, P&L=$-144.36, Duration=3 days
🟢 ENTRY SIGNAL: IBS=0.042 < 0.05 on 2005-09-28
🟢 ENTRY EXECUTION(close): bought 33 shares at $306.00 on 2005-09-28
🔴 EXIT: IBS=0.763, ibs_signal, P&L=$119.46, Duration=1 days
🟢 ENTRY SIGNAL: IBS=0.025 < 0.05 on 2005-10-04
🟢 ENTRY EXECUTION(close): bought 33 shares at $311.00 on 2005-10-04
🔴 EXIT: IBS=0.981, ibs_signal, P&L=$-198.00, Duration=13 days
🟢 ENTRY SIGNAL: IBS=0.006 < 0.05 on 2006-02-02
🟢 ENTRY EXECUTION(close): bought 25 shares at $396.04 on 2006-02-02
🔴 EXIT: IBS=0.900, ibs_signal, P&L=$-674.00, Duration=6 days
🟢 ENTRY SIGNAL: IBS=0.017 < 0.05 on 2006-05-01
🟢 ENTRY EXECUTION(close): bought 23 shares at $398.90 on 2006-05-01
🔴 EXIT: IBS=0.987, ibs_signal, P&L=$227.70, Duration=8 days
🟢 ENTRY SIGNAL: IBS=0.025 < 0.05 on 2006-05-18
🟢 ENTRY EXECUTION(close): bought 26 shares at $370.99 on 2006-05-18
🔴 EXIT: IBS=0.815, ibs_signal, P&L=$266.76, Duration=6 days
🟢 ENTRY SIGNAL: IBS=0.040 < 0.05 on 2006-06-05
🟢 ENTRY EXECUTION(close): bought 26 shares at $374.44 on 2006-06-05
🔴 EXIT: IBS=0.999, ibs_signal, P&L=$404.30, Duration=1 days
🟢 ENTRY SIGNAL: IBS=0.001 < 0.05 on 2006-06-07
🟢 ENTRY EXECUTION(close): bought 27 shares at $386.51 on 2006-06-07
🔴 EXIT: IBS=0.938, ibs_signal, P&L=$183.33, Duration=1 days
🟢 ENTRY SIGNAL: IBS=0.000 < 0.05 on 2006-08-01
🟢 ENTRY EXECUTION(close): bought 28 shares at $375.51 on 2006-08-01
🔴 EXIT: IBS=0.827, ibs_signal, P&L=$-3.36, Duration=2 days
🟢 ENTRY SIGNAL: IBS=0.000 < 0.05 on 2006-11-15
🟢 ENTRY EXECUTION(close): bought 21 shares at $491.93 on 2006-11-15
🔴 EXIT: IBS=0.869, ibs_signal, P&L=$144.06, Duration=2 days
🟢 ENTRY SIGNAL: IBS=0.000 < 0.05 on 2006-11-27
🟢 ENTRY EXECUTION(close): bought 22 shares at $484.75 on 2006-11-27
🔴 EXIT: IBS=0.972, ibs_signal, P&L=$104.50, Duration=1 days
🟢 ENTRY SIGNAL: IBS=0.023 < 0.05 on 2006-12-07
🟢 ENTRY EXECUTION(close): bought 22 shares at $482.64 on 2006-12-07
🔴 EXIT: IBS=0.937, ibs_signal, P&L=$-308.22, Duration=12 days
🟢 ENTRY SIGNAL: IBS=0.049 < 0.05 on 2006-12-28
🟢 ENTRY EXECUTION(close): bought 22 shares at $462.56 on 2006-12-28
🔴 EXIT: IBS=0.956, ibs_signal, P&L=$455.40, Duration=7 days
🟢 ENTRY SIGNAL: IBS=0.044 < 0.05 on 2007-01-18
🟢 ENTRY EXECUTION(close): bought 22 shares at $487.83 on 2007-01-18
🔴 EXIT: IBS=0.971, ibs_signal, P&L=$247.28, Duration=6 days
🟢 ENTRY SIGNAL: IBS=0.009 < 0.05 on 2007-02-01
🟢 ENTRY EXECUTION(close): bought 23 shares at $481.75 on 2007-02-01
🔴 EXIT: IBS=0.974, ibs_signal, P&L=$-271.63, Duration=15 days
🟢 ENTRY SIGNAL: IBS=0.000 < 0.05 on 2007-03-02
🟢 ENTRY EXECUTION(close): bought 25 shares at $438.68 on 2007-03-02
🔴 EXIT: IBS=0.875, ibs_signal, P&L=$471.75, Duration=4 days
🟢 ENTRY SIGNAL: IBS=0.022 < 0.05 on 2007-03-13
🟢 ENTRY EXECUTION(close): bought 25 shares at $443.03 on 2007-03-13
🔴 EXIT: IBS=0.932, ibs_signal, P&L=$124.25, Duration=1 days
🟢 ENTRY SIGNAL: IBS=0.044 < 0.05 on 2007-04-20
🟢 ENTRY EXECUTION(close): bought 24 shares at $482.48 on 2007-04-20
🔴 EXIT: IBS=0.904, ibs_signal, P&L=$-222.00, Duration=13 days
🟢 ENTRY SIGNAL: IBS=0.034 < 0.05 on 2007-05-17
🟢 ENTRY EXECUTION(close): bought 24 shares at $470.96 on 2007-05-17
🔴 EXIT: IBS=0.814, ibs_signal, P&L=$301.44, Duration=8 days
🟢 ENTRY SIGNAL: IBS=0.046 < 0.05 on 2007-07-23
🟢 ENTRY EXECUTION(close): bought 22 shares at $512.51 on 2007-07-23
🔴 EXIT: IBS=0.980, ibs_signal, P&L=$-55.22, Duration=14 days
🟢 ENTRY SIGNAL: IBS=0.008 < 0.05 on 2007-08-09
🟢 ENTRY EXECUTION(close): bought 22 shares at $514.73 on 2007-08-09
🔴 EXIT: IBS=0.773, ibs_signal, P&L=$22.44, Duration=1 days
🟢 ENTRY SIGNAL: IBS=0.035 < 0.05 on 2007-11-26
🟢 ENTRY EXECUTION(close): bought 17 shares at $666.00 on 2007-11-26
🔴 EXIT: IBS=0.891, ibs_signal, P&L=$128.69, Duration=1 days
🟢 ENTRY SIGNAL: IBS=0.028 < 0.05 on 2007-12-03
🟢 ENTRY EXECUTION(close): bought 17 shares at $681.53 on 2007-12-03
🔴 EXIT: IBS=0.963, ibs_signal, P&L=$288.66, Duration=2 days
🟢 ENTRY SIGNAL: IBS=0.019 < 0.05 on 2007-12-11
🟢 ENTRY EXECUTION(close): bought 17 shares at $699.20 on 2007-12-11
🔴 EXIT: IBS=0.782, ibs_signal, P&L=$-87.62, Duration=2 days
🟢 ENTRY SIGNAL: IBS=0.000 < 0.05 on 2007-12-27
🟢 ENTRY EXECUTION(close): bought 17 shares at $700.74 on 2007-12-27
🔴 EXIT: IBS=0.853, ibs_signal, P&L=$-261.97, Duration=7 days
🟢 ENTRY SIGNAL: IBS=0.023 < 0.05 on 2008-01-08
🟢 ENTRY EXECUTION(close): bought 18 shares at $631.68 on 2008-01-08
🔴 EXIT: IBS=0.995, ibs_signal, P&L=$387.36, Duration=1 days
🟢 ENTRY SIGNAL: IBS=0.008 < 0.05 on 2008-01-25
🟢 ENTRY EXECUTION(close): bought 21 shares at $566.40 on 2008-01-25
🔴 EXIT: IBS=0.775, ibs_signal, P&L=$-44.10, Duration=6 days
🟢 ENTRY SIGNAL: IBS=0.034 < 0.05 on 2008-02-25
🟢 ENTRY EXECUTION(close): bought 24 shares at $486.44 on 2008-02-25
🔴 EXIT: IBS=0.884, ibs_signal, P&L=$-534.00, Duration=1 days
🟢 ENTRY SIGNAL: IBS=0.032 < 0.05 on 2008-03-10
🟢 ENTRY EXECUTION(close): bought 27 shares at $413.62 on 2008-03-10
🔴 EXIT: IBS=0.980, ibs_signal, P&L=$707.94, Duration=1 days
🟢 ENTRY SIGNAL: IBS=0.021 < 0.05 on 2008-03-19
🟢 ENTRY EXECUTION(close): bought 28 shares at $432.00 on 2008-03-19
🔴 EXIT: IBS=0.882, ibs_signal, P&L=$43.40, Duration=1 days
🟢 ENTRY SIGNAL: IBS=0.000 < 0.05 on 2008-06-06
🟢 ENTRY EXECUTION(close): bought 21 shares at $567.00 on 2008-06-06
🔴 EXIT: IBS=0.871, ibs_signal, P&L=$-817.53, Duration=21 days
🟢 ENTRY SIGNAL: IBS=0.000 < 0.05 on 2008-07-24
🟢 ENTRY EXECUTION(close): bought 24 shares at $475.62 on 2008-07-24
🔴 EXIT: IBS=0.901, ibs_signal, P&L=$392.64, Duration=1 days
🟢 ENTRY SIGNAL: IBS=0.041 < 0.05 on 2008-09-17
🟢 ENTRY EXECUTION(close): bought 28 shares at $414.49 on 2008-09-17
🔴 EXIT: IBS=0.997, ibs_signal, P&L=$688.52, Duration=1 days
🟢 ENTRY SIGNAL: IBS=0.045 < 0.05 on 2008-09-22
🟢 ENTRY EXECUTION(close): bought 29 shares at $430.14 on 2008-09-22
🔴 EXIT: IBS=0.974, ibs_signal, P&L=$-1424.48, Duration=21 days
🟢 ENTRY SIGNAL: IBS=0.017 < 0.05 on 2008-10-15
🟢 ENTRY EXECUTION(close): bought 32 shares at $339.17 on 2008-10-15
🔴 EXIT: IBS=0.926, ibs_signal, P&L=$443.20, Duration=1 days
🟢 ENTRY SIGNAL: IBS=0.034 < 0.05 on 2008-10-21
🟢 ENTRY EXECUTION(close): bought 31 shares at $362.75 on 2008-10-21
🔴 EXIT: IBS=0.986, ibs_signal, P&L=$186.00, Duration=7 days
🟢 ENTRY SIGNAL: IBS=0.034 < 0.05 on 2008-11-05
🟢 ENTRY EXECUTION(close): bought 34 shares at $342.24 on 2008-11-05
🔴 EXIT: IBS=0.972, ibs_signal, P&L=$-1025.44, Duration=8 days
🟢 ENTRY SIGNAL: IBS=0.022 < 0.05 on 2008-11-20
🟢 ENTRY EXECUTION(close): bought 41 shares at $259.56 on 2008-11-20
🔴 EXIT: IBS=0.762, ibs_signal, P&L=$922.09, Duration=5 days
🟢 ENTRY SIGNAL: IBS=0.000 < 0.05 on 2008-12-01
🟢 ENTRY EXECUTION(close): bought 43 shares at $265.99 on 2008-12-01
🔴 EXIT: IBS=0.824, ibs_signal, P&L=$392.16, Duration=1 days
🟢 ENTRY SIGNAL: IBS=0.000 < 0.05 on 2009-01-20
🟢 ENTRY EXECUTION(close): bought 42 shares at $282.75 on 2009-01-20
🔴 EXIT: IBS=0.972, ibs_signal, P&L=$853.86, Duration=1 days
🟢 ENTRY SIGNAL: IBS=0.032 < 0.05 on 2009-02-10
🟢 ENTRY EXECUTION(close): bought 35 shares at $358.51 on 2009-02-10
🔴 EXIT: IBS=0.953, ibs_signal, P&L=$158.90, Duration=2 days
🟢 ENTRY SIGNAL: IBS=0.025 < 0.05 on 2009-02-23
🟢 ENTRY EXECUTION(close): bought 39 shares at $330.06 on 2009-02-23
🔴 EXIT: IBS=0.777, ibs_signal, P&L=$600.21, Duration=1 days
🟢 ENTRY SIGNAL: IBS=0.001 < 0.05 on 2009-02-26
🟢 ENTRY EXECUTION(close): bought 40 shares at $337.18 on 2009-02-26
🔴 EXIT: IBS=0.898, ibs_signal, P&L=$-1144.40, Duration=8 days
🟢 ENTRY SIGNAL: IBS=0.049 < 0.05 on 2009-07-07
🟢 ENTRY EXECUTION(close): bought 31 shares at $396.63 on 2009-07-07
🔴 EXIT: IBS=0.976, ibs_signal, P&L=$857.77, Duration=6 days
🟢 ENTRY SIGNAL: IBS=0.040 < 0.05 on 2009-09-18
🟢 ENTRY EXECUTION(close): bought 27 shares at $491.46 on 2009-09-18
🔴 EXIT: IBS=0.850, ibs_signal, P&L=$149.58, Duration=3 days
🟢 ENTRY SIGNAL: IBS=0.021 < 0.05 on 2009-10-01
🟢 ENTRY EXECUTION(close): bought 27 shares at $487.20 on 2009-10-01
🔴 EXIT: IBS=0.918, ibs_signal, P&L=$311.58, Duration=5 days
🟢 ENTRY SIGNAL: IBS=0.046 < 0.05 on 2009-12-17
🟢 ENTRY EXECUTION(close): bought 23 shares at $593.94 on 2009-12-17
🔴 EXIT: IBS=0.857, ibs_signal, P&L=$165.14, Duration=5 days
🟢 ENTRY SIGNAL: IBS=0.000 < 0.05 on 2009-12-31
🟢 ENTRY EXECUTION(close): bought 22 shares at $619.98 on 2009-12-31
🔴 EXIT: IBS=0.913, ibs_signal, P&L=$-395.12, Duration=8 days
🟢 ENTRY SIGNAL: IBS=0.042 < 0.05 on 2010-03-12
🟢 ENTRY EXECUTION(close): bought 23 shares at $579.54 on 2010-03-12
🔴 EXIT: IBS=0.875, ibs_signal, P&L=$-510.83, Duration=12 days
🟢 ENTRY SIGNAL: IBS=0.027 < 0.05 on 2010-04-16
🟢 ENTRY EXECUTION(close): bought 23 shares at $550.14 on 2010-04-16
🔴 EXIT: IBS=0.886, ibs_signal, P&L=$-655.39, Duration=24 days
🟢 ENTRY SIGNAL: IBS=0.044 < 0.05 on 2010-05-13
🟢 ENTRY EXECUTION(close): bought 24 shares at $510.88 on 2010-05-13
🔴 EXIT: IBS=0.765, ibs_signal, P&L=$-80.40, Duration=1 days
🟢 ENTRY SIGNAL: IBS=0.028 < 0.05 on 2010-05-24
🟢 ENTRY EXECUTION(close): bought 25 shares at $477.16 on 2010-05-24
🔴 EXIT: IBS=0.972, ibs_signal, P&L=$-2.25, Duration=1 days
🟢 ENTRY SIGNAL: IBS=0.032 < 0.05 on 2010-05-26
🟢 ENTRY EXECUTION(close): bought 25 shares at $475.47 on 2010-05-26
🔴 EXIT: IBS=0.836, ibs_signal, P&L=$374.75, Duration=1 days
🟢 ENTRY SIGNAL: IBS=0.000 < 0.05 on 2010-06-14
🟢 ENTRY EXECUTION(close): bought 26 shares at $483.19 on 2010-06-14
🔴 EXIT: IBS=0.868, ibs_signal, P&L=$384.80, Duration=1 days
🟢 ENTRY SIGNAL: IBS=0.048 < 0.05 on 2010-06-22
🟢 ENTRY EXECUTION(close): bought 26 shares at $486.25 on 2010-06-22
🔴 EXIT: IBS=0.931, ibs_signal, P&L=$-937.30, Duration=15 days
🟢 ENTRY SIGNAL: IBS=0.008 < 0.05 on 2010-07-16
🟢 ENTRY EXECUTION(close): bought 26 shares at $459.61 on 2010-07-16
🔴 EXIT: IBS=0.937, ibs_signal, P&L=$571.61, Duration=4 days
🟢 ENTRY SIGNAL: IBS=0.037 < 0.05 on 2010-08-11
🟢 ENTRY EXECUTION(close): bought 25 shares at $491.74 on 2010-08-11
🔴 EXIT: IBS=0.776, ibs_signal, P&L=$6.75, Duration=1 days
🟢 ENTRY SIGNAL: IBS=0.047 < 0.05 on 2010-08-19
🟢 ENTRY EXECUTION(close): bought 27 shares at $467.97 on 2010-08-19
🔴 EXIT: IBS=0.906, ibs_signal, P&L=$-246.78, Duration=8 days
🟢 ENTRY SIGNAL: IBS=0.037 < 0.05 on 2010-08-30
🟢 ENTRY EXECUTION(close): bought 27 shares at $452.69 on 2010-08-30
🔴 EXIT: IBS=0.760, ibs_signal, P&L=$483.03, Duration=9 days
🟢 ENTRY SIGNAL: IBS=0.049 < 0.05 on 2010-10-20
🟢 ENTRY EXECUTION(close): bought 21 shares at $607.98 on 2010-10-20
🔴 EXIT: IBS=0.802, ibs_signal, P&L=$256.20, Duration=14 days
🟢 ENTRY SIGNAL: IBS=0.019 < 0.05 on 2010-11-16
🟢 ENTRY EXECUTION(close): bought 22 shares at $583.72 on 2010-11-16
🔴 EXIT: IBS=0.792, ibs_signal, P&L=$165.00, Duration=6 days
🟢 ENTRY SIGNAL: IBS=0.015 < 0.05 on 2011-01-21
🟢 ENTRY EXECUTION(close): bought 21 shares at $611.83 on 2011-01-21
🔴 EXIT: IBS=0.875, ibs_signal, P&L=$-15.75, Duration=3 days
🟢 ENTRY SIGNAL: IBS=0.048 < 0.05 on 2011-03-04
🟢 ENTRY EXECUTION(close): bought 22 shares at $600.62 on 2011-03-04
🔴 EXIT: IBS=0.907, ibs_signal, P&L=$-683.32, Duration=11 days
🟢 ENTRY SIGNAL: IBS=0.015 < 0.05 on 2011-04-08
🟢 ENTRY EXECUTION(close): bought 21 shares at $578.16 on 2011-04-08
🔴 EXIT: IBS=0.857, ibs_signal, P&L=$-16.59, Duration=3 days
🟢 ENTRY SIGNAL: IBS=0.041 < 0.05 on 2011-04-15
🟢 ENTRY EXECUTION(close): bought 23 shares at $530.70 on 2011-04-15
🔴 EXIT: IBS=0.905, ibs_signal, P&L=$-88.78, Duration=3 days
🟢 ENTRY SIGNAL: IBS=0.019 < 0.05 on 2011-05-06
🟢 ENTRY EXECUTION(close): bought 23 shares at $535.30 on 2011-05-06
🔴 EXIT: IBS=0.890, ibs_signal, P&L=$54.74, Duration=3 days
🟢 ENTRY SIGNAL: IBS=0.019 < 0.05 on 2011-05-24
🟢 ENTRY EXECUTION(close): bought 24 shares at $518.26 on 2011-05-24
🔴 EXIT: IBS=0.838, ibs_signal, P&L=$63.36, Duration=3 days
🟢 ENTRY SIGNAL: IBS=0.037 < 0.05 on 2011-06-01
🟢 ENTRY EXECUTION(close): bought 24 shares at $525.60 on 2011-06-01
🔴 EXIT: IBS=0.764, ibs_signal, P&L=$-984.48, Duration=19 days
🟢 ENTRY SIGNAL: IBS=0.049 < 0.05 on 2011-06-22
🟢 ENTRY EXECUTION(close): bought 24 shares at $487.00 on 2011-06-22
🔴 EXIT: IBS=0.790, ibs_signal, P&L=$159.48, Duration=6 days
🟢 ENTRY SIGNAL: IBS=0.000 < 0.05 on 2011-07-20
🟢 ENTRY EXECUTION(close): bought 19 shares at $595.35 on 2011-07-20
🔴 EXIT: IBS=0.924, ibs_signal, P&L=$221.16, Duration=1 days
🟢 ENTRY SIGNAL: IBS=0.000 < 0.05 on 2011-07-29
🟢 ENTRY EXECUTION(close): bought 20 shares at $603.69 on 2011-07-29
🔴 EXIT: IBS=0.906, ibs_signal, P&L=$-50.40, Duration=5 days
🟢 ENTRY SIGNAL: IBS=0.002 < 0.05 on 2011-08-04
🟢 ENTRY EXECUTION(close): bought 20 shares at $577.52 on 2011-08-04
🔴 EXIT: IBS=0.964, ibs_signal, P&L=$-82.20, Duration=5 days
🟢 ENTRY SIGNAL: IBS=0.002 < 0.05 on 2011-08-19
🟢 ENTRY EXECUTION(close): bought 24 shares at $490.92 on 2011-08-19
🔴 EXIT: IBS=0.884, ibs_signal, P&L=$669.60, Duration=4 days
🟢 ENTRY SIGNAL: IBS=0.021 < 0.05 on 2011-09-21
🟢 ENTRY EXECUTION(close): bought 23 shares at $539.20 on 2011-09-21
🔴 EXIT: IBS=0.924, ibs_signal, P&L=$-314.87, Duration=2 days
🟢 ENTRY SIGNAL: IBS=0.031 < 0.05 on 2011-10-03
🟢 ENTRY EXECUTION(close): bought 24 shares at $495.52 on 2011-10-03
🔴 EXIT: IBS=0.933, ibs_signal, P&L=$153.12, Duration=1 days
🟢 ENTRY SIGNAL: IBS=0.026 < 0.05 on 2011-10-25
🟢 ENTRY EXECUTION(close): bought 21 shares at $583.16 on 2011-10-25
🔴 EXIT: IBS=0.777, ibs_signal, P&L=$66.15, Duration=1 days
🟢 ENTRY SIGNAL: IBS=0.000 < 0.05 on 2011-11-23
🟢 ENTRY EXECUTION(close): bought 22 shares at $570.11 on 2011-11-23
🔴 EXIT: IBS=0.949, ibs_signal, P&L=$397.76, Duration=5 days
🟢 ENTRY SIGNAL: IBS=0.023 < 0.05 on 2012-01-06
🟢 ENTRY EXECUTION(close): bought 19 shares at $650.02 on 2012-01-06
🔴 EXIT: IBS=0.908, ibs_signal, P&L=$-325.09, Duration=12 days
🟢 ENTRY SIGNAL: IBS=0.021 < 0.05 on 2012-03-09
🟢 ENTRY EXECUTION(close): bought 21 shares at $600.25 on 2012-03-09
🔴 EXIT: IBS=0.761, ibs_signal, P&L=$102.90, Duration=3 days
🟢 ENTRY SIGNAL: IBS=0.019 < 0.05 on 2012-03-30
🟢 ENTRY EXECUTION(close): bought 19 shares at $641.24 on 2012-03-30
🔴 EXIT: IBS=0.954, ibs_signal, P&L=$107.92, Duration=3 days
🟢 ENTRY SIGNAL: IBS=0.042 < 0.05 on 2012-04-13
🟢 ENTRY EXECUTION(close): bought 20 shares at $624.60 on 2012-04-13
🔴 EXIT: IBS=0.897, ibs_signal, P&L=$-540.00, Duration=10 days
🟢 ENTRY SIGNAL: IBS=0.014 < 0.05 on 2012-05-04
🟢 ENTRY EXECUTION(close): bought 20 shares at $596.97 on 2012-05-04
🔴 EXIT: IBS=0.806, ibs_signal, P&L=$211.60, Duration=3 days
🟢 ENTRY SIGNAL: IBS=0.047 < 0.05 on 2012-05-11
🟢 ENTRY EXECUTION(close): bought 20 shares at $605.23 on 2012-05-11
🔴 EXIT: IBS=0.917, ibs_signal, P&L=$474.00, Duration=5 days
🟢 ENTRY SIGNAL: IBS=0.000 < 0.05 on 2012-12-28
🟢 ENTRY EXECUTION(close): bought 18 shares at $700.01 on 2012-12-28
🔴 EXIT: IBS=0.781, ibs_signal, P&L=$132.66, Duration=3 days
🟢 ENTRY SIGNAL: IBS=0.045 < 0.05 on 2013-01-14
🟢 ENTRY EXECUTION(close): bought 18 shares at $723.25 on 2013-01-14
🔴 EXIT: IBS=0.816, ibs_signal, P&L=$550.44, Duration=10 days
🟢 ENTRY SIGNAL: IBS=0.039 < 0.05 on 2013-02-20
🟢 ENTRY EXECUTION(close): bought 17 shares at $792.46 on 2013-02-20
🔴 EXIT: IBS=0.793, ibs_signal, P&L=$123.25, Duration=2 days
🟢 ENTRY SIGNAL: IBS=0.016 < 0.05 on 2013-02-25
🟢 ENTRY EXECUTION(close): bought 17 shares at $790.77 on 2013-02-25
🔴 EXIT: IBS=0.914, ibs_signal, P&L=$262.14, Duration=4 days
🟢 ENTRY SIGNAL: IBS=0.039 < 0.05 on 2013-06-11
🟢 ENTRY EXECUTION(close): bought 15 shares at $879.81 on 2013-06-11
🔴 EXIT: IBS=0.812, ibs_signal, P&L=$-42.15, Duration=2 days
🟢 ENTRY SIGNAL: IBS=0.038 < 0.05 on 2013-08-26
🟢 ENTRY EXECUTION(close): bought 16 shares at $866.39 on 2013-08-26
🔴 EXIT: IBS=0.898, ibs_signal, P&L=$83.90, Duration=9 days
🟢 ENTRY SIGNAL: IBS=0.048 < 0.05 on 2013-10-24
🟢 ENTRY EXECUTION(close): bought 13 shares at $1025.55 on 2013-10-24
🔴 EXIT: IBS=0.970, ibs_signal, P&L=$138.97, Duration=5 days
🟢 ENTRY SIGNAL: IBS=0.019 < 0.05 on 2013-11-07
🟢 ENTRY EXECUTION(close): bought 14 shares at $1007.95 on 2013-11-07
🔴 EXIT: IBS=0.753, ibs_signal, P&L=$113.12, Duration=1 days
🟢 ENTRY SIGNAL: IBS=0.020 < 0.05 on 2013-11-29
🟢 ENTRY EXECUTION(close): bought 13 shares at $1059.59 on 2013-11-29
🔴 EXIT: IBS=0.987, ibs_signal, P&L=$133.64, Duration=7 days
🟢 ENTRY SIGNAL: IBS=0.038 < 0.05 on 2013-12-30
🟢 ENTRY EXECUTION(close): bought 13 shares at $1109.46 on 2013-12-30
🔴 EXIT: IBS=0.980, ibs_signal, P&L=$146.25, Duration=1 days
🟢 ENTRY SIGNAL: IBS=0.006 < 0.05 on 2014-01-03
🟢 ENTRY EXECUTION(close): bought 13 shares at $1105.00 on 2014-01-03
🔴 EXIT: IBS=0.876, ibs_signal, P&L=$160.16, Duration=3 days
🟢 ENTRY SIGNAL: IBS=0.027 < 0.05 on 2014-01-24
🟢 ENTRY EXECUTION(close): bought 13 shares at $1123.83 on 2014-01-24
🔴 EXIT: IBS=0.827, ibs_signal, P&L=$-10.66, Duration=4 days
🟢 ENTRY SIGNAL: IBS=0.029 < 0.05 on 2014-02-03
🟢 ENTRY EXECUTION(close): bought 13 shares at $1133.43 on 2014-02-03
🔴 EXIT: IBS=0.984, ibs_signal, P&L=$344.89, Duration=3 days
🟢 ENTRY SIGNAL: IBS=0.015 < 0.05 on 2014-03-14
🟢 ENTRY EXECUTION(close): bought 12 shares at $1172.80 on 2014-03-14
🔴 EXIT: IBS=0.985, ibs_signal, P&L=$461.52, Duration=4 days
🟢 ENTRY SIGNAL: IBS=0.022 < 0.05 on 2014-03-21
🟢 ENTRY EXECUTION(close): bought 13 shares at $1183.04 on 2014-03-21
🔴 EXIT: IBS=0.866, ibs_signal, P&L=$-625.95, Duration=11 days
🟢 ENTRY SIGNAL: IBS=0.021 < 0.05 on 2014-04-04
🟢 ENTRY EXECUTION(close): bought 27 shares at $545.25 on 2014-04-04
🔴 EXIT: IBS=0.844, ibs_signal, P&L=$331.02, Duration=4 days
🟢 ENTRY SIGNAL: IBS=0.025 < 0.05 on 2014-05-06
🟢 ENTRY EXECUTION(close): bought 29 shares at $522.57 on 2014-05-06
🔴 EXIT: IBS=0.944, ibs_signal, P&L=$117.45, Duration=3 days
🟢 ENTRY SIGNAL: IBS=0.038 < 0.05 on 2014-09-25
🟢 ENTRY EXECUTION(close): bought 26 shares at $585.25 on 2014-09-25
🔴 EXIT: IBS=0.806, ibs_signal, P&L=$66.56, Duration=4 days
🟢 ENTRY SIGNAL: IBS=0.000 < 0.05 on 2014-10-07
🟢 ENTRY EXECUTION(close): bought 26 shares at $574.10 on 2014-10-07
🔴 EXIT: IBS=0.944, ibs_signal, P&L=$250.64, Duration=1 days
🟢 ENTRY SIGNAL: IBS=0.009 < 0.05 on 2014-10-10
🟢 ENTRY EXECUTION(close): bought 28 shares at $555.19 on 2014-10-10
🔴 EXIT: IBS=0.794, ibs_signal, P&L=$-404.88, Duration=5 days
🟢 ENTRY SIGNAL: IBS=0.046 < 0.05 on 2014-12-10
🟢 ENTRY EXECUTION(close): bought 28 shares at $528.04 on 2014-12-10
🔴 EXIT: IBS=0.832, ibs_signal, P&L=$-375.76, Duration=8 days
🟢 ENTRY SIGNAL: IBS=0.022 < 0.05 on 2014-12-29
🟢 ENTRY EXECUTION(close): bought 27 shares at $537.31 on 2014-12-29
🔴 EXIT: IBS=0.953, ibs_signal, P&L=$-820.80, Duration=10 days
🟢 ENTRY SIGNAL: IBS=0.028 < 0.05 on 2015-01-27
🟢 ENTRY EXECUTION(close): bought 27 shares at $521.19 on 2015-01-27
🔴 EXIT: IBS=0.833, ibs_signal, P&L=$-214.92, Duration=2 days
🟢 ENTRY SIGNAL: IBS=0.003 < 0.05 on 2015-03-10
🟢 ENTRY EXECUTION(close): bought 24 shares at $559.85 on 2015-03-10
🔴 EXIT: IBS=0.894, ibs_signal, P&L=$31.68, Duration=2 days
🟢 ENTRY SIGNAL: IBS=0.000 < 0.05 on 2015-03-25
🟢 ENTRY EXECUTION(close): bought 24 shares at $567.00 on 2015-03-25
🔴 EXIT: IBS=0.809, ibs_signal, P&L=$-140.76, Duration=5 days
🟢 ENTRY SIGNAL: IBS=0.004 < 0.05 on 2015-03-31
🟢 ENTRY EXECUTION(close): bought 24 shares at $554.70 on 2015-03-31
🔴 EXIT: IBS=0.838, ibs_signal, P&L=$-258.00, Duration=6 days
🟢 ENTRY SIGNAL: IBS=0.023 < 0.05 on 2015-05-11
🟢 ENTRY EXECUTION(close): bought 24 shares at $545.78 on 2015-05-11
🔴 EXIT: IBS=0.932, ibs_signal, P&L=$82.08, Duration=3 days
🟢 ENTRY SIGNAL: IBS=0.031 < 0.05 on 2015-05-29
🟢 ENTRY EXECUTION(close): bought 24 shares at $545.32 on 2015-05-29
🔴 EXIT: IBS=0.805, ibs_signal, P&L=$93.36, Duration=3 days
🟢 ENTRY SIGNAL: IBS=0.007 < 0.05 on 2015-07-09
🟢 ENTRY EXECUTION(close): bought 25 shares at $544.65 on 2015-07-09
🔴 EXIT: IBS=0.921, ibs_signal, P&L=$677.00, Duration=4 days
🟢 ENTRY SIGNAL: IBS=0.038 < 0.05 on 2015-07-31
🟢 ENTRY EXECUTION(close): bought 21 shares at $657.50 on 2015-07-31
🔴 EXIT: IBS=0.784, ibs_signal, P&L=$151.62, Duration=3 days
🟢 ENTRY SIGNAL: IBS=0.031 < 0.05 on 2015-08-21
🟢 ENTRY EXECUTION(close): bought 22 shares at $644.03 on 2015-08-21
🔴 EXIT: IBS=0.915, ibs_signal, P&L=$345.62, Duration=5 days
🟢 ENTRY SIGNAL: IBS=0.026 < 0.05 on 2015-09-25
🟢 ENTRY EXECUTION(close): bought 23 shares at $640.15 on 2015-09-25
🔴 EXIT: IBS=0.792, ibs_signal, P&L=$-67.85, Duration=5 days
🟢 ENTRY SIGNAL: IBS=0.040 < 0.05 on 2015-10-23
🟢 ENTRY EXECUTION(close): bought 20 shares at $719.33 on 2015-10-23
🔴 EXIT: IBS=0.955, ibs_signal, P&L=$351.80, Duration=5 days
🟢 ENTRY SIGNAL: IBS=0.038 < 0.05 on 2015-11-13
🟢 ENTRY EXECUTION(close): bought 20 shares at $740.07 on 2015-11-13
🔴 EXIT: IBS=0.926, ibs_signal, P&L=$207.00, Duration=3 days
🟢 ENTRY SIGNAL: IBS=0.043 < 0.05 on 2015-12-17
🟢 ENTRY EXECUTION(close): bought 19 shares at $769.83 on 2015-12-17
🔴 EXIT: IBS=0.762, ibs_signal, P&L=$-25.08, Duration=6 days
🟢 ENTRY SIGNAL: IBS=0.010 < 0.05 on 2016-02-02
🟢 ENTRY EXECUTION(close): bought 19 shares at $780.91 on 2016-02-02
🔴 EXIT: IBS=0.984, ibs_signal, P&L=$-1458.25, Duration=6 days
🟢 ENTRY SIGNAL: IBS=0.028 < 0.05 on 2016-02-29
🟢 ENTRY EXECUTION(close): bought 19 shares at $717.22 on 2016-02-29
🔴 EXIT: IBS=0.993, ibs_signal, P&L=$474.05, Duration=1 days
🟢 ENTRY SIGNAL: IBS=0.020 < 0.05 on 2016-04-11
🟢 ENTRY EXECUTION(close): bought 18 shares at $757.54 on 2016-04-11
🔴 EXIT: IBS=0.955, ibs_signal, P&L=$122.04, Duration=1 days
🟢 ENTRY SIGNAL: IBS=0.047 < 0.05 on 2016-05-23
🟢 ENTRY EXECUTION(close): bought 20 shares at $717.25 on 2016-05-23
🔴 EXIT: IBS=0.920, ibs_signal, P&L=$315.60, Duration=1 days
🟢 ENTRY SIGNAL: IBS=0.049 < 0.05 on 2016-06-07
🟢 ENTRY EXECUTION(close): bought 20 shares at $731.09 on 2016-06-07
🔴 EXIT: IBS=0.891, ibs_signal, P&L=$236.80, Duration=1 days
🟢 ENTRY SIGNAL: IBS=0.014 < 0.05 on 2016-06-24
🟢 ENTRY EXECUTION(close): bought 21 shares at $685.20 on 2016-06-24
🔴 EXIT: IBS=0.795, ibs_signal, P&L=$-85.26, Duration=3 days
🟢 ENTRY SIGNAL: IBS=0.031 < 0.05 on 2016-09-09
🟢 ENTRY EXECUTION(close): bought 18 shares at $788.48 on 2016-09-09
🔴 EXIT: IBS=0.919, ibs_signal, P&L=$186.12, Duration=3 days
🟢 ENTRY SIGNAL: IBS=0.039 < 0.05 on 2016-11-18
🟢 ENTRY EXECUTION(close): bought 19 shares at $775.97 on 2016-11-18
🔴 EXIT: IBS=0.829, ibs_signal, P&L=$167.77, Duration=3 days
🟢 ENTRY SIGNAL: IBS=0.045 < 0.05 on 2017-01-19
🟢 ENTRY EXECUTION(close): bought 18 shares at $824.37 on 2017-01-19
🔴 EXIT: IBS=0.769, ibs_signal, P&L=$68.40, Duration=1 days
🟢 ENTRY SIGNAL: IBS=0.050 < 0.05 on 2017-06-27
🟢 ENTRY EXECUTION(close): bought 16 shares at $948.09 on 2017-06-27
🔴 EXIT: IBS=0.918, ibs_signal, P&L=$206.72, Duration=1 days
🟢 ENTRY SIGNAL: IBS=0.005 < 0.05 on 2017-06-30
🟢 ENTRY EXECUTION(close): bought 16 shares at $929.68 on 2017-06-30
🔴 EXIT: IBS=0.772, ibs_signal, P&L=$41.28, Duration=5 days
🟢 ENTRY SIGNAL: IBS=0.001 < 0.05 on 2017-08-17
🟢 ENTRY EXECUTION(close): bought 16 shares at $927.66 on 2017-08-17
🔴 EXIT: IBS=0.901, ibs_signal, P&L=$203.84, Duration=5 days
🟢 ENTRY SIGNAL: IBS=0.038 < 0.05 on 2017-08-25
🟢 ENTRY EXECUTION(close): bought 17 shares at $930.50 on 2017-08-25
🔴 EXIT: IBS=0.871, ibs_signal, P&L=$89.25, Duration=4 days
🟢 ENTRY SIGNAL: IBS=0.025 < 0.05 on 2018-02-07
🟢 ENTRY EXECUTION(close): bought 15 shares at $1055.41 on 2018-02-07
🔴 EXIT: IBS=0.900, ibs_signal, P&L=$-137.10, Duration=2 days
🟢 ENTRY SIGNAL: IBS=0.026 < 0.05 on 2018-02-27
🟢 ENTRY EXECUTION(close): bought 14 shares at $1117.51 on 2018-02-27
🔴 EXIT: IBS=0.925, ibs_signal, P&L=$-467.18, Duration=3 days
🟢 ENTRY SIGNAL: IBS=0.040 < 0.05 on 2018-03-23
🟢 ENTRY EXECUTION(close): bought 14 shares at $1026.55 on 2018-03-23
🔴 EXIT: IBS=0.894, ibs_signal, P&L=$385.56, Duration=3 days
🟢 ENTRY SIGNAL: IBS=0.035 < 0.05 on 2018-04-09
🟢 ENTRY EXECUTION(close): bought 15 shares at $1020.09 on 2018-04-09
🔴 EXIT: IBS=0.817, ibs_signal, P&L=$246.15, Duration=1 days
🟢 ENTRY SIGNAL: IBS=0.014 < 0.05 on 2018-04-30
🟢 ENTRY EXECUTION(close): bought 15 shares at $1018.58 on 2018-04-30
🔴 EXIT: IBS=0.969, ibs_signal, P&L=$332.55, Duration=1 days
🟢 ENTRY SIGNAL: IBS=0.008 < 0.05 on 2018-06-27
🟢 ENTRY EXECUTION(close): bought 14 shares at $1116.94 on 2018-06-27
🔴 EXIT: IBS=0.976, ibs_signal, P&L=$352.38, Duration=5 days
🟢 ENTRY SIGNAL: IBS=0.002 < 0.05 on 2018-09-21
🟢 ENTRY EXECUTION(close): bought 14 shares at $1172.12 on 2018-09-21
🔴 EXIT: IBS=0.833, ibs_signal, P&L=$104.16, Duration=3 days
🟢 ENTRY SIGNAL: IBS=0.014 < 0.05 on 2018-10-10
🟢 ENTRY EXECUTION(close): bought 15 shares at $1092.16 on 2018-10-10
🔴 EXIT: IBS=0.828, ibs_signal, P&L=$425.70, Duration=2 days
🟢 ENTRY SIGNAL: IBS=0.033 < 0.05 on 2018-10-24
🟢 ENTRY EXECUTION(close): bought 16 shares at $1057.12 on 2018-10-24
🔴 EXIT: IBS=0.962, ibs_signal, P&L=$-121.76, Duration=6 days
🟢 ENTRY SIGNAL: IBS=0.032 < 0.05 on 2018-12-04
🟢 ENTRY EXECUTION(close): bought 16 shares at $1062.47 on 2018-12-04
🔴 EXIT: IBS=0.964, ibs_signal, P&L=$249.76, Duration=2 days
🟢 ENTRY SIGNAL: IBS=0.017 < 0.05 on 2019-04-24
🟢 ENTRY EXECUTION(close): bought 13 shares at $1260.05 on 2019-04-24
🔴 EXIT: IBS=0.893, ibs_signal, P&L=$225.81, Duration=2 days
🟢 ENTRY SIGNAL: IBS=0.050 < 0.05 on 2019-05-28
🟢 ENTRY EXECUTION(close): bought 15 shares at $1139.56 on 2019-05-28
🔴 EXIT: IBS=0.824, ibs_signal, P&L=$-1276.05, Duration=7 days
🟢 ENTRY SIGNAL: IBS=0.010 < 0.05 on 2019-07-17
🟢 ENTRY EXECUTION(close): bought 14 shares at $1146.74 on 2019-07-17
🔴 EXIT: IBS=0.939, ibs_signal, P&L=$7.00, Duration=1 days
🟢 ENTRY SIGNAL: IBS=0.015 < 0.05 on 2019-07-19
🟢 ENTRY EXECUTION(close): bought 14 shares at $1131.55 on 2019-07-19
🔴 EXIT: IBS=0.945, ibs_signal, P&L=$107.24, Duration=3 days
🟢 ENTRY SIGNAL: IBS=0.032 < 0.05 on 2019-08-20
🟢 ENTRY EXECUTION(close): bought 13 shares at $1183.53 on 2019-08-20
🔴 EXIT: IBS=0.960, ibs_signal, P&L=$-160.55, Duration=6 days
🟢 ENTRY SIGNAL: IBS=0.016 < 0.05 on 2019-10-01
🟢 ENTRY EXECUTION(close): bought 13 shares at $1206.00 on 2019-10-01
🔴 EXIT: IBS=0.944, ibs_signal, P&L=$-215.41, Duration=2 days
🟢 ENTRY SIGNAL: IBS=0.037 < 0.05 on 2019-10-08
🟢 ENTRY EXECUTION(close): bought 13 shares at $1190.13 on 2019-10-08
🔴 EXIT: IBS=0.813, ibs_signal, P&L=$677.43, Duration=7 days
🟢 ENTRY SIGNAL: IBS=0.037 < 0.05 on 2019-12-20
🟢 ENTRY EXECUTION(close): bought 12 shares at $1351.22 on 2019-12-20
🔴 EXIT: IBS=0.959, ibs_signal, P&L=$135.00, Duration=6 days
🟢 ENTRY SIGNAL: IBS=0.013 < 0.05 on 2020-02-27
🟢 ENTRY EXECUTION(close): bought 12 shares at $1314.95 on 2020-02-27
🔴 EXIT: IBS=0.957, ibs_signal, P&L=$291.60, Duration=1 days
🟢 ENTRY SIGNAL: IBS=0.038 < 0.05 on 2020-03-12
🟢 ENTRY EXECUTION(close): bought 15 shares at $1111.55 on 2020-03-12
🔴 EXIT: IBS=0.999, ibs_signal, P&L=$1540.80, Duration=1 days
🟢 ENTRY SIGNAL: IBS=0.041 < 0.05 on 2020-04-28
🟢 ENTRY EXECUTION(close): bought 15 shares at $1232.59 on 2020-04-28
🔴 EXIT: IBS=0.884, ibs_signal, P&L=$1711.65, Duration=2 days
🟢 ENTRY SIGNAL: IBS=0.013 < 0.05 on 2020-05-06
🟢 ENTRY EXECUTION(close): bought 15 shares at $1345.43 on 2020-05-06
🔴 EXIT: IBS=0.985, ibs_signal, P&L=$171.45, Duration=8 days
🟢 ENTRY SIGNAL: IBS=0.034 < 0.05 on 2020-05-19
🟢 ENTRY EXECUTION(close): bought 14 shares at $1374.40 on 2020-05-19
🔴 EXIT: IBS=0.883, ibs_signal, P&L=$486.64, Duration=1 days
🟢 ENTRY SIGNAL: IBS=0.007 < 0.05 on 2020-07-07
🟢 ENTRY EXECUTION(close): bought 14 shares at $1489.92 on 2020-07-07
🔴 EXIT: IBS=0.943, ibs_signal, P&L=$687.26, Duration=3 days
🟢 ENTRY SIGNAL: IBS=0.012 < 0.05 on 2020-09-16
🟢 ENTRY EXECUTION(close): bought 14 shares at $1512.09 on 2020-09-16
🔴 EXIT: IBS=0.880, ibs_signal, P&L=$-731.78, Duration=6 days
🟢 ENTRY SIGNAL: IBS=0.041 < 0.05 on 2020-11-20
🟢 ENTRY EXECUTION(close): bought 12 shares at $1736.38 on 2020-11-20
🔴 EXIT: IBS=0.944, ibs_signal, P&L=$330.24, Duration=4 days
🟢 ENTRY SIGNAL: IBS=0.021 < 0.05 on 2021-03-08
🟢 ENTRY EXECUTION(close): bought 10 shares at $2007.50 on 2021-03-08
🔴 EXIT: IBS=0.804, ibs_signal, P&L=$930.40, Duration=3 days
🟢 ENTRY SIGNAL: IBS=0.044 < 0.05 on 2021-03-18
🟢 ENTRY EXECUTION(close): bought 10 shares at $2021.34 on 2021-03-18
🔴 EXIT: IBS=0.922, ibs_signal, P&L=$244.50, Duration=11 days
🟢 ENTRY SIGNAL: IBS=0.006 < 0.05 on 2021-05-18
🟢 ENTRY EXECUTION(close): bought 9 shares at $2262.47 on 2021-05-18
🔴 EXIT: IBS=0.930, ibs_signal, P&L=$81.27, Duration=1 days
🟢 ENTRY SIGNAL: IBS=0.005 < 0.05 on 2021-08-11
🟢 ENTRY EXECUTION(close): bought 8 shares at $2725.58 on 2021-08-11
🔴 EXIT: IBS=0.943, ibs_signal, P&L=$146.40, Duration=1 days
🟢 ENTRY SIGNAL: IBS=0.044 < 0.05 on 2021-09-02
🟢 ENTRY EXECUTION(close): bought 7 shares at $2865.74 on 2021-09-02
🔴 EXIT: IBS=0.763, ibs_signal, P&L=$63.35, Duration=1 days
🟢 ENTRY SIGNAL: IBS=0.035 < 0.05 on 2021-09-10
🟢 ENTRY EXECUTION(close): bought 8 shares at $2817.52 on 2021-09-10
🔴 EXIT: IBS=0.993, ibs_signal, P&L=$568.56, Duration=5 days
🟢 ENTRY SIGNAL: IBS=0.030 < 0.05 on 2021-10-11
🟢 ENTRY EXECUTION(close): bought 8 shares at $2778.28 on 2021-10-11
🔴 EXIT: IBS=0.926, ibs_signal, P&L=$357.92, Duration=3 days
🟢 ENTRY SIGNAL: IBS=0.013 < 0.05 on 2021-11-19
🟢 ENTRY EXECUTION(close): bought 7 shares at $2978.53 on 2021-11-19
🔴 EXIT: IBS=0.931, ibs_signal, P&L=$-392.91, Duration=5 days
🟢 ENTRY SIGNAL: IBS=0.028 < 0.05 on 2021-12-01
🟢 ENTRY EXECUTION(close): bought 8 shares at $2821.03 on 2021-12-01
🔴 EXIT: IBS=0.754, ibs_signal, P&L=$306.32, Duration=1 days
🟢 ENTRY SIGNAL: IBS=0.000 < 0.05 on 2021-12-31
🟢 ENTRY EXECUTION(close): bought 8 shares at $2897.04 on 2021-12-31
🔴 EXIT: IBS=0.973, ibs_signal, P&L=$-989.20, Duration=10 days
🟢 ENTRY SIGNAL: IBS=0.040 < 0.05 on 2022-01-13
🟢 ENTRY EXECUTION(close): bought 8 shares at $2771.74 on 2022-01-13
🔴 EXIT: IBS=0.940, ibs_signal, P&L=$-1245.28, Duration=11 days
🟢 ENTRY SIGNAL: IBS=0.020 < 0.05 on 2022-01-27
🟢 ENTRY EXECUTION(close): bought 8 shares at $2580.10 on 2022-01-27
🔴 EXIT: IBS=0.999, ibs_signal, P&L=$695.36, Duration=1 days
🟢 ENTRY SIGNAL: IBS=0.013 < 0.05 on 2022-02-17
🟢 ENTRY EXECUTION(close): bought 8 shares at $2650.78 on 2022-02-17
🔴 EXIT: IBS=0.962, ibs_signal, P&L=$24.32, Duration=7 days
🟢 ENTRY SIGNAL: IBS=0.015 < 0.05 on 2022-03-07
🟢 ENTRY EXECUTION(close): bought 8 shares at $2527.57 on 2022-03-07
🔴 EXIT: IBS=0.918, ibs_signal, P&L=$1126.64, Duration=2 days
🟢 ENTRY SIGNAL: IBS=0.014 < 0.05 on 2022-03-31
🟢 ENTRY EXECUTION(close): bought 8 shares at $2781.35 on 2022-03-31
🔴 EXIT: IBS=0.852, ibs_signal, P&L=$173.28, Duration=1 days
🟢 ENTRY SIGNAL: IBS=0.045 < 0.05 on 2022-04-11
🟢 ENTRY EXECUTION(close): bought 9 shares at $2576.47 on 2022-04-11
🔴 EXIT: IBS=0.830, ibs_signal, P&L=$192.69, Duration=2 days
🟢 ENTRY SIGNAL: IBS=0.033 < 0.05 on 2022-04-14
🟢 ENTRY EXECUTION(close): bought 9 shares at $2534.60 on 2022-04-14
🔴 EXIT: IBS=0.903, ibs_signal, P&L=$590.22, Duration=5 days
🟢 ENTRY SIGNAL: IBS=0.035 < 0.05 on 2022-04-26
🟢 ENTRY EXECUTION(close): bought 10 shares at $2373.00 on 2022-04-26
🔴 EXIT: IBS=0.796, ibs_signal, P&L=$-25.50, Duration=2 days
🟢 ENTRY SIGNAL: IBS=0.017 < 0.05 on 2022-06-09
🟢 ENTRY EXECUTION(close): bought 10 shares at $2296.71 on 2022-06-09
🔴 EXIT: IBS=0.757, ibs_signal, P&L=$-658.30, Duration=12 days
🟢 ENTRY SIGNAL: IBS=0.029 < 0.05 on 2022-06-28
🟢 ENTRY EXECUTION(close): bought 10 shares at $2240.15 on 2022-06-28
🔴 EXIT: IBS=0.797, ibs_signal, P&L=$-654.00, Duration=3 days
🟢 ENTRY SIGNAL: IBS=0.030 < 0.05 on 2022-08-26
🟢 ENTRY EXECUTION(close): bought 206 shares at $110.34 on 2022-08-26
🔴 EXIT: IBS=0.771, ibs_signal, P&L=$-123.60, Duration=6 days
🟢 ENTRY SIGNAL: IBS=0.003 < 0.05 on 2022-09-21
🟢 ENTRY EXECUTION(close): bought 228 shares at $99.28 on 2022-09-21
🔴 EXIT: IBS=0.819, ibs_signal, P&L=$175.56, Duration=7 days
🟢 ENTRY SIGNAL: IBS=0.027 < 0.05 on 2022-09-30
🟢 ENTRY EXECUTION(close): bought 239 shares at $95.65 on 2022-09-30
🔴 EXIT: IBS=0.766, ibs_signal, P&L=$714.61, Duration=3 days
🟢 ENTRY SIGNAL: IBS=0.044 < 0.05 on 2022-10-14
🟢 ENTRY EXECUTION(close): bought 244 shares at $96.56 on 2022-10-14
🔴 EXIT: IBS=0.950, ibs_signal, P&L=$1115.08, Duration=7 days
🟢 ENTRY SIGNAL: IBS=0.018 < 0.05 on 2022-11-01
🟢 ENTRY EXECUTION(close): bought 272 shares at $90.47 on 2022-11-01
🔴 EXIT: IBS=0.980, ibs_signal, P&L=$-1058.08, Duration=3 days
🟢 ENTRY SIGNAL: IBS=0.019 < 0.05 on 2022-11-09
🟢 ENTRY EXECUTION(close): bought 270 shares at $87.32 on 2022-11-09
🔴 EXIT: IBS=0.838, ibs_signal, P&L=$1787.40, Duration=1 days
🟢 ENTRY SIGNAL: IBS=0.048 < 0.05 on 2022-11-25
🟢 ENTRY EXECUTION(close): bought 260 shares at $97.46 on 2022-11-25
🔴 EXIT: IBS=0.992, ibs_signal, P&L=$917.80, Duration=5 days
🟢 ENTRY SIGNAL: IBS=0.038 < 0.05 on 2022-12-28
🟢 ENTRY EXECUTION(close): bought 306 shares at $86.02 on 2022-12-28
🔴 EXIT: IBS=0.823, ibs_signal, P&L=$743.58, Duration=1 days
🟢 ENTRY SIGNAL: IBS=0.012 < 0.05 on 2023-03-22
🟢 ENTRY EXECUTION(close): bought 262 shares at $103.37 on 2023-03-22
🔴 EXIT: IBS=0.970, ibs_signal, P&L=$542.34, Duration=2 days
🟢 ENTRY SIGNAL: IBS=0.004 < 0.05 on 2023-04-25
🟢 ENTRY EXECUTION(close): bought 266 shares at $103.85 on 2023-04-25
🔴 EXIT: IBS=0.839, ibs_signal, P&L=$994.84, Duration=2 days
🟢 ENTRY SIGNAL: IBS=0.020 < 0.05 on 2023-06-26
🟢 ENTRY EXECUTION(close): bought 241 shares at $118.34 on 2023-06-26
🔴 EXIT: IBS=0.941, ibs_signal, P&L=$443.44, Duration=2 days
🟢 ENTRY SIGNAL: IBS=0.007 < 0.05 on 2023-06-30
🟢 ENTRY EXECUTION(close): bought 242 shares at $119.70 on 2023-06-30
🔴 EXIT: IBS=0.789, ibs_signal, P&L=$48.40, Duration=3 days
🟢 ENTRY SIGNAL: IBS=0.048 < 0.05 on 2023-07-07
🟢 ENTRY EXECUTION(close): bought 243 shares at $119.48 on 2023-07-07
🔴 EXIT: IBS=0.758, ibs_signal, P&L=$-568.62, Duration=4 days
🟢 ENTRY SIGNAL: IBS=0.045 < 0.05 on 2023-08-24
🟢 ENTRY EXECUTION(close): bought 219 shares at $129.78 on 2023-08-24
🔴 EXIT: IBS=0.821, ibs_signal, P&L=$1335.90, Duration=6 days
🟢 ENTRY SIGNAL: IBS=0.027 < 0.05 on 2023-09-20
🟢 ENTRY EXECUTION(close): bought 223 shares at $133.74 on 2023-09-20
🔴 EXIT: IBS=0.973, ibs_signal, P&L=$-586.49, Duration=5 days
🟢 ENTRY SIGNAL: IBS=0.044 < 0.05 on 2023-11-29
🟢 ENTRY EXECUTION(close): bought 217 shares at $134.99 on 2023-11-29
🔴 EXIT: IBS=0.827, ibs_signal, P&L=$-679.21, Duration=2 days
🟢 ENTRY SIGNAL: IBS=0.014 < 0.05 on 2024-01-04
🟢 ENTRY EXECUTION(close): bought 209 shares at $136.39 on 2024-01-04
🔴 EXIT: IBS=0.938, ibs_signal, P&L=$512.05, Duration=4 days
🟢 ENTRY SIGNAL: IBS=0.036 < 0.05 on 2024-02-26
🟢 ENTRY EXECUTION(close): bought 211 shares at $137.57 on 2024-02-26
🔴 EXIT: IBS=0.829, ibs_signal, P&L=$276.41, Duration=1 days
🟢 ENTRY SIGNAL: IBS=0.019 < 0.05 on 2024-04-04
🟢 ENTRY EXECUTION(close): bought 195 shares at $150.53 on 2024-04-04
🔴 EXIT: IBS=0.759, ibs_signal, P&L=$384.15, Duration=1 days
🟢 ENTRY SIGNAL: IBS=0.033 < 0.05 on 2024-04-30
🟢 ENTRY EXECUTION(close): bought 182 shares at $162.78 on 2024-04-30
🔴 EXIT: IBS=0.961, ibs_signal, P&L=$698.88, Duration=2 days
🟢 ENTRY SIGNAL: IBS=0.045 < 0.05 on 2024-06-07
🟢 ENTRY EXECUTION(close): bought 174 shares at $174.46 on 2024-06-07
🔴 EXIT: IBS=0.928, ibs_signal, P&L=$375.84, Duration=4 days
🟢 ENTRY SIGNAL: IBS=0.014 < 0.05 on 2024-07-25
🟢 ENTRY EXECUTION(close): bought 184 shares at $167.28 on 2024-07-25
🔴 EXIT: IBS=0.975, ibs_signal, P&L=$-664.24, Duration=15 days
🟢 ENTRY SIGNAL: IBS=0.047 < 0.05 on 2024-09-23
🟢 ENTRY EXECUTION(close): bought 186 shares at $161.85 on 2024-09-23
🔴 EXIT: IBS=0.896, ibs_signal, P&L=$744.00, Duration=7 days
🟢 ENTRY SIGNAL: IBS=0.040 < 0.05 on 2024-10-07
🟢 ENTRY EXECUTION(close): bought 189 shares at $162.98 on 2024-10-07
🔴 EXIT: IBS=0.814, ibs_signal, P&L=$264.60, Duration=1 days
🟢 ENTRY SIGNAL: IBS=0.047 < 0.05 on 2024-10-17
🟢 ENTRY EXECUTION(close): bought 191 shares at $162.93 on 2024-10-17
🔴 EXIT: IBS=0.771, ibs_signal, P&L=$217.74, Duration=4 days
🟢 ENTRY SIGNAL: IBS=0.019 < 0.05 on 2024-10-31
🟢 ENTRY EXECUTION(close): bought 183 shares at $171.11 on 2024-10-31
🔴 EXIT: IBS=0.875, ibs_signal, P&L=$988.20, Duration=6 days
🟢 ENTRY SIGNAL: IBS=0.028 < 0.05 on 2024-12-19
🟢 ENTRY EXECUTION(close): bought 171 shares at $188.51 on 2024-12-19
🔴 EXIT: IBS=0.807, ibs_signal, P&L=$495.90, Duration=1 days
🟢 ENTRY SIGNAL: IBS=0.037 < 0.05 on 2025-01-16
🟢 ENTRY EXECUTION(close): bought 170 shares at $192.91 on 2025-01-16
🔴 EXIT: IBS=0.762, ibs_signal, P&L=$1241.00, Duration=8 days
🟢 ENTRY SIGNAL: IBS=0.046 < 0.05 on 2025-03-26
🟢 ENTRY EXECUTION(close): bought 206 shares at $165.06 on 2025-03-26
🔴 EXIT: IBS=0.815, ibs_signal, P&L=$-2146.52, Duration=5 days
🟢 ENTRY SIGNAL: IBS=0.039 < 0.05 on 2025-04-04
🟢 ENTRY EXECUTION(close): bought 219 shares at $145.60 on 2025-04-04
🔴 EXIT: IBS=0.946, ibs_signal, P&L=$2871.09, Duration=5 days
🟢 ENTRY SIGNAL: IBS=0.026 < 0.05 on 2025-05-22
🟢 ENTRY EXECUTION(close): bought 204 shares at $170.87 on 2025-05-22
🔴 EXIT: IBS=0.915, ibs_signal, P&L=$414.12, Duration=5 days
🟢 ENTRY SIGNAL: IBS=0.036 < 0.05 on 2025-06-18
🟢 ENTRY EXECUTION(close): bought 203 shares at $173.32 on 2025-06-18
🔴 EXIT: IBS=0.960, ibs_signal, P&L=$44.66, Duration=8 days
✅ Backtest completed: 220 trades, Final capital: $35332.05
📊 Test Case 2:
   Parameters: lowIBS=0.05, highIBS=0.75, maxHoldDays=30
   Trades generated: 220
   Expected minimum: 200
🔧 STRATEGY PARAMETERS: { lowIBS: [33m0.1[39m, highIBS: [33m0.8[39m, maxHoldDays: [33m30[39m }
🟢 ENTRY SIGNAL: IBS=0.079 < 0.1 on 2004-08-23
🟢 ENTRY EXECUTION(close): bought 91 shares at $109.40 on 2004-08-23
🔴 EXIT: IBS=0.988, ibs_signal, P&L=$-135.59, Duration=3 days
🟢 ENTRY SIGNAL: IBS=0.000 < 0.1 on 2004-08-30
🟢 ENTRY EXECUTION(close): bought 96 shares at $102.01 on 2004-08-30
🔴 EXIT: IBS=0.824, ibs_signal, P&L=$-41.28, Duration=8 days
🟢 ENTRY SIGNAL: IBS=0.016 < 0.1 on 2004-09-24
🟢 ENTRY EXECUTION(close): bought 81 shares at $119.83 on 2004-09-24
🔴 EXIT: IBS=0.925, ibs_signal, P&L=$569.43, Duration=4 days
🟢 ENTRY SIGNAL: IBS=0.095 < 0.1 on 2004-10-20
🟢 ENTRY EXECUTION(close): bought 73 shares at $140.49 on 2004-10-20
🔴 EXIT: IBS=0.912, ibs_signal, P&L=$648.97, Duration=1 days
🟢 ENTRY SIGNAL: IBS=0.004 < 0.1 on 2004-10-29
🟢 ENTRY EXECUTION(close): bought 57 shares at $190.64 on 2004-10-29
🔴 EXIT: IBS=0.955, ibs_signal, P&L=$-434.34, Duration=13 days
🟢 ENTRY SIGNAL: IBS=0.058 < 0.1 on 2004-12-06
🟢 ENTRY EXECUTION(close): bought 60 shares at $176.29 on 2004-12-06
🔴 EXIT: IBS=0.986, ibs_signal, P&L=$-171.60, Duration=3 days
🟢 ENTRY SIGNAL: IBS=0.078 < 0.1 on 2004-12-21
🟢 ENTRY EXECUTION(close): bought 56 shares at $183.75 on 2004-12-21
🔴 EXIT: IBS=0.857, ibs_signal, P&L=$142.80, Duration=1 days
🟢 ENTRY SIGNAL: IBS=0.031 < 0.1 on 2004-12-31
🟢 ENTRY EXECUTION(close): bought 54 shares at $192.79 on 2004-12-31
🔴 EXIT: IBS=0.886, ibs_signal, P&L=$535.68, Duration=3 days
🟢 ENTRY SIGNAL: IBS=0.079 < 0.1 on 2005-01-11
🟢 ENTRY EXECUTION(close): bought 57 shares at $193.54 on 2005-01-11
🔴 EXIT: IBS=0.899, ibs_signal, P&L=$104.88, Duration=1 days
🟢 ENTRY SIGNAL: IBS=0.069 < 0.1 on 2005-01-19
🟢 ENTRY EXECUTION(close): bought 56 shares at $197.30 on 2005-01-19
🔴 EXIT: IBS=0.983, ibs_signal, P&L=$-451.36, Duration=7 days
🟢 ENTRY SIGNAL: IBS=0.097 < 0.1 on 2005-02-01
🟢 ENTRY EXECUTION(close): bought 56 shares at $191.90 on 2005-02-01
🔴 EXIT: IBS=0.993, ibs_signal, P&L=$61.04, Duration=13 days
🟢 ENTRY SIGNAL: IBS=0.082 < 0.1 on 2005-02-25
🟢 ENTRY EXECUTION(close): bought 58 shares at $185.87 on 2005-02-25
🔴 EXIT: IBS=0.909, ibs_signal, P&L=$-381.64, Duration=20 days
🟢 ENTRY SIGNAL: IBS=0.030 < 0.1 on 2005-03-24
🟢 ENTRY EXECUTION(close): bought 58 shares at $179.25 on 2005-03-24
🔴 EXIT: IBS=0.995, ibs_signal, P&L=$350.32, Duration=11 days
🟢 ENTRY SIGNAL: IBS=0.060 < 0.1 on 2005-04-15
🟢 ENTRY EXECUTION(close): bought 58 shares at $185.00 on 2005-04-15
🔴 EXIT: IBS=0.849, ibs_signal, P&L=$371.20, Duration=4 days
🟢 ENTRY SIGNAL: IBS=0.000 < 0.1 on 2005-06-28
🟢 ENTRY EXECUTION(close): bought 36 shares at $302.00 on 2005-06-28
🔴 EXIT: IBS=0.953, ibs_signal, P&L=$-226.44, Duration=7 days
🟢 ENTRY SIGNAL: IBS=0.023 < 0.1 on 2005-07-06
🟢 ENTRY EXECUTION(close): bought 37 shares at $291.52 on 2005-07-06
🔴 EXIT: IBS=0.964, ibs_signal, P&L=$148.56, Duration=1 days
🟢 ENTRY SIGNAL: IBS=0.053 < 0.1 on 2005-07-28
🟢 ENTRY EXECUTION(close): bought 37 shares at $293.50 on 2005-07-28
🔴 EXIT: IBS=0.961, ibs_signal, P&L=$210.53, Duration=5 days
🟢 ENTRY SIGNAL: IBS=0.026 < 0.1 on 2005-08-15
🟢 ENTRY EXECUTION(close): bought 39 shares at $284.00 on 2005-08-15
🔴 EXIT: IBS=0.907, ibs_signal, P&L=$-156.39, Duration=3 days
🟢 ENTRY SIGNAL: IBS=0.081 < 0.1 on 2005-08-22
🟢 ENTRY EXECUTION(close): bought 40 shares at $274.01 on 2005-08-22
🔴 EXIT: IBS=0.972, ibs_signal, P&L=$222.80, Duration=1 days
🟢 ENTRY SIGNAL: IBS=0.071 < 0.1 on 2005-09-16
🟢 ENTRY EXECUTION(close): bought 37 shares at $300.20 on 2005-09-16
🔴 EXIT: IBS=0.800, ibs_signal, P&L=$601.62, Duration=14 days
🟢 ENTRY SIGNAL: IBS=0.025 < 0.1 on 2005-10-04
🟢 ENTRY EXECUTION(close): bought 38 shares at $311.00 on 2005-10-04
🔴 EXIT: IBS=0.981, ibs_signal, P&L=$-228.00, Duration=13 days
🟢 ENTRY SIGNAL: IBS=0.077 < 0.1 on 2005-11-18
🟢 ENTRY EXECUTION(close): bought 29 shares at $400.21 on 2005-11-18
🔴 EXIT: IBS=0.962, ibs_signal, P&L=$265.35, Duration=3 days
🟢 ENTRY SIGNAL: IBS=0.058 < 0.1 on 2005-11-29
🟢 ENTRY EXECUTION(close): bought 29 shares at $403.54 on 2005-11-29
🔴 EXIT: IBS=0.811, ibs_signal, P&L=$305.95, Duration=2 days
🟢 ENTRY SIGNAL: IBS=0.089 < 0.1 on 2005-12-09
🟢 ENTRY EXECUTION(close): bought 30 shares at $409.20 on 2005-12-09
🔴 EXIT: IBS=0.920, ibs_signal, P&L=$248.70, Duration=4 days
🟢 ENTRY SIGNAL: IBS=0.006 < 0.1 on 2006-02-02
🟢 ENTRY EXECUTION(close): bought 31 shares at $396.04 on 2006-02-02
🔴 EXIT: IBS=0.900, ibs_signal, P&L=$-835.76, Duration=6 days
🟢 ENTRY SIGNAL: IBS=0.099 < 0.1 on 2006-02-14
🟢 ENTRY EXECUTION(close): bought 34 shares at $343.32 on 2006-02-14
🔴 EXIT: IBS=0.976, ibs_signal, P&L=$786.76, Duration=2 days
🟢 ENTRY SIGNAL: IBS=0.059 < 0.1 on 2006-03-06
🟢 ENTRY EXECUTION(close): bought 33 shares at $368.10 on 2006-03-06
🔴 EXIT: IBS=0.939, ibs_signal, P&L=$-559.02, Duration=8 days
🟢 ENTRY SIGNAL: IBS=0.080 < 0.1 on 2006-03-16
🟢 ENTRY EXECUTION(close): bought 35 shares at $338.77 on 2006-03-16
🔴 EXIT: IBS=0.901, ibs_signal, P&L=$1345.05, Duration=12 days
🟢 ENTRY SIGNAL: IBS=0.064 < 0.1 on 2006-04-21
🟢 ENTRY EXECUTION(close): bought 30 shares at $437.10 on 2006-04-21
🔴 EXIT: IBS=0.987, ibs_signal, P&L=$-849.00, Duration=18 days
🟢 ENTRY SIGNAL: IBS=0.051 < 0.1 on 2006-05-12
🟢 ENTRY EXECUTION(close): bought 33 shares at $374.13 on 2006-05-12
🔴 EXIT: IBS=0.815, ibs_signal, P&L=$234.96, Duration=12 days
🟢 ENTRY SIGNAL: IBS=0.051 < 0.1 on 2006-05-30
🟢 ENTRY EXECUTION(close): bought 34 shares at $371.94 on 2006-05-30
🔴 EXIT: IBS=0.968, ibs_signal, P&L=$363.12, Duration=2 days
🟢 ENTRY SIGNAL: IBS=0.040 < 0.1 on 2006-06-05
🟢 ENTRY EXECUTION(close): bought 34 shares at $374.44 on 2006-06-05
🔴 EXIT: IBS=0.999, ibs_signal, P&L=$528.70, Duration=1 days
🟢 ENTRY SIGNAL: IBS=0.001 < 0.1 on 2006-06-07
🟢 ENTRY EXECUTION(close): bought 35 shares at $386.51 on 2006-06-07
🔴 EXIT: IBS=0.938, ibs_signal, P&L=$237.65, Duration=1 days
🟢 ENTRY SIGNAL: IBS=0.057 < 0.1 on 2006-06-12
🟢 ENTRY EXECUTION(close): bought 36 shares at $381.54 on 2006-06-12
🔴 EXIT: IBS=0.947, ibs_signal, P&L=$179.46, Duration=1 days
🟢 ENTRY SIGNAL: IBS=0.087 < 0.1 on 2006-07-12
🟢 ENTRY EXECUTION(close): bought 33 shares at $417.25 on 2006-07-12
🔴 EXIT: IBS=0.883, ibs_signal, P&L=$-895.69, Duration=9 days
🟢 ENTRY SIGNAL: IBS=0.000 < 0.1 on 2006-08-01
🟢 ENTRY EXECUTION(close): bought 34 shares at $375.51 on 2006-08-01
🔴 EXIT: IBS=0.827, ibs_signal, P&L=$-4.08, Duration=2 days
🟢 ENTRY SIGNAL: IBS=0.070 < 0.1 on 2006-08-09
🟢 ENTRY EXECUTION(close): bought 34 shares at $376.94 on 2006-08-09
🔴 EXIT: IBS=0.923, ibs_signal, P&L=$137.02, Duration=6 days
🟢 ENTRY SIGNAL: IBS=0.084 < 0.1 on 2006-08-31
🟢 ENTRY EXECUTION(close): bought 34 shares at $378.53 on 2006-08-31
🔴 EXIT: IBS=0.869, ibs_signal, P&L=$198.22, Duration=5 days
🟢 ENTRY SIGNAL: IBS=0.062 < 0.1 on 2006-09-27
🟢 ENTRY EXECUTION(close): bought 33 shares at $402.92 on 2006-09-27
🔴 EXIT: IBS=0.994, ibs_signal, P&L=$421.74, Duration=7 days
🟢 ENTRY SIGNAL: IBS=0.052 < 0.1 on 2006-10-16
🟢 ENTRY EXECUTION(close): bought 32 shares at $421.75 on 2006-10-16
🔴 EXIT: IBS=0.934, ibs_signal, P&L=$1213.44, Duration=4 days
🟢 ENTRY SIGNAL: IBS=0.000 < 0.1 on 2006-11-15
🟢 ENTRY EXECUTION(close): bought 30 shares at $491.93 on 2006-11-15
🔴 EXIT: IBS=0.869, ibs_signal, P&L=$205.80, Duration=2 days
🟢 ENTRY SIGNAL: IBS=0.000 < 0.1 on 2006-11-27
🟢 ENTRY EXECUTION(close): bought 31 shares at $484.75 on 2006-11-27
🔴 EXIT: IBS=0.972, ibs_signal, P&L=$147.25, Duration=1 days
🟢 ENTRY SIGNAL: IBS=0.023 < 0.1 on 2006-12-07
🟢 ENTRY EXECUTION(close): bought 31 shares at $482.64 on 2006-12-07
🔴 EXIT: IBS=0.937, ibs_signal, P&L=$-434.31, Duration=12 days
🟢 ENTRY SIGNAL: IBS=0.062 < 0.1 on 2006-12-20
🟢 ENTRY EXECUTION(close): bought 32 shares at $462.90 on 2006-12-20
🔴 EXIT: IBS=0.994, ibs_signal, P&L=$164.16, Duration=7 days
🟢 ENTRY SIGNAL: IBS=0.049 < 0.1 on 2006-12-28
🟢 ENTRY EXECUTION(close): bought 32 shares at $462.56 on 2006-12-28
🔴 EXIT: IBS=0.956, ibs_signal, P&L=$662.40, Duration=7 days
🟢 ENTRY SIGNAL: IBS=0.044 < 0.1 on 2007-01-18
🟢 ENTRY EXECUTION(close): bought 32 shares at $487.83 on 2007-01-18
🔴 EXIT: IBS=0.971, ibs_signal, P&L=$359.68, Duration=6 days
🟢 ENTRY SIGNAL: IBS=0.009 < 0.1 on 2007-02-01
🟢 ENTRY EXECUTION(close): bought 33 shares at $481.75 on 2007-02-01
🔴 EXIT: IBS=0.974, ibs_signal, P&L=$-389.73, Duration=15 days
🟢 ENTRY SIGNAL: IBS=0.000 < 0.1 on 2007-03-02
🟢 ENTRY EXECUTION(close): bought 35 shares at $438.68 on 2007-03-02
🔴 EXIT: IBS=0.875, ibs_signal, P&L=$660.45, Duration=4 days
🟢 ENTRY SIGNAL: IBS=0.054 < 0.1 on 2007-03-08
🟢 ENTRY EXECUTION(close): bought 36 shares at $454.72 on 2007-03-08
🔴 EXIT: IBS=0.879, ibs_signal, P&L=$1.08, Duration=4 days
🟢 ENTRY SIGNAL: IBS=0.022 < 0.1 on 2007-03-13
🟢 ENTRY EXECUTION(close): bought 37 shares at $443.03 on 2007-03-13
🔴 EXIT: IBS=0.932, ibs_signal, P&L=$183.89, Duration=1 days
🟢 ENTRY SIGNAL: IBS=0.044 < 0.1 on 2007-04-20
🟢 ENTRY EXECUTION(close): bought 34 shares at $482.48 on 2007-04-20
🔴 EXIT: IBS=0.904, ibs_signal, P&L=$-314.50, Duration=13 days
🟢 ENTRY SIGNAL: IBS=0.053 < 0.1 on 2007-05-10
🟢 ENTRY EXECUTION(close): bought 35 shares at $461.47 on 2007-05-10
🔴 EXIT: IBS=0.957, ibs_signal, P&L=$184.45, Duration=1 days
🟢 ENTRY SIGNAL: IBS=0.034 < 0.1 on 2007-05-17
🟢 ENTRY EXECUTION(close): bought 35 shares at $470.96 on 2007-05-17
🔴 EXIT: IBS=0.814, ibs_signal, P&L=$439.60, Duration=8 days
🟢 ENTRY SIGNAL: IBS=0.072 < 0.1 on 2007-05-31
🟢 ENTRY EXECUTION(close): bought 34 shares at $497.91 on 2007-05-31
🔴 EXIT: IBS=0.987, ibs_signal, P&L=$711.65, Duration=5 days
🟢 ENTRY SIGNAL: IBS=0.094 < 0.1 on 2007-06-20
🟢 ENTRY EXECUTION(close): bought 34 shares at $509.97 on 2007-06-20
🔴 EXIT: IBS=0.869, ibs_signal, P&L=$140.76, Duration=1 days
🟢 ENTRY SIGNAL: IBS=0.046 < 0.1 on 2007-07-23
🟢 ENTRY EXECUTION(close): bought 34 shares at $512.51 on 2007-07-23
🔴 EXIT: IBS=0.980, ibs_signal, P&L=$-85.34, Duration=14 days
🟢 ENTRY SIGNAL: IBS=0.008 < 0.1 on 2007-08-09
🟢 ENTRY EXECUTION(close): bought 34 shares at $514.73 on 2007-08-09
🔴 EXIT: IBS=0.897, ibs_signal, P&L=$-499.46, Duration=8 days
🟢 ENTRY SIGNAL: IBS=0.066 < 0.1 on 2007-08-28
🟢 ENTRY EXECUTION(close): bought 33 shares at $506.40 on 2007-08-28
🔴 EXIT: IBS=0.931, ibs_signal, P&L=$213.84, Duration=1 days
🟢 ENTRY SIGNAL: IBS=0.097 < 0.1 on 2007-10-19
🟢 ENTRY EXECUTION(close): bought 27 shares at $644.71 on 2007-10-19
🔴 EXIT: IBS=0.896, ibs_signal, P&L=$838.62, Duration=4 days
🟢 ENTRY SIGNAL: IBS=0.035 < 0.1 on 2007-11-26
🟢 ENTRY EXECUTION(close): bought 27 shares at $666.00 on 2007-11-26
🔴 EXIT: IBS=0.891, ibs_signal, P&L=$204.39, Duration=1 days
🟢 ENTRY SIGNAL: IBS=0.028 < 0.1 on 2007-12-03
🟢 ENTRY EXECUTION(close): bought 27 shares at $681.53 on 2007-12-03
🔴 EXIT: IBS=0.963, ibs_signal, P&L=$458.46, Duration=2 days
🟢 ENTRY SIGNAL: IBS=0.019 < 0.1 on 2007-12-11
🟢 ENTRY EXECUTION(close): bought 27 shares at $699.20 on 2007-12-11
🔴 EXIT: IBS=0.861, ibs_signal, P&L=$-698.06, Duration=7 days
🟢 ENTRY SIGNAL: IBS=0.000 < 0.1 on 2007-12-27
🟢 ENTRY EXECUTION(close): bought 25 shares at $700.74 on 2007-12-27
🔴 EXIT: IBS=0.853, ibs_signal, P&L=$-385.25, Duration=7 days
🟢 ENTRY SIGNAL: IBS=0.077 < 0.1 on 2008-01-04
🟢 ENTRY EXECUTION(close): bought 27 shares at $657.00 on 2008-01-04
🔴 EXIT: IBS=0.995, ibs_signal, P&L=$-102.60, Duration=5 days
🟢 ENTRY SIGNAL: IBS=0.008 < 0.1 on 2008-01-25
🟢 ENTRY EXECUTION(close): bought 31 shares at $566.40 on 2008-01-25
🔴 EXIT: IBS=0.893, ibs_signal, P&L=$-1847.62, Duration=11 days
🟢 ENTRY SIGNAL: IBS=0.086 < 0.1 on 2008-02-19
🟢 ENTRY EXECUTION(close): bought 31 shares at $508.95 on 2008-02-19
🔴 EXIT: IBS=0.835, ibs_signal, P&L=$1.55, Duration=1 days
🟢 ENTRY SIGNAL: IBS=0.034 < 0.1 on 2008-02-25
🟢 ENTRY EXECUTION(close): bought 32 shares at $486.44 on 2008-02-25
🔴 EXIT: IBS=0.884, ibs_signal, P&L=$-712.00, Duration=1 days
🟢 ENTRY SIGNAL: IBS=0.069 < 0.1 on 2008-03-06
🟢 ENTRY EXECUTION(close): bought 35 shares at $432.70 on 2008-03-06
🔴 EXIT: IBS=0.980, ibs_signal, P&L=$249.90, Duration=5 days
🟢 ENTRY SIGNAL: IBS=0.021 < 0.1 on 2008-03-19
🟢 ENTRY EXECUTION(close): bought 35 shares at $432.00 on 2008-03-19
🔴 EXIT: IBS=0.882, ibs_signal, P&L=$54.25, Duration=1 days
🟢 ENTRY SIGNAL: IBS=0.086 < 0.1 on 2008-05-02
🟢 ENTRY EXECUTION(close): bought 26 shares at $581.29 on 2008-05-02
🔴 EXIT: IBS=0.899, ibs_signal, P&L=$94.90, Duration=10 days
🟢 ENTRY SIGNAL: IBS=0.066 < 0.1 on 2008-05-14
🟢 ENTRY EXECUTION(close): bought 27 shares at $576.30 on 2008-05-14
🔴 EXIT: IBS=0.909, ibs_signal, P&L=$-415.80, Duration=13 days
🟢 ENTRY SIGNAL: IBS=0.000 < 0.1 on 2008-06-06
🟢 ENTRY EXECUTION(close): bought 26 shares at $567.00 on 2008-06-06
🔴 EXIT: IBS=0.871, ibs_signal, P&L=$-1012.18, Duration=21 days
🟢 ENTRY SIGNAL: IBS=0.068 < 0.1 on 2008-07-02
🟢 ENTRY EXECUTION(close): bought 26 shares at $527.04 on 2008-07-02
🔴 EXIT: IBS=0.810, ibs_signal, P&L=$258.96, Duration=1 days
🟢 ENTRY SIGNAL: IBS=0.055 < 0.1 on 2008-07-09
🟢 ENTRY EXECUTION(close): bought 26 shares at $541.55 on 2008-07-09
🔴 EXIT: IBS=0.965, ibs_signal, P&L=$-154.70, Duration=7 days
🟢 ENTRY SIGNAL: IBS=0.000 < 0.1 on 2008-07-24
🟢 ENTRY EXECUTION(close): bought 29 shares at $475.62 on 2008-07-24
🔴 EXIT: IBS=0.901, ibs_signal, P&L=$474.44, Duration=1 days
🟢 ENTRY SIGNAL: IBS=0.099 < 0.1 on 2008-08-04
🟢 ENTRY EXECUTION(close): bought 31 shares at $463.00 on 2008-08-04
🔴 EXIT: IBS=0.983, ibs_signal, P&L=$522.35, Duration=1 days
🟢 ENTRY SIGNAL: IBS=0.097 < 0.1 on 2008-08-25
🟢 ENTRY EXECUTION(close): bought 31 shares at $483.01 on 2008-08-25
🔴 EXIT: IBS=0.953, ibs_signal, P&L=$-1527.06, Duration=17 days
🟢 ENTRY SIGNAL: IBS=0.041 < 0.1 on 2008-09-17
🟢 ENTRY EXECUTION(close): bought 33 shares at $414.49 on 2008-09-17
🔴 EXIT: IBS=0.997, ibs_signal, P&L=$811.47, Duration=1 days
🟢 ENTRY SIGNAL: IBS=0.045 < 0.1 on 2008-09-22
🟢 ENTRY EXECUTION(close): bought 33 shares at $430.14 on 2008-09-22
🔴 EXIT: IBS=0.974, ibs_signal, P&L=$-1620.96, Duration=21 days
🟢 ENTRY SIGNAL: IBS=0.017 < 0.1 on 2008-10-15
🟢 ENTRY EXECUTION(close): bought 38 shares at $339.17 on 2008-10-15
🔴 EXIT: IBS=0.926, ibs_signal, P&L=$526.30, Duration=1 days
🟢 ENTRY SIGNAL: IBS=0.034 < 0.1 on 2008-10-21
🟢 ENTRY EXECUTION(close): bought 37 shares at $362.75 on 2008-10-21
🔴 EXIT: IBS=0.986, ibs_signal, P&L=$222.00, Duration=7 days
🟢 ENTRY SIGNAL: IBS=0.097 < 0.1 on 2008-10-30
🟢 ENTRY EXECUTION(close): bought 37 shares at $359.69 on 2008-10-30
🔴 EXIT: IBS=0.972, ibs_signal, P&L=$-1761.57, Duration=14 days
🟢 ENTRY SIGNAL: IBS=0.074 < 0.1 on 2008-11-19
🟢 ENTRY EXECUTION(close): bought 42 shares at $280.18 on 2008-11-19
🔴 EXIT: IBS=0.825, ibs_signal, P&L=$500.22, Duration=7 days
🟢 ENTRY SIGNAL: IBS=0.000 < 0.1 on 2008-12-01
🟢 ENTRY EXECUTION(close): bought 46 shares at $265.99 on 2008-12-01
🔴 EXIT: IBS=0.824, ibs_signal, P&L=$419.52, Duration=1 days
🟢 ENTRY SIGNAL: IBS=0.000 < 0.1 on 2009-01-20
🟢 ENTRY EXECUTION(close): bought 45 shares at $282.75 on 2009-01-20
🔴 EXIT: IBS=0.972, ibs_signal, P&L=$914.85, Duration=1 days
🟢 ENTRY SIGNAL: IBS=0.032 < 0.1 on 2009-02-10
🟢 ENTRY EXECUTION(close): bought 38 shares at $358.51 on 2009-02-10
🔴 EXIT: IBS=0.953, ibs_signal, P&L=$172.52, Duration=2 days
🟢 ENTRY SIGNAL: IBS=0.067 < 0.1 on 2009-02-19
🟢 ENTRY EXECUTION(close): bought 40 shares at $342.64 on 2009-02-19
🔴 EXIT: IBS=0.823, ibs_signal, P&L=$152.40, Duration=1 days
🟢 ENTRY SIGNAL: IBS=0.025 < 0.1 on 2009-02-23
🟢 ENTRY EXECUTION(close): bought 42 shares at $330.06 on 2009-02-23
🔴 EXIT: IBS=0.898, ibs_signal, P&L=$-902.58, Duration=11 days
🟢 ENTRY SIGNAL: IBS=0.084 < 0.1 on 2009-03-09
🟢 ENTRY EXECUTION(close): bought 45 shares at $290.89 on 2009-03-09
🔴 EXIT: IBS=0.857, ibs_signal, P&L=$777.60, Duration=1 days
🟢 ENTRY SIGNAL: IBS=0.099 < 0.1 on 2009-03-16
🟢 ENTRY EXECUTION(close): bought 43 shares at $319.69 on 2009-03-16
🔴 EXIT: IBS=1.000, ibs_signal, P&L=$672.95, Duration=1 days
🟢 ENTRY SIGNAL: IBS=0.049 < 0.1 on 2009-07-07
🟢 ENTRY EXECUTION(close): bought 36 shares at $396.63 on 2009-07-07
🔴 EXIT: IBS=0.976, ibs_signal, P&L=$996.12, Duration=6 days
🟢 ENTRY SIGNAL: IBS=0.060 < 0.1 on 2009-07-31
🟢 ENTRY EXECUTION(close): bought 35 shares at $443.05 on 2009-07-31
🔴 EXIT: IBS=0.952, ibs_signal, P&L=$373.94, Duration=4 days
🟢 ENTRY SIGNAL: IBS=0.073 < 0.1 on 2009-09-02
🟢 ENTRY EXECUTION(close): bought 35 shares at $453.01 on 2009-09-02
🔴 EXIT: IBS=0.809, ibs_signal, P&L=$290.15, Duration=2 days
🟢 ENTRY SIGNAL: IBS=0.040 < 0.1 on 2009-09-18
🟢 ENTRY EXECUTION(close): bought 33 shares at $491.46 on 2009-09-18
🔴 EXIT: IBS=0.850, ibs_signal, P&L=$182.82, Duration=3 days
🟢 ENTRY SIGNAL: IBS=0.081 < 0.1 on 2009-09-23
🟢 ENTRY EXECUTION(close): bought 32 shares at $498.46 on 2009-09-23
🔴 EXIT: IBS=0.819, ibs_signal, P&L=$2.24, Duration=6 days
🟢 ENTRY SIGNAL: IBS=0.021 < 0.1 on 2009-10-01
🟢 ENTRY EXECUTION(close): bought 33 shares at $487.20 on 2009-10-01
🔴 EXIT: IBS=0.918, ibs_signal, P&L=$380.82, Duration=5 days
🟢 ENTRY SIGNAL: IBS=0.085 < 0.1 on 2009-10-08
🟢 ENTRY EXECUTION(close): bought 32 shares at $514.18 on 2009-10-08
🔴 EXIT: IBS=0.953, ibs_signal, P&L=$676.48, Duration=6 days
🟢 ENTRY SIGNAL: IBS=0.046 < 0.1 on 2009-12-17
🟢 ENTRY EXECUTION(close): bought 29 shares at $593.94 on 2009-12-17
🔴 EXIT: IBS=0.857, ibs_signal, P&L=$208.22, Duration=5 days
🟢 ENTRY SIGNAL: IBS=0.000 < 0.1 on 2009-12-31
🟢 ENTRY EXECUTION(close): bought 28 shares at $619.98 on 2009-12-31
🔴 EXIT: IBS=0.913, ibs_signal, P&L=$-502.88, Duration=8 days
🟢 ENTRY SIGNAL: IBS=0.098 < 0.1 on 2010-02-04
🟢 ENTRY EXECUTION(close): bought 32 shares at $526.78 on 2010-02-04
🔴 EXIT: IBS=0.892, ibs_signal, P&L=$189.18, Duration=25 days
🟢 ENTRY SIGNAL: IBS=0.042 < 0.1 on 2010-03-12
🟢 ENTRY EXECUTION(close): bought 30 shares at $579.54 on 2010-03-12
🔴 EXIT: IBS=0.875, ibs_signal, P&L=$-666.30, Duration=12 days
🟢 ENTRY SIGNAL: IBS=0.027 < 0.1 on 2010-04-16
🟢 ENTRY EXECUTION(close): bought 30 shares at $550.14 on 2010-04-16
🔴 EXIT: IBS=0.886, ibs_signal, P&L=$-854.85, Duration=24 days
🟢 ENTRY SIGNAL: IBS=0.071 < 0.1 on 2010-05-11
🟢 ENTRY EXECUTION(close): bought 31 shares at $509.05 on 2010-05-11
🔴 EXIT: IBS=0.961, ibs_signal, P&L=$-33.48, Duration=6 days
🟢 ENTRY SIGNAL: IBS=0.094 < 0.1 on 2010-05-18
🟢 ENTRY EXECUTION(close): bought 31 shares at $498.37 on 2010-05-18
🔴 EXIT: IBS=0.972, ibs_signal, P&L=$-660.30, Duration=7 days
🟢 ENTRY SIGNAL: IBS=0.032 < 0.1 on 2010-05-26
🟢 ENTRY EXECUTION(close): bought 31 shares at $475.47 on 2010-05-26
🔴 EXIT: IBS=0.836, ibs_signal, P&L=$464.69, Duration=1 days
🟢 ENTRY SIGNAL: IBS=0.000 < 0.1 on 2010-06-14
🟢 ENTRY EXECUTION(close): bought 32 shares at $483.19 on 2010-06-14
🔴 EXIT: IBS=0.868, ibs_signal, P&L=$473.60, Duration=1 days
🟢 ENTRY SIGNAL: IBS=0.048 < 0.1 on 2010-06-22
🟢 ENTRY EXECUTION(close): bought 33 shares at $486.25 on 2010-06-22
🔴 EXIT: IBS=0.931, ibs_signal, P&L=$-1189.65, Duration=15 days
🟢 ENTRY SIGNAL: IBS=0.008 < 0.1 on 2010-07-16
🟢 ENTRY EXECUTION(close): bought 32 shares at $459.61 on 2010-07-16
🔴 EXIT: IBS=0.937, ibs_signal, P&L=$703.52, Duration=4 days
🟢 ENTRY SIGNAL: IBS=0.037 < 0.1 on 2010-08-11
🟢 ENTRY EXECUTION(close): bought 31 shares at $491.74 on 2010-08-11
🔴 EXIT: IBS=0.906, ibs_signal, P&L=$-1020.21, Duration=16 days
🟢 ENTRY SIGNAL: IBS=0.037 < 0.1 on 2010-08-30
🟢 ENTRY EXECUTION(close): bought 32 shares at $452.69 on 2010-08-30
🔴 EXIT: IBS=0.895, ibs_signal, P&L=$1198.72, Duration=18 days
🟢 ENTRY SIGNAL: IBS=0.049 < 0.1 on 2010-10-20
🟢 ENTRY EXECUTION(close): bought 26 shares at $607.98 on 2010-10-20
🔴 EXIT: IBS=0.802, ibs_signal, P&L=$317.20, Duration=14 days
🟢 ENTRY SIGNAL: IBS=0.019 < 0.1 on 2010-11-16
🟢 ENTRY EXECUTION(close): bought 27 shares at $583.72 on 2010-11-16
🔴 EXIT: IBS=0.829, ibs_signal, P&L=$303.75, Duration=8 days
🟢 ENTRY SIGNAL: IBS=0.059 < 0.1 on 2010-12-13
🟢 ENTRY EXECUTION(close): bought 27 shares at $594.62 on 2010-12-13
🔴 EXIT: IBS=0.864, ibs_signal, P&L=$262.71, Duration=21 days
🟢 ENTRY SIGNAL: IBS=0.015 < 0.1 on 2011-01-21
🟢 ENTRY EXECUTION(close): bought 27 shares at $611.83 on 2011-01-21
🔴 EXIT: IBS=0.875, ibs_signal, P&L=$-20.25, Duration=3 days
🟢 ENTRY SIGNAL: IBS=0.060 < 0.1 on 2011-01-28
🟢 ENTRY EXECUTION(close): bought 27 shares at $600.99 on 2011-01-28
🔴 EXIT: IBS=0.904, ibs_signal, P&L=$269.73, Duration=7 days
🟢 ENTRY SIGNAL: IBS=0.073 < 0.1 on 2011-03-01
🟢 ENTRY EXECUTION(close): bought 28 shares at $600.76 on 2011-03-01
🔴 EXIT: IBS=0.907, ibs_signal, P&L=$-873.60, Duration=14 days
🟢 ENTRY SIGNAL: IBS=0.097 < 0.1 on 2011-03-17
🟢 ENTRY EXECUTION(close): bought 28 shares at $561.36 on 2011-03-17
🔴 EXIT: IBS=0.972, ibs_signal, P&L=$582.40, Duration=6 days
🟢 ENTRY SIGNAL: IBS=0.065 < 0.1 on 2011-03-25
🟢 ENTRY EXECUTION(close): bought 28 shares at $579.74 on 2011-03-25
🔴 EXIT: IBS=0.982, ibs_signal, P&L=$55.72, Duration=4 days
🟢 ENTRY SIGNAL: IBS=0.015 < 0.1 on 2011-04-08
🟢 ENTRY EXECUTION(close): bought 28 shares at $578.16 on 2011-04-08
🔴 EXIT: IBS=0.857, ibs_signal, P&L=$-22.12, Duration=3 days
🟢 ENTRY SIGNAL: IBS=0.041 < 0.1 on 2011-04-15
🟢 ENTRY EXECUTION(close): bought 31 shares at $530.70 on 2011-04-15
🔴 EXIT: IBS=0.905, ibs_signal, P&L=$-119.66, Duration=3 days
🟢 ENTRY SIGNAL: IBS=0.063 < 0.1 on 2011-04-19
🟢 ENTRY EXECUTION(close): bought 31 shares at $521.53 on 2011-04-19
🔴 EXIT: IBS=0.907, ibs_signal, P&L=$503.13, Duration=8 days
🟢 ENTRY SIGNAL: IBS=0.019 < 0.1 on 2011-05-06
🟢 ENTRY EXECUTION(close): bought 31 shares at $535.30 on 2011-05-06
🔴 EXIT: IBS=0.890, ibs_signal, P&L=$73.78, Duration=3 days
🟢 ENTRY SIGNAL: IBS=0.073 < 0.1 on 2011-05-13
🟢 ENTRY EXECUTION(close): bought 32 shares at $529.55 on 2011-05-13
🔴 EXIT: IBS=0.953, ibs_signal, P&L=$29.12, Duration=4 days
🟢 ENTRY SIGNAL: IBS=0.019 < 0.1 on 2011-05-24
🟢 ENTRY EXECUTION(close): bought 33 shares at $518.26 on 2011-05-24
🔴 EXIT: IBS=0.838, ibs_signal, P&L=$87.12, Duration=3 days
🟢 ENTRY SIGNAL: IBS=0.037 < 0.1 on 2011-06-01
🟢 ENTRY EXECUTION(close): bought 32 shares at $525.60 on 2011-06-01
🔴 EXIT: IBS=0.898, ibs_signal, P&L=$-1043.20, Duration=20 days
🟢 ENTRY SIGNAL: IBS=0.049 < 0.1 on 2011-06-22
🟢 ENTRY EXECUTION(close): bought 33 shares at $487.00 on 2011-06-22
🔴 EXIT: IBS=0.944, ibs_signal, P&L=$639.38, Duration=8 days
🟢 ENTRY SIGNAL: IBS=0.000 < 0.1 on 2011-07-20
🟢 ENTRY EXECUTION(close): bought 28 shares at $595.35 on 2011-07-20
🔴 EXIT: IBS=0.924, ibs_signal, P&L=$325.92, Duration=1 days
🟢 ENTRY SIGNAL: IBS=0.000 < 0.1 on 2011-07-29
🟢 ENTRY EXECUTION(close): bought 28 shares at $603.69 on 2011-07-29
🔴 EXIT: IBS=0.906, ibs_signal, P&L=$-70.56, Duration=5 days
🟢 ENTRY SIGNAL: IBS=0.002 < 0.1 on 2011-08-04
🟢 ENTRY EXECUTION(close): bought 29 shares at $577.52 on 2011-08-04
🔴 EXIT: IBS=0.964, ibs_signal, P&L=$-119.19, Duration=5 days
🟢 ENTRY SIGNAL: IBS=0.078 < 0.1 on 2011-08-10
🟢 ENTRY EXECUTION(close): bought 30 shares at $549.01 on 2011-08-10
🔴 EXIT: IBS=0.884, ibs_signal, P&L=$-905.70, Duration=13 days
🟢 ENTRY SIGNAL: IBS=0.092 < 0.1 on 2011-08-25
🟢 ENTRY EXECUTION(close): bought 30 shares at $520.04 on 2011-08-25
🔴 EXIT: IBS=0.937, ibs_signal, P&L=$571.20, Duration=4 days
🟢 ENTRY SIGNAL: IBS=0.021 < 0.1 on 2011-09-21
🟢 ENTRY EXECUTION(close): bought 30 shares at $539.20 on 2011-09-21
🔴 EXIT: IBS=0.924, ibs_signal, P&L=$-410.70, Duration=2 days
🟢 ENTRY SIGNAL: IBS=0.070 < 0.1 on 2011-09-28
🟢 ENTRY EXECUTION(close): bought 30 shares at $528.84 on 2011-09-28
🔴 EXIT: IBS=0.933, ibs_signal, P&L=$-808.20, Duration=6 days
🟢 ENTRY SIGNAL: IBS=0.026 < 0.1 on 2011-10-25
🟢 ENTRY EXECUTION(close): bought 26 shares at $583.16 on 2011-10-25
🔴 EXIT: IBS=1.000, ibs_signal, P&L=$372.84, Duration=9 days
🟢 ENTRY SIGNAL: IBS=0.000 < 0.1 on 2011-11-23
🟢 ENTRY EXECUTION(close): bought 27 shares at $570.11 on 2011-11-23
🔴 EXIT: IBS=0.949, ibs_signal, P&L=$488.16, Duration=5 days
🟢 ENTRY SIGNAL: IBS=0.062 < 0.1 on 2011-12-08
🟢 ENTRY EXECUTION(close): bought 26 shares at $616.05 on 2011-12-08
🔴 EXIT: IBS=0.859, ibs_signal, P&L=$295.62, Duration=1 days
🟢 ENTRY SIGNAL: IBS=0.023 < 0.1 on 2012-01-06
🟢 ENTRY EXECUTION(close): bought 25 shares at $650.02 on 2012-01-06
🔴 EXIT: IBS=0.908, ibs_signal, P&L=$-427.75, Duration=12 days
🟢 ENTRY SIGNAL: IBS=0.021 < 0.1 on 2012-03-09
🟢 ENTRY EXECUTION(close): bought 26 shares at $600.25 on 2012-03-09
🔴 EXIT: IBS=0.994, ibs_signal, P&L=$455.78, Duration=4 days
🟢 ENTRY SIGNAL: IBS=0.019 < 0.1 on 2012-03-30
🟢 ENTRY EXECUTION(close): bought 25 shares at $641.24 on 2012-03-30
🔴 EXIT: IBS=0.954, ibs_signal, P&L=$142.00, Duration=3 days
🟢 ENTRY SIGNAL: IBS=0.042 < 0.1 on 2012-04-13
🟢 ENTRY EXECUTION(close): bought 26 shares at $624.60 on 2012-04-13
🔴 EXIT: IBS=0.897, ibs_signal, P&L=$-702.00, Duration=10 days
🟢 ENTRY SIGNAL: IBS=0.014 < 0.1 on 2012-05-04
🟢 ENTRY EXECUTION(close): bought 26 shares at $596.97 on 2012-05-04
🔴 EXIT: IBS=0.806, ibs_signal, P&L=$275.08, Duration=3 days
🟢 ENTRY SIGNAL: IBS=0.047 < 0.1 on 2012-05-11
🟢 ENTRY EXECUTION(close): bought 27 shares at $605.23 on 2012-05-11
🔴 EXIT: IBS=0.917, ibs_signal, P&L=$639.90, Duration=5 days
🟢 ENTRY SIGNAL: IBS=0.092 < 0.1 on 2012-06-07
🟢 ENTRY EXECUTION(close): bought 29 shares at $578.23 on 2012-06-07
🔴 EXIT: IBS=0.914, ibs_signal, P&L=$64.38, Duration=1 days
🟢 ENTRY SIGNAL: IBS=0.097 < 0.1 on 2012-06-11
🟢 ENTRY EXECUTION(close): bought 29 shares at $568.50 on 2012-06-11
🔴 EXIT: IBS=0.999, ibs_signal, P&L=$-115.71, Duration=4 days
🟢 ENTRY SIGNAL: IBS=0.092 < 0.1 on 2012-06-21
🟢 ENTRY EXECUTION(close): bought 29 shares at $565.21 on 2012-06-21
🔴 EXIT: IBS=1.000, ibs_signal, P&L=$181.83, Duration=1 days
🟢 ENTRY SIGNAL: IBS=0.087 < 0.1 on 2012-09-25
🟢 ENTRY EXECUTION(close): bought 22 shares at $749.16 on 2012-09-25
🔴 EXIT: IBS=0.879, ibs_signal, P&L=$293.48, Duration=8 days
🟢 ENTRY SIGNAL: IBS=0.083 < 0.1 on 2012-10-09
🟢 ENTRY EXECUTION(close): bought 23 shares at $744.09 on 2012-10-09
🔴 EXIT: IBS=0.947, ibs_signal, P&L=$262.20, Duration=8 days
🟢 ENTRY SIGNAL: IBS=0.067 < 0.1 on 2012-11-02
🟢 ENTRY EXECUTION(close): bought 25 shares at $687.92 on 2012-11-02
🔴 EXIT: IBS=0.947, ibs_signal, P&L=$-492.70, Duration=17 days
🟢 ENTRY SIGNAL: IBS=0.097 < 0.1 on 2012-12-03
🟢 ENTRY EXECUTION(close): bought 24 shares at $695.25 on 2012-12-03
🔴 EXIT: IBS=0.641, max_hold_days, P&L=$672.00, Duration=30 days
🟢 ENTRY SIGNAL: IBS=0.045 < 0.1 on 2013-01-14
🟢 ENTRY EXECUTION(close): bought 24 shares at $723.25 on 2013-01-14
🔴 EXIT: IBS=0.816, ibs_signal, P&L=$733.92, Duration=10 days
🟢 ENTRY SIGNAL: IBS=0.061 < 0.1 on 2013-02-04
🟢 ENTRY EXECUTION(close): bought 24 shares at $759.02 on 2013-02-04
🔴 EXIT: IBS=0.807, ibs_signal, P&L=$267.60, Duration=2 days
🟢 ENTRY SIGNAL: IBS=0.039 < 0.1 on 2013-02-20
🟢 ENTRY EXECUTION(close): bought 23 shares at $792.46 on 2013-02-20
🔴 EXIT: IBS=0.914, ibs_signal, P&L=$315.79, Duration=9 days
🟢 ENTRY SIGNAL: IBS=0.074 < 0.1 on 2013-03-28
🟢 ENTRY EXECUTION(close): bought 24 shares at $794.19 on 2013-03-28
🔴 EXIT: IBS=0.882, ibs_signal, P&L=$168.05, Duration=4 days
🟢 ENTRY SIGNAL: IBS=0.074 < 0.1 on 2013-05-28
🟢 ENTRY EXECUTION(close): bought 21 shares at $881.27 on 2013-05-28
🔴 EXIT: IBS=0.912, ibs_signal, P&L=$-349.23, Duration=9 days
🟢 ENTRY SIGNAL: IBS=0.039 < 0.1 on 2013-06-11
🟢 ENTRY EXECUTION(close): bought 21 shares at $879.81 on 2013-06-11
🔴 EXIT: IBS=0.812, ibs_signal, P&L=$-59.01, Duration=2 days
🟢 ENTRY SIGNAL: IBS=0.086 < 0.1 on 2013-06-14
🟢 ENTRY EXECUTION(close): bought 21 shares at $875.04 on 2013-06-14
🔴 EXIT: IBS=0.970, ibs_signal, P&L=$537.18, Duration=4 days
🟢 ENTRY SIGNAL: IBS=0.081 < 0.1 on 2013-06-20
🟢 ENTRY EXECUTION(close): bought 21 shares at $884.74 on 2013-06-20
🔴 EXIT: IBS=0.808, ibs_signal, P&L=$-91.77, Duration=8 days
🟢 ENTRY SIGNAL: IBS=0.099 < 0.1 on 2013-07-29
🟢 ENTRY EXECUTION(close): bought 21 shares at $882.27 on 2013-07-29
🔴 EXIT: IBS=0.965, ibs_signal, P&L=$460.95, Duration=3 days
🟢 ENTRY SIGNAL: IBS=0.060 < 0.1 on 2013-08-06
🟢 ENTRY EXECUTION(close): bought 22 shares at $896.57 on 2013-08-06
🔴 EXIT: IBS=0.898, ibs_signal, P&L=$-548.59, Duration=29 days
🟢 ENTRY SIGNAL: IBS=0.079 < 0.1 on 2013-09-23
🟢 ENTRY EXECUTION(close): bought 21 shares at $886.50 on 2013-09-23
🔴 EXIT: IBS=0.818, ibs_signal, P&L=$-212.31, Duration=4 days
🟢 ENTRY SIGNAL: IBS=0.048 < 0.1 on 2013-10-24
🟢 ENTRY EXECUTION(close): bought 18 shares at $1025.55 on 2013-10-24
🔴 EXIT: IBS=0.970, ibs_signal, P&L=$192.42, Duration=5 days
🟢 ENTRY SIGNAL: IBS=0.019 < 0.1 on 2013-11-07
🟢 ENTRY EXECUTION(close): bought 19 shares at $1007.95 on 2013-11-07
🔴 EXIT: IBS=0.986, ibs_signal, P&L=$465.88, Duration=6 days
🟢 ENTRY SIGNAL: IBS=0.020 < 0.1 on 2013-11-29
🟢 ENTRY EXECUTION(close): bought 18 shares at $1059.59 on 2013-11-29
🔴 EXIT: IBS=0.987, ibs_signal, P&L=$185.04, Duration=7 days
🟢 ENTRY SIGNAL: IBS=0.069 < 0.1 on 2013-12-12
🟢 ENTRY EXECUTION(close): bought 18 shares at $1069.96 on 2013-12-12
🔴 EXIT: IBS=0.865, ibs_signal, P&L=$54.36, Duration=4 days
🟢 ENTRY SIGNAL: IBS=0.038 < 0.1 on 2013-12-30
🟢 ENTRY EXECUTION(close): bought 17 shares at $1109.46 on 2013-12-30
🔴 EXIT: IBS=0.980, ibs_signal, P&L=$191.25, Duration=1 days
🟢 ENTRY SIGNAL: IBS=0.006 < 0.1 on 2014-01-03
🟢 ENTRY EXECUTION(close): bought 18 shares at $1105.00 on 2014-01-03
🔴 EXIT: IBS=0.876, ibs_signal, P&L=$221.76, Duration=3 days
🟢 ENTRY SIGNAL: IBS=0.027 < 0.1 on 2014-01-24
🟢 ENTRY EXECUTION(close): bought 18 shares at $1123.83 on 2014-01-24
🔴 EXIT: IBS=0.827, ibs_signal, P&L=$-14.76, Duration=4 days
🟢 ENTRY SIGNAL: IBS=0.029 < 0.1 on 2014-02-03
🟢 ENTRY EXECUTION(close): bought 17 shares at $1133.43 on 2014-02-03
🔴 EXIT: IBS=0.984, ibs_signal, P&L=$451.01, Duration=3 days
🟢 ENTRY SIGNAL: IBS=0.015 < 0.1 on 2014-03-14
🟢 ENTRY EXECUTION(close): bought 17 shares at $1172.80 on 2014-03-14
🔴 EXIT: IBS=0.985, ibs_signal, P&L=$653.82, Duration=4 days
🟢 ENTRY SIGNAL: IBS=0.022 < 0.1 on 2014-03-21
🟢 ENTRY EXECUTION(close): bought 18 shares at $1183.04 on 2014-03-21
🔴 EXIT: IBS=0.866, ibs_signal, P&L=$-866.70, Duration=11 days
🟢 ENTRY SIGNAL: IBS=0.021 < 0.1 on 2014-04-04
🟢 ENTRY EXECUTION(close): bought 37 shares at $545.25 on 2014-04-04
🔴 EXIT: IBS=0.844, ibs_signal, P&L=$453.62, Duration=4 days
🟢 ENTRY SIGNAL: IBS=0.052 < 0.1 on 2014-04-10
🟢 ENTRY EXECUTION(close): bought 38 shares at $546.69 on 2014-04-10
🔴 EXIT: IBS=0.812, ibs_signal, P&L=$76.38, Duration=5 days
🟢 ENTRY SIGNAL: IBS=0.053 < 0.1 on 2014-04-25
🟢 ENTRY EXECUTION(close): bought 40 shares at $523.10 on 2014-04-25
🔴 EXIT: IBS=0.804, ibs_signal, P&L=$-4.80, Duration=3 days
🟢 ENTRY SIGNAL: IBS=0.066 < 0.1 on 2014-05-02
🟢 ENTRY EXECUTION(close): bought 39 shares at $533.87 on 2014-05-02
🔴 EXIT: IBS=0.952, ibs_signal, P&L=$56.94, Duration=3 days
🟢 ENTRY SIGNAL: IBS=0.025 < 0.1 on 2014-05-06
🟢 ENTRY EXECUTION(close): bought 40 shares at $522.57 on 2014-05-06
🔴 EXIT: IBS=0.944, ibs_signal, P&L=$162.00, Duration=3 days
🟢 ENTRY SIGNAL: IBS=0.065 < 0.1 on 2014-05-28
🟢 ENTRY EXECUTION(close): bought 37 shares at $570.45 on 2014-05-28
🔴 EXIT: IBS=0.863, ibs_signal, P&L=$44.40, Duration=2 days
🟢 ENTRY SIGNAL: IBS=0.055 < 0.1 on 2014-07-16
🟢 ENTRY EXECUTION(close): bought 36 shares at $590.62 on 2014-07-16
🔴 EXIT: IBS=0.899, ibs_signal, P&L=$521.64, Duration=2 days
🟢 ENTRY SIGNAL: IBS=0.038 < 0.1 on 2014-09-25
🟢 ENTRY EXECUTION(close): bought 37 shares at $585.25 on 2014-09-25
🔴 EXIT: IBS=0.806, ibs_signal, P&L=$94.72, Duration=4 days
🟢 ENTRY SIGNAL: IBS=0.000 < 0.1 on 2014-10-07
🟢 ENTRY EXECUTION(close): bought 38 shares at $574.10 on 2014-10-07
🔴 EXIT: IBS=0.944, ibs_signal, P&L=$366.32, Duration=1 days
🟢 ENTRY SIGNAL: IBS=0.009 < 0.1 on 2014-10-10
🟢 ENTRY EXECUTION(close): bought 40 shares at $555.19 on 2014-10-10
🔴 EXIT: IBS=0.944, ibs_signal, P&L=$-912.40, Duration=10 days
🟢 ENTRY SIGNAL: IBS=0.079 < 0.1 on 2014-11-18
🟢 ENTRY EXECUTION(close): bought 39 shares at $544.51 on 2014-11-18
🔴 EXIT: IBS=0.887, ibs_signal, P&L=$104.91, Duration=1 days
🟢 ENTRY SIGNAL: IBS=0.075 < 0.1 on 2014-12-05
🟢 ENTRY EXECUTION(close): bought 40 shares at $528.08 on 2014-12-05
🔴 EXIT: IBS=0.959, ibs_signal, P&L=$321.20, Duration=4 days
🟢 ENTRY SIGNAL: IBS=0.046 < 0.1 on 2014-12-10
🟢 ENTRY EXECUTION(close): bought 41 shares at $528.04 on 2014-12-10
🔴 EXIT: IBS=0.832, ibs_signal, P&L=$-550.22, Duration=8 days
🟢 ENTRY SIGNAL: IBS=0.022 < 0.1 on 2014-12-29
🟢 ENTRY EXECUTION(close): bought 39 shares at $537.31 on 2014-12-29
🔴 EXIT: IBS=0.953, ibs_signal, P&L=$-1185.60, Duration=10 days
🟢 ENTRY SIGNAL: IBS=0.091 < 0.1 on 2015-01-20
🟢 ENTRY EXECUTION(close): bought 39 shares at $509.94 on 2015-01-20
🔴 EXIT: IBS=0.881, ibs_signal, P&L=$407.55, Duration=1 days
🟢 ENTRY SIGNAL: IBS=0.028 < 0.1 on 2015-01-27
🟢 ENTRY EXECUTION(close): bought 39 shares at $521.19 on 2015-01-27
🔴 EXIT: IBS=0.833, ibs_signal, P&L=$-310.44, Duration=2 days
🟢 ENTRY SIGNAL: IBS=0.091 < 0.1 on 2015-02-04
🟢 ENTRY EXECUTION(close): bought 38 shares at $526.10 on 2015-02-04
🔴 EXIT: IBS=0.830, ibs_signal, P&L=$141.74, Duration=1 days
🟢 ENTRY SIGNAL: IBS=0.078 < 0.1 on 2015-03-06
🟢 ENTRY EXECUTION(close): bought 35 shares at $572.90 on 2015-03-06
🔴 EXIT: IBS=0.894, ibs_signal, P&L=$-410.55, Duration=6 days
🟢 ENTRY SIGNAL: IBS=0.000 < 0.1 on 2015-03-25
🟢 ENTRY EXECUTION(close): bought 35 shares at $567.00 on 2015-03-25
🔴 EXIT: IBS=0.809, ibs_signal, P&L=$-205.28, Duration=5 days
🟢 ENTRY SIGNAL: IBS=0.004 < 0.1 on 2015-03-31
🟢 ENTRY EXECUTION(close): bought 35 shares at $554.70 on 2015-03-31
🔴 EXIT: IBS=0.838, ibs_signal, P&L=$-376.25, Duration=6 days
🟢 ENTRY SIGNAL: IBS=0.066 < 0.1 on 2015-05-05
🟢 ENTRY EXECUTION(close): bought 35 shares at $543.04 on 2015-05-05
🔴 EXIT: IBS=0.932, ibs_signal, P&L=$215.43, Duration=9 days
🟢 ENTRY SIGNAL: IBS=0.031 < 0.1 on 2015-05-29
🟢 ENTRY EXECUTION(close): bought 35 shares at $545.32 on 2015-05-29
🔴 EXIT: IBS=0.805, ibs_signal, P&L=$136.15, Duration=3 days
🟢 ENTRY SIGNAL: IBS=0.077 < 0.1 on 2015-06-08
🟢 ENTRY EXECUTION(close): bought 36 shares at $543.48 on 2015-06-08
🔴 EXIT: IBS=0.884, ibs_signal, P&L=$457.20, Duration=10 days
🟢 ENTRY SIGNAL: IBS=0.087 < 0.1 on 2015-06-25
🟢 ENTRY EXECUTION(close): bought 36 shares at $557.95 on 2015-06-25
🔴 EXIT: IBS=0.851, ibs_signal, P&L=$-381.96, Duration=7 days
🟢 ENTRY SIGNAL: IBS=0.071 < 0.1 on 2015-07-08
🟢 ENTRY EXECUTION(close): bought 36 shares at $541.70 on 2015-07-08
🔴 EXIT: IBS=0.921, ibs_signal, P&L=$1081.08, Duration=5 days
🟢 ENTRY SIGNAL: IBS=0.065 < 0.1 on 2015-07-24
🟢 ENTRY EXECUTION(close): bought 31 shares at $654.77 on 2015-07-24
🔴 EXIT: IBS=0.819, ibs_signal, P&L=$206.46, Duration=5 days
🟢 ENTRY SIGNAL: IBS=0.038 < 0.1 on 2015-07-31
🟢 ENTRY EXECUTION(close): bought 32 shares at $657.50 on 2015-07-31
🔴 EXIT: IBS=0.946, ibs_signal, P&L=$1171.52, Duration=17 days
🟢 ENTRY SIGNAL: IBS=0.031 < 0.1 on 2015-08-21
🟢 ENTRY EXECUTION(close): bought 34 shares at $644.03 on 2015-08-21
🔴 EXIT: IBS=0.915, ibs_signal, P&L=$534.14, Duration=5 days
🟢 ENTRY SIGNAL: IBS=0.081 < 0.1 on 2015-08-31
🟢 ENTRY EXECUTION(close): bought 35 shares at $647.82 on 2015-08-31
🔴 EXIT: IBS=0.990, ibs_signal, P&L=$-101.85, Duration=2 days
🟢 ENTRY SIGNAL: IBS=0.091 < 0.1 on 2015-09-18
🟢 ENTRY EXECUTION(close): bought 34 shares at $660.92 on 2015-09-18
🔴 EXIT: IBS=0.816, ibs_signal, P&L=$206.04, Duration=3 days
🟢 ENTRY SIGNAL: IBS=0.026 < 0.1 on 2015-09-25
🟢 ENTRY EXECUTION(close): bought 35 shares at $640.15 on 2015-09-25
🔴 EXIT: IBS=0.855, ibs_signal, P&L=$64.75, Duration=6 days
🟢 ENTRY SIGNAL: IBS=0.077 < 0.1 on 2015-10-21
🟢 ENTRY EXECUTION(close): bought 34 shares at $671.80 on 2015-10-21
🔴 EXIT: IBS=0.955, ibs_signal, P&L=$2214.08, Duration=7 days
🟢 ENTRY SIGNAL: IBS=0.088 < 0.1 on 2015-10-30
🟢 ENTRY EXECUTION(close): bought 34 shares at $737.39 on 2015-10-30
🔴 EXIT: IBS=0.974, ibs_signal, P&L=$351.90, Duration=3 days
🟢 ENTRY SIGNAL: IBS=0.067 < 0.1 on 2015-11-12
🟢 ENTRY EXECUTION(close): bought 33 shares at $756.53 on 2015-11-12
🔴 EXIT: IBS=0.926, ibs_signal, P&L=$-201.63, Duration=4 days
🟢 ENTRY SIGNAL: IBS=0.085 < 0.1 on 2015-12-02
🟢 ENTRY EXECUTION(close): bought 32 shares at $777.85 on 2015-12-02
🔴 EXIT: IBS=0.810, ibs_signal, P&L=$43.52, Duration=2 days
🟢 ENTRY SIGNAL: IBS=0.043 < 0.1 on 2015-12-17
🟢 ENTRY EXECUTION(close): bought 32 shares at $769.83 on 2015-12-17
🔴 EXIT: IBS=0.962, ibs_signal, P&L=$397.12, Duration=11 days
🟢 ENTRY SIGNAL: IBS=0.063 < 0.1 on 2015-12-31
🟢 ENTRY EXECUTION(close): bought 33 shares at $778.01 on 2015-12-31
🔴 EXIT: IBS=0.812, ibs_signal, P&L=$-612.81, Duration=4 days
🟢 ENTRY SIGNAL: IBS=0.094 < 0.1 on 2016-01-08
🟢 ENTRY EXECUTION(close): bought 34 shares at $730.91 on 2016-01-08
🔴 EXIT: IBS=0.870, ibs_signal, P&L=$73.44, Duration=3 days
🟢 ENTRY SIGNAL: IBS=0.077 < 0.1 on 2016-01-13
🟢 ENTRY EXECUTION(close): bought 35 shares at $719.57 on 2016-01-13
🔴 EXIT: IBS=0.861, ibs_signal, P&L=$1005.55, Duration=15 days
🟢 ENTRY SIGNAL: IBS=0.010 < 0.1 on 2016-02-02
🟢 ENTRY EXECUTION(close): bought 33 shares at $780.91 on 2016-02-02
🔴 EXIT: IBS=0.984, ibs_signal, P&L=$-2532.75, Duration=6 days
🟢 ENTRY SIGNAL: IBS=0.082 < 0.1 on 2016-02-10
🟢 ENTRY EXECUTION(close): bought 33 shares at $706.85 on 2016-02-10
🔴 EXIT: IBS=0.896, ibs_signal, P&L=$828.96, Duration=7 days
🟢 ENTRY SIGNAL: IBS=0.096 < 0.1 on 2016-02-18
🟢 ENTRY EXECUTION(close): bought 34 shares at $717.51 on 2016-02-18
🔴 EXIT: IBS=0.824, ibs_signal, P&L=$156.40, Duration=1 days
🟢 ENTRY SIGNAL: IBS=0.028 < 0.1 on 2016-02-29
🟢 ENTRY EXECUTION(close): bought 34 shares at $717.22 on 2016-02-29
🔴 EXIT: IBS=0.993, ibs_signal, P&L=$848.30, Duration=1 days
🟢 ENTRY SIGNAL: IBS=0.078 < 0.1 on 2016-03-30
🟢 ENTRY EXECUTION(close): bought 33 shares at $768.34 on 2016-03-30
🔴 EXIT: IBS=0.975, ibs_signal, P&L=$43.89, Duration=2 days
🟢 ENTRY SIGNAL: IBS=0.020 < 0.1 on 2016-04-11
🟢 ENTRY EXECUTION(close): bought 33 shares at $757.54 on 2016-04-11
🔴 EXIT: IBS=0.955, ibs_signal, P&L=$223.74, Duration=1 days
🟢 ENTRY SIGNAL: IBS=0.071 < 0.1 on 2016-04-28
🟢 ENTRY EXECUTION(close): bought 36 shares at $705.06 on 2016-04-28
🔴 EXIT: IBS=0.890, ibs_signal, P&L=$336.60, Duration=4 days
🟢 ENTRY SIGNAL: IBS=0.047 < 0.1 on 2016-05-23
🟢 ENTRY EXECUTION(close): bought 36 shares at $717.25 on 2016-05-23
🔴 EXIT: IBS=0.920, ibs_signal, P&L=$568.08, Duration=1 days
🟢 ENTRY SIGNAL: IBS=0.049 < 0.1 on 2016-06-07
🟢 ENTRY EXECUTION(close): bought 36 shares at $731.09 on 2016-06-07
🔴 EXIT: IBS=0.891, ibs_signal, P&L=$426.24, Duration=1 days
🟢 ENTRY SIGNAL: IBS=0.069 < 0.1 on 2016-06-20
🟢 ENTRY EXECUTION(close): bought 38 shares at $706.13 on 2016-06-20
🔴 EXIT: IBS=0.999, ibs_signal, P&L=$332.12, Duration=3 days
🟢 ENTRY SIGNAL: IBS=0.014 < 0.1 on 2016-06-24
🟢 ENTRY EXECUTION(close): bought 40 shares at $685.20 on 2016-06-24
🔴 EXIT: IBS=0.812, ibs_signal, P&L=$242.40, Duration=4 days
🟢 ENTRY SIGNAL: IBS=0.071 < 0.1 on 2016-07-13
🟢 ENTRY EXECUTION(close): bought 38 shares at $729.48 on 2016-07-13
🔴 EXIT: IBS=0.939, ibs_signal, P&L=$240.16, Duration=1 days
🟢 ENTRY SIGNAL: IBS=0.096 < 0.1 on 2016-07-29
🟢 ENTRY EXECUTION(close): bought 35 shares at $791.34 on 2016-07-29
🔴 EXIT: IBS=0.905, ibs_signal, P&L=$265.30, Duration=5 days
🟢 ENTRY SIGNAL: IBS=0.031 < 0.1 on 2016-09-09
🟢 ENTRY EXECUTION(close): bought 35 shares at $788.48 on 2016-09-09
🔴 EXIT: IBS=0.919, ibs_signal, P&L=$361.90, Duration=3 days
🟢 ENTRY SIGNAL: IBS=0.067 < 0.1 on 2016-10-05
🟢 ENTRY EXECUTION(close): bought 35 shares at $801.23 on 2016-10-05
🔴 EXIT: IBS=0.962, ibs_signal, P&L=$799.05, Duration=16 days
🟢 ENTRY SIGNAL: IBS=0.039 < 0.1 on 2016-11-18
🟢 ENTRY EXECUTION(close): bought 37 shares at $775.97 on 2016-11-18
🔴 EXIT: IBS=0.829, ibs_signal, P&L=$326.71, Duration=3 days
🟢 ENTRY SIGNAL: IBS=0.045 < 0.1 on 2017-01-19
🟢 ENTRY EXECUTION(close): bought 36 shares at $824.37 on 2017-01-19
🔴 EXIT: IBS=0.934, ibs_signal, P&L=$722.16, Duration=4 days
🟢 ENTRY SIGNAL: IBS=0.095 < 0.1 on 2017-03-21
🟢 ENTRY EXECUTION(close): bought 35 shares at $850.14 on 2017-03-21
🔴 EXIT: IBS=0.832, ibs_signal, P&L=$-407.05, Duration=6 days
🟢 ENTRY SIGNAL: IBS=0.063 < 0.1 on 2017-06-20
🟢 ENTRY EXECUTION(close): bought 31 shares at $968.99 on 2017-06-20
🔴 EXIT: IBS=0.897, ibs_signal, P&L=$297.60, Duration=1 days
🟢 ENTRY SIGNAL: IBS=0.074 < 0.1 on 2017-06-26
🟢 ENTRY EXECUTION(close): bought 31 shares at $972.09 on 2017-06-26
🔴 EXIT: IBS=0.918, ibs_signal, P&L=$-343.48, Duration=2 days
🟢 ENTRY SIGNAL: IBS=0.005 < 0.1 on 2017-06-30
🟢 ENTRY EXECUTION(close): bought 32 shares at $929.68 on 2017-06-30
🔴 EXIT: IBS=0.809, ibs_signal, P&L=$682.24, Duration=10 days
🟢 ENTRY SIGNAL: IBS=0.081 < 0.1 on 2017-08-03
🟢 ENTRY EXECUTION(close): bought 32 shares at $940.30 on 2017-08-03
🔴 EXIT: IBS=0.901, ibs_signal, P&L=$3.20, Duration=19 days
🟢 ENTRY SIGNAL: IBS=0.038 < 0.1 on 2017-08-25
🟢 ENTRY EXECUTION(close): bought 32 shares at $930.50 on 2017-08-25
🔴 EXIT: IBS=0.871, ibs_signal, P&L=$168.00, Duration=4 days
🟢 ENTRY SIGNAL: IBS=0.090 < 0.1 on 2017-10-09
🟢 ENTRY EXECUTION(close): bought 31 shares at $992.31 on 2017-10-09
🔴 EXIT: IBS=0.903, ibs_signal, P&L=$413.54, Duration=2 days
🟢 ENTRY SIGNAL: IBS=0.059 < 0.1 on 2017-10-26
🟢 ENTRY EXECUTION(close): bought 31 shares at $991.42 on 2017-10-26
🔴 EXIT: IBS=0.849, ibs_signal, P&L=$1598.05, Duration=7 days
🟢 ENTRY SIGNAL: IBS=0.064 < 0.1 on 2017-11-06
🟢 ENTRY EXECUTION(close): bought 31 shares at $1042.68 on 2017-11-06
🔴 EXIT: IBS=0.902, ibs_signal, P&L=$301.01, Duration=1 days
🟢 ENTRY SIGNAL: IBS=0.097 < 0.1 on 2018-02-05
🟢 ENTRY EXECUTION(close): bought 31 shares at $1062.39 on 2018-02-05
🔴 EXIT: IBS=0.949, ibs_signal, P&L=$683.24, Duration=1 days
🟢 ENTRY SIGNAL: IBS=0.025 < 0.1 on 2018-02-07
🟢 ENTRY EXECUTION(close): bought 32 shares at $1055.41 on 2018-02-07
🔴 EXIT: IBS=0.900, ibs_signal, P&L=$-292.48, Duration=2 days
🟢 ENTRY SIGNAL: IBS=0.026 < 0.1 on 2018-02-27
🟢 ENTRY EXECUTION(close): bought 30 shares at $1117.51 on 2018-02-27
🔴 EXIT: IBS=0.925, ibs_signal, P&L=$-1001.10, Duration=3 days
🟢 ENTRY SIGNAL: IBS=0.040 < 0.1 on 2018-03-23
🟢 ENTRY EXECUTION(close): bought 31 shares at $1026.55 on 2018-03-23
🔴 EXIT: IBS=0.894, ibs_signal, P&L=$853.74, Duration=3 days
🟢 ENTRY SIGNAL: IBS=0.035 < 0.1 on 2018-04-09
🟢 ENTRY EXECUTION(close): bought 32 shares at $1020.09 on 2018-04-09
🔴 EXIT: IBS=0.817, ibs_signal, P&L=$525.12, Duration=1 days
🟢 ENTRY SIGNAL: IBS=0.014 < 0.1 on 2018-04-30
🟢 ENTRY EXECUTION(close): bought 33 shares at $1018.58 on 2018-04-30
🔴 EXIT: IBS=0.969, ibs_signal, P&L=$731.61, Duration=1 days
🟢 ENTRY SIGNAL: IBS=0.069 < 0.1 on 2018-06-13
🟢 ENTRY EXECUTION(close): bought 30 shares at $1144.23 on 2018-06-13
🔴 EXIT: IBS=0.983, ibs_signal, P&L=$1180.50, Duration=5 days
🟢 ENTRY SIGNAL: IBS=0.008 < 0.1 on 2018-06-27
🟢 ENTRY EXECUTION(close): bought 32 shares at $1116.94 on 2018-06-27
🔴 EXIT: IBS=0.976, ibs_signal, P&L=$805.44, Duration=5 days
🟢 ENTRY SIGNAL: IBS=0.052 < 0.1 on 2018-07-03
🟢 ENTRY EXECUTION(close): bought 32 shares at $1116.28 on 2018-07-03
🔴 EXIT: IBS=0.864, ibs_signal, P&L=$800.32, Duration=2 days
🟢 ENTRY SIGNAL: IBS=0.073 < 0.1 on 2018-07-19
🟢 ENTRY EXECUTION(close): bought 31 shares at $1199.10 on 2018-07-19
🔴 EXIT: IBS=0.822, ibs_signal, P&L=$368.90, Duration=4 days
🟢 ENTRY SIGNAL: IBS=0.085 < 0.1 on 2018-08-13
🟢 ENTRY EXECUTION(close): bought 30 shares at $1248.64 on 2018-08-13
🔴 EXIT: IBS=0.884, ibs_signal, P&L=$285.00, Duration=1 days
🟢 ENTRY SIGNAL: IBS=0.059 < 0.1 on 2018-09-17
🟢 ENTRY EXECUTION(close): bought 32 shares at $1159.83 on 2018-09-17
🔴 EXIT: IBS=0.887, ibs_signal, P&L=$462.08, Duration=2 days
🟢 ENTRY SIGNAL: IBS=0.002 < 0.1 on 2018-09-21
🟢 ENTRY EXECUTION(close): bought 32 shares at $1172.12 on 2018-09-21
🔴 EXIT: IBS=0.833, ibs_signal, P&L=$238.08, Duration=3 days
🟢 ENTRY SIGNAL: IBS=0.058 < 0.1 on 2018-10-09
🟢 ENTRY EXECUTION(close): bought 33 shares at $1145.17 on 2018-10-09
🔴 EXIT: IBS=0.828, ibs_signal, P&L=$-812.79, Duration=3 days
🟢 ENTRY SIGNAL: IBS=0.033 < 0.1 on 2018-10-24
🟢 ENTRY EXECUTION(close): bought 35 shares at $1057.12 on 2018-10-24
🔴 EXIT: IBS=0.962, ibs_signal, P&L=$-266.35, Duration=6 days
🟢 ENTRY SIGNAL: IBS=0.032 < 0.1 on 2018-12-04
🟢 ENTRY EXECUTION(close): bought 35 shares at $1062.47 on 2018-12-04
🔴 EXIT: IBS=0.964, ibs_signal, P&L=$546.35, Duration=2 days
🟢 ENTRY SIGNAL: IBS=0.089 < 0.1 on 2018-12-12
🟢 ENTRY EXECUTION(close): bought 35 shares at $1073.73 on 2018-12-12
🔴 EXIT: IBS=0.989, ibs_signal, P&L=$-905.80, Duration=14 days
🟢 ENTRY SIGNAL: IBS=0.071 < 0.1 on 2019-01-03
🟢 ENTRY EXECUTION(close): bought 36 shares at $1025.47 on 2019-01-03
🔴 EXIT: IBS=0.955, ibs_signal, P&L=$1893.60, Duration=1 days
🟢 ENTRY SIGNAL: IBS=0.097 < 0.1 on 2019-03-14
🟢 ENTRY EXECUTION(close): bought 32 shares at $1192.53 on 2019-03-14
🔴 EXIT: IBS=0.932, ibs_signal, P&L=$317.76, Duration=5 days
🟢 ENTRY SIGNAL: IBS=0.060 < 0.1 on 2019-03-22
🟢 ENTRY EXECUTION(close): bought 32 shares at $1207.65 on 2019-03-22
🔴 EXIT: IBS=0.912, ibs_signal, P&L=$-277.44, Duration=10 days
🟢 ENTRY SIGNAL: IBS=0.017 < 0.1 on 2019-04-24
🟢 ENTRY EXECUTION(close): bought 31 shares at $1260.05 on 2019-04-24
🔴 EXIT: IBS=0.893, ibs_signal, P&L=$538.47, Duration=2 days
🟢 ENTRY SIGNAL: IBS=0.059 < 0.1 on 2019-05-01
🟢 ENTRY EXECUTION(close): bought 33 shares at $1173.32 on 2019-05-01
🔴 EXIT: IBS=0.896, ibs_signal, P&L=$535.59, Duration=2 days
🟢 ENTRY SIGNAL: IBS=0.062 < 0.1 on 2019-05-14
🟢 ENTRY EXECUTION(close): bought 35 shares at $1124.86 on 2019-05-14
🔴 EXIT: IBS=0.868, ibs_signal, P&L=$1607.90, Duration=1 days
🟢 ENTRY SIGNAL: IBS=0.050 < 0.1 on 2019-05-28
🟢 ENTRY EXECUTION(close): bought 36 shares at $1139.56 on 2019-05-28
🔴 EXIT: IBS=0.824, ibs_signal, P&L=$-3062.52, Duration=7 days
🟢 ENTRY SIGNAL: IBS=0.060 < 0.1 on 2019-06-11
🟢 ENTRY EXECUTION(close): bought 36 shares at $1081.04 on 2019-06-11
🔴 EXIT: IBS=0.929, ibs_signal, P&L=$1595.88, Duration=10 days
🟢 ENTRY SIGNAL: IBS=0.096 < 0.1 on 2019-06-25
🟢 ENTRY EXECUTION(close): bought 37 shares at $1087.58 on 2019-06-25
🔴 EXIT: IBS=1.000, ibs_signal, P&L=$-176.86, Duration=3 days
🟢 ENTRY SIGNAL: IBS=0.010 < 0.1 on 2019-07-17
🟢 ENTRY EXECUTION(close): bought 35 shares at $1146.74 on 2019-07-17
🔴 EXIT: IBS=0.939, ibs_signal, P&L=$17.50, Duration=1 days
🟢 ENTRY SIGNAL: IBS=0.015 < 0.1 on 2019-07-19
🟢 ENTRY EXECUTION(close): bought 35 shares at $1131.55 on 2019-07-19
🔴 EXIT: IBS=0.945, ibs_signal, P&L=$268.10, Duration=3 days
🟢 ENTRY SIGNAL: IBS=0.032 < 0.1 on 2019-08-20
🟢 ENTRY EXECUTION(close): bought 34 shares at $1183.53 on 2019-08-20
🔴 EXIT: IBS=0.960, ibs_signal, P&L=$-419.90, Duration=6 days
🟢 ENTRY SIGNAL: IBS=0.016 < 0.1 on 2019-10-01
🟢 ENTRY EXECUTION(close): bought 33 shares at $1206.00 on 2019-10-01
🔴 EXIT: IBS=0.944, ibs_signal, P&L=$-546.81, Duration=2 days
🟢 ENTRY SIGNAL: IBS=0.037 < 0.1 on 2019-10-08
🟢 ENTRY EXECUTION(close): bought 33 shares at $1190.13 on 2019-10-08
🔴 EXIT: IBS=0.813, ibs_signal, P&L=$1719.63, Duration=7 days
🟢 ENTRY SIGNAL: IBS=0.055 < 0.1 on 2019-11-19
🟢 ENTRY EXECUTION(close): bought 31 shares at $1312.59 on 2019-11-19
🔴 EXIT: IBS=0.899, ibs_signal, P&L=$12.71, Duration=7 days
🟢 ENTRY SIGNAL: IBS=0.037 < 0.1 on 2019-12-20
🟢 ENTRY EXECUTION(close): bought 30 shares at $1351.22 on 2019-12-20
🔴 EXIT: IBS=0.959, ibs_signal, P&L=$337.50, Duration=6 days
🟢 ENTRY SIGNAL: IBS=0.098 < 0.1 on 2019-12-30
🟢 ENTRY EXECUTION(close): bought 31 shares at $1339.71 on 2019-12-30
🔴 EXIT: IBS=0.851, ibs_signal, P&L=$-9.92, Duration=1 days
🟢 ENTRY SIGNAL: IBS=0.068 < 0.1 on 2020-01-22
🟢 ENTRY EXECUTION(close): bought 28 shares at $1483.87 on 2020-01-22
🔴 EXIT: IBS=0.824, ibs_signal, P&L=$-934.36, Duration=6 days
🟢 ENTRY SIGNAL: IBS=0.013 < 0.1 on 2020-02-27
🟢 ENTRY EXECUTION(close): bought 31 shares at $1314.95 on 2020-02-27
🔴 EXIT: IBS=0.957, ibs_signal, P&L=$753.30, Duration=1 days
🟢 ENTRY SIGNAL: IBS=0.038 < 0.1 on 2020-03-12
🟢 ENTRY EXECUTION(close): bought 37 shares at $1111.55 on 2020-03-12
🔴 EXIT: IBS=0.999, ibs_signal, P&L=$3800.64, Duration=1 days
🟢 ENTRY SIGNAL: IBS=0.076 < 0.1 on 2020-03-16
🟢 ENTRY EXECUTION(close): bought 42 shares at $1073.00 on 2020-03-16
🔴 EXIT: IBS=0.897, ibs_signal, P&L=$1892.52, Duration=1 days
🟢 ENTRY SIGNAL: IBS=0.080 < 0.1 on 2020-03-20
🟢 ENTRY EXECUTION(close): bought 44 shares at $1068.21 on 2020-03-20
🔴 EXIT: IBS=0.929, ibs_signal, P&L=$2719.20, Duration=4 days
🟢 ENTRY SIGNAL: IBS=0.041 < 0.1 on 2020-04-28
🟢 ENTRY EXECUTION(close): bought 40 shares at $1232.59 on 2020-04-28
🔴 EXIT: IBS=0.884, ibs_signal, P&L=$4564.40, Duration=2 days
🟢 ENTRY SIGNAL: IBS=0.013 < 0.1 on 2020-05-06
🟢 ENTRY EXECUTION(close): bought 40 shares at $1345.43 on 2020-05-06
🔴 EXIT: IBS=0.985, ibs_signal, P&L=$457.20, Duration=8 days
🟢 ENTRY SIGNAL: IBS=0.034 < 0.1 on 2020-05-19
🟢 ENTRY EXECUTION(close): bought 39 shares at $1374.40 on 2020-05-19
🔴 EXIT: IBS=0.883, ibs_signal, P&L=$1355.64, Duration=1 days
🟢 ENTRY SIGNAL: IBS=0.077 < 0.1 on 2020-05-26
🟢 ENTRY EXECUTION(close): bought 39 shares at $1421.37 on 2020-05-26
🔴 EXIT: IBS=0.835, ibs_signal, P&L=$-42.51, Duration=1 days
🟢 ENTRY SIGNAL: IBS=0.066 < 0.1 on 2020-06-11
🟢 ENTRY EXECUTION(close): bought 40 shares at $1401.90 on 2020-06-11
🔴 EXIT: IBS=0.887, ibs_signal, P&L=$753.60, Duration=4 days
🟢 ENTRY SIGNAL: IBS=0.059 < 0.1 on 2020-06-24
🟢 ENTRY EXECUTION(close): bought 39 shares at $1432.70 on 2020-06-24
🔴 EXIT: IBS=0.946, ibs_signal, P&L=$327.60, Duration=1 days
🟢 ENTRY SIGNAL: IBS=0.092 < 0.1 on 2020-06-26
🟢 ENTRY EXECUTION(close): bought 42 shares at $1362.54 on 2020-06-26
🔴 EXIT: IBS=0.982, ibs_signal, P&L=$1454.46, Duration=3 days
🟢 ENTRY SIGNAL: IBS=0.007 < 0.1 on 2020-07-07
🟢 ENTRY EXECUTION(close): bought 39 shares at $1489.92 on 2020-07-07
🔴 EXIT: IBS=0.943, ibs_signal, P&L=$1914.51, Duration=3 days
🟢 ENTRY SIGNAL: IBS=0.081 < 0.1 on 2020-07-13
🟢 ENTRY EXECUTION(close): bought 40 shares at $1512.23 on 2020-07-13
🔴 EXIT: IBS=0.947, ibs_signal, P&L=$345.20, Duration=1 days
🟢 ENTRY SIGNAL: IBS=0.096 < 0.1 on 2020-07-21
🟢 ENTRY EXECUTION(close): bought 39 shares at $1555.92 on 2020-07-21
🔴 EXIT: IBS=0.910, ibs_signal, P&L=$348.27, Duration=1 days
🟢 ENTRY SIGNAL: IBS=0.073 < 0.1 on 2020-08-11
🟢 ENTRY EXECUTION(close): bought 41 shares at $1480.54 on 2020-08-11
🔴 EXIT: IBS=0.834, ibs_signal, P&L=$1094.70, Duration=1 days
🟢 ENTRY SIGNAL: IBS=0.072 < 0.1 on 2020-09-14
🟢 ENTRY EXECUTION(close): bought 41 shares at $1508.83 on 2020-09-14
🔴 EXIT: IBS=0.880, ibs_signal, P&L=$-2009.41, Duration=8 days
🟢 ENTRY SIGNAL: IBS=0.051 < 0.1 on 2020-10-28
🟢 ENTRY EXECUTION(close): bought 40 shares at $1510.80 on 2020-10-28
🔴 EXIT: IBS=0.882, ibs_signal, P&L=$10458.40, Duration=16 days
🟢 ENTRY SIGNAL: IBS=0.078 < 0.1 on 2020-11-18
🟢 ENTRY EXECUTION(close): bought 40 shares at $1740.64 on 2020-11-18
🔴 EXIT: IBS=0.853, ibs_signal, P&L=$717.20, Duration=1 days
🟢 ENTRY SIGNAL: IBS=0.041 < 0.1 on 2020-11-20
🟢 ENTRY EXECUTION(close): bought 41 shares at $1736.38 on 2020-11-20
🔴 EXIT: IBS=0.944, ibs_signal, P&L=$1128.32, Duration=4 days
🟢 ENTRY SIGNAL: IBS=0.077 < 0.1 on 2020-12-14
🟢 ENTRY EXECUTION(close): bought 41 shares at $1752.26 on 2020-12-14
🔴 EXIT: IBS=0.869, ibs_signal, P&L=$361.62, Duration=1 days
🟢 ENTRY SIGNAL: IBS=0.079 < 0.1 on 2020-12-29
🟢 ENTRY EXECUTION(close): bought 41 shares at $1757.76 on 2020-12-29
🔴 EXIT: IBS=0.932, ibs_signal, P&L=$679.78, Duration=9 days
🟢 ENTRY SIGNAL: IBS=0.090 < 0.1 on 2021-01-21
🟢 ENTRY EXECUTION(close): bought 39 shares at $1884.15 on 2021-01-21
🔴 EXIT: IBS=0.803, ibs_signal, P&L=$928.20, Duration=5 days
🟢 ENTRY SIGNAL: IBS=0.021 < 0.1 on 2021-03-08
🟢 ENTRY EXECUTION(close): bought 37 shares at $2007.50 on 2021-03-08
🔴 EXIT: IBS=0.804, ibs_signal, P&L=$3442.48, Duration=3 days
🟢 ENTRY SIGNAL: IBS=0.044 < 0.1 on 2021-03-18
🟢 ENTRY EXECUTION(close): bought 38 shares at $2021.34 on 2021-03-18
🔴 EXIT: IBS=0.922, ibs_signal, P&L=$929.10, Duration=11 days
🟢 ENTRY SIGNAL: IBS=0.074 < 0.1 on 2021-04-28
🟢 ENTRY EXECUTION(close): bought 33 shares at $2359.04 on 2021-04-28
🔴 EXIT: IBS=1.000, ibs_signal, P&L=$-715.77, Duration=8 days
🟢 ENTRY SIGNAL: IBS=0.006 < 0.1 on 2021-05-18
🟢 ENTRY EXECUTION(close): bought 34 shares at $2262.47 on 2021-05-18
🔴 EXIT: IBS=0.930, ibs_signal, P&L=$307.02, Duration=1 days
🟢 ENTRY SIGNAL: IBS=0.060 < 0.1 on 2021-06-18
🟢 ENTRY EXECUTION(close): bought 32 shares at $2402.22 on 2021-06-18
🔴 EXIT: IBS=0.911, ibs_signal, P&L=$1088.96, Duration=3 days
🟢 ENTRY SIGNAL: IBS=0.005 < 0.1 on 2021-08-11
🟢 ENTRY EXECUTION(close): bought 29 shares at $2725.58 on 2021-08-11
🔴 EXIT: IBS=0.943, ibs_signal, P&L=$530.70, Duration=1 days
🟢 ENTRY SIGNAL: IBS=0.072 < 0.1 on 2021-08-18
🟢 ENTRY EXECUTION(close): bought 29 shares at $2708.98 on 2021-08-18
🔴 EXIT: IBS=0.946, ibs_signal, P&L=$1148.69, Duration=2 days
🟢 ENTRY SIGNAL: IBS=0.079 < 0.1 on 2021-08-26
🟢 ENTRY EXECUTION(close): bought 28 shares at $2828.81 on 2021-08-26
🔴 EXIT: IBS=0.831, ibs_signal, P&L=$1435.56, Duration=1 days
🟢 ENTRY SIGNAL: IBS=0.044 < 0.1 on 2021-09-02
🟢 ENTRY EXECUTION(close): bought 28 shares at $2865.74 on 2021-09-02
🔴 EXIT: IBS=0.993, ibs_signal, P&L=$639.80, Duration=13 days
🟢 ENTRY SIGNAL: IBS=0.060 < 0.1 on 2021-09-30
🟢 ENTRY EXECUTION(close): bought 31 shares at $2673.52 on 2021-09-30
🔴 EXIT: IBS=0.870, ibs_signal, P&L=$1777.54, Duration=1 days
🟢 ENTRY SIGNAL: IBS=0.030 < 0.1 on 2021-10-11
🟢 ENTRY EXECUTION(close): bought 30 shares at $2778.28 on 2021-10-11
🔴 EXIT: IBS=0.926, ibs_signal, P&L=$1342.20, Duration=3 days
🟢 ENTRY SIGNAL: IBS=0.056 < 0.1 on 2021-11-01
🟢 ENTRY EXECUTION(close): bought 30 shares at $2869.94 on 2021-11-01
🔴 EXIT: IBS=0.966, ibs_signal, P&L=$1860.60, Duration=2 days
🟢 ENTRY SIGNAL: IBS=0.086 < 0.1 on 2021-11-11
🟢 ENTRY EXECUTION(close): bought 30 shares at $2915.33 on 2021-11-11
🔴 EXIT: IBS=0.950, ibs_signal, P&L=$1746.90, Duration=1 days
🟢 ENTRY SIGNAL: IBS=0.013 < 0.1 on 2021-11-19
🟢 ENTRY EXECUTION(close): bought 30 shares at $2978.53 on 2021-11-19
🔴 EXIT: IBS=0.931, ibs_signal, P&L=$-1683.90, Duration=5 days
🟢 ENTRY SIGNAL: IBS=0.067 < 0.1 on 2021-11-30
🟢 ENTRY EXECUTION(close): bought 31 shares at $2837.95 on 2021-11-30
🔴 EXIT: IBS=0.812, ibs_signal, P&L=$779.65, Duration=6 days
🟢 ENTRY SIGNAL: IBS=0.000 < 0.1 on 2021-12-31
🟢 ENTRY EXECUTION(close): bought 30 shares at $2897.04 on 2021-12-31
🔴 EXIT: IBS=0.973, ibs_signal, P&L=$-3709.50, Duration=10 days
🟢 ENTRY SIGNAL: IBS=0.040 < 0.1 on 2022-01-13
🟢 ENTRY EXECUTION(close): bought 30 shares at $2771.74 on 2022-01-13
🔴 EXIT: IBS=0.940, ibs_signal, P&L=$-4669.80, Duration=11 days
🟢 ENTRY SIGNAL: IBS=0.020 < 0.1 on 2022-01-27
🟢 ENTRY EXECUTION(close): bought 31 shares at $2580.10 on 2022-01-27
🔴 EXIT: IBS=0.999, ibs_signal, P&L=$2694.52, Duration=1 days
🟢 ENTRY SIGNAL: IBS=0.061 < 0.1 on 2022-02-03
🟢 ENTRY EXECUTION(close): bought 29 shares at $2861.80 on 2022-02-03
🔴 EXIT: IBS=0.890, ibs_signal, P&L=$-3104.16, Duration=13 days
🟢 ENTRY SIGNAL: IBS=0.013 < 0.1 on 2022-02-17
🟢 ENTRY EXECUTION(close): bought 30 shares at $2650.78 on 2022-02-17
🔴 EXIT: IBS=0.962, ibs_signal, P&L=$91.20, Duration=7 days
🟢 ENTRY SIGNAL: IBS=0.015 < 0.1 on 2022-03-07
🟢 ENTRY EXECUTION(close): bought 31 shares at $2527.57 on 2022-03-07
🔴 EXIT: IBS=0.918, ibs_signal, P&L=$4365.73, Duration=2 days
🟢 ENTRY SIGNAL: IBS=0.057 < 0.1 on 2022-03-11
🟢 ENTRY EXECUTION(close): bought 32 shares at $2597.41 on 2022-03-11
🔴 EXIT: IBS=0.841, ibs_signal, P&L=$-430.40, Duration=4 days
🟢 ENTRY SIGNAL: IBS=0.014 < 0.1 on 2022-03-31
🟢 ENTRY EXECUTION(close): bought 30 shares at $2781.35 on 2022-03-31
🔴 EXIT: IBS=0.852, ibs_signal, P&L=$649.80, Duration=1 days
🟢 ENTRY SIGNAL: IBS=0.080 < 0.1 on 2022-04-05
🟢 ENTRY EXECUTION(close): bought 30 shares at $2811.82 on 2022-04-05
🔴 EXIT: IBS=0.830, ibs_signal, P&L=$-6418.20, Duration=8 days
🟢 ENTRY SIGNAL: IBS=0.033 < 0.1 on 2022-04-14
🟢 ENTRY EXECUTION(close): bought 31 shares at $2534.60 on 2022-04-14
🔴 EXIT: IBS=0.903, ibs_signal, P&L=$2032.98, Duration=5 days
🟢 ENTRY SIGNAL: IBS=0.052 < 0.1 on 2022-04-21
🟢 ENTRY EXECUTION(close): bought 32 shares at $2496.29 on 2022-04-21
🔴 EXIT: IBS=0.957, ibs_signal, P&L=$-1113.92, Duration=4 days
🟢 ENTRY SIGNAL: IBS=0.035 < 0.1 on 2022-04-26
🟢 ENTRY EXECUTION(close): bought 33 shares at $2373.00 on 2022-04-26
🔴 EXIT: IBS=0.961, ibs_signal, P&L=$-1364.22, Duration=6 days
🟢 ENTRY SIGNAL: IBS=0.089 < 0.1 on 2022-05-18
🟢 ENTRY EXECUTION(close): bought 35 shares at $2237.99 on 2022-05-18
🔴 EXIT: IBS=0.806, ibs_signal, P&L=$-288.05, Duration=5 days
🟢 ENTRY SIGNAL: IBS=0.017 < 0.1 on 2022-06-09
🟢 ENTRY EXECUTION(close): bought 34 shares at $2296.71 on 2022-06-09
🔴 EXIT: IBS=0.980, ibs_signal, P&L=$2134.86, Duration=15 days
🟢 ENTRY SIGNAL: IBS=0.029 < 0.1 on 2022-06-28
🟢 ENTRY EXECUTION(close): bought 35 shares at $2240.15 on 2022-06-28
🔴 EXIT: IBS=0.985, ibs_signal, P&L=$878.85, Duration=7 days
🟢 ENTRY SIGNAL: IBS=0.051 < 0.1 on 2022-07-13
🟢 ENTRY EXECUTION(close): bought 36 shares at $2227.07 on 2022-07-13
🔴 EXIT: IBS=0.953, ibs_signal, P&L=$-76077.36, Duration=6 days
🟢 ENTRY SIGNAL: IBS=0.096 < 0.1 on 2022-08-11
🟢 ENTRY EXECUTION(close): bought 42 shares at $118.84 on 2022-08-11
🔴 EXIT: IBS=1.000, ibs_signal, P&L=$119.28, Duration=1 days
🟢 ENTRY SIGNAL: IBS=0.089 < 0.1 on 2022-08-17
🟢 ENTRY EXECUTION(close): bought 43 shares at $119.55 on 2022-08-17
🔴 EXIT: IBS=0.973, ibs_signal, P&L=$-124.70, Duration=8 days
🟢 ENTRY SIGNAL: IBS=0.030 < 0.1 on 2022-08-26
🟢 ENTRY EXECUTION(close): bought 46 shares at $110.34 on 2022-08-26
🔴 EXIT: IBS=0.828, ibs_signal, P&L=$-40.94, Duration=12 days
🟢 ENTRY SIGNAL: IBS=0.055 < 0.1 on 2022-09-13
🟢 ENTRY EXECUTION(close): bought 48 shares at $104.32 on 2022-09-13
🔴 EXIT: IBS=0.830, ibs_signal, P&L=$32.64, Duration=1 days
🟢 ENTRY SIGNAL: IBS=0.003 < 0.1 on 2022-09-21
🟢 ENTRY EXECUTION(close): bought 51 shares at $99.28 on 2022-09-21
🔴 EXIT: IBS=0.819, ibs_signal, P&L=$39.27, Duration=7 days
🟢 ENTRY SIGNAL: IBS=0.027 < 0.1 on 2022-09-30
🟢 ENTRY EXECUTION(close): bought 53 shares at $95.65 on 2022-09-30
🔴 EXIT: IBS=0.863, ibs_signal, P&L=$317.47, Duration=4 days
🟢 ENTRY SIGNAL: IBS=0.044 < 0.1 on 2022-10-14
🟢 ENTRY EXECUTION(close): bought 56 shares at $96.56 on 2022-10-14
🔴 EXIT: IBS=0.950, ibs_signal, P&L=$255.92, Duration=7 days
🟢 ENTRY SIGNAL: IBS=0.066 < 0.1 on 2022-10-26
🟢 ENTRY EXECUTION(close): bought 59 shares at $94.93 on 2022-10-26
🔴 EXIT: IBS=0.941, ibs_signal, P&L=$80.24, Duration=2 days
🟢 ENTRY SIGNAL: IBS=0.018 < 0.1 on 2022-11-01
🟢 ENTRY EXECUTION(close): bought 63 shares at $90.47 on 2022-11-01
🔴 EXIT: IBS=0.980, ibs_signal, P&L=$-245.07, Duration=3 days
🟢 ENTRY SIGNAL: IBS=0.019 < 0.1 on 2022-11-09
🟢 ENTRY EXECUTION(close): bought 63 shares at $87.32 on 2022-11-09
🔴 EXIT: IBS=0.838, ibs_signal, P&L=$417.06, Duration=1 days
🟢 ENTRY SIGNAL: IBS=0.080 < 0.1 on 2022-11-21
🟢 ENTRY EXECUTION(close): bought 62 shares at $95.60 on 2022-11-21
🔴 EXIT: IBS=0.946, ibs_signal, P&L=$89.90, Duration=1 days
🟢 ENTRY SIGNAL: IBS=0.048 < 0.1 on 2022-11-25
🟢 ENTRY EXECUTION(close): bought 61 shares at $97.46 on 2022-11-25
🔴 EXIT: IBS=0.992, ibs_signal, P&L=$215.33, Duration=5 days
🟢 ENTRY SIGNAL: IBS=0.053 < 0.1 on 2022-12-09
🟢 ENTRY EXECUTION(close): bought 67 shares at $92.83 on 2022-12-09
🔴 EXIT: IBS=0.872, ibs_signal, P&L=$32.16, Duration=3 days
🟢 ENTRY SIGNAL: IBS=0.098 < 0.1 on 2022-12-19
🟢 ENTRY EXECUTION(close): bought 70 shares at $88.44 on 2022-12-19
🔴 EXIT: IBS=0.911, ibs_signal, P&L=$40.60, Duration=1 days
🟢 ENTRY SIGNAL: IBS=0.038 < 0.1 on 2022-12-28
🟢 ENTRY EXECUTION(close): bought 73 shares at $86.02 on 2022-12-28
🔴 EXIT: IBS=0.823, ibs_signal, P&L=$177.39, Duration=1 days
🟢 ENTRY SIGNAL: IBS=0.073 < 0.1 on 2023-01-09
🟢 ENTRY EXECUTION(close): bought 73 shares at $88.02 on 2023-01-09
🔴 EXIT: IBS=0.912, ibs_signal, P&L=$29.20, Duration=1 days
🟢 ENTRY SIGNAL: IBS=0.051 < 0.1 on 2023-02-21
🟢 ENTRY EXECUTION(close): bought 71 shares at $91.79 on 2023-02-21
🔴 EXIT: IBS=0.898, ibs_signal, P&L=$14.91, Duration=9 days
🟢 ENTRY SIGNAL: IBS=0.098 < 0.1 on 2023-03-10
🟢 ENTRY EXECUTION(close): bought 72 shares at $90.63 on 2023-03-10
🔴 EXIT: IBS=0.809, ibs_signal, P&L=$394.56, Duration=5 days
🟢 ENTRY SIGNAL: IBS=0.012 < 0.1 on 2023-03-22
🟢 ENTRY EXECUTION(close): bought 67 shares at $103.37 on 2023-03-22
🔴 EXIT: IBS=0.970, ibs_signal, P&L=$138.69, Duration=2 days
🟢 ENTRY SIGNAL: IBS=0.004 < 0.1 on 2023-04-25
🟢 ENTRY EXECUTION(close): bought 68 shares at $103.85 on 2023-04-25
🔴 EXIT: IBS=0.839, ibs_signal, P&L=$254.32, Duration=2 days
🟢 ENTRY SIGNAL: IBS=0.054 < 0.1 on 2023-05-09
🟢 ENTRY EXECUTION(close): bought 68 shares at $107.35 on 2023-05-09
🔴 EXIT: IBS=0.806, ibs_signal, P&L=$1052.64, Duration=9 days
🟢 ENTRY SIGNAL: IBS=0.055 < 0.1 on 2023-06-07
🟢 ENTRY EXECUTION(close): bought 68 shares at $122.50 on 2023-06-07
🔴 EXIT: IBS=0.828, ibs_signal, P&L=$77.52, Duration=5 days
🟢 ENTRY SIGNAL: IBS=0.088 < 0.1 on 2023-06-16
🟢 ENTRY EXECUTION(close): bought 68 shares at $123.53 on 2023-06-16
🔴 EXIT: IBS=0.980, ibs_signal, P&L=$-25.84, Duration=6 days
🟢 ENTRY SIGNAL: IBS=0.020 < 0.1 on 2023-06-26
🟢 ENTRY EXECUTION(close): bought 71 shares at $118.34 on 2023-06-26
🔴 EXIT: IBS=0.941, ibs_signal, P&L=$130.64, Duration=2 days
🟢 ENTRY SIGNAL: IBS=0.007 < 0.1 on 2023-06-30
🟢 ENTRY EXECUTION(close): bought 71 shares at $119.70 on 2023-06-30
🔴 EXIT: IBS=0.900, ibs_signal, P&L=$29.11, Duration=6 days
🟢 ENTRY SIGNAL: IBS=0.048 < 0.1 on 2023-07-07
🟢 ENTRY EXECUTION(close): bought 71 shares at $119.48 on 2023-07-07
🔴 EXIT: IBS=0.934, ibs_signal, P&L=$359.26, Duration=6 days
🟢 ENTRY SIGNAL: IBS=0.068 < 0.1 on 2023-07-19
🟢 ENTRY EXECUTION(close): bought 73 shares at $122.03 on 2023-07-19
🔴 EXIT: IBS=0.969, ibs_signal, P&L=$693.50, Duration=19 days
🟢 ENTRY SIGNAL: IBS=0.092 < 0.1 on 2023-08-10
🟢 ENTRY EXECUTION(close): bought 74 shares at $129.69 on 2023-08-10
🔴 EXIT: IBS=0.983, ibs_signal, P&L=$121.36, Duration=4 days
🟢 ENTRY SIGNAL: IBS=0.045 < 0.1 on 2023-08-24
🟢 ENTRY EXECUTION(close): bought 75 shares at $129.78 on 2023-08-24
🔴 EXIT: IBS=0.821, ibs_signal, P&L=$457.50, Duration=6 days
🟢 ENTRY SIGNAL: IBS=0.089 < 0.1 on 2023-09-12
🟢 ENTRY EXECUTION(close): bought 75 shares at $135.34 on 2023-09-12
🔴 EXIT: IBS=0.931, ibs_signal, P&L=$102.75, Duration=1 days
🟢 ENTRY SIGNAL: IBS=0.027 < 0.1 on 2023-09-20
🟢 ENTRY EXECUTION(close): bought 77 shares at $133.74 on 2023-09-20
🔴 EXIT: IBS=0.973, ibs_signal, P&L=$-202.51, Duration=5 days
🟢 ENTRY SIGNAL: IBS=0.070 < 0.1 on 2023-11-09
🟢 ENTRY EXECUTION(close): bought 77 shares at $130.24 on 2023-11-09
🔴 EXIT: IBS=0.938, ibs_signal, P&L=$180.95, Duration=1 days
🟢 ENTRY SIGNAL: IBS=0.044 < 0.1 on 2023-11-29
🟢 ENTRY EXECUTION(close): bought 76 shares at $134.99 on 2023-11-29
🔴 EXIT: IBS=0.827, ibs_signal, P&L=$-237.88, Duration=2 days
🟢 ENTRY SIGNAL: IBS=0.074 < 0.1 on 2023-12-06
🟢 ENTRY EXECUTION(close): bought 77 shares at $130.02 on 2023-12-06
🔴 EXIT: IBS=0.977, ibs_signal, P&L=$251.79, Duration=5 days
🟢 ENTRY SIGNAL: IBS=0.076 < 0.1 on 2023-12-20
🟢 ENTRY EXECUTION(close): bought 74 shares at $138.34 on 2023-12-20
🔴 EXIT: IBS=0.824, ibs_signal, P&L=$153.92, Duration=1 days
🟢 ENTRY SIGNAL: IBS=0.014 < 0.1 on 2024-01-04
🟢 ENTRY EXECUTION(close): bought 76 shares at $136.39 on 2024-01-04
🔴 EXIT: IBS=0.938, ibs_signal, P&L=$186.20, Duration=4 days
🟢 ENTRY SIGNAL: IBS=0.059 < 0.1 on 2024-01-22
🟢 ENTRY EXECUTION(close): bought 72 shares at $145.99 on 2024-01-22
🔴 EXIT: IBS=0.916, ibs_signal, P&L=$75.60, Duration=1 days
🟢 ENTRY SIGNAL: IBS=0.056 < 0.1 on 2024-01-31
🟢 ENTRY EXECUTION(close): bought 76 shares at $140.10 on 2024-01-31
🔴 EXIT: IBS=0.961, ibs_signal, P&L=$173.28, Duration=2 days
🟢 ENTRY SIGNAL: IBS=0.081 < 0.1 on 2024-02-12
🟢 ENTRY EXECUTION(close): bought 73 shares at $147.53 on 2024-02-12
🔴 EXIT: IBS=0.931, ibs_signal, P&L=$-363.54, Duration=9 days
🟢 ENTRY SIGNAL: IBS=0.036 < 0.1 on 2024-02-26
🟢 ENTRY EXECUTION(close): bought 76 shares at $137.57 on 2024-02-26
🔴 EXIT: IBS=0.829, ibs_signal, P&L=$99.56, Duration=1 days
🟢 ENTRY SIGNAL: IBS=0.019 < 0.1 on 2024-04-04
🟢 ENTRY EXECUTION(close): bought 70 shares at $150.53 on 2024-04-04
🔴 EXIT: IBS=0.842, ibs_signal, P&L=$302.40, Duration=4 days
🟢 ENTRY SIGNAL: IBS=0.058 < 0.1 on 2024-04-15
🟢 ENTRY EXECUTION(close): bought 70 shares at $154.86 on 2024-04-15
🔴 EXIT: IBS=0.819, ibs_signal, P&L=$298.90, Duration=9 days
🟢 ENTRY SIGNAL: IBS=0.033 < 0.1 on 2024-04-30
🟢 ENTRY EXECUTION(close): bought 69 shares at $162.78 on 2024-04-30
🔴 EXIT: IBS=0.961, ibs_signal, P&L=$264.96, Duration=2 days
🟢 ENTRY SIGNAL: IBS=0.093 < 0.1 on 2024-05-30
🟢 ENTRY EXECUTION(close): bought 66 shares at $172.11 on 2024-05-30
🔴 EXIT: IBS=0.845, ibs_signal, P&L=$25.74, Duration=1 days
🟢 ENTRY SIGNAL: IBS=0.045 < 0.1 on 2024-06-07
🟢 ENTRY EXECUTION(close): bought 66 shares at $174.46 on 2024-06-07
🔴 EXIT: IBS=0.928, ibs_signal, P&L=$142.56, Duration=4 days
🟢 ENTRY SIGNAL: IBS=0.060 < 0.1 on 2024-06-28
🟢 ENTRY EXECUTION(close): bought 64 shares at $182.15 on 2024-06-28
🔴 EXIT: IBS=0.918, ibs_signal, P&L=$197.76, Duration=4 days
🟢 ENTRY SIGNAL: IBS=0.098 < 0.1 on 2024-07-09
🟢 ENTRY EXECUTION(close): bought 62 shares at $188.98 on 2024-07-09
🔴 EXIT: IBS=0.523, max_hold_days, P&L=$-1670.90, Duration=30 days
🟢 ENTRY SIGNAL: IBS=0.051 < 0.1 on 2024-09-06
🟢 ENTRY EXECUTION(close): bought 67 shares at $150.92 on 2024-09-06
🔴 EXIT: IBS=0.915, ibs_signal, P&L=$16.08, Duration=5 days
🟢 ENTRY SIGNAL: IBS=0.047 < 0.1 on 2024-09-23
🟢 ENTRY EXECUTION(close): bought 63 shares at $161.85 on 2024-09-23
🔴 EXIT: IBS=0.896, ibs_signal, P&L=$252.00, Duration=7 days
🟢 ENTRY SIGNAL: IBS=0.040 < 0.1 on 2024-10-07
🟢 ENTRY EXECUTION(close): bought 64 shares at $162.98 on 2024-10-07
🔴 EXIT: IBS=0.814, ibs_signal, P&L=$89.60, Duration=1 days
🟢 ENTRY SIGNAL: IBS=0.047 < 0.1 on 2024-10-17
🟢 ENTRY EXECUTION(close): bought 64 shares at $162.93 on 2024-10-17
🔴 EXIT: IBS=0.853, ibs_signal, P&L=$149.76, Duration=8 days
🟢 ENTRY SIGNAL: IBS=0.050 < 0.1 on 2024-10-30
🟢 ENTRY EXECUTION(close): bought 61 shares at $174.46 on 2024-10-30
🔴 EXIT: IBS=0.875, ibs_signal, P&L=$125.05, Duration=7 days
🟢 ENTRY SIGNAL: IBS=0.096 < 0.1 on 2024-11-08
🟢 ENTRY EXECUTION(close): bought 60 shares at $178.35 on 2024-11-08
🔴 EXIT: IBS=0.906, ibs_signal, P&L=$120.00, Duration=3 days
🟢 ENTRY SIGNAL: IBS=0.083 < 0.1 on 2024-12-05
🟢 ENTRY EXECUTION(close): bought 63 shares at $172.64 on 2024-12-05
🔴 EXIT: IBS=0.885, ibs_signal, P&L=$130.41, Duration=1 days
🟢 ENTRY SIGNAL: IBS=0.072 < 0.1 on 2024-12-12
🟢 ENTRY EXECUTION(close): bought 57 shares at $191.96 on 2024-12-12
🔴 EXIT: IBS=0.807, ibs_signal, P&L=$-31.35, Duration=8 days
🟢 ENTRY SIGNAL: IBS=0.037 < 0.1 on 2025-01-16
🟢 ENTRY EXECUTION(close): bought 57 shares at $192.91 on 2025-01-16
🔴 EXIT: IBS=0.963, ibs_signal, P&L=$136.23, Duration=12 days
🟢 ENTRY SIGNAL: IBS=0.093 < 0.1 on 2025-02-21
🟢 ENTRY EXECUTION(close): bought 62 shares at $179.66 on 2025-02-21
🔴 EXIT: IBS=0.914, ibs_signal, P&L=$-581.56, Duration=7 days
🟢 ENTRY SIGNAL: IBS=0.046 < 0.1 on 2025-03-26
🟢 ENTRY EXECUTION(close): bought 64 shares at $165.06 on 2025-03-26
🔴 EXIT: IBS=0.815, ibs_signal, P&L=$-666.88, Duration=5 days
🟢 ENTRY SIGNAL: IBS=0.039 < 0.1 on 2025-04-04
🟢 ENTRY EXECUTION(close): bought 68 shares at $145.60 on 2025-04-04
🔴 EXIT: IBS=0.946, ibs_signal, P&L=$891.48, Duration=5 days
🟢 ENTRY SIGNAL: IBS=0.026 < 0.1 on 2025-05-22
🟢 ENTRY EXECUTION(close): bought 63 shares at $170.87 on 2025-05-22
🔴 EXIT: IBS=0.915, ibs_signal, P&L=$127.89, Duration=5 days
🟢 ENTRY SIGNAL: IBS=0.036 < 0.1 on 2025-06-18
🟢 ENTRY EXECUTION(close): bought 63 shares at $173.32 on 2025-06-18
🔴 EXIT: IBS=0.960, ibs_signal, P&L=$13.86, Duration=8 days
✅ Backtest completed: 384 trades, Final capital: $10975.08
📊 Test Case 3:
   Parameters: lowIBS=0.1, highIBS=0.8, maxHoldDays=30
   Trades generated: 384
   Expected minimum: 300

 ✓ src/lib/__tests__/googl-trades-count.test.ts (3 tests) 295ms
 ✓ src/lib/__tests__/buy-at-close-real-data.test.ts (7 tests) 185ms
 ✓ src/lib/__tests__/validation.test.ts (21 tests) 46ms
 ✓ src/lib/__tests__/no-stop-loss-real-data.test.ts (6 tests) 333ms
stdout | src/lib/__tests__/backtest.test.ts > BacktestEngine > constructor > should create BacktestEngine with valid data and strategy
🗓️ DATA INTERVALS (days between bars): [
  [33m1[39m, [33m3[39m, [33m1[39m, [33m1[39m, [33m1[39m,
  [33m1[39m, [33m3[39m, [33m1[39m, [33m1[39m
]
📅 First 5 dates: [
  [32m'2004-08-19'[39m,
  [32m'2004-08-20'[39m,
  [32m'2004-08-23'[39m,
  [32m'2004-08-24'[39m,
  [32m'2004-08-25'[39m
]
📊 Average interval: 1.4 days
🔧 STRATEGY PARAMETERS: { lowIBS: [33m0.1[39m, highIBS: [33m0.75[39m, maxHoldDays: [33m30[39m }
Calculated IBS: 35 values

stdout | src/lib/__tests__/backtest.test.ts > BacktestEngine > runBacktest > should run complete backtest and return valid result
🗓️ DATA INTERVALS (days between bars): [
  [33m1[39m, [33m3[39m, [33m1[39m, [33m1[39m, [33m1[39m,
  [33m1[39m, [33m3[39m, [33m1[39m, [33m1[39m
]
📅 First 5 dates: [
  [32m'2004-08-19'[39m,
  [32m'2004-08-20'[39m,
  [32m'2004-08-23'[39m,
  [32m'2004-08-24'[39m,
  [32m'2004-08-25'[39m
]
📊 Average interval: 1.4 days
🔧 STRATEGY PARAMETERS: { lowIBS: [33m0.1[39m, highIBS: [33m0.75[39m, maxHoldDays: [33m30[39m }
Calculated IBS: 35 values
🟢 ENTRY SIGNAL: IBS=0.079 < 0.1 on 2004-08-23
📊 Position size: 91 shares at $109.40, total cost: $9955.40 (100% of $10000.00)
🟢 ENTERED POSITION: 91 shares at $109.40, date: 2004-08-23
📊 Position details: maxHoldDays=30, stopLoss=$undefined, takeProfit=$undefined
📈 Equity: Cash=$44.60 + Position=$9955.40 = Total=$10000.00
📈 Equity: Cash=$44.60 + Position=$9543.17 = Total=$9587.77
📈 Equity: Cash=$44.60 + Position=$9646.00 = Total=$9690.60
IBS EXIT condition met: 0.988 > 0.75 at index 5
🔚 TRADE: 3 days, Reason: ibs_signal, Investment: $9955.40, P&L: $-135.59, Capital before: $44.60
💰 Capital updated: $9864.41 (was $44.60)
🟢 ENTRY SIGNAL: IBS=0.000 < 0.1 on 2004-08-30
📊 Position size: 96 shares at $102.01, total cost: $9792.96 (100% of $9864.41)
🟢 ENTERED POSITION: 96 shares at $102.01, date: 2004-08-30
📊 Position details: maxHoldDays=30, stopLoss=$undefined, takeProfit=$undefined
📈 Equity: Cash=$71.45 + Position=$9792.96 = Total=$9864.41
📈 Equity: Cash=$71.45 + Position=$9827.52 = Total=$9898.97
📈 Equity: Cash=$71.45 + Position=$9624.00 = Total=$9695.45
📈 Equity: Cash=$71.45 + Position=$9744.96 = Total=$9816.41
📈 Equity: Cash=$71.45 + Position=$9600.96 = Total=$9672.41
IBS EXIT condition met: 0.824 > 0.75 at index 12
🔚 TRADE: 8 days, Reason: ibs_signal, Investment: $9792.96, P&L: $-41.28, Capital before: $71.45
💰 Capital updated: $9823.13 (was $71.45)
🟢 ENTRY SIGNAL: IBS=0.000 < 0.1 on 2024-01-21
📊 Position size: 65 shares at $149.00, total cost: $9685.00 (100% of $9823.13)
🟢 ENTERED POSITION: 65 shares at $149.00, date: 2024-01-21
📊 Position details: maxHoldDays=30, stopLoss=$undefined, takeProfit=$undefined
📈 Equity: Cash=$138.13 + Position=$9685.00 = Total=$9823.13
📈 Equity: Cash=$138.13 + Position=$9717.50 = Total=$9855.63
📈 Equity: Cash=$138.13 + Position=$9750.00 = Total=$9888.13
📈 Equity: Cash=$138.13 + Position=$9782.50 = Total=$9920.63
IBS EXIT condition met: 1.000 > 0.75 at index 24
🔚 TRADE: 4 days, Reason: ibs_signal, Investment: $9685.00, P&L: $390.00, Capital before: $138.13
💰 Capital updated: $10213.13 (was $138.13)
🟢 ENTRY SIGNAL: IBS=0.016 < 0.1 on 2004-09-24
📊 Position size: 85 shares at $119.83, total cost: $10185.55 (100% of $10213.13)
🟢 ENTERED POSITION: 85 shares at $119.83, date: 2004-09-24
📊 Position details: maxHoldDays=30, stopLoss=$undefined, takeProfit=$undefined
📈 Equity: Cash=$27.58 + Position=$10185.55 = Total=$10213.13
📈 Equity: Cash=$27.58 + Position=$10052.10 = Total=$10079.68
IBS EXIT condition met: 0.925 > 0.75 at index 32
🔚 TRADE: 4 days, Reason: ibs_signal, Investment: $10185.55, P&L: $597.55, Capital before: $27.58
💰 Capital updated: $10810.68 (was $27.58)
📊 IBS STATISTICS:
   Range: 0.000 - 1.000, Average: 0.514
   Entry opportunities (IBS < 0.1): 4/35 (11.4%)
   Exit opportunities (IBS > 0.75): 9/35 (25.7%)
   Max consecutive days with IBS > 0.75: 2

stdout | src/lib/__tests__/backtest.test.ts > BacktestEngine > runBacktest > should generate equity curve
🗓️ DATA INTERVALS (days between bars): [
  [33m1[39m, [33m3[39m, [33m1[39m, [33m1[39m, [33m1[39m,
  [33m1[39m, [33m3[39m, [33m1[39m, [33m1[39m
]
📅 First 5 dates: [
  [32m'2004-08-19'[39m,
  [32m'2004-08-20'[39m,
  [32m'2004-08-23'[39m,
  [32m'2004-08-24'[39m,
  [32m'2004-08-25'[39m
]
📊 Average interval: 1.4 days
🔧 STRATEGY PARAMETERS: { lowIBS: [33m0.1[39m, highIBS: [33m0.75[39m, maxHoldDays: [33m30[39m }
Calculated IBS: 35 values
🟢 ENTRY SIGNAL: IBS=0.079 < 0.1 on 2004-08-23
📊 Position size: 91 shares at $109.40, total cost: $9955.40 (100% of $10000.00)
🟢 ENTERED POSITION: 91 shares at $109.40, date: 2004-08-23
📊 Position details: maxHoldDays=30, stopLoss=$undefined, takeProfit=$undefined
📈 Equity: Cash=$44.60 + Position=$9955.40 = Total=$10000.00
📈 Equity: Cash=$44.60 + Position=$9543.17 = Total=$9587.77
📈 Equity: Cash=$44.60 + Position=$9646.00 = Total=$9690.60
IBS EXIT condition met: 0.988 > 0.75 at index 5
🔚 TRADE: 3 days, Reason: ibs_signal, Investment: $9955.40, P&L: $-135.59, Capital before: $44.60
💰 Capital updated: $9864.41 (was $44.60)
🟢 ENTRY SIGNAL: IBS=0.000 < 0.1 on 2004-08-30
📊 Position size: 96 shares at $102.01, total cost: $9792.96 (100% of $9864.41)
🟢 ENTERED POSITION: 96 shares at $102.01, date: 2004-08-30
📊 Position details: maxHoldDays=30, stopLoss=$undefined, takeProfit=$undefined
📈 Equity: Cash=$71.45 + Position=$9792.96 = Total=$9864.41
📈 Equity: Cash=$71.45 + Position=$9827.52 = Total=$9898.97
📈 Equity: Cash=$71.45 + Position=$9624.00 = Total=$9695.45
📈 Equity: Cash=$71.45 + Position=$9744.96 = Total=$9816.41
📈 Equity: Cash=$71.45 + Position=$9600.96 = Total=$9672.41
IBS EXIT condition met: 0.824 > 0.75 at index 12
🔚 TRADE: 8 days, Reason: ibs_signal, Investment: $9792.96, P&L: $-41.28, Capital before: $71.45
💰 Capital updated: $9823.13 (was $71.45)
🟢 ENTRY SIGNAL: IBS=0.000 < 0.1 on 2024-01-21
📊 Position size: 65 shares at $149.00, total cost: $9685.00 (100% of $9823.13)
🟢 ENTERED POSITION: 65 shares at $149.00, date: 2024-01-21
📊 Position details: maxHoldDays=30, stopLoss=$undefined, takeProfit=$undefined
📈 Equity: Cash=$138.13 + Position=$9685.00 = Total=$9823.13
📈 Equity: Cash=$138.13 + Position=$9717.50 = Total=$9855.63
📈 Equity: Cash=$138.13 + Position=$9750.00 = Total=$9888.13
📈 Equity: Cash=$138.13 + Position=$9782.50 = Total=$9920.63
IBS EXIT condition met: 1.000 > 0.75 at index 24
🔚 TRADE: 4 days, Reason: ibs_signal, Investment: $9685.00, P&L: $390.00, Capital before: $138.13
💰 Capital updated: $10213.13 (was $138.13)
🟢 ENTRY SIGNAL: IBS=0.016 < 0.1 on 2004-09-24
📊 Position size: 85 shares at $119.83, total cost: $10185.55 (100% of $10213.13)
🟢 ENTERED POSITION: 85 shares at $119.83, date: 2004-09-24
📊 Position details: maxHoldDays=30, stopLoss=$undefined, takeProfit=$undefined
📈 Equity: Cash=$27.58 + Position=$10185.55 = Total=$10213.13
📈 Equity: Cash=$27.58 + Position=$10052.10 = Total=$10079.68
IBS EXIT condition met: 0.925 > 0.75 at index 32
🔚 TRADE: 4 days, Reason: ibs_signal, Investment: $10185.55, P&L: $597.55, Capital before: $27.58
💰 Capital updated: $10810.68 (was $27.58)
📊 IBS STATISTICS:
   Range: 0.000 - 1.000, Average: 0.514
   Entry opportunities (IBS < 0.1): 4/35 (11.4%)
   Exit opportunities (IBS > 0.75): 9/35 (25.7%)
   Max consecutive days with IBS > 0.75: 2

stdout | src/lib/__tests__/backtest.test.ts > BacktestEngine > runBacktest > should generate chart data
🗓️ DATA INTERVALS (days between bars): [
  [33m1[39m, [33m3[39m, [33m1[39m, [33m1[39m, [33m1[39m,
  [33m1[39m, [33m3[39m, [33m1[39m, [33m1[39m
]
📅 First 5 dates: [
  [32m'2004-08-19'[39m,
  [32m'2004-08-20'[39m,
  [32m'2004-08-23'[39m,
  [32m'2004-08-24'[39m,
  [32m'2004-08-25'[39m
]
📊 Average interval: 1.4 days
🔧 STRATEGY PARAMETERS: { lowIBS: [33m0.1[39m, highIBS: [33m0.75[39m, maxHoldDays: [33m30[39m }
Calculated IBS: 35 values
🟢 ENTRY SIGNAL: IBS=0.079 < 0.1 on 2004-08-23
📊 Position size: 91 shares at $109.40, total cost: $9955.40 (100% of $10000.00)
🟢 ENTERED POSITION: 91 shares at $109.40, date: 2004-08-23
📊 Position details: maxHoldDays=30, stopLoss=$undefined, takeProfit=$undefined
📈 Equity: Cash=$44.60 + Position=$9955.40 = Total=$10000.00
📈 Equity: Cash=$44.60 + Position=$9543.17 = Total=$9587.77
📈 Equity: Cash=$44.60 + Position=$9646.00 = Total=$9690.60
IBS EXIT condition met: 0.988 > 0.75 at index 5
🔚 TRADE: 3 days, Reason: ibs_signal, Investment: $9955.40, P&L: $-135.59, Capital before: $44.60
💰 Capital updated: $9864.41 (was $44.60)
🟢 ENTRY SIGNAL: IBS=0.000 < 0.1 on 2004-08-30
📊 Position size: 96 shares at $102.01, total cost: $9792.96 (100% of $9864.41)
🟢 ENTERED POSITION: 96 shares at $102.01, date: 2004-08-30
📊 Position details: maxHoldDays=30, stopLoss=$undefined, takeProfit=$undefined
📈 Equity: Cash=$71.45 + Position=$9792.96 = Total=$9864.41
📈 Equity: Cash=$71.45 + Position=$9827.52 = Total=$9898.97
📈 Equity: Cash=$71.45 + Position=$9624.00 = Total=$9695.45
📈 Equity: Cash=$71.45 + Position=$9744.96 = Total=$9816.41
📈 Equity: Cash=$71.45 + Position=$9600.96 = Total=$9672.41
IBS EXIT condition met: 0.824 > 0.75 at index 12
🔚 TRADE: 8 days, Reason: ibs_signal, Investment: $9792.96, P&L: $-41.28, Capital before: $71.45
💰 Capital updated: $9823.13 (was $71.45)
🟢 ENTRY SIGNAL: IBS=0.000 < 0.1 on 2024-01-21
📊 Position size: 65 shares at $149.00, total cost: $9685.00 (100% of $9823.13)
🟢 ENTERED POSITION: 65 shares at $149.00, date: 2024-01-21
📊 Position details: maxHoldDays=30, stopLoss=$undefined, takeProfit=$undefined
📈 Equity: Cash=$138.13 + Position=$9685.00 = Total=$9823.13
📈 Equity: Cash=$138.13 + Position=$9717.50 = Total=$9855.63
📈 Equity: Cash=$138.13 + Position=$9750.00 = Total=$9888.13
📈 Equity: Cash=$138.13 + Position=$9782.50 = Total=$9920.63
IBS EXIT condition met: 1.000 > 0.75 at index 24
🔚 TRADE: 4 days, Reason: ibs_signal, Investment: $9685.00, P&L: $390.00, Capital before: $138.13
💰 Capital updated: $10213.13 (was $138.13)
🟢 ENTRY SIGNAL: IBS=0.016 < 0.1 on 2004-09-24
📊 Position size: 85 shares at $119.83, total cost: $10185.55 (100% of $10213.13)
🟢 ENTERED POSITION: 85 shares at $119.83, date: 2004-09-24
📊 Position details: maxHoldDays=30, stopLoss=$undefined, takeProfit=$undefined
📈 Equity: Cash=$27.58 + Position=$10185.55 = Total=$10213.13
📈 Equity: Cash=$27.58 + Position=$10052.10 = Total=$10079.68
IBS EXIT condition met: 0.925 > 0.75 at index 32
🔚 TRADE: 4 days, Reason: ibs_signal, Investment: $10185.55, P&L: $597.55, Capital before: $27.58
💰 Capital updated: $10810.68 (was $27.58)
📊 IBS STATISTICS:
   Range: 0.000 - 1.000, Average: 0.514
   Entry opportunities (IBS < 0.1): 4/35 (11.4%)
   Exit opportunities (IBS > 0.75): 9/35 (25.7%)
   Max consecutive days with IBS > 0.75: 2

stdout | src/lib/__tests__/backtest.test.ts > BacktestEngine > runBacktest > should calculate performance metrics
🗓️ DATA INTERVALS (days between bars): [
  [33m1[39m, [33m3[39m, [33m1[39m, [33m1[39m, [33m1[39m,
  [33m1[39m, [33m3[39m, [33m1[39m, [33m1[39m
]
📅 First 5 dates: [
  [32m'2004-08-19'[39m,
  [32m'2004-08-20'[39m,
  [32m'2004-08-23'[39m,
  [32m'2004-08-24'[39m,
  [32m'2004-08-25'[39m
]
📊 Average interval: 1.4 days
🔧 STRATEGY PARAMETERS: { lowIBS: [33m0.1[39m, highIBS: [33m0.75[39m, maxHoldDays: [33m30[39m }
Calculated IBS: 35 values
🟢 ENTRY SIGNAL: IBS=0.079 < 0.1 on 2004-08-23
📊 Position size: 91 shares at $109.40, total cost: $9955.40 (100% of $10000.00)
🟢 ENTERED POSITION: 91 shares at $109.40, date: 2004-08-23
📊 Position details: maxHoldDays=30, stopLoss=$undefined, takeProfit=$undefined
📈 Equity: Cash=$44.60 + Position=$9955.40 = Total=$10000.00
📈 Equity: Cash=$44.60 + Position=$9543.17 = Total=$9587.77
📈 Equity: Cash=$44.60 + Position=$9646.00 = Total=$9690.60
IBS EXIT condition met: 0.988 > 0.75 at index 5
🔚 TRADE: 3 days, Reason: ibs_signal, Investment: $9955.40, P&L: $-135.59, Capital before: $44.60
💰 Capital updated: $9864.41 (was $44.60)
🟢 ENTRY SIGNAL: IBS=0.000 < 0.1 on 2004-08-30
📊 Position size: 96 shares at $102.01, total cost: $9792.96 (100% of $9864.41)
🟢 ENTERED POSITION: 96 shares at $102.01, date: 2004-08-30
📊 Position details: maxHoldDays=30, stopLoss=$undefined, takeProfit=$undefined
📈 Equity: Cash=$71.45 + Position=$9792.96 = Total=$9864.41
📈 Equity: Cash=$71.45 + Position=$9827.52 = Total=$9898.97
📈 Equity: Cash=$71.45 + Position=$9624.00 = Total=$9695.45
📈 Equity: Cash=$71.45 + Position=$9744.96 = Total=$9816.41
📈 Equity: Cash=$71.45 + Position=$9600.96 = Total=$9672.41
IBS EXIT condition met: 0.824 > 0.75 at index 12
🔚 TRADE: 8 days, Reason: ibs_signal, Investment: $9792.96, P&L: $-41.28, Capital before: $71.45
💰 Capital updated: $9823.13 (was $71.45)
🟢 ENTRY SIGNAL: IBS=0.000 < 0.1 on 2024-01-21
📊 Position size: 65 shares at $149.00, total cost: $9685.00 (100% of $9823.13)
🟢 ENTERED POSITION: 65 shares at $149.00, date: 2024-01-21
📊 Position details: maxHoldDays=30, stopLoss=$undefined, takeProfit=$undefined
📈 Equity: Cash=$138.13 + Position=$9685.00 = Total=$9823.13
📈 Equity: Cash=$138.13 + Position=$9717.50 = Total=$9855.63
📈 Equity: Cash=$138.13 + Position=$9750.00 = Total=$9888.13
📈 Equity: Cash=$138.13 + Position=$9782.50 = Total=$9920.63
IBS EXIT condition met: 1.000 > 0.75 at index 24
🔚 TRADE: 4 days, Reason: ibs_signal, Investment: $9685.00, P&L: $390.00, Capital before: $138.13
💰 Capital updated: $10213.13 (was $138.13)
🟢 ENTRY SIGNAL: IBS=0.016 < 0.1 on 2004-09-24
📊 Position size: 85 shares at $119.83, total cost: $10185.55 (100% of $10213.13)
🟢 ENTERED POSITION: 85 shares at $119.83, date: 2004-09-24
📊 Position details: maxHoldDays=30, stopLoss=$undefined, takeProfit=$undefined
📈 Equity: Cash=$27.58 + Position=$10185.55 = Total=$10213.13
📈 Equity: Cash=$27.58 + Position=$10052.10 = Total=$10079.68
IBS EXIT condition met: 0.925 > 0.75 at index 32
🔚 TRADE: 4 days, Reason: ibs_signal, Investment: $10185.55, P&L: $597.55, Capital before: $27.58
💰 Capital updated: $10810.68 (was $27.58)
📊 IBS STATISTICS:
   Range: 0.000 - 1.000, Average: 0.514
   Entry opportunities (IBS < 0.1): 4/35 (11.4%)
   Exit opportunities (IBS > 0.75): 9/35 (25.7%)
   Max consecutive days with IBS > 0.75: 2

stdout | src/lib/__tests__/backtest.test.ts > BacktestEngine > IBS strategy specific tests > should enter position when IBS < lowIBS
🗓️ DATA INTERVALS (days between bars): [
  [33m1[39m, [33m3[39m, [33m1[39m, [33m1[39m, [33m1[39m,
  [33m1[39m, [33m3[39m, [33m1[39m, [33m1[39m
]
📅 First 5 dates: [
  [32m'2004-08-19'[39m,
  [32m'2004-08-20'[39m,
  [32m'2004-08-23'[39m,
  [32m'2004-08-24'[39m,
  [32m'2004-08-25'[39m
]
📊 Average interval: 1.4 days
🔧 STRATEGY PARAMETERS: { lowIBS: [33m0.1[39m, highIBS: [33m0.75[39m, maxHoldDays: [33m30[39m }
Calculated IBS: 10 values
🟢 ENTRY SIGNAL: IBS=0.079 < 0.1 on 2004-08-23
📊 Position size: 91 shares at $109.40, total cost: $9955.40 (100% of $10000.00)
🟢 ENTERED POSITION: 91 shares at $109.40, date: 2004-08-23
📊 Position details: maxHoldDays=30, stopLoss=$undefined, takeProfit=$undefined
📈 Equity: Cash=$44.60 + Position=$9955.40 = Total=$10000.00
📈 Equity: Cash=$44.60 + Position=$9543.17 = Total=$9587.77
📈 Equity: Cash=$44.60 + Position=$9646.00 = Total=$9690.60
IBS EXIT condition met: 0.988 > 0.75 at index 5
🔚 TRADE: 3 days, Reason: ibs_signal, Investment: $9955.40, P&L: $-135.59, Capital before: $44.60
💰 Capital updated: $9864.41 (was $44.60)
🟢 ENTRY SIGNAL: IBS=0.000 < 0.1 on 2004-08-30
📊 Position size: 96 shares at $102.01, total cost: $9792.96 (100% of $9864.41)
🟢 ENTERED POSITION: 96 shares at $102.01, date: 2004-08-30
📊 Position details: maxHoldDays=30, stopLoss=$undefined, takeProfit=$undefined
📈 Equity: Cash=$71.45 + Position=$9792.96 = Total=$9864.41
📈 Equity: Cash=$71.45 + Position=$9827.52 = Total=$9898.97
📈 Equity: Cash=$71.45 + Position=$9624.00 = Total=$9695.45
🔚 TRADE: 2 days, Reason: end_of_data, Investment: $9792.96, P&L: $-168.96, Capital before: $71.45
💰 Capital updated: $9695.45 (was $71.45)
📊 IBS STATISTICS:
   Range: 0.000 - 0.988, Average: 0.366
   Entry opportunities (IBS < 0.1): 2/10 (20.0%)
   Exit opportunities (IBS > 0.75): 2/10 (20.0%)
   Max consecutive days with IBS > 0.75: 1

stdout | src/lib/__tests__/backtest.test.ts > BacktestEngine > IBS strategy specific tests > should exit position when IBS > highIBS
🗓️ DATA INTERVALS (days between bars): [
  [33m1[39m, [33m3[39m, [33m1[39m, [33m1[39m, [33m1[39m,
  [33m1[39m, [33m3[39m, [33m1[39m, [33m1[39m
]
📅 First 5 dates: [
  [32m'2004-08-19'[39m,
  [32m'2004-08-20'[39m,
  [32m'2004-08-23'[39m,
  [32m'2004-08-24'[39m,
  [32m'2004-08-25'[39m
]
📊 Average interval: 1.4 days
🔧 STRATEGY PARAMETERS: { lowIBS: [33m0.1[39m, highIBS: [33m0.75[39m, maxHoldDays: [33m30[39m }
Calculated IBS: 15 values
🟢 ENTRY SIGNAL: IBS=0.079 < 0.1 on 2004-08-23
📊 Position size: 91 shares at $109.40, total cost: $9955.40 (100% of $10000.00)
🟢 ENTERED POSITION: 91 shares at $109.40, date: 2004-08-23
📊 Position details: maxHoldDays=30, stopLoss=$undefined, takeProfit=$undefined
📈 Equity: Cash=$44.60 + Position=$9955.40 = Total=$10000.00
📈 Equity: Cash=$44.60 + Position=$9543.17 = Total=$9587.77
📈 Equity: Cash=$44.60 + Position=$9646.00 = Total=$9690.60
IBS EXIT condition met: 0.988 > 0.75 at index 5
🔚 TRADE: 3 days, Reason: ibs_signal, Investment: $9955.40, P&L: $-135.59, Capital before: $44.60
💰 Capital updated: $9864.41 (was $44.60)
🟢 ENTRY SIGNAL: IBS=0.000 < 0.1 on 2004-08-30
📊 Position size: 96 shares at $102.01, total cost: $9792.96 (100% of $9864.41)
🟢 ENTERED POSITION: 96 shares at $102.01, date: 2004-08-30
📊 Position details: maxHoldDays=30, stopLoss=$undefined, takeProfit=$undefined
📈 Equity: Cash=$71.45 + Position=$9792.96 = Total=$9864.41
📈 Equity: Cash=$71.45 + Position=$9827.52 = Total=$9898.97
📈 Equity: Cash=$71.45 + Position=$9624.00 = Total=$9695.45
📈 Equity: Cash=$71.45 + Position=$9744.96 = Total=$9816.41
📈 Equity: Cash=$71.45 + Position=$9600.96 = Total=$9672.41
IBS EXIT condition met: 0.824 > 0.75 at index 12
🔚 TRADE: 8 days, Reason: ibs_signal, Investment: $9792.96, P&L: $-41.28, Capital before: $71.45
💰 Capital updated: $9823.13 (was $71.45)
📊 IBS STATISTICS:
   Range: 0.000 - 0.988, Average: 0.467
   Entry opportunities (IBS < 0.1): 2/15 (13.3%)
   Exit opportunities (IBS > 0.75): 4/15 (26.7%)
   Max consecutive days with IBS > 0.75: 1

stdout | src/lib/__tests__/backtest.test.ts > BacktestEngine > IBS strategy specific tests > should exit position after maxHoldDays
🗓️ DATA INTERVALS (days between bars): [
  [33m1[39m, [33m3[39m, [33m1[39m, [33m1[39m, [33m1[39m,
  [33m1[39m, [33m3[39m, [33m1[39m, [33m1[39m
]
📅 First 5 dates: [
  [32m'2004-08-19'[39m,
  [32m'2004-08-20'[39m,
  [32m'2004-08-23'[39m,
  [32m'2004-08-24'[39m,
  [32m'2004-08-25'[39m
]
📊 Average interval: 1.4 days
🔧 STRATEGY PARAMETERS: { lowIBS: [33m0.1[39m, highIBS: [33m0.75[39m, maxHoldDays: [33m30[39m }
Calculated IBS: 35 values
🟢 ENTRY SIGNAL: IBS=0.079 < 0.1 on 2004-08-23
📊 Position size: 91 shares at $109.40, total cost: $9955.40 (100% of $10000.00)
🟢 ENTERED POSITION: 91 shares at $109.40, date: 2004-08-23
📊 Position details: maxHoldDays=30, stopLoss=$undefined, takeProfit=$undefined
📈 Equity: Cash=$44.60 + Position=$9955.40 = Total=$10000.00
📈 Equity: Cash=$44.60 + Position=$9543.17 = Total=$9587.77
📈 Equity: Cash=$44.60 + Position=$9646.00 = Total=$9690.60
IBS EXIT condition met: 0.988 > 0.75 at index 5
🔚 TRADE: 3 days, Reason: ibs_signal, Investment: $9955.40, P&L: $-135.59, Capital before: $44.60
💰 Capital updated: $9864.41 (was $44.60)
🟢 ENTRY SIGNAL: IBS=0.000 < 0.1 on 2004-08-30
📊 Position size: 96 shares at $102.01, total cost: $9792.96 (100% of $9864.41)
🟢 ENTERED POSITION: 96 shares at $102.01, date: 2004-08-30
📊 Position details: maxHoldDays=30, stopLoss=$undefined, takeProfit=$undefined
📈 Equity: Cash=$71.45 + Position=$9792.96 = Total=$9864.41
📈 Equity: Cash=$71.45 + Position=$9827.52 = Total=$9898.97
📈 Equity: Cash=$71.45 + Position=$9624.00 = Total=$9695.45
📈 Equity: Cash=$71.45 + Position=$9744.96 = Total=$9816.41
📈 Equity: Cash=$71.45 + Position=$9600.96 = Total=$9672.41
IBS EXIT condition met: 0.824 > 0.75 at index 12
🔚 TRADE: 8 days, Reason: ibs_signal, Investment: $9792.96, P&L: $-41.28, Capital before: $71.45
💰 Capital updated: $9823.13 (was $71.45)
🟢 ENTRY SIGNAL: IBS=0.000 < 0.1 on 2024-01-21
📊 Position size: 65 shares at $149.00, total cost: $9685.00 (100% of $9823.13)
🟢 ENTERED POSITION: 65 shares at $149.00, date: 2024-01-21
📊 Position details: maxHoldDays=30, stopLoss=$undefined, takeProfit=$undefined
📈 Equity: Cash=$138.13 + Position=$9685.00 = Total=$9823.13
📈 Equity: Cash=$138.13 + Position=$9717.50 = Total=$9855.63
📈 Equity: Cash=$138.13 + Position=$9750.00 = Total=$9888.13
📈 Equity: Cash=$138.13 + Position=$9782.50 = Total=$9920.63
IBS EXIT condition met: 1.000 > 0.75 at index 24
🔚 TRADE: 4 days, Reason: ibs_signal, Investment: $9685.00, P&L: $390.00, Capital before: $138.13
💰 Capital updated: $10213.13 (was $138.13)
🟢 ENTRY SIGNAL: IBS=0.016 < 0.1 on 2004-09-24
📊 Position size: 85 shares at $119.83, total cost: $10185.55 (100% of $10213.13)
🟢 ENTERED POSITION: 85 shares at $119.83, date: 2004-09-24
📊 Position details: maxHoldDays=30, stopLoss=$undefined, takeProfit=$undefined
📈 Equity: Cash=$27.58 + Position=$10185.55 = Total=$10213.13
📈 Equity: Cash=$27.58 + Position=$10052.10 = Total=$10079.68
IBS EXIT condition met: 0.925 > 0.75 at index 32
🔚 TRADE: 4 days, Reason: ibs_signal, Investment: $10185.55, P&L: $597.55, Capital before: $27.58
💰 Capital updated: $10810.68 (was $27.58)
📊 IBS STATISTICS:
   Range: 0.000 - 1.000, Average: 0.514
   Entry opportunities (IBS < 0.1): 4/35 (11.4%)
   Exit opportunities (IBS > 0.75): 9/35 (25.7%)
   Max consecutive days with IBS > 0.75: 2

stdout | src/lib/__tests__/backtest.test.ts > BacktestEngine > position sizing > should respect capital usage percentage
🗓️ DATA INTERVALS (days between bars): [
  [33m1[39m, [33m3[39m, [33m1[39m, [33m1[39m, [33m1[39m,
  [33m1[39m, [33m3[39m, [33m1[39m, [33m1[39m
]
📅 First 5 dates: [
  [32m'2004-08-19'[39m,
  [32m'2004-08-20'[39m,
  [32m'2004-08-23'[39m,
  [32m'2004-08-24'[39m,
  [32m'2004-08-25'[39m
]
📊 Average interval: 1.4 days
🔧 STRATEGY PARAMETERS: { lowIBS: [33m0.1[39m, highIBS: [33m0.75[39m, maxHoldDays: [33m30[39m }
Calculated IBS: 35 values
🟢 ENTRY SIGNAL: IBS=0.079 < 0.1 on 2004-08-23
📊 Position size: 45 shares at $109.40, total cost: $4923.00 (50% of $10000.00)
🟢 ENTERED POSITION: 45 shares at $109.40, date: 2004-08-23
📊 Position details: maxHoldDays=30, stopLoss=$undefined, takeProfit=$undefined
📈 Equity: Cash=$5077.00 + Position=$4923.00 = Total=$10000.00
📈 Equity: Cash=$5077.00 + Position=$4719.15 = Total=$9796.15
📈 Equity: Cash=$5077.00 + Position=$4770.00 = Total=$9847.00
IBS EXIT condition met: 0.988 > 0.75 at index 5
🔚 TRADE: 3 days, Reason: ibs_signal, Investment: $4923.00, P&L: $-67.05, Capital before: $5077.00
💰 Capital updated: $9932.95 (was $5077.00)
🟢 ENTRY SIGNAL: IBS=0.000 < 0.1 on 2004-08-30
📊 Position size: 48 shares at $102.01, total cost: $4896.48 (50% of $9932.95)
🟢 ENTERED POSITION: 48 shares at $102.01, date: 2004-08-30
📊 Position details: maxHoldDays=30, stopLoss=$undefined, takeProfit=$undefined
📈 Equity: Cash=$5036.47 + Position=$4896.48 = Total=$9932.95
📈 Equity: Cash=$5036.47 + Position=$4913.76 = Total=$9950.23
📈 Equity: Cash=$5036.47 + Position=$4812.00 = Total=$9848.47
📈 Equity: Cash=$5036.47 + Position=$4872.48 = Total=$9908.95
📈 Equity: Cash=$5036.47 + Position=$4800.48 = Total=$9836.95
IBS EXIT condition met: 0.824 > 0.75 at index 12
🔚 TRADE: 8 days, Reason: ibs_signal, Investment: $4896.48, P&L: $-20.64, Capital before: $5036.47
💰 Capital updated: $9912.31 (was $5036.47)
🟢 ENTRY SIGNAL: IBS=0.000 < 0.1 on 2024-01-21
📊 Position size: 33 shares at $149.00, total cost: $4917.00 (50% of $9912.31)
🟢 ENTERED POSITION: 33 shares at $149.00, date: 2024-01-21
📊 Position details: maxHoldDays=30, stopLoss=$undefined, takeProfit=$undefined
📈 Equity: Cash=$4995.31 + Position=$4917.00 = Total=$9912.31
📈 Equity: Cash=$4995.31 + Position=$4933.50 = Total=$9928.81
📈 Equity: Cash=$4995.31 + Position=$4950.00 = Total=$9945.31
📈 Equity: Cash=$4995.31 + Position=$4966.50 = Total=$9961.81
IBS EXIT condition met: 1.000 > 0.75 at index 24
🔚 TRADE: 4 days, Reason: ibs_signal, Investment: $4917.00, P&L: $198.00, Capital before: $4995.31
💰 Capital updated: $10110.31 (was $4995.31)
🟢 ENTRY SIGNAL: IBS=0.016 < 0.1 on 2004-09-24
📊 Position size: 42 shares at $119.83, total cost: $5032.86 (50% of $10110.31)
🟢 ENTERED POSITION: 42 shares at $119.83, date: 2004-09-24
📊 Position details: maxHoldDays=30, stopLoss=$undefined, takeProfit=$undefined
📈 Equity: Cash=$5077.45 + Position=$5032.86 = Total=$10110.31
📈 Equity: Cash=$5077.45 + Position=$4966.92 = Total=$10044.37
IBS EXIT condition met: 0.925 > 0.75 at index 32
🔚 TRADE: 4 days, Reason: ibs_signal, Investment: $5032.86, P&L: $295.26, Capital before: $5077.45
💰 Capital updated: $10405.57 (was $5077.45)
📊 IBS STATISTICS:
   Range: 0.000 - 1.000, Average: 0.514
   Entry opportunities (IBS < 0.1): 4/35 (11.4%)
   Exit opportunities (IBS > 0.75): 9/35 (25.7%)
   Max consecutive days with IBS > 0.75: 2

stdout | src/lib/__tests__/backtest.test.ts > BacktestEngine > commission and slippage > should apply commission correctly
🗓️ DATA INTERVALS (days between bars): [
  [33m1[39m, [33m3[39m, [33m1[39m, [33m1[39m, [33m1[39m,
  [33m1[39m, [33m3[39m, [33m1[39m, [33m1[39m
]
📅 First 5 dates: [
  [32m'2004-08-19'[39m,
  [32m'2004-08-20'[39m,
  [32m'2004-08-23'[39m,
  [32m'2004-08-24'[39m,
  [32m'2004-08-25'[39m
]
📊 Average interval: 1.4 days
🔧 STRATEGY PARAMETERS: { lowIBS: [33m0.1[39m, highIBS: [33m0.75[39m, maxHoldDays: [33m30[39m }
Calculated IBS: 35 values
🟢 ENTRY SIGNAL: IBS=0.079 < 0.1 on 2004-08-23
📊 Position size: 91 shares at $109.40, total cost: $9955.50 (100% of $10000.00)
🟢 ENTERED POSITION: 91 shares at $109.40, date: 2004-08-23
📊 Position details: maxHoldDays=30, stopLoss=$undefined, takeProfit=$undefined
📈 Equity: Cash=$44.50 + Position=$9955.40 = Total=$9999.90
📈 Equity: Cash=$44.50 + Position=$9543.17 = Total=$9587.67
📈 Equity: Cash=$44.50 + Position=$9646.00 = Total=$9690.50
IBS EXIT condition met: 0.988 > 0.75 at index 5
🔚 TRADE: 3 days, Reason: ibs_signal, Investment: $9955.50, P&L: $-135.69, Capital before: $44.50
💰 Capital updated: $9864.21 (was $44.50)
🟢 ENTRY SIGNAL: IBS=0.000 < 0.1 on 2004-08-30
📊 Position size: 96 shares at $102.01, total cost: $9793.06 (100% of $9864.21)
🟢 ENTERED POSITION: 96 shares at $102.01, date: 2004-08-30
📊 Position details: maxHoldDays=30, stopLoss=$undefined, takeProfit=$undefined
📈 Equity: Cash=$71.15 + Position=$9792.96 = Total=$9864.11
📈 Equity: Cash=$71.15 + Position=$9827.52 = Total=$9898.67
📈 Equity: Cash=$71.15 + Position=$9624.00 = Total=$9695.15
📈 Equity: Cash=$71.15 + Position=$9744.96 = Total=$9816.11
📈 Equity: Cash=$71.15 + Position=$9600.96 = Total=$9672.11
IBS EXIT condition met: 0.824 > 0.75 at index 12
🔚 TRADE: 8 days, Reason: ibs_signal, Investment: $9793.06, P&L: $-41.38, Capital before: $71.15
💰 Capital updated: $9822.74 (was $71.15)
🟢 ENTRY SIGNAL: IBS=0.000 < 0.1 on 2024-01-21
📊 Position size: 65 shares at $149.00, total cost: $9685.10 (100% of $9822.74)
🟢 ENTERED POSITION: 65 shares at $149.00, date: 2024-01-21
📊 Position details: maxHoldDays=30, stopLoss=$undefined, takeProfit=$undefined
📈 Equity: Cash=$137.64 + Position=$9685.00 = Total=$9822.64
📈 Equity: Cash=$137.64 + Position=$9717.50 = Total=$9855.14
📈 Equity: Cash=$137.64 + Position=$9750.00 = Total=$9887.64
📈 Equity: Cash=$137.64 + Position=$9782.50 = Total=$9920.14
IBS EXIT condition met: 1.000 > 0.75 at index 24
🔚 TRADE: 4 days, Reason: ibs_signal, Investment: $9685.10, P&L: $389.90, Capital before: $137.64
💰 Capital updated: $10212.54 (was $137.64)
🟢 ENTRY SIGNAL: IBS=0.016 < 0.1 on 2004-09-24
📊 Position size: 85 shares at $119.83, total cost: $10185.65 (100% of $10212.54)
🟢 ENTERED POSITION: 85 shares at $119.83, date: 2004-09-24
📊 Position details: maxHoldDays=30, stopLoss=$undefined, takeProfit=$undefined
📈 Equity: Cash=$26.89 + Position=$10185.55 = Total=$10212.44
📈 Equity: Cash=$26.89 + Position=$10052.10 = Total=$10078.99
IBS EXIT condition met: 0.925 > 0.75 at index 32
🔚 TRADE: 4 days, Reason: ibs_signal, Investment: $10185.65, P&L: $597.44, Capital before: $26.89
💰 Capital updated: $10809.88 (was $26.89)
📊 IBS STATISTICS:
   Range: 0.000 - 1.000, Average: 0.514
   Entry opportunities (IBS < 0.1): 4/35 (11.4%)
   Exit opportunities (IBS > 0.75): 9/35 (25.7%)
   Max consecutive days with IBS > 0.75: 2

stdout | src/lib/__tests__/backtest.test.ts > BacktestEngine > commission and slippage > should apply slippage correctly
🗓️ DATA INTERVALS (days between bars): [
  [33m1[39m, [33m3[39m, [33m1[39m, [33m1[39m, [33m1[39m,
  [33m1[39m, [33m3[39m, [33m1[39m, [33m1[39m
]
📅 First 5 dates: [
  [32m'2004-08-19'[39m,
  [32m'2004-08-20'[39m,
  [32m'2004-08-23'[39m,
  [32m'2004-08-24'[39m,
  [32m'2004-08-25'[39m
]
📊 Average interval: 1.4 days
🔧 STRATEGY PARAMETERS: { lowIBS: [33m0.1[39m, highIBS: [33m0.75[39m, maxHoldDays: [33m30[39m }
Calculated IBS: 35 values
🟢 ENTRY SIGNAL: IBS=0.079 < 0.1 on 2004-08-23
📊 Position size: 91 shares at $109.40, total cost: $9955.40 (100% of $10000.00)
🟢 ENTERED POSITION: 91 shares at $109.40, date: 2004-08-23
📊 Position details: maxHoldDays=30, stopLoss=$undefined, takeProfit=$undefined
📈 Equity: Cash=$44.60 + Position=$9955.40 = Total=$10000.00
📈 Equity: Cash=$44.60 + Position=$9543.17 = Total=$9587.77
📈 Equity: Cash=$44.60 + Position=$9646.00 = Total=$9690.60
IBS EXIT condition met: 0.988 > 0.75 at index 5
🔚 TRADE: 3 days, Reason: ibs_signal, Investment: $9955.40, P&L: $-135.59, Capital before: $44.60
💰 Capital updated: $9864.41 (was $44.60)
🟢 ENTRY SIGNAL: IBS=0.000 < 0.1 on 2004-08-30
📊 Position size: 96 shares at $102.01, total cost: $9792.96 (100% of $9864.41)
🟢 ENTERED POSITION: 96 shares at $102.01, date: 2004-08-30
📊 Position details: maxHoldDays=30, stopLoss=$undefined, takeProfit=$undefined
📈 Equity: Cash=$71.45 + Position=$9792.96 = Total=$9864.41
📈 Equity: Cash=$71.45 + Position=$9827.52 = Total=$9898.97
📈 Equity: Cash=$71.45 + Position=$9624.00 = Total=$9695.45
📈 Equity: Cash=$71.45 + Position=$9744.96 = Total=$9816.41
📈 Equity: Cash=$71.45 + Position=$9600.96 = Total=$9672.41
IBS EXIT condition met: 0.824 > 0.75 at index 12
🔚 TRADE: 8 days, Reason: ibs_signal, Investment: $9792.96, P&L: $-41.28, Capital before: $71.45
💰 Capital updated: $9823.13 (was $71.45)
🟢 ENTRY SIGNAL: IBS=0.000 < 0.1 on 2024-01-21
📊 Position size: 65 shares at $149.00, total cost: $9685.00 (100% of $9823.13)
🟢 ENTERED POSITION: 65 shares at $149.00, date: 2024-01-21
📊 Position details: maxHoldDays=30, stopLoss=$undefined, takeProfit=$undefined
📈 Equity: Cash=$138.13 + Position=$9685.00 = Total=$9823.13
📈 Equity: Cash=$138.13 + Position=$9717.50 = Total=$9855.63
📈 Equity: Cash=$138.13 + Position=$9750.00 = Total=$9888.13
📈 Equity: Cash=$138.13 + Position=$9782.50 = Total=$9920.63
IBS EXIT condition met: 1.000 > 0.75 at index 24
🔚 TRADE: 4 days, Reason: ibs_signal, Investment: $9685.00, P&L: $390.00, Capital before: $138.13
💰 Capital updated: $10213.13 (was $138.13)
🟢 ENTRY SIGNAL: IBS=0.016 < 0.1 on 2004-09-24
📊 Position size: 85 shares at $119.83, total cost: $10185.55 (100% of $10213.13)
🟢 ENTERED POSITION: 85 shares at $119.83, date: 2004-09-24
📊 Position details: maxHoldDays=30, stopLoss=$undefined, takeProfit=$undefined
📈 Equity: Cash=$27.58 + Position=$10185.55 = Total=$10213.13
📈 Equity: Cash=$27.58 + Position=$10052.10 = Total=$10079.68
IBS EXIT condition met: 0.925 > 0.75 at index 32
🔚 TRADE: 4 days, Reason: ibs_signal, Investment: $10185.55, P&L: $597.55, Capital before: $27.58
💰 Capital updated: $10810.68 (was $27.58)
📊 IBS STATISTICS:
   Range: 0.000 - 1.000, Average: 0.514
   Entry opportunities (IBS < 0.1): 4/35 (11.4%)
   Exit opportunities (IBS > 0.75): 9/35 (25.7%)
   Max consecutive days with IBS > 0.75: 2

 ✓ src/lib/__tests__/backtest.test.ts (15 tests) 129ms
stdout | src/lib/__tests__/clean-backtest.test.ts > CleanBacktestEngine > constructor > should handle empty data gracefully
🔧 STRATEGY PARAMETERS: { lowIBS: [33m0.1[39m, highIBS: [33m0.75[39m, maxHoldDays: [33m30[39m }

stdout | src/lib/__tests__/clean-backtest.test.ts > CleanBacktestEngine > constructor > should handle single data point
🔧 STRATEGY PARAMETERS: { lowIBS: [33m0.1[39m, highIBS: [33m0.75[39m, maxHoldDays: [33m30[39m }
✅ Backtest completed: 0 trades, Final capital: $10000.00

stdout | src/lib/__tests__/clean-backtest.test.ts > CleanBacktestEngine > runBacktest > should run complete backtest and return valid result
🔧 STRATEGY PARAMETERS: { lowIBS: [33m0.1[39m, highIBS: [33m0.75[39m, maxHoldDays: [33m30[39m }
🟢 ENTRY SIGNAL: IBS=0.079 < 0.1 on 2004-08-23T12:00:00.000Z
🟢 ENTRY EXECUTION(close): bought 91 shares at $109.40 on 2004-08-23T12:00:00.000Z
🔴 EXIT: IBS=0.988, ibs_signal, P&L=$-135.59, Duration=NaN days
🟢 ENTRY SIGNAL: IBS=0.000 < 0.1 on 2004-08-30T12:00:00.000Z
🟢 ENTRY EXECUTION(close): bought 96 shares at $102.01 on 2004-08-30T12:00:00.000Z
🔴 EXIT: IBS=0.824, ibs_signal, P&L=$-41.28, Duration=NaN days
🟢 ENTRY SIGNAL: IBS=0.000 < 0.1 on 2024-01-21T12:00:00.000Z
🟢 ENTRY EXECUTION(close): bought 65 shares at $149.00 on 2024-01-21T12:00:00.000Z
🔴 EXIT: IBS=1.000, ibs_signal, P&L=$390.00, Duration=NaN days
🟢 ENTRY SIGNAL: IBS=0.016 < 0.1 on 2004-09-24T12:00:00.000Z
🟢 ENTRY EXECUTION(close): bought 85 shares at $119.83 on 2004-09-24T12:00:00.000Z
🔴 EXIT: IBS=0.925, ibs_signal, P&L=$597.55, Duration=NaN days
✅ Backtest completed: 4 trades, Final capital: $10810.68

stdout | src/lib/__tests__/clean-backtest.test.ts > CleanBacktestEngine > runBacktest > should generate equity curve
🔧 STRATEGY PARAMETERS: { lowIBS: [33m0.1[39m, highIBS: [33m0.75[39m, maxHoldDays: [33m30[39m }
🟢 ENTRY SIGNAL: IBS=0.079 < 0.1 on 2004-08-23T12:00:00.000Z
🟢 ENTRY EXECUTION(close): bought 91 shares at $109.40 on 2004-08-23T12:00:00.000Z
🔴 EXIT: IBS=0.988, ibs_signal, P&L=$-135.59, Duration=NaN days
🟢 ENTRY SIGNAL: IBS=0.000 < 0.1 on 2004-08-30T12:00:00.000Z
🟢 ENTRY EXECUTION(close): bought 96 shares at $102.01 on 2004-08-30T12:00:00.000Z
🔴 EXIT: IBS=0.824, ibs_signal, P&L=$-41.28, Duration=NaN days
🟢 ENTRY SIGNAL: IBS=0.000 < 0.1 on 2024-01-21T12:00:00.000Z
🟢 ENTRY EXECUTION(close): bought 65 shares at $149.00 on 2024-01-21T12:00:00.000Z
🔴 EXIT: IBS=1.000, ibs_signal, P&L=$390.00, Duration=NaN days
🟢 ENTRY SIGNAL: IBS=0.016 < 0.1 on 2004-09-24T12:00:00.000Z
🟢 ENTRY EXECUTION(close): bought 85 shares at $119.83 on 2004-09-24T12:00:00.000Z
🔴 EXIT: IBS=0.925, ibs_signal, P&L=$597.55, Duration=NaN days
✅ Backtest completed: 4 trades, Final capital: $10810.68

stdout | src/lib/__tests__/clean-backtest.test.ts > CleanBacktestEngine > runBacktest > should generate chart data
🔧 STRATEGY PARAMETERS: { lowIBS: [33m0.1[39m, highIBS: [33m0.75[39m, maxHoldDays: [33m30[39m }
🟢 ENTRY SIGNAL: IBS=0.079 < 0.1 on 2004-08-23T12:00:00.000Z
🟢 ENTRY EXECUTION(close): bought 91 shares at $109.40 on 2004-08-23T12:00:00.000Z
🔴 EXIT: IBS=0.988, ibs_signal, P&L=$-135.59, Duration=NaN days
🟢 ENTRY SIGNAL: IBS=0.000 < 0.1 on 2004-08-30T12:00:00.000Z
🟢 ENTRY EXECUTION(close): bought 96 shares at $102.01 on 2004-08-30T12:00:00.000Z
🔴 EXIT: IBS=0.824, ibs_signal, P&L=$-41.28, Duration=NaN days
🟢 ENTRY SIGNAL: IBS=0.000 < 0.1 on 2024-01-21T12:00:00.000Z
🟢 ENTRY EXECUTION(close): bought 65 shares at $149.00 on 2024-01-21T12:00:00.000Z
🔴 EXIT: IBS=1.000, ibs_signal, P&L=$390.00, Duration=NaN days
🟢 ENTRY SIGNAL: IBS=0.016 < 0.1 on 2004-09-24T12:00:00.000Z
🟢 ENTRY EXECUTION(close): bought 85 shares at $119.83 on 2004-09-24T12:00:00.000Z
🔴 EXIT: IBS=0.925, ibs_signal, P&L=$597.55, Duration=NaN days
✅ Backtest completed: 4 trades, Final capital: $10810.68

stdout | src/lib/__tests__/clean-backtest.test.ts > CleanBacktestEngine > runBacktest > should calculate performance metrics
🔧 STRATEGY PARAMETERS: { lowIBS: [33m0.1[39m, highIBS: [33m0.75[39m, maxHoldDays: [33m30[39m }
🟢 ENTRY SIGNAL: IBS=0.079 < 0.1 on 2004-08-23T12:00:00.000Z
🟢 ENTRY EXECUTION(close): bought 91 shares at $109.40 on 2004-08-23T12:00:00.000Z
🔴 EXIT: IBS=0.988, ibs_signal, P&L=$-135.59, Duration=NaN days
🟢 ENTRY SIGNAL: IBS=0.000 < 0.1 on 2004-08-30T12:00:00.000Z
🟢 ENTRY EXECUTION(close): bought 96 shares at $102.01 on 2004-08-30T12:00:00.000Z
🔴 EXIT: IBS=0.824, ibs_signal, P&L=$-41.28, Duration=NaN days
🟢 ENTRY SIGNAL: IBS=0.000 < 0.1 on 2024-01-21T12:00:00.000Z
🟢 ENTRY EXECUTION(close): bought 65 shares at $149.00 on 2024-01-21T12:00:00.000Z
🔴 EXIT: IBS=1.000, ibs_signal, P&L=$390.00, Duration=NaN days
🟢 ENTRY SIGNAL: IBS=0.016 < 0.1 on 2004-09-24T12:00:00.000Z
🟢 ENTRY EXECUTION(close): bought 85 shares at $119.83 on 2004-09-24T12:00:00.000Z
🔴 EXIT: IBS=0.925, ibs_signal, P&L=$597.55, Duration=NaN days
✅ Backtest completed: 4 trades, Final capital: $10810.68

stdout | src/lib/__tests__/clean-backtest.test.ts > CleanBacktestEngine > IBS strategy logic > should enter position when IBS < lowIBS
🔧 STRATEGY PARAMETERS: { lowIBS: [33m0.1[39m, highIBS: [33m0.75[39m, maxHoldDays: [33m30[39m }
🟢 ENTRY SIGNAL: IBS=0.079 < 0.1 on 2004-08-23T12:00:00.000Z
🟢 ENTRY EXECUTION(close): bought 91 shares at $109.40 on 2004-08-23T12:00:00.000Z
🔴 EXIT: IBS=0.988, ibs_signal, P&L=$-135.59, Duration=NaN days
🟢 ENTRY SIGNAL: IBS=0.000 < 0.1 on 2004-08-30T12:00:00.000Z
🟢 ENTRY EXECUTION(close): bought 96 shares at $102.01 on 2004-08-30T12:00:00.000Z
✅ Backtest completed: 2 trades, Final capital: $9695.45

stdout | src/lib/__tests__/clean-backtest.test.ts > CleanBacktestEngine > IBS strategy logic > should exit position when IBS > highIBS
🔧 STRATEGY PARAMETERS: { lowIBS: [33m0.1[39m, highIBS: [33m0.75[39m, maxHoldDays: [33m30[39m }
🟢 ENTRY SIGNAL: IBS=0.079 < 0.1 on 2004-08-23T12:00:00.000Z
🟢 ENTRY EXECUTION(close): bought 91 shares at $109.40 on 2004-08-23T12:00:00.000Z
🔴 EXIT: IBS=0.988, ibs_signal, P&L=$-135.59, Duration=NaN days
🟢 ENTRY SIGNAL: IBS=0.000 < 0.1 on 2004-08-30T12:00:00.000Z
🟢 ENTRY EXECUTION(close): bought 96 shares at $102.01 on 2004-08-30T12:00:00.000Z
🔴 EXIT: IBS=0.824, ibs_signal, P&L=$-41.28, Duration=NaN days
✅ Backtest completed: 2 trades, Final capital: $9823.13

stdout | src/lib/__tests__/clean-backtest.test.ts > CleanBacktestEngine > IBS strategy logic > should exit position after maxHoldDays
🔧 STRATEGY PARAMETERS: { lowIBS: [33m0.1[39m, highIBS: [33m0.75[39m, maxHoldDays: [33m30[39m }
🟢 ENTRY SIGNAL: IBS=0.000 < 0.1 on 2023-12-01
🟢 ENTRY EXECUTION(close): bought 101 shares at $99.00 on 2023-12-01
🔴 EXIT: IBS=0.800, ibs_signal, P&L=$80.80, Duration=3 days
✅ Backtest completed: 1 trades, Final capital: $10080.80

stdout | src/lib/__tests__/clean-backtest.test.ts > CleanBacktestEngine > IBS strategy logic > should respect capital usage percentage
🔧 STRATEGY PARAMETERS: { lowIBS: [33m0.1[39m, highIBS: [33m0.75[39m, maxHoldDays: [33m30[39m }
🟢 ENTRY SIGNAL: IBS=0.079 < 0.1 on 2004-08-23T12:00:00.000Z
🟢 ENTRY EXECUTION(close): bought 45 shares at $109.40 on 2004-08-23T12:00:00.000Z
🔴 EXIT: IBS=0.988, ibs_signal, P&L=$-67.05, Duration=NaN days
🟢 ENTRY SIGNAL: IBS=0.000 < 0.1 on 2004-08-30T12:00:00.000Z
🟢 ENTRY EXECUTION(close): bought 48 shares at $102.01 on 2004-08-30T12:00:00.000Z
🔴 EXIT: IBS=0.824, ibs_signal, P&L=$-20.64, Duration=NaN days
🟢 ENTRY SIGNAL: IBS=0.000 < 0.1 on 2024-01-21T12:00:00.000Z
🟢 ENTRY EXECUTION(close): bought 33 shares at $149.00 on 2024-01-21T12:00:00.000Z
🔴 EXIT: IBS=1.000, ibs_signal, P&L=$198.00, Duration=NaN days
🟢 ENTRY SIGNAL: IBS=0.016 < 0.1 on 2004-09-24T12:00:00.000Z
🟢 ENTRY EXECUTION(close): bought 42 shares at $119.83 on 2004-09-24T12:00:00.000Z
🔴 EXIT: IBS=0.925, ibs_signal, P&L=$295.26, Duration=NaN days
✅ Backtest completed: 4 trades, Final capital: $10405.57

stdout | src/lib/__tests__/clean-backtest.test.ts > CleanBacktestEngine > options > should respect entryExecution option
🔧 STRATEGY PARAMETERS: { lowIBS: [33m0.1[39m, highIBS: [33m0.75[39m, maxHoldDays: [33m30[39m }
🟢 ENTRY SIGNAL: IBS=0.079 < 0.1 on 2004-08-23T12:00:00.000Z
🟢 ENTRY EXECUTION(nextOpen): bought 89 shares at $111.24 on 2004-08-24T12:00:00.000Z
🔴 EXIT: IBS=0.988, ibs_signal, P&L=$-296.37, Duration=NaN days
🟢 ENTRY SIGNAL: IBS=0.000 < 0.1 on 2004-08-30T12:00:00.000Z
🟢 ENTRY EXECUTION(nextOpen): bought 94 shares at $102.32 on 2004-08-31T12:00:00.000Z
🔴 EXIT: IBS=0.824, ibs_signal, P&L=$-69.56, Duration=NaN days
🟢 ENTRY SIGNAL: IBS=0.000 < 0.1 on 2024-01-21T12:00:00.000Z
🟢 ENTRY EXECUTION(nextOpen): bought 64 shares at $149.00 on 2024-01-22T12:00:00.000Z
🔴 EXIT: IBS=1.000, ibs_signal, P&L=$384.00, Duration=NaN days
🟢 ENTRY SIGNAL: IBS=0.016 < 0.1 on 2004-09-24T12:00:00.000Z
🟢 ENTRY EXECUTION(nextOpen): bought 83 shares at $119.56 on 2004-09-27T12:00:00.000Z
🔴 EXIT: IBS=0.925, ibs_signal, P&L=$605.90, Duration=NaN days
✅ Backtest completed: 4 trades, Final capital: $10623.97

stdout | src/lib/__tests__/clean-backtest.test.ts > CleanBacktestEngine > options > should respect ignoreMaxHoldDaysExit option
🔧 STRATEGY PARAMETERS: { lowIBS: [33m0.1[39m, highIBS: [33m0.75[39m, maxHoldDays: [33m30[39m }
🟢 ENTRY SIGNAL: IBS=0.079 < 0.1 on 2004-08-23T12:00:00.000Z
🟢 ENTRY EXECUTION(close): bought 91 shares at $109.40 on 2004-08-23T12:00:00.000Z
🔴 EXIT: IBS=0.988, ibs_signal, P&L=$-135.59, Duration=NaN days
🟢 ENTRY SIGNAL: IBS=0.000 < 0.1 on 2004-08-30T12:00:00.000Z
🟢 ENTRY EXECUTION(close): bought 96 shares at $102.01 on 2004-08-30T12:00:00.000Z
🔴 EXIT: IBS=0.824, ibs_signal, P&L=$-41.28, Duration=NaN days
🟢 ENTRY SIGNAL: IBS=0.000 < 0.1 on 2024-01-21T12:00:00.000Z
🟢 ENTRY EXECUTION(close): bought 65 shares at $149.00 on 2024-01-21T12:00:00.000Z
🔴 EXIT: IBS=1.000, ibs_signal, P&L=$390.00, Duration=NaN days
🟢 ENTRY SIGNAL: IBS=0.016 < 0.1 on 2004-09-24T12:00:00.000Z
🟢 ENTRY EXECUTION(close): bought 85 shares at $119.83 on 2004-09-24T12:00:00.000Z
🔴 EXIT: IBS=0.925, ibs_signal, P&L=$597.55, Duration=NaN days
✅ Backtest completed: 4 trades, Final capital: $10810.68

stdout | src/lib/__tests__/clean-backtest.test.ts > CleanBacktestEngine > options > should respect ibsExitRequireAboveEntry option
🔧 STRATEGY PARAMETERS: { lowIBS: [33m0.1[39m, highIBS: [33m0.75[39m, maxHoldDays: [33m30[39m }
🟢 ENTRY SIGNAL: IBS=0.079 < 0.1 on 2004-08-23T12:00:00.000Z
🟢 ENTRY EXECUTION(close): bought 91 shares at $109.40 on 2004-08-23T12:00:00.000Z
🔴 EXIT: IBS=0.902, ibs_signal, P&L=$190.19, Duration=NaN days
🟢 ENTRY SIGNAL: IBS=0.000 < 0.1 on 2024-01-21T12:00:00.000Z
🟢 ENTRY EXECUTION(close): bought 68 shares at $149.00 on 2024-01-21T12:00:00.000Z
🔴 EXIT: IBS=1.000, ibs_signal, P&L=$408.00, Duration=NaN days
🟢 ENTRY SIGNAL: IBS=0.016 < 0.1 on 2004-09-24T12:00:00.000Z
🟢 ENTRY EXECUTION(close): bought 88 shares at $119.83 on 2004-09-24T12:00:00.000Z
🔴 EXIT: IBS=0.925, ibs_signal, P&L=$618.64, Duration=NaN days
✅ Backtest completed: 3 trades, Final capital: $11216.83

stdout | src/lib/__tests__/clean-backtest.test.ts > CleanBacktestEngine > edge cases > should handle data with same high and low prices
🔧 STRATEGY PARAMETERS: { lowIBS: [33m0.1[39m, highIBS: [33m0.75[39m, maxHoldDays: [33m30[39m }
✅ Backtest completed: 0 trades, Final capital: $10000.00

stdout | src/lib/__tests__/clean-backtest.test.ts > CleanBacktestEngine > edge cases > should handle data with extreme price movements
🔧 STRATEGY PARAMETERS: { lowIBS: [33m0.1[39m, highIBS: [33m0.75[39m, maxHoldDays: [33m30[39m }
✅ Backtest completed: 0 trades, Final capital: $10000.00

stdout | src/lib/__tests__/clean-backtest.test.ts > CleanBacktestEngine > edge cases > should handle strategy with zero capital usage
🔧 STRATEGY PARAMETERS: { lowIBS: [33m0.1[39m, highIBS: [33m0.75[39m, maxHoldDays: [33m30[39m }
✅ Backtest completed: 0 trades, Final capital: $10000.00

 ✓ src/lib/__tests__/clean-backtest.test.ts (17 tests) 212ms
stdout | src/components/__tests__/Results.test.tsx > Results - Position Monitoring Logic > UI Rendering > should show strategy parameters when trades table is visible
[36m<body>[39m
  [36m<div>[39m
    [36m<div[39m
      [33mclass[39m=[32m"space-y-6 animate-fade-in"[39m
    [36m>[39m
      [36m<section[39m
        [33mclass[39m=[32m"rounded-xl border bg-white p-4 dark:bg-gray-900 dark:border-gray-800"[39m
      [36m>[39m
        [36m<div[39m
          [33mclass[39m=[32m"grid grid-cols-1 md:grid-cols-3 gap-4"[39m
        [36m>[39m
          [36m<div[39m
            [33mclass[39m=[32m"space-y-2 md:col-span-1"[39m
          [36m>[39m
            [36m<div[39m
              [33mclass[39m=[32m"flex items-center gap-3 w-full"[39m
            [36m>[39m
              [36m<div[39m
                [33mclass[39m=[32m"text-4xl sm:text-5xl font-black tracking-tight text-gray-900 dark:text-gray-100"[39m
              [36m>[39m
                [0mTEST[0m
              [36m</div>[39m
              [36m<button[39m
                [33maria-label[39m=[32m"Добавить в мониторинг"[39m
                [33mclass[39m=[32m"ml-auto inline-flex items-center justify-center w-10 h-10 rounded-full border transition bg-white border-gray-300 text-gray-500 hover:bg-gray-50 dark:bg-gray-800 dark:border-gray-700 dark:text-gray-200 dark:hover:bg-gray-700"[39m
                [33mtitle[39m=[32m"Добавить в мониторинг"[39m
              [36m>[39m
                [36m<svg[39m
                  [33maria-hidden[39m=[32m"true"[39m
                  [33mclass[39m=[32m"lucide lucide-heart w-5 h-5"[39m
                  [33mfill[39m=[32m"none"[39m
                  [33mheight[39m=[32m"24"[39m
                  [33mstroke[39m=[32m"currentColor"[39m
                  [33mstroke-linecap[39m=[32m"round"[39m
                  [33mstroke-linejoin[39m=[32m"round"[39m
                  [33mstroke-width[39m=[32m"2"[39m
                  [33mviewBox[39m=[32m"0 0 24 24"[39m
                  [33mwidth[39m=[32m"24"[39m
                  [33mxmlns[39m=[32m"http://www.w3.org/2000/svg"[39m
                [36m>[39m
                  [36m<path[39m
                    [33md[39m=[32m"M2 9.5a5.5 5.5 0 0 1 9.591-3.676.56.56 0 0 0 .818 0A5.49 5.49 0 0 1 22 9.5c0 2.29-1.5 4-3 5.5l-5.492 5.313a2 2 0 0 1-3 .019L5 15c-1.5-1.5-3-3.2-3-5.5"[39m
                  [36m/>[39m
                [36m</svg>[39m
              [36m</button>[39m
            [36m</div>[39m
            [36m<div[39m
              [33mclass[39m=[32m"flex items-center gap-3"[39m
            [36m>[39m
              [36m<div[39m
                [33mclass[39m=[32m"text-3xl sm:text-4xl font-extrabold text-gray-900 dark:text-gray-100"[39m
              [36m>[39m
                [0m—[0m
              [36m</div>[39m
            [36m</div>[39m
            [36m<div>[39m
              [36m<div[39m
                [33mclass[39m=[32m"text-sm text-gray-500"[39m
              [36m>[39m
                [0mВне сессии[0m
              [36m</div>[39m
            [36m</div>[39m
            [36m<div[39m
              [33mclass[39m=[32m"flex flex-wrap items-center gap-2 text-xs text-gray-500"[39m
            [36m>[39m
              [36m<span[39m
                [33mclass[39m=[32m"px-2 py-0.5 rounded bg-gray-100 border dark:bg-gray-800 dark:text-gray-300 dark:border-gray-700"[39m
              [36m>[39m
                [0mИсточник: [0m
                [0mFinnhub[0m
              [36m</span>[39m
              [36m<span[39m
                [33mclass[39m=[32m"px-2 py-0.5 rounded border bg-amber-100 border-amber-200 text-amber-800 dark:bg-amber-950/30 dark:border-amber-900/40 dark:text-amber-200"[39m
              [36m>[39m
                [0mРынок закрыт[0m
              [36m</span>[39m
            [36m</div>[39m
            [36m<div[39m
              [33mclass[39m=[32m"mt-3 grid grid-cols-2 sm:grid-cols-4 gap-2 text-center sm:text-left"[39m
            [36m>[39m
              [36m<div[39m
                [33mclass[39m=[32m"p-2 rounded border bg-gray-50 dark:bg-gray-800 dark:border-gray-700 dark:text-gray-100"[39m
              [36m>[39m
                [36m<div[39m
                  [33mclass[39m=[32m"text-[11px] uppercase tracking-wide text-gray-500 dark:text-gray-300"[39m
                [36m>[39m
                  [0mОткр[0m
                [36m</div>[39m
                [36m<div[39m
                  [33mclass[39m=[32m"font-mono text-sm"[39m
                [36m>[39m
                  [0m—[0m
                [36m</div>[39m
              [36m</div>[39m
              [36m<div[39m
                [33mclass[39m=[32m"p-2 rounded border bg-gray-50 dark:bg-gray-800 dark:border-gray-700 dark:text-gray-100"[39m
              [36m>[39m
                [36m<div[39m
                  [33mclass[39m=[32m"text-[11px] uppercase tracking-wide text-gray-500 dark:text-gray-300"[39m
                [36m>[39m
                  [0mМакс[0m
                [36m</div>[39m
                [36m<div[39m
                  [33mclass[39m=[32m"font-mono text-sm"[39m
                [36m>[39m
                  [0m—[0m
                [36m</div>[39m
              [36m</div>[39m
              [36m<div[39m
                [33mclass[39m=[32m"p-2 rounded border bg-gray-50 dark:bg-gray-800 dark:border-gray-700 dark:text-gray-100"[39m
              [36m>[39m
                [36m<div[39m
                  [33mclass[39m=[32m"text-[11px] uppercase tracking-wide text-gray-500 dark:text-gray-300"[39m
                [36m>[39m
                  [0mМин[0m
                [36m</div>[39m
                [36m<div[39m
                  [33mclass[39m=[32m"font-mono text-sm"[39m
                [36m>[39m
                  [0m—[0m
                [36m</div>[39m
              [36m</div>[39m
              [36m<div[39m
                [33mclass[39m=[32m"p-2 rounded border bg-gray-50 dark:bg-gray-800 dark:border-gray-700 dark:text-gray-100"[39m
              [36m>[39m
                [36m<div[39m
                  [33mclass[39m=[32m"text-[11px] uppercase tracking-wide text-gray-500 dark:text-gray-300"[39m
                [36m>[39m
                  [0mТекущ[0m
                [36m</div>[39m
                [36m<div[39m
                  [33mclass[39m=[32m"font-mono text-sm"[39m
                [36m>[39m
                  [0m—[0m
                [36m</div>[39m
              [36m</div>[39m
            [36m</div>[39m
            [36m<div[39m
              [33mclass[39m=[32m"mt-2 space-y-2"[39m
            [36m>[39m
              [36m<div[39m
                [33mclass[39m=[32m"text-sm text-gray-600 dark:text-gray-300"[39m
              [36m>[39m
                [36m<span>[39m
                  [0mОткрытая сделка: [0m
                  [36m<span[39m
                    [33mclass[39m=[32m"text-emerald-600 dark:text-emerald-300"[39m
               ...

 ✓ src/components/__tests__/Results.test.tsx (9 tests) 4129ms
   ✓ Results - Position Monitoring Logic > Position Status Detection > should correctly identify closed positions  747ms
   ✓ Results - Position Monitoring Logic > Position Status Detection > should correctly identify open positions  350ms
   ✓ Results - Position Monitoring Logic > Position Status Detection > should handle case when position entered and exited after last data date  335ms
   ✓ Results - Position Monitoring Logic > UI Rendering > should render all result metrics  523ms
   ✓ Results - Position Monitoring Logic > UI Rendering > should render equity chart  596ms
   ✓ Results - Position Monitoring Logic > UI Rendering > should show strategy parameters when trades table is visible  659ms
   ✓ Results - Position Monitoring Logic > UI Rendering > should handle empty results  359ms
stdout | src/lib/__tests__/integration.test.ts > Integration Tests > Complete IBS Strategy Workflow > should complete full backtest workflow
🗓️ DATA INTERVALS (days between bars): [
  [33m1[39m, [33m1[39m, [33m1[39m, [33m1[39m, [33m1[39m,
  [33m1[39m, [33m1[39m, [33m1[39m, [33m1[39m
]
📅 First 5 dates: [
  [32m'2023-12-01'[39m,
  [32m'2023-12-02'[39m,
  [32m'2023-12-03'[39m,
  [32m'2023-12-04'[39m,
  [32m'2023-12-05'[39m
]
📊 Average interval: 1.0 days
🔧 STRATEGY PARAMETERS: { lowIBS: [33m0.1[39m, highIBS: [33m0.75[39m, maxHoldDays: [33m10[39m }
Calculated IBS: 15 values
📊 IBS STATISTICS:
   Range: 0.100 - 1.000, Average: 0.633
   Entry opportunities (IBS < 0.1): 0/15 (0.0%)
   Exit opportunities (IBS > 0.75): 6/15 (40.0%)
   Max consecutive days with IBS > 0.75: 6

stdout | src/lib/__tests__/integration.test.ts > Integration Tests > Complete IBS Strategy Workflow > should generate valid trades
🗓️ DATA INTERVALS (days between bars): [
  [33m1[39m, [33m1[39m, [33m1[39m, [33m1[39m, [33m1[39m,
  [33m1[39m, [33m1[39m, [33m1[39m, [33m1[39m
]
📅 First 5 dates: [
  [32m'2023-12-01'[39m,
  [32m'2023-12-02'[39m,
  [32m'2023-12-03'[39m,
  [32m'2023-12-04'[39m,
  [32m'2023-12-05'[39m
]
📊 Average interval: 1.0 days
🔧 STRATEGY PARAMETERS: { lowIBS: [33m0.1[39m, highIBS: [33m0.75[39m, maxHoldDays: [33m10[39m }
Calculated IBS: 15 values
📊 IBS STATISTICS:
   Range: 0.100 - 1.000, Average: 0.633
   Entry opportunities (IBS < 0.1): 0/15 (0.0%)
   Exit opportunities (IBS > 0.75): 6/15 (40.0%)
   Max consecutive days with IBS > 0.75: 6

stdout | src/lib/__tests__/integration.test.ts > Integration Tests > Complete IBS Strategy Workflow > should respect max hold days
🗓️ DATA INTERVALS (days between bars): [
  [33m1[39m, [33m1[39m, [33m1[39m, [33m1[39m, [33m1[39m,
  [33m1[39m, [33m1[39m, [33m1[39m, [33m1[39m
]
📅 First 5 dates: [
  [32m'2023-12-01'[39m,
  [32m'2023-12-02'[39m,
  [32m'2023-12-03'[39m,
  [32m'2023-12-04'[39m,
  [32m'2023-12-05'[39m
]
📊 Average interval: 1.0 days
🔧 STRATEGY PARAMETERS: { lowIBS: [33m0.1[39m, highIBS: [33m0.75[39m, maxHoldDays: [33m5[39m }
Calculated IBS: 15 values
📊 IBS STATISTICS:
   Range: 0.100 - 1.000, Average: 0.633
   Entry opportunities (IBS < 0.1): 0/15 (0.0%)
   Exit opportunities (IBS > 0.75): 6/15 (40.0%)
   Max consecutive days with IBS > 0.75: 6

stdout | src/lib/__tests__/integration.test.ts > Integration Tests > Data Processing Pipeline > should process data through complete pipeline
🔧 STRATEGY PARAMETERS: { lowIBS: [33m0.1[39m, highIBS: [33m0.75[39m, maxHoldDays: [33m30[39m }
Calculated IBS: 2 values
📊 IBS STATISTICS:
   Range: 0.750 - 0.800, Average: 0.775
   Entry opportunities (IBS < 0.1): 0/2 (0.0%)
   Exit opportunities (IBS > 0.75): 1/2 (50.0%)
   Max consecutive days with IBS > 0.75: 1

 ✓ src/lib/__tests__/integration.test.ts (8 tests) 31ms
 ✓ src/lib/__tests__/error-logger.test.ts (19 tests) 47ms
 ✓ src/lib/__tests__/api.test.ts (9 tests) 250ms
 ✓ src/lib/__tests__/input-validation.test.ts (30 tests) 31ms
stdout | src/lib/__tests__/clean-backtest-splits.test.ts > CleanBacktestEngine with Splits > should apply splits correctly to price data
🔧 STRATEGY PARAMETERS: { lowIBS: [33m0.1[39m, highIBS: [33m0.75[39m, maxHoldDays: [33m30[39m }
🟢 ENTRY SIGNAL: IBS=0.050 < 0.1 on 2014-04-04
🟢 ENTRY EXECUTION(close): bought 399 shares at $25.02 on 2014-04-04
🔴 EXIT: IBS=0.750, max_hold_days, P&L=$30014.78, Duration=3023 days
🟢 ENTRY SIGNAL: IBS=0.067 < 0.1 on 2022-07-17
🟢 ENTRY EXECUTION(close): bought 401 shares at $99.60 on 2022-07-17
✅ Backtest completed: 2 trades, Final capital: $40776.68

stdout | src/lib/__tests__/clean-backtest-splits.test.ts > CleanBacktestEngine with Splits > should generate realistic trade quantities after splits
🔧 STRATEGY PARAMETERS: { lowIBS: [33m0.1[39m, highIBS: [33m0.75[39m, maxHoldDays: [33m30[39m }
🟢 ENTRY SIGNAL: IBS=0.050 < 0.1 on 2014-04-04
🟢 ENTRY EXECUTION(close): bought 399 shares at $25.02 on 2014-04-04
🔴 EXIT: IBS=0.750, max_hold_days, P&L=$30014.78, Duration=3023 days
🟢 ENTRY SIGNAL: IBS=0.067 < 0.1 on 2022-07-17
🟢 ENTRY EXECUTION(close): bought 401 shares at $99.60 on 2022-07-17
✅ Backtest completed: 2 trades, Final capital: $40776.68

stdout | src/lib/__tests__/clean-backtest-splits.test.ts > CleanBacktestEngine with Splits > should calculate realistic PnL after splits
🔧 STRATEGY PARAMETERS: { lowIBS: [33m0.1[39m, highIBS: [33m0.75[39m, maxHoldDays: [33m30[39m }
🟢 ENTRY SIGNAL: IBS=0.050 < 0.1 on 2014-04-04
🟢 ENTRY EXECUTION(close): bought 399 shares at $25.02 on 2014-04-04
🔴 EXIT: IBS=0.750, max_hold_days, P&L=$30014.78, Duration=3023 days
🟢 ENTRY SIGNAL: IBS=0.067 < 0.1 on 2022-07-17
🟢 ENTRY EXECUTION(close): bought 401 shares at $99.60 on 2022-07-17
✅ Backtest completed: 2 trades, Final capital: $40776.68

stdout | src/lib/__tests__/clean-backtest-splits.test.ts > CleanBacktestEngine with Splits > should maintain consistent equity progression
🔧 STRATEGY PARAMETERS: { lowIBS: [33m0.1[39m, highIBS: [33m0.75[39m, maxHoldDays: [33m30[39m }
🟢 ENTRY SIGNAL: IBS=0.050 < 0.1 on 2014-04-04
🟢 ENTRY EXECUTION(close): bought 399 shares at $25.02 on 2014-04-04
🔴 EXIT: IBS=0.750, max_hold_days, P&L=$30014.78, Duration=3023 days
🟢 ENTRY SIGNAL: IBS=0.067 < 0.1 on 2022-07-17
🟢 ENTRY EXECUTION(close): bought 401 shares at $99.60 on 2022-07-17
✅ Backtest completed: 2 trades, Final capital: $40776.68

stdout | src/lib/__tests__/clean-backtest-splits.test.ts > CleanBacktestEngine with Splits > should handle multiple splits correctly
🔧 STRATEGY PARAMETERS: { lowIBS: [33m0.1[39m, highIBS: [33m0.75[39m, maxHoldDays: [33m30[39m }
🟢 ENTRY SIGNAL: IBS=0.050 < 0.1 on 2014-04-04
🟢 ENTRY EXECUTION(close): bought 399 shares at $25.02 on 2014-04-04
🔴 EXIT: IBS=0.750, max_hold_days, P&L=$30014.78, Duration=3023 days
🟢 ENTRY SIGNAL: IBS=0.067 < 0.1 on 2022-07-17
🟢 ENTRY EXECUTION(close): bought 401 shares at $99.60 on 2022-07-17
✅ Backtest completed: 2 trades, Final capital: $40576.18

stdout | src/lib/__tests__/clean-backtest-splits.test.ts > CleanBacktestEngine with Splits > should work without splits (backward compatibility)
🔧 STRATEGY PARAMETERS: { lowIBS: [33m0.1[39m, highIBS: [33m0.75[39m, maxHoldDays: [33m30[39m }
🟢 ENTRY SIGNAL: IBS=0.050 < 0.1 on 2014-04-04
🟢 ENTRY EXECUTION(close): bought 19 shares at $500.50 on 2014-04-04
🔴 EXIT: IBS=0.750, max_hold_days, P&L=$28585.50, Duration=3023 days
🟢 ENTRY SIGNAL: IBS=0.067 < 0.1 on 2022-07-17
🟢 ENTRY EXECUTION(close): bought 387 shares at $99.60 on 2022-07-17
✅ Backtest completed: 2 trades, Final capital: $39320.80

 ✓ src/lib/__tests__/clean-backtest-splits.test.ts (6 tests) 132ms
 ✓ src/lib/__tests__/metrics-calculator.test.ts (31 tests) 24ms
 ✓ src/lib/__tests__/strategy.test.ts (16 tests) 19ms
 ✓ src/lib/__tests__/margin-simulator.test.ts (14 tests) 17ms
 ✓ src/lib/__tests__/buy-at-close-simulator.test.ts (11 tests) 21ms
 ✓ src/lib/__tests__/indicators.test.ts (9 tests) 13ms
 ✓ src/lib/__tests__/utils.test.ts (8 tests) 11ms

⎯⎯⎯⎯⎯⎯ Failed Tests 18 ⎯⎯⎯⎯⎯⎯⎯

 FAIL  src/components/__tests__/BuyAtClose4Simulator.test.tsx > BuyAtClose4Simulator > should render ticker input field
TestingLibraryElementError: Unable to find an element with the placeholder text of: AAPL, MSFT, GOOGL, TSLA

Ignored nodes: comments, script, style
[36m<body>[39m
  [36m<div>[39m
    [36m<div[39m
      [33mclass[39m=[32m"space-y-6"[39m
    [36m>[39m
      [36m<div[39m
        [33mclass[39m=[32m"border-b pb-4"[39m
      [36m>[39m
        [36m<h2[39m
          [33mclass[39m=[32m"text-2xl font-bold text-gray-900 dark:text-gray-100"[39m
        [36m>[39m
          [0mМультитикерная IBS стратегия (V2 - Perfect Logic)[0m
        [36m</h2>[39m
        [36m<p[39m
          [33mclass[39m=[32m"text-sm text-gray-600 dark:text-gray-400 mt-1"[39m
        [36m>[39m
          [0mТорговля по множественным тикерам с математически корректным распределением капитала[0m
        [36m</p>[39m
      [36m</div>[39m
      [36m<div[39m
        [33mclass[39m=[32m"bg-white dark:bg-gray-800 rounded-lg border border-gray-200 dark:border-gray-700 p-4"[39m
      [36m>[39m
        [36m<h3[39m
          [33mclass[39m=[32m"font-semibold text-gray-900 dark:text-gray-100 mb-3"[39m
        [36m>[39m
          [0mНастройка тикеров[0m
        [36m</h3>[39m
        [36m<div[39m
          [33mclass[39m=[32m"flex flex-wrap items-center gap-3"[39m
        [36m>[39m
          [36m<input[39m
            [33mclass[39m=[32m"flex-1 min-w-[300px] px-3 py-2 border rounded-md dark:bg-gray-900 dark:border-gray-600 dark:text-gray-100"[39m
            [33mplaceholder[39m=[32m"AAPL, MSFT, AMZN, MAGS"[39m
            [33mtype[39m=[32m"text"[39m
            [33mvalue[39m=[32m"AAPL, MSFT, AMZN, MAGS"[39m
          [36m/>[39m
          [36m<button[39m
            [33mclass[39m=[32m"px-4 py-2 bg-blue-600 text-white rounded-md hover:bg-blue-700 disabled:bg-gray-400"[39m
          [36m>[39m
            [0mПрименить[0m
          [36m</button>[39m
          [36m<button[39m
            [33mclass[39m=[32m"px-4 py-2 bg-green-600 text-white rounded-md hover:bg-green-700 disabled:bg-gray-400"[39m
          [36m>[39m
            [0mПерезагрузить[0m
          [36m</button>[39m
        [36m</div>[39m
        [36m<div[39m
          [33mclass[39m=[32m"mt-4 p-3 border rounded-lg bg-gray-50 dark:bg-gray-800 dark:border-gray-700"[39m
        [36m>[39m
          [36m<label[39m
            [33mclass[39m=[32m"block text-sm font-medium text-gray-700 dark:text-gray-300 mb-2"[39m
          [36m>[39m
            [0mLeverage (плечо): [0m
            [0m100[0m
            [0m% [0m
          [36m</label>[39m
          [36m<div[39m
            [33mclass[39m=[32m"flex items-center gap-4"[39m
          [36m>[39m
            [36m<input[39m
              [33mclass[39m=[32m"flex-1"[39m
              [33mmax[39m=[32m"300"[39m
              [33mmin[39m=[32m"100"[39m
              [33mstep[39m=[32m"25"[39m
              [33mtype[39m=[32m"range"[39m
              [33mvalue[39m=[32m"100"[39m
            [36m/>[39m
            [36m<input[39m
              [33mclass[39m=[32m"w-20 px-2 py-1 border rounded text-center dark:bg-gray-900 dark:border-gray-600 dark:text-gray-100"[39m
              [33mmax[39m=[32m"300"[39m
              [33mmin[39m=[32m"100"[39m
              [33mstep[39m=[32m"25"[39m
              [33mtype[39m=[32m"number"[39m
              [33mvalue[39m=[32m"100"[39m
            [36m/>[39m
            [36m<span[39m
              [33mclass[39m=[32m"text-sm text-gray-500"[39m
            [36m>[39m
              [0m%[0m
            [36m</span>[39m
          [36m</div>[39m
          [36m<div[39m
            [33mclass[39m=[32m"text-xs text-gray-500 mt-1"[39m
          [36m>[39m
            [0m100% = без плеча, 200% = 2:1, 300% = 3:1. Увеличивает потенциальную прибыль и риск.[0m
          [36m</div>[39m
        [36m</div>[39m
        [36m<div[39m
          [33mclass[39m=[32m"mt-3 text-sm text-gray-600 dark:text-gray-400"[39m
        [36m>[39m
          [36m<p>[39m
            [0mТекущие тикеры: [0m
            [36m<span[39m
              [33mclass[39m=[32m"font-mono"[39m
            [36m>[39m
              [0mAAPL, MSFT, AMZN, MAGS[0m
            [36m</span>[39m
          [36m</p>[39m
          [36m<p>[39m
            [0mКапитал на тикер: [0m
            [0m25[0m
            [0m% ([0m
            [0m4[0m
            [0m тикеров)[0m
          [36m</p>[39m
          [36m<p>[39m
            [0mLeverage: [0m
            [36m<span[39m
              [33mclass[39m=[32m"font-mono text-orange-600 dark:text-orange-400"[39m
            [36m>[39m
              [0m1.0[0m
              [0m:1[0m
            [36m</span>[39m
          [36m</p>[39m
          [36m<p[39m
            [33mclass[39m=[32m"text-green-600 dark:text-green-400"[39m
          [36m>[39m
            [0m✨ V2 Logic: Dynamic allocation from total portfolio value with leverage[0m
          [36m</p>[39m
        [36m</div>[39m
      [36m</div>[39m
      [36m<div[39m
        [33mclass[39m=[32m"grid grid-cols-2 md:grid-cols-5 gap-4"[39m
      [36m>[39m
        [36m<div[39m
          [33mclass[39m=[32m"bg-white dark:bg-gray-800 rounded-lg border border-gray-200 dark:border-gray-700 p-4 text-center"[39m
        [36m>[39m
          [36m<div[39m
            [33mclass[39m=[32m"text-2xl font-bold text-green-600"[39m
          [36m>[39m
            [0m$10,000.00[0m
          [36m</div>[39m
          [36m<div[39m
            [33mclass[39m=[32m"text-sm text-gray-600 dark:text-gray-400"[39m
          [36m>[39m
            [0mИтоговый баланс[0m
          [36m</div>[39m
        [36m</div>[39m
        [36m<div[39m
          [33mclass[39m=[32m"bg-white dark:bg-gray-800 rounded-lg border border-gray-200 dark:border-gray-700 p-4 text-center"[39m
        [36m>[39m
          [36m<div[39m
            [33mclass[39m=[32m"text-2xl font-bold text-blue-600"[39m
          [36m>[39m
            [0m0.00[0m
            [0m%[0m
          [36m</div>[39m
          [36m<div[39m
            [33mclass[39m=[32m"text-sm text-gray-600 dark:text-gray-400"[39m
          [36m>[39m
            [0mОбщая доходность[0m
          [36m</div>[39m
        [36m</div>[39m
        [36m<div[39m
          [33mclass[39m=[32m"bg-white dark:bg-gray-800 rounded-lg border border-gray-200 dark:border-gray-700 p-4 text-center"[39m
        [36m>[39m
          [36m<div[39m
            [33mclass[39m=[32m"text-2xl font-bold text-orange-600"[39m
          [36m>[39m
            [0m0.00[0m
            [0m%[0m
          [36m</div>[39m
          [36m<div[39m
            [33mclass[39m=[32m"text-sm text-gray-600 dark:text-gray-400"[39m
          [36m>[39m
            [0mГодовые проценты[0m
          [36m</div>[39m
        [36m</div>[39m
        [36m<div[39m
          [33mclass[39m=[32m"bg-white dark:bg-gray-800 rounded-lg border border-gray-200 dark:border-gray-700 p-4 text-center"[39m
        [36m>[39m
          [36m<div[39m
            [33mclass[39m=[32m"text-2xl font-bold text-purple-600"[39m
          [36m>[39m
            [0m0.0[0m
            [0m%[0m
          [36m</div>[39m
          [36m<div[39m
            [33mclass[39m=[32m"text-sm text-gray-600 dark:text-gray-400"[39m
          [36m>[39m
            [0mWin Rate[0m
          [36m</div>[39m
        [36m</div>[39m
        [36m<div[39m
          [33mclass[39m=[32m"bg-white dark:bg-gray-800 rounded-lg border border-gray-200 dark:border-gray-700 p-4 text-center"[39m
        [36m>[39m
          [36m<div[39m
            [33mclass[39m=[32m"text-2xl font-bold text-red-600"[39m
          [36m>[39m
            [0m0.00[0m
            [0m%[0m
          [36m</div>[39m
          [36m<div[39m
            [33mclass[39m=[32m"text-sm text-gray-600 dark:text-gray-400"[39m
          [36m>[39m
            [0mМакс. просадка[0m
          [36m</div>[39m
        [36m</div>[39m
      [36m</div>[39m
      [36m<div[39m
        [33mclass[39m=[32m"bg-white dark:bg-gray-800 rounded-lg border border-gray-200 dark:border-gray-700 p-4"[39m
      [36m>[39m
        [36m<h3[39m
          [33mclass[39m=[32m"font-semibold text-gray-900 dark:text-gray-100 mb-4"[39m
        [36m>[39m
          [0mГрафик доходности портфеля (V2 - Perfect Logic)[0m
        [36m</h3>[39m
        [36m<div[39m
          [33mclass[39m=[32m"w-full h-[600px] min-h-[600px]"[39m
        [36m>[39m
          [36m<div[39m
            [33mdata-testid[39m=[32m"equity-chart"[39m
          [36m>[39m
            [0mChart with data[0m
          [36m</div>[39m
        [36m</div>[39m
      [36m</div>[39m
    [36m</div>[39m
  [36m</div>[39m
[36m</body>[39m
 ❯ Object.getElementError node_modules/@testing-library/dom/dist/config.js:37:19
 ❯ node_modules/@testing-library/dom/dist/query-helpers.js:76:38
 ❯ node_modules/@testing-library/dom/dist/query-helpers.js:52:17
 ❯ node_modules/@testing-library/dom/dist/query-helpers.js:95:19
 ❯ src/components/__tests__/BuyAtClose4Simulator.test.tsx:109:32
    107|     
    108|     expect(screen.getByText('Настройка тикеров')).toBeInTheDocument();
    109|     const tickerInput = screen.getByPlaceholderText('AAPL, MSFT, GOOGL…
       |                                ^
    110|     expect(tickerInput).toBeInTheDocument();
    111|     expect(tickerInput).toHaveValue('AAPL, MSFT, GOOGL, TSLA');

⎯⎯⎯⎯⎯⎯⎯⎯⎯⎯⎯⎯⎯⎯⎯⎯⎯⎯⎯⎯⎯⎯⎯[1/18]⎯

 FAIL  src/components/__tests__/BuyAtClose4Simulator.test.tsx > BuyAtClose4Simulator > should handle ticker input changes
TestingLibraryElementError: Unable to find an element with the placeholder text of: AAPL, MSFT, GOOGL, TSLA

Ignored nodes: comments, script, style
[36m<body>[39m
  [36m<div>[39m
    [36m<div[39m
      [33mclass[39m=[32m"space-y-6"[39m
    [36m>[39m
      [36m<div[39m
        [33mclass[39m=[32m"border-b pb-4"[39m
      [36m>[39m
        [36m<h2[39m
          [33mclass[39m=[32m"text-2xl font-bold text-gray-900 dark:text-gray-100"[39m
        [36m>[39m
          [0mМультитикерная IBS стратегия (V2 - Perfect Logic)[0m
        [36m</h2>[39m
        [36m<p[39m
          [33mclass[39m=[32m"text-sm text-gray-600 dark:text-gray-400 mt-1"[39m
        [36m>[39m
          [0mТорговля по множественным тикерам с математически корректным распределением капитала[0m
        [36m</p>[39m
      [36m</div>[39m
      [36m<div[39m
        [33mclass[39m=[32m"bg-white dark:bg-gray-800 rounded-lg border border-gray-200 dark:border-gray-700 p-4"[39m
      [36m>[39m
        [36m<h3[39m
          [33mclass[39m=[32m"font-semibold text-gray-900 dark:text-gray-100 mb-3"[39m
        [36m>[39m
          [0mНастройка тикеров[0m
        [36m</h3>[39m
        [36m<div[39m
          [33mclass[39m=[32m"flex flex-wrap items-center gap-3"[39m
        [36m>[39m
          [36m<input[39m
            [33mclass[39m=[32m"flex-1 min-w-[300px] px-3 py-2 border rounded-md dark:bg-gray-900 dark:border-gray-600 dark:text-gray-100"[39m
            [33mplaceholder[39m=[32m"AAPL, MSFT, AMZN, MAGS"[39m
            [33mtype[39m=[32m"text"[39m
            [33mvalue[39m=[32m"AAPL, MSFT, AMZN, MAGS"[39m
          [36m/>[39m
          [36m<button[39m
            [33mclass[39m=[32m"px-4 py-2 bg-blue-600 text-white rounded-md hover:bg-blue-700 disabled:bg-gray-400"[39m
          [36m>[39m
            [0mПрименить[0m
          [36m</button>[39m
          [36m<button[39m
            [33mclass[39m=[32m"px-4 py-2 bg-green-600 text-white rounded-md hover:bg-green-700 disabled:bg-gray-400"[39m
          [36m>[39m
            [0mПерезагрузить[0m
          [36m</button>[39m
        [36m</div>[39m
        [36m<div[39m
          [33mclass[39m=[32m"mt-4 p-3 border rounded-lg bg-gray-50 dark:bg-gray-800 dark:border-gray-700"[39m
        [36m>[39m
          [36m<label[39m
            [33mclass[39m=[32m"block text-sm font-medium text-gray-700 dark:text-gray-300 mb-2"[39m
          [36m>[39m
            [0mLeverage (плечо): [0m
            [0m100[0m
            [0m% [0m
          [36m</label>[39m
          [36m<div[39m
            [33mclass[39m=[32m"flex items-center gap-4"[39m
          [36m>[39m
            [36m<input[39m
              [33mclass[39m=[32m"flex-1"[39m
              [33mmax[39m=[32m"300"[39m
              [33mmin[39m=[32m"100"[39m
              [33mstep[39m=[32m"25"[39m
              [33mtype[39m=[32m"range"[39m
              [33mvalue[39m=[32m"100"[39m
            [36m/>[39m
            [36m<input[39m
              [33mclass[39m=[32m"w-20 px-2 py-1 border rounded text-center dark:bg-gray-900 dark:border-gray-600 dark:text-gray-100"[39m
              [33mmax[39m=[32m"300"[39m
              [33mmin[39m=[32m"100"[39m
              [33mstep[39m=[32m"25"[39m
              [33mtype[39m=[32m"number"[39m
              [33mvalue[39m=[32m"100"[39m
            [36m/>[39m
            [36m<span[39m
              [33mclass[39m=[32m"text-sm text-gray-500"[39m
            [36m>[39m
              [0m%[0m
            [36m</span>[39m
          [36m</div>[39m
          [36m<div[39m
            [33mclass[39m=[32m"text-xs text-gray-500 mt-1"[39m
          [36m>[39m
            [0m100% = без плеча, 200% = 2:1, 300% = 3:1. Увеличивает потенциальную прибыль и риск.[0m
          [36m</div>[39m
        [36m</div>[39m
        [36m<div[39m
          [33mclass[39m=[32m"mt-3 text-sm text-gray-600 dark:text-gray-400"[39m
        [36m>[39m
          [36m<p>[39m
            [0mТекущие тикеры: [0m
            [36m<span[39m
              [33mclass[39m=[32m"font-mono"[39m
            [36m>[39m
              [0mAAPL, MSFT, AMZN, MAGS[0m
            [36m</span>[39m
          [36m</p>[39m
          [36m<p>[39m
            [0mКапитал на тикер: [0m
            [0m25[0m
            [0m% ([0m
            [0m4[0m
            [0m тикеров)[0m
          [36m</p>[39m
          [36m<p>[39m
            [0mLeverage: [0m
            [36m<span[39m
              [33mclass[39m=[32m"font-mono text-orange-600 dark:text-orange-400"[39m
            [36m>[39m
              [0m1.0[0m
              [0m:1[0m
            [36m</span>[39m
          [36m</p>[39m
          [36m<p[39m
            [33mclass[39m=[32m"text-green-600 dark:text-green-400"[39m
          [36m>[39m
            [0m✨ V2 Logic: Dynamic allocation from total portfolio value with leverage[0m
          [36m</p>[39m
        [36m</div>[39m
      [36m</div>[39m
      [36m<div[39m
        [33mclass[39m=[32m"grid grid-cols-2 md:grid-cols-5 gap-4"[39m
      [36m>[39m
        [36m<div[39m
          [33mclass[39m=[32m"bg-white dark:bg-gray-800 rounded-lg border border-gray-200 dark:border-gray-700 p-4 text-center"[39m
        [36m>[39m
          [36m<div[39m
            [33mclass[39m=[32m"text-2xl font-bold text-green-600"[39m
          [36m>[39m
            [0m$10,000.00[0m
          [36m</div>[39m
          [36m<div[39m
            [33mclass[39m=[32m"text-sm text-gray-600 dark:text-gray-400"[39m
          [36m>[39m
            [0mИтоговый баланс[0m
          [36m</div>[39m
        [36m</div>[39m
        [36m<div[39m
          [33mclass[39m=[32m"bg-white dark:bg-gray-800 rounded-lg border border-gray-200 dark:border-gray-700 p-4 text-center"[39m
        [36m>[39m
          [36m<div[39m
            [33mclass[39m=[32m"text-2xl font-bold text-blue-600"[39m
          [36m>[39m
            [0m0.00[0m
            [0m%[0m
          [36m</div>[39m
          [36m<div[39m
            [33mclass[39m=[32m"text-sm text-gray-600 dark:text-gray-400"[39m
          [36m>[39m
            [0mОбщая доходность[0m
          [36m</div>[39m
        [36m</div>[39m
        [36m<div[39m
          [33mclass[39m=[32m"bg-white dark:bg-gray-800 rounded-lg border border-gray-200 dark:border-gray-700 p-4 text-center"[39m
        [36m>[39m
          [36m<div[39m
            [33mclass[39m=[32m"text-2xl font-bold text-orange-600"[39m
          [36m>[39m
            [0m0.00[0m
            [0m%[0m
          [36m</div>[39m
          [36m<div[39m
            [33mclass[39m=[32m"text-sm text-gray-600 dark:text-gray-400"[39m
          [36m>[39m
            [0mГодовые проценты[0m
          [36m</div>[39m
        [36m</div>[39m
        [36m<div[39m
          [33mclass[39m=[32m"bg-white dark:bg-gray-800 rounded-lg border border-gray-200 dark:border-gray-700 p-4 text-center"[39m
        [36m>[39m
          [36m<div[39m
            [33mclass[39m=[32m"text-2xl font-bold text-purple-600"[39m
          [36m>[39m
            [0m0.0[0m
            [0m%[0m
          [36m</div>[39m
          [36m<div[39m
            [33mclass[39m=[32m"text-sm text-gray-600 dark:text-gray-400"[39m
          [36m>[39m
            [0mWin Rate[0m
          [36m</div>[39m
        [36m</div>[39m
        [36m<div[39m
          [33mclass[39m=[32m"bg-white dark:bg-gray-800 rounded-lg border border-gray-200 dark:border-gray-700 p-4 text-center"[39m
        [36m>[39m
          [36m<div[39m
            [33mclass[39m=[32m"text-2xl font-bold text-red-600"[39m
          [36m>[39m
            [0m0.00[0m
            [0m%[0m
          [36m</div>[39m
          [36m<div[39m
            [33mclass[39m=[32m"text-sm text-gray-600 dark:text-gray-400"[39m
          [36m>[39m
            [0mМакс. просадка[0m
          [36m</div>[39m
        [36m</div>[39m
      [36m</div>[39m
      [36m<div[39m
        [33mclass[39m=[32m"bg-white dark:bg-gray-800 rounded-lg border border-gray-200 dark:border-gray-700 p-4"[39m
      [36m>[39m
        [36m<h3[39m
          [33mclass[39m=[32m"font-semibold text-gray-900 dark:text-gray-100 mb-4"[39m
        [36m>[39m
          [0mГрафик доходности портфеля (V2 - Perfect Logic)[0m
        [36m</h3>[39m
        [36m<div[39m
          [33mclass[39m=[32m"w-full h-[600px] min-h-[600px]"[39m
        [36m>[39m
          [36m<div[39m
            [33mdata-testid[39m=[32m"equity-chart"[39m
          [36m>[39m
            [0mChart with data[0m
          [36m</div>[39m
        [36m</div>[39m
      [36m</div>[39m
    [36m</div>[39m
  [36m</div>[39m
[36m</body>[39m
 ❯ Object.getElementError node_modules/@testing-library/dom/dist/config.js:37:19
 ❯ node_modules/@testing-library/dom/dist/query-helpers.js:76:38
 ❯ node_modules/@testing-library/dom/dist/query-helpers.js:52:17
 ❯ node_modules/@testing-library/dom/dist/query-helpers.js:95:19
 ❯ src/components/__tests__/BuyAtClose4Simulator.test.tsx:133:32
    131|     });
    132|     
    133|     const tickerInput = screen.getByPlaceholderText('AAPL, MSFT, GOOGL…
       |                                ^
    134|     
    135|     await act(async () => {

⎯⎯⎯⎯⎯⎯⎯⎯⎯⎯⎯⎯⎯⎯⎯⎯⎯⎯⎯⎯⎯⎯⎯[2/18]⎯

 FAIL  src/components/__tests__/BuyAtClose4Simulator.test.tsx > BuyAtClose4Simulator > should persist settings to localStorage
TestingLibraryElementError: Unable to find an element with the placeholder text of: AAPL, MSFT, GOOGL, TSLA

Ignored nodes: comments, script, style
[36m<body>[39m
  [36m<div>[39m
    [36m<div[39m
      [33mclass[39m=[32m"space-y-6"[39m
    [36m>[39m
      [36m<div[39m
        [33mclass[39m=[32m"border-b pb-4"[39m
      [36m>[39m
        [36m<h2[39m
          [33mclass[39m=[32m"text-2xl font-bold text-gray-900 dark:text-gray-100"[39m
        [36m>[39m
          [0mМультитикерная IBS стратегия (V2 - Perfect Logic)[0m
        [36m</h2>[39m
        [36m<p[39m
          [33mclass[39m=[32m"text-sm text-gray-600 dark:text-gray-400 mt-1"[39m
        [36m>[39m
          [0mТорговля по множественным тикерам с математически корректным распределением капитала[0m
        [36m</p>[39m
      [36m</div>[39m
      [36m<div[39m
        [33mclass[39m=[32m"bg-white dark:bg-gray-800 rounded-lg border border-gray-200 dark:border-gray-700 p-4"[39m
      [36m>[39m
        [36m<h3[39m
          [33mclass[39m=[32m"font-semibold text-gray-900 dark:text-gray-100 mb-3"[39m
        [36m>[39m
          [0mНастройка тикеров[0m
        [36m</h3>[39m
        [36m<div[39m
          [33mclass[39m=[32m"flex flex-wrap items-center gap-3"[39m
        [36m>[39m
          [36m<input[39m
            [33mclass[39m=[32m"flex-1 min-w-[300px] px-3 py-2 border rounded-md dark:bg-gray-900 dark:border-gray-600 dark:text-gray-100"[39m
            [33mplaceholder[39m=[32m"AAPL, MSFT, AMZN, MAGS"[39m
            [33mtype[39m=[32m"text"[39m
            [33mvalue[39m=[32m"AAPL, MSFT, AMZN, MAGS"[39m
          [36m/>[39m
          [36m<button[39m
            [33mclass[39m=[32m"px-4 py-2 bg-blue-600 text-white rounded-md hover:bg-blue-700 disabled:bg-gray-400"[39m
          [36m>[39m
            [0mПрименить[0m
          [36m</button>[39m
          [36m<button[39m
            [33mclass[39m=[32m"px-4 py-2 bg-green-600 text-white rounded-md hover:bg-green-700 disabled:bg-gray-400"[39m
          [36m>[39m
            [0mПерезагрузить[0m
          [36m</button>[39m
        [36m</div>[39m
        [36m<div[39m
          [33mclass[39m=[32m"mt-4 p-3 border rounded-lg bg-gray-50 dark:bg-gray-800 dark:border-gray-700"[39m
        [36m>[39m
          [36m<label[39m
            [33mclass[39m=[32m"block text-sm font-medium text-gray-700 dark:text-gray-300 mb-2"[39m
          [36m>[39m
            [0mLeverage (плечо): [0m
            [0m100[0m
            [0m% [0m
          [36m</label>[39m
          [36m<div[39m
            [33mclass[39m=[32m"flex items-center gap-4"[39m
          [36m>[39m
            [36m<input[39m
              [33mclass[39m=[32m"flex-1"[39m
              [33mmax[39m=[32m"300"[39m
              [33mmin[39m=[32m"100"[39m
              [33mstep[39m=[32m"25"[39m
              [33mtype[39m=[32m"range"[39m
              [33mvalue[39m=[32m"100"[39m
            [36m/>[39m
            [36m<input[39m
              [33mclass[39m=[32m"w-20 px-2 py-1 border rounded text-center dark:bg-gray-900 dark:border-gray-600 dark:text-gray-100"[39m
              [33mmax[39m=[32m"300"[39m
              [33mmin[39m=[32m"100"[39m
              [33mstep[39m=[32m"25"[39m
              [33mtype[39m=[32m"number"[39m
              [33mvalue[39m=[32m"100"[39m
            [36m/>[39m
            [36m<span[39m
              [33mclass[39m=[32m"text-sm text-gray-500"[39m
            [36m>[39m
              [0m%[0m
            [36m</span>[39m
          [36m</div>[39m
          [36m<div[39m
            [33mclass[39m=[32m"text-xs text-gray-500 mt-1"[39m
          [36m>[39m
            [0m100% = без плеча, 200% = 2:1, 300% = 3:1. Увеличивает потенциальную прибыль и риск.[0m
          [36m</div>[39m
        [36m</div>[39m
        [36m<div[39m
          [33mclass[39m=[32m"mt-3 text-sm text-gray-600 dark:text-gray-400"[39m
        [36m>[39m
          [36m<p>[39m
            [0mТекущие тикеры: [0m
            [36m<span[39m
              [33mclass[39m=[32m"font-mono"[39m
            [36m>[39m
              [0mAAPL, MSFT, AMZN, MAGS[0m
            [36m</span>[39m
          [36m</p>[39m
          [36m<p>[39m
            [0mКапитал на тикер: [0m
            [0m25[0m
            [0m% ([0m
            [0m4[0m
            [0m тикеров)[0m
          [36m</p>[39m
          [36m<p>[39m
            [0mLeverage: [0m
            [36m<span[39m
              [33mclass[39m=[32m"font-mono text-orange-600 dark:text-orange-400"[39m
            [36m>[39m
              [0m1.0[0m
              [0m:1[0m
            [36m</span>[39m
          [36m</p>[39m
          [36m<p[39m
            [33mclass[39m=[32m"text-green-600 dark:text-green-400"[39m
          [36m>[39m
            [0m✨ V2 Logic: Dynamic allocation from total portfolio value with leverage[0m
          [36m</p>[39m
        [36m</div>[39m
      [36m</div>[39m
      [36m<div[39m
        [33mclass[39m=[32m"grid grid-cols-2 md:grid-cols-5 gap-4"[39m
      [36m>[39m
        [36m<div[39m
          [33mclass[39m=[32m"bg-white dark:bg-gray-800 rounded-lg border border-gray-200 dark:border-gray-700 p-4 text-center"[39m
        [36m>[39m
          [36m<div[39m
            [33mclass[39m=[32m"text-2xl font-bold text-green-600"[39m
          [36m>[39m
            [0m$10,000.00[0m
          [36m</div>[39m
          [36m<div[39m
            [33mclass[39m=[32m"text-sm text-gray-600 dark:text-gray-400"[39m
          [36m>[39m
            [0mИтоговый баланс[0m
          [36m</div>[39m
        [36m</div>[39m
        [36m<div[39m
          [33mclass[39m=[32m"bg-white dark:bg-gray-800 rounded-lg border border-gray-200 dark:border-gray-700 p-4 text-center"[39m
        [36m>[39m
          [36m<div[39m
            [33mclass[39m=[32m"text-2xl font-bold text-blue-600"[39m
          [36m>[39m
            [0m0.00[0m
            [0m%[0m
          [36m</div>[39m
          [36m<div[39m
            [33mclass[39m=[32m"text-sm text-gray-600 dark:text-gray-400"[39m
          [36m>[39m
            [0mОбщая доходность[0m
          [36m</div>[39m
        [36m</div>[39m
        [36m<div[39m
          [33mclass[39m=[32m"bg-white dark:bg-gray-800 rounded-lg border border-gray-200 dark:border-gray-700 p-4 text-center"[39m
        [36m>[39m
          [36m<div[39m
            [33mclass[39m=[32m"text-2xl font-bold text-orange-600"[39m
          [36m>[39m
            [0m0.00[0m
            [0m%[0m
          [36m</div>[39m
          [36m<div[39m
            [33mclass[39m=[32m"text-sm text-gray-600 dark:text-gray-400"[39m
          [36m>[39m
            [0mГодовые проценты[0m
          [36m</div>[39m
        [36m</div>[39m
        [36m<div[39m
          [33mclass[39m=[32m"bg-white dark:bg-gray-800 rounded-lg border border-gray-200 dark:border-gray-700 p-4 text-center"[39m
        [36m>[39m
          [36m<div[39m
            [33mclass[39m=[32m"text-2xl font-bold text-purple-600"[39m
          [36m>[39m
            [0m0.0[0m
            [0m%[0m
          [36m</div>[39m
          [36m<div[39m
            [33mclass[39m=[32m"text-sm text-gray-600 dark:text-gray-400"[39m
          [36m>[39m
            [0mWin Rate[0m
          [36m</div>[39m
        [36m</div>[39m
        [36m<div[39m
          [33mclass[39m=[32m"bg-white dark:bg-gray-800 rounded-lg border border-gray-200 dark:border-gray-700 p-4 text-center"[39m
        [36m>[39m
          [36m<div[39m
            [33mclass[39m=[32m"text-2xl font-bold text-red-600"[39m
          [36m>[39m
            [0m0.00[0m
            [0m%[0m
          [36m</div>[39m
          [36m<div[39m
            [33mclass[39m=[32m"text-sm text-gray-600 dark:text-gray-400"[39m
          [36m>[39m
            [0mМакс. просадка[0m
          [36m</div>[39m
        [36m</div>[39m
      [36m</div>[39m
      [36m<div[39m
        [33mclass[39m=[32m"bg-white dark:bg-gray-800 rounded-lg border border-gray-200 dark:border-gray-700 p-4"[39m
      [36m>[39m
        [36m<h3[39m
          [33mclass[39m=[32m"font-semibold text-gray-900 dark:text-gray-100 mb-4"[39m
        [36m>[39m
          [0mГрафик доходности портфеля (V2 - Perfect Logic)[0m
        [36m</h3>[39m
        [36m<div[39m
          [33mclass[39m=[32m"w-full h-[600px] min-h-[600px]"[39m
        [36m>[39m
          [36m<div[39m
            [33mdata-testid[39m=[32m"equity-chart"[39m
          [36m>[39m
            [0mChart with data[0m
          [36m</div>[39m
        [36m</div>[39m
      [36m</div>[39m
    [36m</div>[39m
  [36m</div>[39m
[36m</body>[39m
 ❯ Object.getElementError node_modules/@testing-library/dom/dist/config.js:37:19
 ❯ node_modules/@testing-library/dom/dist/query-helpers.js:76:38
 ❯ node_modules/@testing-library/dom/dist/query-helpers.js:52:17
 ❯ node_modules/@testing-library/dom/dist/query-helpers.js:95:19
 ❯ src/components/__tests__/BuyAtClose4Simulator.test.tsx:251:32
    249|     });
    250|     
    251|     const tickerInput = screen.getByPlaceholderText('AAPL, MSFT, GOOGL…
       |                                ^
    252|     const applyButton = screen.getByText('Применить');
    253|     

⎯⎯⎯⎯⎯⎯⎯⎯⎯⎯⎯⎯⎯⎯⎯⎯⎯⎯⎯⎯⎯⎯⎯[3/18]⎯

 FAIL  src/components/__tests__/BuyAtClose4Simulator.test.tsx > BuyAtClose4Simulator > should handle invalid localStorage data gracefully
TestingLibraryElementError: Unable to find an element with the display value: AAPL, MSFT, GOOGL, TSLA.

Ignored nodes: comments, script, style
[36m<body>[39m
  [36m<div>[39m
    [36m<div[39m
      [33mclass[39m=[32m"space-y-6"[39m
    [36m>[39m
      [36m<div[39m
        [33mclass[39m=[32m"border-b pb-4"[39m
      [36m>[39m
        [36m<h2[39m
          [33mclass[39m=[32m"text-2xl font-bold text-gray-900 dark:text-gray-100"[39m
        [36m>[39m
          [0mМультитикерная IBS стратегия (V2 - Perfect Logic)[0m
        [36m</h2>[39m
        [36m<p[39m
          [33mclass[39m=[32m"text-sm text-gray-600 dark:text-gray-400 mt-1"[39m
        [36m>[39m
          [0mТорговля по множественным тикерам с математически корректным распределением капитала[0m
        [36m</p>[39m
      [36m</div>[39m
      [36m<div[39m
        [33mclass[39m=[32m"bg-white dark:bg-gray-800 rounded-lg border border-gray-200 dark:border-gray-700 p-4"[39m
      [36m>[39m
        [36m<h3[39m
          [33mclass[39m=[32m"font-semibold text-gray-900 dark:text-gray-100 mb-3"[39m
        [36m>[39m
          [0mНастройка тикеров[0m
        [36m</h3>[39m
        [36m<div[39m
          [33mclass[39m=[32m"flex flex-wrap items-center gap-3"[39m
        [36m>[39m
          [36m<input[39m
            [33mclass[39m=[32m"flex-1 min-w-[300px] px-3 py-2 border rounded-md dark:bg-gray-900 dark:border-gray-600 dark:text-gray-100"[39m
            [33mplaceholder[39m=[32m"AAPL, MSFT, AMZN, MAGS"[39m
            [33mtype[39m=[32m"text"[39m
            [33mvalue[39m=[32m"AAPL, MSFT, AMZN, MAGS"[39m
          [36m/>[39m
          [36m<button[39m
            [33mclass[39m=[32m"px-4 py-2 bg-blue-600 text-white rounded-md hover:bg-blue-700 disabled:bg-gray-400"[39m
          [36m>[39m
            [0mПрименить[0m
          [36m</button>[39m
          [36m<button[39m
            [33mclass[39m=[32m"px-4 py-2 bg-green-600 text-white rounded-md hover:bg-green-700 disabled:bg-gray-400"[39m
          [36m>[39m
            [0mПерезагрузить[0m
          [36m</button>[39m
        [36m</div>[39m
        [36m<div[39m
          [33mclass[39m=[32m"mt-4 p-3 border rounded-lg bg-gray-50 dark:bg-gray-800 dark:border-gray-700"[39m
        [36m>[39m
          [36m<label[39m
            [33mclass[39m=[32m"block text-sm font-medium text-gray-700 dark:text-gray-300 mb-2"[39m
          [36m>[39m
            [0mLeverage (плечо): [0m
            [0m100[0m
            [0m% [0m
          [36m</label>[39m
          [36m<div[39m
            [33mclass[39m=[32m"flex items-center gap-4"[39m
          [36m>[39m
            [36m<input[39m
              [33mclass[39m=[32m"flex-1"[39m
              [33mmax[39m=[32m"300"[39m
              [33mmin[39m=[32m"100"[39m
              [33mstep[39m=[32m"25"[39m
              [33mtype[39m=[32m"range"[39m
              [33mvalue[39m=[32m"100"[39m
            [36m/>[39m
            [36m<input[39m
              [33mclass[39m=[32m"w-20 px-2 py-1 border rounded text-center dark:bg-gray-900 dark:border-gray-600 dark:text-gray-100"[39m
              [33mmax[39m=[32m"300"[39m
              [33mmin[39m=[32m"100"[39m
              [33mstep[39m=[32m"25"[39m
              [33mtype[39m=[32m"number"[39m
              [33mvalue[39m=[32m"100"[39m
            [36m/>[39m
            [36m<span[39m
              [33mclass[39m=[32m"text-sm text-gray-500"[39m
            [36m>[39m
              [0m%[0m
            [36m</span>[39m
          [36m</div>[39m
          [36m<div[39m
            [33mclass[39m=[32m"text-xs text-gray-500 mt-1"[39m
          [36m>[39m
            [0m100% = без плеча, 200% = 2:1, 300% = 3:1. Увеличивает потенциальную прибыль и риск.[0m
          [36m</div>[39m
        [36m</div>[39m
        [36m<div[39m
          [33mclass[39m=[32m"mt-3 text-sm text-gray-600 dark:text-gray-400"[39m
        [36m>[39m
          [36m<p>[39m
            [0mТекущие тикеры: [0m
            [36m<span[39m
              [33mclass[39m=[32m"font-mono"[39m
            [36m>[39m
              [0mAAPL, MSFT, AMZN, MAGS[0m
            [36m</span>[39m
          [36m</p>[39m
          [36m<p>[39m
            [0mКапитал на тикер: [0m
            [0m25[0m
            [0m% ([0m
            [0m4[0m
            [0m тикеров)[0m
          [36m</p>[39m
          [36m<p>[39m
            [0mLeverage: [0m
            [36m<span[39m
              [33mclass[39m=[32m"font-mono text-orange-600 dark:text-orange-400"[39m
            [36m>[39m
              [0m1.0[0m
              [0m:1[0m
            [36m</span>[39m
          [36m</p>[39m
          [36m<p[39m
            [33mclass[39m=[32m"text-green-600 dark:text-green-400"[39m
          [36m>[39m
            [0m✨ V2 Logic: Dynamic allocation from total portfolio value with leverage[0m
          [36m</p>[39m
        [36m</div>[39m
      [36m</div>[39m
      [36m<div[39m
        [33mclass[39m=[32m"grid grid-cols-2 md:grid-cols-5 gap-4"[39m
      [36m>[39m
        [36m<div[39m
          [33mclass[39m=[32m"bg-white dark:bg-gray-800 rounded-lg border border-gray-200 dark:border-gray-700 p-4 text-center"[39m
        [36m>[39m
          [36m<div[39m
            [33mclass[39m=[32m"text-2xl font-bold text-green-600"[39m
          [36m>[39m
            [0m$10,000.00[0m
          [36m</div>[39m
          [36m<div[39m
            [33mclass[39m=[32m"text-sm text-gray-600 dark:text-gray-400"[39m
          [36m>[39m
            [0mИтоговый баланс[0m
          [36m</div>[39m
        [36m</div>[39m
        [36m<div[39m
          [33mclass[39m=[32m"bg-white dark:bg-gray-800 rounded-lg border border-gray-200 dark:border-gray-700 p-4 text-center"[39m
        [36m>[39m
          [36m<div[39m
            [33mclass[39m=[32m"text-2xl font-bold text-blue-600"[39m
          [36m>[39m
            [0m0.00[0m
            [0m%[0m
          [36m</div>[39m
          [36m<div[39m
            [33mclass[39m=[32m"text-sm text-gray-600 dark:text-gray-400"[39m
          [36m>[39m
            [0mОбщая доходность[0m
          [36m</div>[39m
        [36m</div>[39m
        [36m<div[39m
          [33mclass[39m=[32m"bg-white dark:bg-gray-800 rounded-lg border border-gray-200 dark:border-gray-700 p-4 text-center"[39m
        [36m>[39m
          [36m<div[39m
            [33mclass[39m=[32m"text-2xl font-bold text-orange-600"[39m
          [36m>[39m
            [0m0.00[0m
            [0m%[0m
          [36m</div>[39m
          [36m<div[39m
            [33mclass[39m=[32m"text-sm text-gray-600 dark:text-gray-400"[39m
          [36m>[39m
            [0mГодовые проценты[0m
          [36m</div>[39m
        [36m</div>[39m
        [36m<div[39m
          [33mclass[39m=[32m"bg-white dark:bg-gray-800 rounded-lg border border-gray-200 dark:border-gray-700 p-4 text-center"[39m
        [36m>[39m
          [36m<div[39m
            [33mclass[39m=[32m"text-2xl font-bold text-purple-600"[39m
          [36m>[39m
            [0m0.0[0m
            [0m%[0m
          [36m</div>[39m
          [36m<div[39m
            [33mclass[39m=[32m"text-sm text-gray-600 dark:text-gray-400"[39m
          [36m>[39m
            [0mWin Rate[0m
          [36m</div>[39m
        [36m</div>[39m
        [36m<div[39m
          [33mclass[39m=[32m"bg-white dark:bg-gray-800 rounded-lg border border-gray-200 dark:border-gray-700 p-4 text-center"[39m
        [36m>[39m
          [36m<div[39m
            [33mclass[39m=[32m"text-2xl font-bold text-red-600"[39m
          [36m>[39m
            [0m0.00[0m
            [0m%[0m
          [36m</div>[39m
          [36m<div[39m
            [33mclass[39m=[32m"text-sm text-gray-600 dark:text-gray-400"[39m
          [36m>[39m
            [0mМакс. просадка[0m
          [36m</div>[39m
        [36m</div>[39m
      [36m</div>[39m
      [36m<div[39m
        [33mclass[39m=[32m"bg-white dark:bg-gray-800 rounded-lg border border-gray-200 dark:border-gray-700 p-4"[39m
      [36m>[39m
        [36m<h3[39m
          [33mclass[39m=[32m"font-semibold text-gray-900 dark:text-gray-100 mb-4"[39m
        [36m>[39m
          [0mГрафик доходности портфеля (V2 - Perfect Logic)[0m
        [36m</h3>[39m
        [36m<div[39m
          [33mclass[39m=[32m"w-full h-[600px] min-h-[600px]"[39m
        [36m>[39m
          [36m<div[39m
            [33mdata-testid[39m=[32m"equity-chart"[39m
          [36m>[39m
            [0mChart with data[0m
          [36m</div>[39m
        [36m</div>[39m
      [36m</div>[39m
    [36m</div>[39m
  [36m</div>[39m
[36m</body>[39m
 ❯ Object.getElementError node_modules/@testing-library/dom/dist/config.js:37:19
 ❯ node_modules/@testing-library/dom/dist/query-helpers.js:76:38
 ❯ node_modules/@testing-library/dom/dist/query-helpers.js:52:17
 ❯ node_modules/@testing-library/dom/dist/query-helpers.js:95:19
 ❯ src/components/__tests__/BuyAtClose4Simulator.test.tsx:296:19
    294|     
    295|     // Should not crash and use default values
    296|     expect(screen.getByDisplayValue('AAPL, MSFT, GOOGL, TSLA')).toBeIn…
       |                   ^
    297|   });
    298| });

⎯⎯⎯⎯⎯⎯⎯⎯⎯⎯⎯⎯⎯⎯⎯⎯⎯⎯⎯⎯⎯⎯⎯[4/18]⎯

 FAIL  src/components/__tests__/StrategyParameters.test.tsx > StrategyParameters > should render strategy parameters form
 FAIL  src/components/__tests__/StrategyParameters.test.tsx > StrategyParameters > should display current parameter values
 FAIL  src/components/__tests__/StrategyParameters.test.tsx > StrategyParameters > should update parameters when values change
 FAIL  src/components/__tests__/StrategyParameters.test.tsx > StrategyParameters > should validate parameter ranges
 FAIL  src/components/__tests__/StrategyParameters.test.tsx > StrategyParameters > should show parameter descriptions
 FAIL  src/components/__tests__/StrategyParameters.test.tsx > StrategyParameters > should handle risk management parameters
 FAIL  src/components/__tests__/StrategyParameters.test.tsx > StrategyParameters > should update risk management parameters
 FAIL  src/components/__tests__/StrategyParameters.test.tsx > StrategyParameters > should handle stop loss and take profit toggles
 FAIL  src/components/__tests__/StrategyParameters.test.tsx > StrategyParameters > should handle position sizing parameters
 FAIL  src/components/__tests__/StrategyParameters.test.tsx > StrategyParameters > should update position sizing type
 FAIL  src/components/__tests__/StrategyParameters.test.tsx > StrategyParameters > should handle commission settings
 FAIL  src/components/__tests__/StrategyParameters.test.tsx > StrategyParameters > should render without strategy
 FAIL  src/components/__tests__/StrategyParameters.test.tsx > StrategyParameters > should handle decimal inputs correctly
 FAIL  src/components/__tests__/StrategyParameters.test.tsx > StrategyParameters > should validate IBS range constraints
TypeError: Cannot read properties of undefined (reading 'riskManagement')
 ❯ StrategyParameters src/components/StrategyParameters.tsx:10:31
      8| 
      9| export function StrategyParameters({ strategy, additionalParams = {} }…
     10|   const commission = strategy.riskManagement.commission;
       |                               ^
     11|   const leverage = strategy.riskManagement.leverage || 1;
     12|   
 ❯ Object.react_stack_bottom_frame node_modules/react-dom/cjs/react-dom-client.development.js:23863:20
 ❯ renderWithHooks node_modules/react-dom/cjs/react-dom-client.development.js:5529:22
 ❯ updateFunctionComponent node_modules/react-dom/cjs/react-dom-client.development.js:8897:19
 ❯ beginWork node_modules/react-dom/cjs/react-dom-client.development.js:10522:18
 ❯ runWithFiberInDEV node_modules/react-dom/cjs/react-dom-client.development.js:1522:13
 ❯ performUnitOfWork node_modules/react-dom/cjs/react-dom-client.development.js:15140:22
 ❯ workLoopSync node_modules/react-dom/cjs/react-dom-client.development.js:14956:41
 ❯ renderRootSync node_modules/react-dom/cjs/react-dom-client.development.js:14936:11
 ❯ performWorkOnRoot node_modules/react-dom/cjs/react-dom-client.development.js:14462:44

⎯⎯⎯⎯⎯⎯⎯⎯⎯⎯⎯⎯⎯⎯⎯⎯⎯⎯⎯⎯⎯⎯⎯[5/18]⎯


 Test Files  2 failed | 22 passed (24)
      Tests  18 failed | 285 passed (303)
   Start at  12:26:40
   Duration  12.08s (transform 3.45s, setup 5.27s, collect 8.53s, tests 12.37s, environment 32.29s, prepare 7.69s)

